Epoch 1 | Train Loss: 1.90825 | Val Loss: 3.95715
Train Loss Components:
  |- loss_rot: 0.07553
  |- loss_pos: 1.44365
  |- fk_loss: 2.86145
  |- smoothness_loss: 10.53062
Val Loss Components:
  |- loss_rot: 0.09017
  |- loss_pos: 5.40270
  |- fk_loss: 6.92749
  |- smoothness_loss: 22.22820
LR: 1.000e-04
Hole frames in this epoch: [4, 6]

Epoch 2 | Train Loss: 1.30758 | Val Loss: 3.24241
Train Loss Components:
  |- loss_rot: 0.06611
  |- loss_pos: 1.74504
  |- fk_loss: 3.16685
  |- smoothness_loss: 5.75615
Val Loss Components:
  |- loss_rot: 0.07766
  |- loss_pos: 5.05092
  |- fk_loss: 6.44005
  |- smoothness_loss: 12.31686
LR: 1.000e-04
Hole frames in this epoch: [4, 8]

Epoch 3 | Train Loss: 1.15600 | Val Loss: 2.81009
Train Loss Components:
  |- loss_rot: 0.05268
  |- loss_pos: 1.35308
  |- fk_loss: 2.21576
  |- smoothness_loss: 3.96925
Val Loss Components:
  |- loss_rot: 0.07205
  |- loss_pos: 4.53936
  |- fk_loss: 5.85101
  |- smoothness_loss: 11.14121
LR: 1.000e-04
Hole frames in this epoch: [4, 10]

Epoch 4 | Train Loss: 1.07869 | Val Loss: 2.18093
Train Loss Components:
  |- loss_rot: 0.05390
  |- loss_pos: 0.96009
  |- fk_loss: 2.07703
  |- smoothness_loss: 2.85437
Val Loss Components:
  |- loss_rot: 0.07247
  |- loss_pos: 3.43498
  |- fk_loss: 5.08109
  |- smoothness_loss: 7.15746
LR: 1.000e-04
Hole frames in this epoch: [4, 12]

Epoch 5 | Train Loss: 1.00894 | Val Loss: 1.70471
Train Loss Components:
  |- loss_rot: 0.05987
  |- loss_pos: 1.31472
  |- fk_loss: 2.78315
  |- smoothness_loss: 4.38767
Val Loss Components:
  |- loss_rot: 0.07142
  |- loss_pos: 2.52356
  |- fk_loss: 4.49752
  |- smoothness_loss: 4.55043
LR: 1.000e-04
Hole frames in this epoch: [4, 14]

Epoch 6 | Train Loss: 1.02976 | Val Loss: 1.68404
Train Loss Components:
  |- loss_rot: 0.04672
  |- loss_pos: 0.80363
  |- fk_loss: 1.87783
  |- smoothness_loss: 3.52644
Val Loss Components:
  |- loss_rot: 0.06698
  |- loss_pos: 2.65991
  |- fk_loss: 4.44494
  |- smoothness_loss: 4.54024
LR: 1.000e-04
Hole frames in this epoch: [4, 16]

Epoch 7 | Train Loss: 0.90984 | Val Loss: 1.35364
Train Loss Components:
  |- loss_rot: 0.07402
  |- loss_pos: 2.20617
  |- fk_loss: 4.27523
  |- smoothness_loss: 3.08240
Val Loss Components:
  |- loss_rot: 0.06968
  |- loss_pos: 1.95836
  |- fk_loss: 4.02229
  |- smoothness_loss: 3.11968
LR: 1.000e-04
Hole frames in this epoch: [4, 16]

Epoch 8 | Train Loss: 0.87143 | Val Loss: 1.24745
Train Loss Components:
  |- loss_rot: 0.03752
  |- loss_pos: 0.38091
  |- fk_loss: 1.15307
  |- smoothness_loss: 2.09907
Val Loss Components:
  |- loss_rot: 0.06854
  |- loss_pos: 1.82430
  |- fk_loss: 3.77498
  |- smoothness_loss: 2.66257
LR: 1.000e-04
Hole frames in this epoch: [4, 16]

Epoch 9 | Train Loss: 0.75957 | Val Loss: 1.18956
Train Loss Components:
  |- loss_rot: 0.06147
  |- loss_pos: 1.13207
  |- fk_loss: 2.67342
  |- smoothness_loss: 2.70678
Val Loss Components:
  |- loss_rot: 0.06594
  |- loss_pos: 1.80390
  |- fk_loss: 3.56565
  |- smoothness_loss: 2.49095
LR: 1.000e-04
Hole frames in this epoch: [4, 16]

Epoch 10 | Train Loss: 0.70183 | Val Loss: 1.07519
Train Loss Components:
  |- loss_rot: 0.06741
  |- loss_pos: 1.54515
  |- fk_loss: 3.20970
  |- smoothness_loss: 1.91416
Val Loss Components:
  |- loss_rot: 0.06391
  |- loss_pos: 1.58756
  |- fk_loss: 3.36458
  |- smoothness_loss: 2.11282
LR: 1.000e-04
Hole frames in this epoch: [4, 16]

Epoch 11 | Train Loss: 0.66852 | Val Loss: 1.06471
Train Loss Components:
  |- loss_rot: 0.04388
  |- loss_pos: 0.70781
  |- fk_loss: 1.63478
  |- smoothness_loss: 2.35276
Val Loss Components:
  |- loss_rot: 0.06327
  |- loss_pos: 1.61718
  |- fk_loss: 3.30435
  |- smoothness_loss: 2.04473
LR: 1.000e-04
Hole frames in this epoch: [4, 16]

Epoch 12 | Train Loss: 0.64941 | Val Loss: 1.02148
Train Loss Components:
  |- loss_rot: 0.05222
  |- loss_pos: 0.82352
  |- fk_loss: 2.02005
  |- smoothness_loss: 1.58041
Val Loss Components:
  |- loss_rot: 0.06213
  |- loss_pos: 1.58781
  |- fk_loss: 3.21301
  |- smoothness_loss: 1.78699
LR: 1.000e-04
Hole frames in this epoch: [4, 16]

Epoch 13 | Train Loss: 0.63877 | Val Loss: 0.94936
Train Loss Components:
  |- loss_rot: 0.03867
  |- loss_pos: 0.51696
  |- fk_loss: 1.31807
  |- smoothness_loss: 1.29574
Val Loss Components:
  |- loss_rot: 0.06173
  |- loss_pos: 1.43170
  |- fk_loss: 3.07043
  |- smoothness_loss: 1.53728
LR: 1.000e-04
Hole frames in this epoch: [4, 16]

Epoch 14 | Train Loss: 0.60498 | Val Loss: 0.92824
Train Loss Components:
  |- loss_rot: 0.05118
  |- loss_pos: 0.81134
  |- fk_loss: 1.94328
  |- smoothness_loss: 1.59025
Val Loss Components:
  |- loss_rot: 0.06093
  |- loss_pos: 1.42013
  |- fk_loss: 2.98970
  |- smoothness_loss: 1.56731
LR: 1.000e-04
Hole frames in this epoch: [4, 16]

Epoch 15 | Train Loss: 0.56715 | Val Loss: 0.88585
Train Loss Components:
  |- loss_rot: 0.04689
  |- loss_pos: 0.68944
  |- fk_loss: 1.73136
  |- smoothness_loss: 1.27657
Val Loss Components:
  |- loss_rot: 0.05961
  |- loss_pos: 1.33684
  |- fk_loss: 2.90388
  |- smoothness_loss: 1.22221
LR: 1.000e-04
Hole frames in this epoch: [4, 16]

Epoch 16 | Train Loss: 0.55943 | Val Loss: 0.88559
Train Loss Components:
  |- loss_rot: 0.05187
  |- loss_pos: 0.89648
  |- fk_loss: 1.97163
  |- smoothness_loss: 1.35494
Val Loss Components:
  |- loss_rot: 0.05891
  |- loss_pos: 1.36792
  |- fk_loss: 2.87972
  |- smoothness_loss: 1.27941
LR: 1.000e-04
Hole frames in this epoch: [4, 16]

Epoch 17 | Train Loss: 0.53932 | Val Loss: 0.86024
Train Loss Components:
  |- loss_rot: 0.04002
  |- loss_pos: 0.56424
  |- fk_loss: 1.37016
  |- smoothness_loss: 1.10854
Val Loss Components:
  |- loss_rot: 0.05853
  |- loss_pos: 1.39209
  |- fk_loss: 2.80840
  |- smoothness_loss: 1.10661
LR: 1.000e-04
Hole frames in this epoch: [4, 16]

Epoch 18 | Train Loss: 0.54562 | Val Loss: 0.94776
Train Loss Components:
  |- loss_rot: 0.04220
  |- loss_pos: 0.59686
  |- fk_loss: 1.40432
  |- smoothness_loss: 1.06028
Val Loss Components:
  |- loss_rot: 0.05914
  |- loss_pos: 1.52125
  |- fk_loss: 2.85917
  |- smoothness_loss: 1.43837
LR: 1.000e-04
Hole frames in this epoch: [4, 16]

Epoch 19 | Train Loss: 0.49938 | Val Loss: 0.81318
Train Loss Components:
  |- loss_rot: 0.04918
  |- loss_pos: 0.83343
  |- fk_loss: 1.86576
  |- smoothness_loss: 1.20182
Val Loss Components:
  |- loss_rot: 0.05699
  |- loss_pos: 1.31954
  |- fk_loss: 2.68904
  |- smoothness_loss: 0.96829
LR: 1.000e-04
Hole frames in this epoch: [4, 16]

Epoch 20 | Train Loss: 0.50584 | Val Loss: 0.81260
Train Loss Components:
  |- loss_rot: 0.03444
  |- loss_pos: 0.40128
  |- fk_loss: 1.05358
  |- smoothness_loss: 0.83617
Val Loss Components:
  |- loss_rot: 0.05678
  |- loss_pos: 1.32524
  |- fk_loss: 2.61060
  |- smoothness_loss: 0.91949
LR: 1.000e-04
Hole frames in this epoch: [4, 16]

Epoch 21 | Train Loss: 0.49241 | Val Loss: 0.81535
Train Loss Components:
  |- loss_rot: 0.03977
  |- loss_pos: 0.54286
  |- fk_loss: 1.26734
  |- smoothness_loss: 1.23672
Val Loss Components:
  |- loss_rot: 0.05701
  |- loss_pos: 1.33578
  |- fk_loss: 2.56244
  |- smoothness_loss: 0.97049
LR: 1.000e-04
Hole frames in this epoch: [4, 16]

Epoch 22 | Train Loss: 0.50986 | Val Loss: 0.80834
Train Loss Components:
  |- loss_rot: 0.03362
  |- loss_pos: 0.48537
  |- fk_loss: 1.14598
  |- smoothness_loss: 0.96550
Val Loss Components:
  |- loss_rot: 0.05561
  |- loss_pos: 1.36468
  |- fk_loss: 2.56239
  |- smoothness_loss: 0.86899
LR: 1.000e-04
Hole frames in this epoch: [4, 16]

Epoch 23 | Train Loss: 0.46381 | Val Loss: 0.75493
Train Loss Components:
  |- loss_rot: 0.04184
  |- loss_pos: 0.61902
  |- fk_loss: 1.45338
  |- smoothness_loss: 1.05488
Val Loss Components:
  |- loss_rot: 0.05513
  |- loss_pos: 1.21482
  |- fk_loss: 2.38953
  |- smoothness_loss: 0.77267
LR: 1.000e-04
Hole frames in this epoch: [4, 16]

Epoch 24 | Train Loss: 0.46084 | Val Loss: 0.78548
Train Loss Components:
  |- loss_rot: 0.03671
  |- loss_pos: 0.52810
  |- fk_loss: 1.23343
  |- smoothness_loss: 0.89916
Val Loss Components:
  |- loss_rot: 0.05510
  |- loss_pos: 1.28243
  |- fk_loss: 2.41367
  |- smoothness_loss: 0.91846
LR: 1.000e-04
Hole frames in this epoch: [4, 16]

Epoch 25 | Train Loss: 0.45034 | Val Loss: 0.73638
Train Loss Components:
  |- loss_rot: 0.05201
  |- loss_pos: 0.88866
  |- fk_loss: 1.89965
  |- smoothness_loss: 1.26171
Val Loss Components:
  |- loss_rot: 0.05415
  |- loss_pos: 1.25095
  |- fk_loss: 2.32490
  |- smoothness_loss: 0.80992
LR: 1.000e-04
Hole frames in this epoch: [4, 16]

Epoch 26 | Train Loss: 0.43957 | Val Loss: 0.70264
Train Loss Components:
  |- loss_rot: 0.04986
  |- loss_pos: 0.78466
  |- fk_loss: 1.72001
  |- smoothness_loss: 1.10625
Val Loss Components:
  |- loss_rot: 0.05367
  |- loss_pos: 1.16727
  |- fk_loss: 2.24162
  |- smoothness_loss: 0.62389
LR: 1.000e-04
Hole frames in this epoch: [4, 16]

Epoch 27 | Train Loss: 0.44458 | Val Loss: 0.69336
Train Loss Components:
  |- loss_rot: 0.04320
  |- loss_pos: 0.64118
  |- fk_loss: 1.51393
  |- smoothness_loss: 0.88236
Val Loss Components:
  |- loss_rot: 0.05301
  |- loss_pos: 1.21428
  |- fk_loss: 2.24462
  |- smoothness_loss: 0.60353
LR: 1.000e-04
Hole frames in this epoch: [4, 16]

Epoch 28 | Train Loss: 0.43468 | Val Loss: 0.70246
Train Loss Components:
  |- loss_rot: 0.05728
  |- loss_pos: 1.24272
  |- fk_loss: 2.38740
  |- smoothness_loss: 1.42657
Val Loss Components:
  |- loss_rot: 0.05295
  |- loss_pos: 1.21411
  |- fk_loss: 2.21303
  |- smoothness_loss: 0.65121
LR: 1.000e-04
Hole frames in this epoch: [4, 16]

Epoch 29 | Train Loss: 0.43317 | Val Loss: 0.67264
Train Loss Components:
  |- loss_rot: 0.05450
  |- loss_pos: 0.99062
  |- fk_loss: 2.16773
  |- smoothness_loss: 1.08757
Val Loss Components:
  |- loss_rot: 0.05253
  |- loss_pos: 1.16797
  |- fk_loss: 2.12506
  |- smoothness_loss: 0.61341
LR: 1.000e-04
Hole frames in this epoch: [4, 16]

Epoch 30 | Train Loss: 0.43125 | Val Loss: 0.67376
Train Loss Components:
  |- loss_rot: 0.03129
  |- loss_pos: 0.36141
  |- fk_loss: 0.90253
  |- smoothness_loss: 0.65388
Val Loss Components:
  |- loss_rot: 0.05150
  |- loss_pos: 1.17479
  |- fk_loss: 2.12320
  |- smoothness_loss: 0.56498
LR: 1.000e-04
Hole frames in this epoch: [4, 16]

Epoch 31 | Train Loss: 0.39326 | Val Loss: 0.66241
Train Loss Components:
  |- loss_rot: 0.04025
  |- loss_pos: 0.59681
  |- fk_loss: 1.28553
  |- smoothness_loss: 0.79029
Val Loss Components:
  |- loss_rot: 0.05114
  |- loss_pos: 1.14245
  |- fk_loss: 2.06471
  |- smoothness_loss: 0.57454
LR: 1.000e-04
Hole frames in this epoch: [4, 16]

Epoch 32 | Train Loss: 0.39498 | Val Loss: 0.67472
Train Loss Components:
  |- loss_rot: 0.02047
  |- loss_pos: 0.25072
  |- fk_loss: 0.53793
  |- smoothness_loss: 0.61266
Val Loss Components:
  |- loss_rot: 0.05113
  |- loss_pos: 1.17763
  |- fk_loss: 2.07652
  |- smoothness_loss: 0.63371
LR: 1.000e-04
Hole frames in this epoch: [4, 16]

Epoch 33 | Train Loss: 0.39136 | Val Loss: 0.63366
Train Loss Components:
  |- loss_rot: 0.04394
  |- loss_pos: 0.57316
  |- fk_loss: 1.36439
  |- smoothness_loss: 0.78603
Val Loss Components:
  |- loss_rot: 0.05033
  |- loss_pos: 1.13240
  |- fk_loss: 2.03971
  |- smoothness_loss: 0.56576
LR: 1.000e-04
Hole frames in this epoch: [4, 16]

Epoch 34 | Train Loss: 0.41212 | Val Loss: 0.63851
Train Loss Components:
  |- loss_rot: 0.04539
  |- loss_pos: 0.76091
  |- fk_loss: 1.62745
  |- smoothness_loss: 1.01402
Val Loss Components:
  |- loss_rot: 0.04996
  |- loss_pos: 1.10626
  |- fk_loss: 2.01089
  |- smoothness_loss: 0.52957
LR: 1.000e-04
Hole frames in this epoch: [4, 16]

Epoch 35 | Train Loss: 0.39132 | Val Loss: 0.64822
Train Loss Components:
  |- loss_rot: 0.05260
  |- loss_pos: 1.10843
  |- fk_loss: 2.18470
  |- smoothness_loss: 1.13318
Val Loss Components:
  |- loss_rot: 0.04918
  |- loss_pos: 1.17769
  |- fk_loss: 2.03957
  |- smoothness_loss: 0.47890
LR: 1.000e-04
Hole frames in this epoch: [4, 16]

Epoch 36 | Train Loss: 0.39099 | Val Loss: 0.63513
Train Loss Components:
  |- loss_rot: 0.03275
  |- loss_pos: 0.44165
  |- fk_loss: 0.95903
  |- smoothness_loss: 0.66618
Val Loss Components:
  |- loss_rot: 0.04886
  |- loss_pos: 1.10488
  |- fk_loss: 2.00152
  |- smoothness_loss: 0.49044
LR: 1.000e-04
Hole frames in this epoch: [4, 16]

Epoch 37 | Train Loss: 0.38601 | Val Loss: 0.62058
Train Loss Components:
  |- loss_rot: 0.02463
  |- loss_pos: 0.32327
  |- fk_loss: 0.69875
  |- smoothness_loss: 0.53755
Val Loss Components:
  |- loss_rot: 0.04848
  |- loss_pos: 1.12584
  |- fk_loss: 1.98664
  |- smoothness_loss: 0.49233
LR: 1.000e-04
Hole frames in this epoch: [4, 16]

Epoch 38 | Train Loss: 0.35536 | Val Loss: 0.61515
Train Loss Components:
  |- loss_rot: 0.04994
  |- loss_pos: 0.85206
  |- fk_loss: 1.78935
  |- smoothness_loss: 1.00760
Val Loss Components:
  |- loss_rot: 0.04796
  |- loss_pos: 1.11640
  |- fk_loss: 1.96057
  |- smoothness_loss: 0.49190
LR: 1.000e-04
Hole frames in this epoch: [4, 16]

Epoch 39 | Train Loss: 0.37303 | Val Loss: 0.59945
Train Loss Components:
  |- loss_rot: 0.03908
  |- loss_pos: 0.60452
  |- fk_loss: 1.25530
  |- smoothness_loss: 0.72161
Val Loss Components:
  |- loss_rot: 0.04764
  |- loss_pos: 1.04701
  |- fk_loss: 1.87559
  |- smoothness_loss: 0.43513
LR: 1.000e-04
Hole frames in this epoch: [4, 16]

Epoch 40 | Train Loss: 0.35422 | Val Loss: 0.62569
Train Loss Components:
  |- loss_rot: 0.04152
  |- loss_pos: 0.61425
  |- fk_loss: 1.33673
  |- smoothness_loss: 0.83312
Val Loss Components:
  |- loss_rot: 0.04762
  |- loss_pos: 1.09562
  |- fk_loss: 1.90317
  |- smoothness_loss: 0.46556
LR: 1.000e-04
Hole frames in this epoch: [4, 16]

Epoch 41 | Train Loss: 0.35228 | Val Loss: 0.62757
Train Loss Components:
  |- loss_rot: 0.02075
  |- loss_pos: 0.24273
  |- fk_loss: 0.54268
  |- smoothness_loss: 0.47523
Val Loss Components:
  |- loss_rot: 0.04672
  |- loss_pos: 1.15179
  |- fk_loss: 1.92814
  |- smoothness_loss: 0.52101
LR: 1.000e-04
Hole frames in this epoch: [4, 16]

Epoch 42 | Train Loss: 0.36287 | Val Loss: 0.60660
Train Loss Components:
  |- loss_rot: 0.04851
  |- loss_pos: 0.77799
  |- fk_loss: 1.67498
  |- smoothness_loss: 1.00791
Val Loss Components:
  |- loss_rot: 0.04668
  |- loss_pos: 1.10677
  |- fk_loss: 1.89359
  |- smoothness_loss: 0.46214
LR: 1.000e-04
Hole frames in this epoch: [4, 16]

Epoch 43 | Train Loss: 0.35041 | Val Loss: 0.60089
Train Loss Components:
  |- loss_rot: 0.02437
  |- loss_pos: 0.28985
  |- fk_loss: 0.63197
  |- smoothness_loss: 0.50694
Val Loss Components:
  |- loss_rot: 0.04669
  |- loss_pos: 1.12465
  |- fk_loss: 1.87761
  |- smoothness_loss: 0.58639
LR: 1.000e-04
Hole frames in this epoch: [4, 16]

Epoch 44 | Train Loss: 0.34843 | Val Loss: 0.57537
Train Loss Components:
  |- loss_rot: 0.01823
  |- loss_pos: 0.21592
  |- fk_loss: 0.47033
  |- smoothness_loss: 0.49240
Val Loss Components:
  |- loss_rot: 0.04646
  |- loss_pos: 1.01881
  |- fk_loss: 1.79788
  |- smoothness_loss: 0.45253
LR: 1.000e-04
Hole frames in this epoch: [4, 16]

Epoch 45 | Train Loss: 0.33503 | Val Loss: 0.55652
Train Loss Components:
  |- loss_rot: 0.04446
  |- loss_pos: 0.68917
  |- fk_loss: 1.45995
  |- smoothness_loss: 0.80715
Val Loss Components:
  |- loss_rot: 0.04571
  |- loss_pos: 1.00861
  |- fk_loss: 1.78355
  |- smoothness_loss: 0.41785
LR: 1.000e-04
Hole frames in this epoch: [4, 16]

Epoch 46 | Train Loss: 0.33739 | Val Loss: 0.60476
Train Loss Components:
  |- loss_rot: 0.03023
  |- loss_pos: 0.42041
  |- fk_loss: 0.89652
  |- smoothness_loss: 0.75831
Val Loss Components:
  |- loss_rot: 0.04581
  |- loss_pos: 1.09819
  |- fk_loss: 1.83108
  |- smoothness_loss: 0.49206
LR: 1.000e-04
Hole frames in this epoch: [4, 16]

Epoch 47 | Train Loss: 0.33944 | Val Loss: 0.59346
Train Loss Components:
  |- loss_rot: 0.02682
  |- loss_pos: 0.35617
  |- fk_loss: 0.79887
  |- smoothness_loss: 0.52189
Val Loss Components:
  |- loss_rot: 0.04536
  |- loss_pos: 1.08074
  |- fk_loss: 1.80947
  |- smoothness_loss: 0.52996
LR: 1.000e-04
Hole frames in this epoch: [4, 16]

Epoch 48 | Train Loss: 0.33967 | Val Loss: 0.54852
Train Loss Components:
  |- loss_rot: 0.02919
  |- loss_pos: 0.37231
  |- fk_loss: 0.83792
  |- smoothness_loss: 0.56703
Val Loss Components:
  |- loss_rot: 0.04488
  |- loss_pos: 0.95937
  |- fk_loss: 1.72356
  |- smoothness_loss: 0.34260
LR: 1.000e-04
Hole frames in this epoch: [4, 16]

Epoch 49 | Train Loss: 0.32309 | Val Loss: 0.56537
Train Loss Components:
  |- loss_rot: 0.02440
  |- loss_pos: 0.30056
  |- fk_loss: 0.65656
  |- smoothness_loss: 0.47388
Val Loss Components:
  |- loss_rot: 0.04486
  |- loss_pos: 1.00868
  |- fk_loss: 1.76689
  |- smoothness_loss: 0.43011
LR: 1.000e-04
Hole frames in this epoch: [4, 16]

Epoch 50 | Train Loss: 0.31650 | Val Loss: 0.54582
Train Loss Components:
  |- loss_rot: 0.04899
  |- loss_pos: 0.86945
  |- fk_loss: 1.76859
  |- smoothness_loss: 1.05662
Val Loss Components:
  |- loss_rot: 0.04434
  |- loss_pos: 0.94033
  |- fk_loss: 1.70115
  |- smoothness_loss: 0.34658
LR: 1.000e-04
Hole frames in this epoch: [4, 16]

Epoch 51 | Train Loss: 0.32957 | Val Loss: 0.60181
Train Loss Components:
  |- loss_rot: 0.02207
  |- loss_pos: 0.28291
  |- fk_loss: 0.58190
  |- smoothness_loss: 0.47921
Val Loss Components:
  |- loss_rot: 0.04387
  |- loss_pos: 1.12284
  |- fk_loss: 1.84973
  |- smoothness_loss: 0.46001
LR: 1.000e-04
Hole frames in this epoch: [4, 16]

Epoch 52 | Train Loss: 0.32369 | Val Loss: 0.54033
Train Loss Components:
  |- loss_rot: 0.04158
  |- loss_pos: 0.60900
  |- fk_loss: 1.39057
  |- smoothness_loss: 0.86777
Val Loss Components:
  |- loss_rot: 0.04407
  |- loss_pos: 1.02252
  |- fk_loss: 1.73692
  |- smoothness_loss: 0.37126
LR: 1.000e-04
Hole frames in this epoch: [4, 16]

Epoch 53 | Train Loss: 0.33294 | Val Loss: 0.53136
Train Loss Components:
  |- loss_rot: 0.03955
  |- loss_pos: 0.55405
  |- fk_loss: 1.24215
  |- smoothness_loss: 0.72521
Val Loss Components:
  |- loss_rot: 0.04389
  |- loss_pos: 0.97666
  |- fk_loss: 1.69098
  |- smoothness_loss: 0.35976
LR: 1.000e-04
Hole frames in this epoch: [4, 16]

Epoch 54 | Train Loss: 0.31071 | Val Loss: 0.53967
Train Loss Components:
  |- loss_rot: 0.01924
  |- loss_pos: 0.23973
  |- fk_loss: 0.51781
  |- smoothness_loss: 0.42542
Val Loss Components:
  |- loss_rot: 0.04374
  |- loss_pos: 0.97154
  |- fk_loss: 1.70818
  |- smoothness_loss: 0.31316
LR: 1.000e-04
Hole frames in this epoch: [4, 16]

Epoch 55 | Train Loss: 0.32649 | Val Loss: 0.53823
Train Loss Components:
  |- loss_rot: 0.04304
  |- loss_pos: 0.58773
  |- fk_loss: 1.36084
  |- smoothness_loss: 0.80913
Val Loss Components:
  |- loss_rot: 0.04326
  |- loss_pos: 0.96907
  |- fk_loss: 1.67828
  |- smoothness_loss: 0.33915
LR: 1.000e-04
Hole frames in this epoch: [4, 16]

Epoch 56 | Train Loss: 0.32106 | Val Loss: 0.53792
Train Loss Components:
  |- loss_rot: 0.02651
  |- loss_pos: 0.31596
  |- fk_loss: 0.72826
  |- smoothness_loss: 0.51515
Val Loss Components:
  |- loss_rot: 0.04350
  |- loss_pos: 0.96671
  |- fk_loss: 1.70083
  |- smoothness_loss: 0.36611
LR: 1.000e-04
Hole frames in this epoch: [4, 16]

Epoch 57 | Train Loss: 0.28896 | Val Loss: 0.51593
Train Loss Components:
  |- loss_rot: 0.04511
  |- loss_pos: 0.77562
  |- fk_loss: 1.58912
  |- smoothness_loss: 0.94217
Val Loss Components:
  |- loss_rot: 0.04292
  |- loss_pos: 0.94377
  |- fk_loss: 1.63583
  |- smoothness_loss: 0.32229
LR: 1.000e-04
Hole frames in this epoch: [4, 16]

Epoch 58 | Train Loss: 0.30360 | Val Loss: 0.53678
Train Loss Components:
  |- loss_rot: 0.03037
  |- loss_pos: 0.39522
  |- fk_loss: 0.88833
  |- smoothness_loss: 0.54815
Val Loss Components:
  |- loss_rot: 0.04291
  |- loss_pos: 0.94438
  |- fk_loss: 1.68953
  |- smoothness_loss: 0.33546
LR: 1.000e-04
Hole frames in this epoch: [4, 16]

Epoch 59 | Train Loss: 0.29742 | Val Loss: 0.50989
Train Loss Components:
  |- loss_rot: 0.04451
  |- loss_pos: 0.60316
  |- fk_loss: 1.37152
  |- smoothness_loss: 0.82393
Val Loss Components:
  |- loss_rot: 0.04270
  |- loss_pos: 0.93206
  |- fk_loss: 1.64402
  |- smoothness_loss: 0.33172
LR: 1.000e-04
Hole frames in this epoch: [4, 16]

Epoch 60 | Train Loss: 0.30976 | Val Loss: 0.51622
Train Loss Components:
  |- loss_rot: 0.03056
  |- loss_pos: 0.36566
  |- fk_loss: 0.85372
  |- smoothness_loss: 0.42711
Val Loss Components:
  |- loss_rot: 0.04246
  |- loss_pos: 0.90135
  |- fk_loss: 1.60901
  |- smoothness_loss: 0.33094
LR: 1.000e-04
Hole frames in this epoch: [4, 16]

Epoch 61 | Train Loss: 0.29701 | Val Loss: 0.51520
Train Loss Components:
  |- loss_rot: 0.03204
  |- loss_pos: 0.40936
  |- fk_loss: 0.92772
  |- smoothness_loss: 0.66604
Val Loss Components:
  |- loss_rot: 0.04245
  |- loss_pos: 0.91989
  |- fk_loss: 1.60694
  |- smoothness_loss: 0.32546
LR: 1.000e-04
Hole frames in this epoch: [4, 16]

Epoch 62 | Train Loss: 0.29798 | Val Loss: 0.55685
Train Loss Components:
  |- loss_rot: 0.03050
  |- loss_pos: 0.36875
  |- fk_loss: 0.87636
  |- smoothness_loss: 0.55230
Val Loss Components:
  |- loss_rot: 0.04270
  |- loss_pos: 1.03199
  |- fk_loss: 1.69025
  |- smoothness_loss: 0.44268
LR: 1.000e-04
Hole frames in this epoch: [4, 16]

Epoch 63 | Train Loss: 0.29393 | Val Loss: 0.50934
Train Loss Components:
  |- loss_rot: 0.02793
  |- loss_pos: 0.32547
  |- fk_loss: 0.76034
  |- smoothness_loss: 0.50216
Val Loss Components:
  |- loss_rot: 0.04215
  |- loss_pos: 0.92172
  |- fk_loss: 1.62219
  |- smoothness_loss: 0.29131
LR: 1.000e-04
Hole frames in this epoch: [4, 16]

Epoch 64 | Train Loss: 0.28878 | Val Loss: 0.50183
Train Loss Components:
  |- loss_rot: 0.04138
  |- loss_pos: 0.57325
  |- fk_loss: 1.39682
  |- smoothness_loss: 0.80360
Val Loss Components:
  |- loss_rot: 0.04185
  |- loss_pos: 0.89638
  |- fk_loss: 1.60188
  |- smoothness_loss: 0.31657
LR: 1.000e-04
Hole frames in this epoch: [4, 16]

Epoch 65 | Train Loss: 0.29818 | Val Loss: 0.50661
Train Loss Components:
  |- loss_rot: 0.04295
  |- loss_pos: 0.72819
  |- fk_loss: 1.52186
  |- smoothness_loss: 0.90326
Val Loss Components:
  |- loss_rot: 0.04168
  |- loss_pos: 0.87470
  |- fk_loss: 1.58172
  |- smoothness_loss: 0.29483
LR: 1.000e-04
Hole frames in this epoch: [4, 16]

Epoch 66 | Train Loss: 0.28702 | Val Loss: 0.50226
Train Loss Components:
  |- loss_rot: 0.03039
  |- loss_pos: 0.38690
  |- fk_loss: 0.90310
  |- smoothness_loss: 0.50260
Val Loss Components:
  |- loss_rot: 0.04136
  |- loss_pos: 0.92180
  |- fk_loss: 1.59777
  |- smoothness_loss: 0.33235
LR: 1.000e-04
Hole frames in this epoch: [4, 16]

Epoch 67 | Train Loss: 0.28939 | Val Loss: 0.54421
Train Loss Components:
  |- loss_rot: 0.02574
  |- loss_pos: 0.28938
  |- fk_loss: 0.67838
  |- smoothness_loss: 0.46887
Val Loss Components:
  |- loss_rot: 0.04124
  |- loss_pos: 0.95745
  |- fk_loss: 1.63046
  |- smoothness_loss: 0.48140
LR: 1.000e-04
Hole frames in this epoch: [4, 16]

Epoch 68 | Train Loss: 0.27133 | Val Loss: 0.50353
Train Loss Components:
  |- loss_rot: 0.03553
  |- loss_pos: 0.43826
  |- fk_loss: 1.01553
  |- smoothness_loss: 0.60924
Val Loss Components:
  |- loss_rot: 0.04122
  |- loss_pos: 0.90026
  |- fk_loss: 1.58675
  |- smoothness_loss: 0.33926
LR: 1.000e-04
Hole frames in this epoch: [4, 16]

Epoch 69 | Train Loss: 0.29067 | Val Loss: 0.49311
Train Loss Components:
  |- loss_rot: 0.02126
  |- loss_pos: 0.23987
  |- fk_loss: 0.53854
  |- smoothness_loss: 0.41794
Val Loss Components:
  |- loss_rot: 0.04114
  |- loss_pos: 0.86206
  |- fk_loss: 1.54496
  |- smoothness_loss: 0.33437
LR: 1.000e-04
Hole frames in this epoch: [4, 16]

Epoch 70 | Train Loss: 0.29267 | Val Loss: 0.48683
Train Loss Components:
  |- loss_rot: 0.01886
  |- loss_pos: 0.22379
  |- fk_loss: 0.48185
  |- smoothness_loss: 0.37925
Val Loss Components:
  |- loss_rot: 0.04089
  |- loss_pos: 0.87541
  |- fk_loss: 1.55001
  |- smoothness_loss: 0.29096
LR: 1.000e-04
Hole frames in this epoch: [4, 16]

Epoch 71 | Train Loss: 0.27546 | Val Loss: 0.49581
Train Loss Components:
  |- loss_rot: 0.02828
  |- loss_pos: 0.31661
  |- fk_loss: 0.76887
  |- smoothness_loss: 0.49357
Val Loss Components:
  |- loss_rot: 0.04081
  |- loss_pos: 0.89771
  |- fk_loss: 1.55716
  |- smoothness_loss: 0.30209
LR: 1.000e-04
Hole frames in this epoch: [4, 16]

Epoch 72 | Train Loss: 0.27908 | Val Loss: 0.48433
Train Loss Components:
  |- loss_rot: 0.02906
  |- loss_pos: 0.38385
  |- fk_loss: 0.81387
  |- smoothness_loss: 0.56751
Val Loss Components:
  |- loss_rot: 0.04102
  |- loss_pos: 0.87144
  |- fk_loss: 1.54124
  |- smoothness_loss: 0.29966
LR: 1.000e-04
Hole frames in this epoch: [4, 16]

Epoch 73 | Train Loss: 0.27240 | Val Loss: 0.49182
Train Loss Components:
  |- loss_rot: 0.01823
  |- loss_pos: 0.18934
  |- fk_loss: 0.43636
  |- smoothness_loss: 0.32315
Val Loss Components:
  |- loss_rot: 0.04079
  |- loss_pos: 0.86147
  |- fk_loss: 1.53825
  |- smoothness_loss: 0.30069
LR: 1.000e-04
Hole frames in this epoch: [4, 16]

Epoch 74 | Train Loss: 0.27235 | Val Loss: 0.50043
Train Loss Components:
  |- loss_rot: 0.02094
  |- loss_pos: 0.23857
  |- fk_loss: 0.54542
  |- smoothness_loss: 0.38660
Val Loss Components:
  |- loss_rot: 0.04032
  |- loss_pos: 0.87505
  |- fk_loss: 1.53884
  |- smoothness_loss: 0.41481
LR: 1.000e-04
Hole frames in this epoch: [4, 16]

Epoch 75 | Train Loss: 0.28606 | Val Loss: 0.49638
Train Loss Components:
  |- loss_rot: 0.03843
  |- loss_pos: 0.56605
  |- fk_loss: 1.21251
  |- smoothness_loss: 0.78007
Val Loss Components:
  |- loss_rot: 0.04083
  |- loss_pos: 0.88361
  |- fk_loss: 1.55609
  |- smoothness_loss: 0.33071
LR: 1.000e-04
Hole frames in this epoch: [4, 16]

Epoch 76 | Train Loss: 0.25341 | Val Loss: 0.49704
Train Loss Components:
  |- loss_rot: 0.02220
  |- loss_pos: 0.24507
  |- fk_loss: 0.57586
  |- smoothness_loss: 0.40228
Val Loss Components:
  |- loss_rot: 0.04034
  |- loss_pos: 0.87453
  |- fk_loss: 1.53900
  |- smoothness_loss: 0.37695
LR: 1.000e-04
Hole frames in this epoch: [4, 16]

Epoch 77 | Train Loss: 0.27829 | Val Loss: 0.48328
Train Loss Components:
  |- loss_rot: 0.03324
  |- loss_pos: 0.38484
  |- fk_loss: 0.95789
  |- smoothness_loss: 0.61180
Val Loss Components:
  |- loss_rot: 0.04022
  |- loss_pos: 0.84229
  |- fk_loss: 1.51557
  |- smoothness_loss: 0.38019
LR: 1.000e-04
Hole frames in this epoch: [4, 16]

Epoch 78 | Train Loss: 0.27364 | Val Loss: 0.51360
Train Loss Components:
  |- loss_rot: 0.03770
  |- loss_pos: 0.49550
  |- fk_loss: 1.19179
  |- smoothness_loss: 0.81724
Val Loss Components:
  |- loss_rot: 0.04052
  |- loss_pos: 0.90276
  |- fk_loss: 1.56776
  |- smoothness_loss: 0.36579
LR: 1.000e-04
Hole frames in this epoch: [4, 16]

Epoch 79 | Train Loss: 0.28814 | Val Loss: 0.50713
Train Loss Components:
  |- loss_rot: 0.03516
  |- loss_pos: 0.46518
  |- fk_loss: 1.07362
  |- smoothness_loss: 0.64737
Val Loss Components:
  |- loss_rot: 0.03971
  |- loss_pos: 0.91923
  |- fk_loss: 1.58316
  |- smoothness_loss: 0.36963
LR: 1.000e-04
Hole frames in this epoch: [4, 16]

Epoch 80 | Train Loss: 0.25885 | Val Loss: 0.49559
Train Loss Components:
  |- loss_rot: 0.03492
  |- loss_pos: 0.52183
  |- fk_loss: 1.12904
  |- smoothness_loss: 0.76621
Val Loss Components:
  |- loss_rot: 0.03986
  |- loss_pos: 0.90216
  |- fk_loss: 1.54370
  |- smoothness_loss: 0.32459
LR: 1.000e-04
Hole frames in this epoch: [4, 16]

Epoch 81 | Train Loss: 0.26481 | Val Loss: 0.50481
Train Loss Components:
  |- loss_rot: 0.03447
  |- loss_pos: 0.49894
  |- fk_loss: 1.08843
  |- smoothness_loss: 0.58423
Val Loss Components:
  |- loss_rot: 0.03986
  |- loss_pos: 0.88857
  |- fk_loss: 1.55381
  |- smoothness_loss: 0.33725
LR: 1.000e-04
Hole frames in this epoch: [4, 16]

Epoch 82 | Train Loss: 0.27308 | Val Loss: 0.47832
Train Loss Components:
  |- loss_rot: 0.02739
  |- loss_pos: 0.31593
  |- fk_loss: 0.75020
  |- smoothness_loss: 0.46152
Val Loss Components:
  |- loss_rot: 0.03953
  |- loss_pos: 0.82755
  |- fk_loss: 1.48971
  |- smoothness_loss: 0.28846
LR: 1.000e-04
Hole frames in this epoch: [4, 16]

Epoch 83 | Train Loss: 0.26537 | Val Loss: 0.46614
Train Loss Components:
  |- loss_rot: 0.04738
  |- loss_pos: 0.78712
  |- fk_loss: 1.68471
  |- smoothness_loss: 1.10164
Val Loss Components:
  |- loss_rot: 0.03949
  |- loss_pos: 0.81233
  |- fk_loss: 1.46590
  |- smoothness_loss: 0.29130
LR: 1.000e-04
Hole frames in this epoch: [4, 16]

Epoch 84 | Train Loss: 0.25746 | Val Loss: 0.47053
Train Loss Components:
  |- loss_rot: 0.01569
  |- loss_pos: 0.18840
  |- fk_loss: 0.39342
  |- smoothness_loss: 0.38491
Val Loss Components:
  |- loss_rot: 0.03946
  |- loss_pos: 0.79748
  |- fk_loss: 1.46701
  |- smoothness_loss: 0.27792
LR: 1.000e-04
Hole frames in this epoch: [4, 16]

Epoch 85 | Train Loss: 0.26241 | Val Loss: 0.47424
Train Loss Components:
  |- loss_rot: 0.04051
  |- loss_pos: 0.55669
  |- fk_loss: 1.34433
  |- smoothness_loss: 0.82502
Val Loss Components:
  |- loss_rot: 0.03946
  |- loss_pos: 0.87496
  |- fk_loss: 1.49119
  |- smoothness_loss: 0.30192
LR: 1.000e-04
Hole frames in this epoch: [4, 16]

Epoch 86 | Train Loss: 0.25422 | Val Loss: 0.46796
Train Loss Components:
  |- loss_rot: 0.02608
  |- loss_pos: 0.29314
  |- fk_loss: 0.72113
  |- smoothness_loss: 0.46637
Val Loss Components:
  |- loss_rot: 0.03927
  |- loss_pos: 0.84591
  |- fk_loss: 1.50410
  |- smoothness_loss: 0.33197
LR: 1.000e-04
Hole frames in this epoch: [4, 16]

Epoch 87 | Train Loss: 0.25905 | Val Loss: 0.47095
Train Loss Components:
  |- loss_rot: 0.03968
  |- loss_pos: 0.55549
  |- fk_loss: 1.25565
  |- smoothness_loss: 0.73173
Val Loss Components:
  |- loss_rot: 0.03932
  |- loss_pos: 0.86690
  |- fk_loss: 1.50128
  |- smoothness_loss: 0.27640
LR: 1.000e-04
Hole frames in this epoch: [4, 16]

Epoch 88 | Train Loss: 0.26266 | Val Loss: 0.49076
Train Loss Components:
  |- loss_rot: 0.03421
  |- loss_pos: 0.42690
  |- fk_loss: 1.07388
  |- smoothness_loss: 0.73584
Val Loss Components:
  |- loss_rot: 0.03905
  |- loss_pos: 0.86173
  |- fk_loss: 1.50609
  |- smoothness_loss: 0.33731
LR: 1.000e-04
Hole frames in this epoch: [4, 16]

Epoch 89 | Train Loss: 0.25449 | Val Loss: 0.48036
Train Loss Components:
  |- loss_rot: 0.03444
  |- loss_pos: 0.54606
  |- fk_loss: 1.14126
  |- smoothness_loss: 0.64098
Val Loss Components:
  |- loss_rot: 0.03909
  |- loss_pos: 0.81316
  |- fk_loss: 1.45469
  |- smoothness_loss: 0.30931
LR: 1.000e-04
Hole frames in this epoch: [4, 16]

Epoch 90 | Train Loss: 0.23080 | Val Loss: 0.43502
Train Loss Components:
  |- loss_rot: 0.03439
  |- loss_pos: 0.38001
  |- fk_loss: 0.97045
  |- smoothness_loss: 0.54390
Val Loss Components:
  |- loss_rot: 0.03863
  |- loss_pos: 0.75448
  |- fk_loss: 1.38619
  |- smoothness_loss: 0.25604
LR: 5.000e-05
Hole frames in this epoch: [4, 16]

Epoch 91 | Train Loss: 0.21944 | Val Loss: 0.43539
Train Loss Components:
  |- loss_rot: 0.01464
  |- loss_pos: 0.14311
  |- fk_loss: 0.34765
  |- smoothness_loss: 0.29012
Val Loss Components:
  |- loss_rot: 0.03851
  |- loss_pos: 0.76373
  |- fk_loss: 1.36933
  |- smoothness_loss: 0.27610
LR: 5.000e-05
Hole frames in this epoch: [4, 16]

Epoch 92 | Train Loss: 0.22463 | Val Loss: 0.43270
Train Loss Components:
  |- loss_rot: 0.02209
  |- loss_pos: 0.20593
  |- fk_loss: 0.53189
  |- smoothness_loss: 0.35384
Val Loss Components:
  |- loss_rot: 0.03849
  |- loss_pos: 0.72949
  |- fk_loss: 1.36911
  |- smoothness_loss: 0.25726
LR: 5.000e-05
Hole frames in this epoch: [4, 16]

Epoch 93 | Train Loss: 0.21941 | Val Loss: 0.42883
Train Loss Components:
  |- loss_rot: 0.03510
  |- loss_pos: 0.38167
  |- fk_loss: 0.97076
  |- smoothness_loss: 0.65116
Val Loss Components:
  |- loss_rot: 0.03850
  |- loss_pos: 0.73633
  |- fk_loss: 1.35592
  |- smoothness_loss: 0.25598
LR: 5.000e-05
Hole frames in this epoch: [4, 16]

Epoch 94 | Train Loss: 0.21301 | Val Loss: 0.44301
Train Loss Components:
  |- loss_rot: 0.03865
  |- loss_pos: 0.50348
  |- fk_loss: 1.19634
  |- smoothness_loss: 0.69143
Val Loss Components:
  |- loss_rot: 0.03844
  |- loss_pos: 0.73889
  |- fk_loss: 1.36982
  |- smoothness_loss: 0.25613
LR: 5.000e-05
Hole frames in this epoch: [4, 16]

Epoch 95 | Train Loss: 0.22394 | Val Loss: 0.42909
Train Loss Components:
  |- loss_rot: 0.02140
  |- loss_pos: 0.20318
  |- fk_loss: 0.51325
  |- smoothness_loss: 0.37860
Val Loss Components:
  |- loss_rot: 0.03842
  |- loss_pos: 0.75108
  |- fk_loss: 1.36528
  |- smoothness_loss: 0.26080
LR: 5.000e-05
Hole frames in this epoch: [4, 16]

Epoch 96 | Train Loss: 0.21720 | Val Loss: 0.42813
Train Loss Components:
  |- loss_rot: 0.03164
  |- loss_pos: 0.31271
  |- fk_loss: 0.82137
  |- smoothness_loss: 0.50745
Val Loss Components:
  |- loss_rot: 0.03818
  |- loss_pos: 0.71938
  |- fk_loss: 1.34511
  |- smoothness_loss: 0.25209
LR: 5.000e-05
Hole frames in this epoch: [4, 16]

Epoch 97 | Train Loss: 0.21636 | Val Loss: 0.43424
Train Loss Components:
  |- loss_rot: 0.01724
  |- loss_pos: 0.15149
  |- fk_loss: 0.39637
  |- smoothness_loss: 0.29483
Val Loss Components:
  |- loss_rot: 0.03823
  |- loss_pos: 0.72722
  |- fk_loss: 1.36736
  |- smoothness_loss: 0.26138
LR: 5.000e-05
Hole frames in this epoch: [4, 16]

Epoch 98 | Train Loss: 0.21684 | Val Loss: 0.42407
Train Loss Components:
  |- loss_rot: 0.02435
  |- loss_pos: 0.20079
  |- fk_loss: 0.58152
  |- smoothness_loss: 0.32986
Val Loss Components:
  |- loss_rot: 0.03804
  |- loss_pos: 0.74508
  |- fk_loss: 1.37766
  |- smoothness_loss: 0.25325
LR: 5.000e-05
Hole frames in this epoch: [4, 16]

Epoch 99 | Train Loss: 0.21603 | Val Loss: 0.42623
Train Loss Components:
  |- loss_rot: 0.03642
  |- loss_pos: 0.35509
  |- fk_loss: 0.99353
  |- smoothness_loss: 0.68082
Val Loss Components:
  |- loss_rot: 0.03798
  |- loss_pos: 0.72350
  |- fk_loss: 1.33855
  |- smoothness_loss: 0.24758
LR: 5.000e-05
Hole frames in this epoch: [4, 16]

Epoch 100 | Train Loss: 0.21746 | Val Loss: 0.42429
Train Loss Components:
  |- loss_rot: 0.03962
  |- loss_pos: 0.41988
  |- fk_loss: 1.13680
  |- smoothness_loss: 0.72549
Val Loss Components:
  |- loss_rot: 0.03798
  |- loss_pos: 0.72659
  |- fk_loss: 1.34209
  |- smoothness_loss: 0.25645
LR: 5.000e-05
Hole frames in this epoch: [4, 16]

Epoch 101 | Train Loss: 0.22146 | Val Loss: 0.42931
Train Loss Components:
  |- loss_rot: 0.02550
  |- loss_pos: 0.22570
  |- fk_loss: 0.58715
  |- smoothness_loss: 0.37413
Val Loss Components:
  |- loss_rot: 0.03805
  |- loss_pos: 0.73506
  |- fk_loss: 1.35567
  |- smoothness_loss: 0.25979
LR: 5.000e-05
Hole frames in this epoch: [4, 16]

Epoch 102 | Train Loss: 0.20733 | Val Loss: 0.42229
Train Loss Components:
  |- loss_rot: 0.04057
  |- loss_pos: 0.53240
  |- fk_loss: 1.26921
  |- smoothness_loss: 0.84023
Val Loss Components:
  |- loss_rot: 0.03788
  |- loss_pos: 0.74924
  |- fk_loss: 1.36844
  |- smoothness_loss: 0.25090
LR: 5.000e-05
Hole frames in this epoch: [4, 16]

Epoch 103 | Train Loss: 0.21418 | Val Loss: 0.42681
Train Loss Components:
  |- loss_rot: 0.01402
  |- loss_pos: 0.13813
  |- fk_loss: 0.32413
  |- smoothness_loss: 0.25905
Val Loss Components:
  |- loss_rot: 0.03798
  |- loss_pos: 0.73331
  |- fk_loss: 1.35897
  |- smoothness_loss: 0.26078
LR: 5.000e-05
Hole frames in this epoch: [4, 16]

Epoch 104 | Train Loss: 0.20863 | Val Loss: 0.42116
Train Loss Components:
  |- loss_rot: 0.04064
  |- loss_pos: 0.42022
  |- fk_loss: 1.12786
  |- smoothness_loss: 0.72842
Val Loss Components:
  |- loss_rot: 0.03804
  |- loss_pos: 0.73451
  |- fk_loss: 1.33870
  |- smoothness_loss: 0.25816
LR: 5.000e-05
Hole frames in this epoch: [4, 16]

Epoch 105 | Train Loss: 0.21605 | Val Loss: 0.41906
Train Loss Components:
  |- loss_rot: 0.03305
  |- loss_pos: 0.31091
  |- fk_loss: 0.88062
  |- smoothness_loss: 0.51344
Val Loss Components:
  |- loss_rot: 0.03800
  |- loss_pos: 0.73300
  |- fk_loss: 1.33298
  |- smoothness_loss: 0.25052
LR: 5.000e-05
Hole frames in this epoch: [4, 16]

Epoch 106 | Train Loss: 0.21271 | Val Loss: 0.41910
Train Loss Components:
  |- loss_rot: 0.03779
  |- loss_pos: 0.36692
  |- fk_loss: 1.03303
  |- smoothness_loss: 0.63894
Val Loss Components:
  |- loss_rot: 0.03784
  |- loss_pos: 0.74173
  |- fk_loss: 1.34088
  |- smoothness_loss: 0.25755
LR: 5.000e-05
Hole frames in this epoch: [4, 16]

Epoch 107 | Train Loss: 0.21230 | Val Loss: 0.41954
Train Loss Components:
  |- loss_rot: 0.04383
  |- loss_pos: 0.52429
  |- fk_loss: 1.35950
  |- smoothness_loss: 0.81148
Val Loss Components:
  |- loss_rot: 0.03788
  |- loss_pos: 0.72663
  |- fk_loss: 1.32929
  |- smoothness_loss: 0.24714
LR: 5.000e-05
Hole frames in this epoch: [4, 16]

Epoch 108 | Train Loss: 0.21801 | Val Loss: 0.41715
Train Loss Components:
  |- loss_rot: 0.03791
  |- loss_pos: 0.42582
  |- fk_loss: 1.07817
  |- smoothness_loss: 0.63889
Val Loss Components:
  |- loss_rot: 0.03785
  |- loss_pos: 0.75140
  |- fk_loss: 1.34450
  |- smoothness_loss: 0.25027
LR: 5.000e-05
Hole frames in this epoch: [4, 16]

Epoch 109 | Train Loss: 0.20899 | Val Loss: 0.41280
Train Loss Components:
  |- loss_rot: 0.02181
  |- loss_pos: 0.20018
  |- fk_loss: 0.52475
  |- smoothness_loss: 0.36129
Val Loss Components:
  |- loss_rot: 0.03767
  |- loss_pos: 0.71268
  |- fk_loss: 1.31952
  |- smoothness_loss: 0.24389
LR: 5.000e-05
Hole frames in this epoch: [4, 16]

Epoch 110 | Train Loss: 0.21025 | Val Loss: 0.41924
Train Loss Components:
  |- loss_rot: 0.03006
  |- loss_pos: 0.28200
  |- fk_loss: 0.74737
  |- smoothness_loss: 0.50977
Val Loss Components:
  |- loss_rot: 0.03761
  |- loss_pos: 0.72965
  |- fk_loss: 1.33831
  |- smoothness_loss: 0.25424
LR: 5.000e-05
Hole frames in this epoch: [4, 16]

Epoch 111 | Train Loss: 0.20510 | Val Loss: 0.42570
Train Loss Components:
  |- loss_rot: 0.02602
  |- loss_pos: 0.21369
  |- fk_loss: 0.61248
  |- smoothness_loss: 0.37723
Val Loss Components:
  |- loss_rot: 0.03760
  |- loss_pos: 0.73530
  |- fk_loss: 1.33391
  |- smoothness_loss: 0.26418
LR: 5.000e-05
Hole frames in this epoch: [4, 16]

Epoch 112 | Train Loss: 0.20505 | Val Loss: 0.41789
Train Loss Components:
  |- loss_rot: 0.02718
  |- loss_pos: 0.21562
  |- fk_loss: 0.63656
  |- smoothness_loss: 0.44284
Val Loss Components:
  |- loss_rot: 0.03773
  |- loss_pos: 0.73728
  |- fk_loss: 1.33949
  |- smoothness_loss: 0.24721
LR: 5.000e-05
Hole frames in this epoch: [4, 16]

Epoch 113 | Train Loss: 0.21604 | Val Loss: 0.41520
Train Loss Components:
  |- loss_rot: 0.03598
  |- loss_pos: 0.38654
  |- fk_loss: 1.02527
  |- smoothness_loss: 0.68482
Val Loss Components:
  |- loss_rot: 0.03763
  |- loss_pos: 0.71750
  |- fk_loss: 1.33417
  |- smoothness_loss: 0.23914
LR: 5.000e-05
Hole frames in this epoch: [4, 16]

Epoch 114 | Train Loss: 0.20178 | Val Loss: 0.42135
Train Loss Components:
  |- loss_rot: 0.03336
  |- loss_pos: 0.39549
  |- fk_loss: 0.98407
  |- smoothness_loss: 0.61184
Val Loss Components:
  |- loss_rot: 0.03757
  |- loss_pos: 0.74152
  |- fk_loss: 1.33834
  |- smoothness_loss: 0.24557
LR: 5.000e-05
Hole frames in this epoch: [4, 16]

Epoch 115 | Train Loss: 0.20930 | Val Loss: 0.41484
Train Loss Components:
  |- loss_rot: 0.02274
  |- loss_pos: 0.21322
  |- fk_loss: 0.54735
  |- smoothness_loss: 0.36571
Val Loss Components:
  |- loss_rot: 0.03729
  |- loss_pos: 0.70836
  |- fk_loss: 1.30450
  |- smoothness_loss: 0.25435
LR: 5.000e-05
Hole frames in this epoch: [4, 16]

Epoch 116 | Train Loss: 0.19398 | Val Loss: 0.40179
Train Loss Components:
  |- loss_rot: 0.03461
  |- loss_pos: 0.30934
  |- fk_loss: 0.93918
  |- smoothness_loss: 0.56303
Val Loss Components:
  |- loss_rot: 0.03733
  |- loss_pos: 0.68894
  |- fk_loss: 1.29126
  |- smoothness_loss: 0.23045
LR: 2.500e-05
Hole frames in this epoch: [4, 16]

Epoch 117 | Train Loss: 0.19239 | Val Loss: 0.40041
Train Loss Components:
  |- loss_rot: 0.03762
  |- loss_pos: 0.36197
  |- fk_loss: 1.03780
  |- smoothness_loss: 0.76139
Val Loss Components:
  |- loss_rot: 0.03735
  |- loss_pos: 0.67816
  |- fk_loss: 1.28532
  |- smoothness_loss: 0.24024
LR: 2.500e-05
Hole frames in this epoch: [4, 16]

Epoch 118 | Train Loss: 0.19058 | Val Loss: 0.40213
Train Loss Components:
  |- loss_rot: 0.03050
  |- loss_pos: 0.23567
  |- fk_loss: 0.73267
  |- smoothness_loss: 0.48317
Val Loss Components:
  |- loss_rot: 0.03721
  |- loss_pos: 0.68730
  |- fk_loss: 1.29190
  |- smoothness_loss: 0.23700
LR: 2.500e-05
Hole frames in this epoch: [4, 16]

Epoch 119 | Train Loss: 0.19546 | Val Loss: 0.39996
Train Loss Components:
  |- loss_rot: 0.03786
  |- loss_pos: 0.39459
  |- fk_loss: 1.06081
  |- smoothness_loss: 0.64742
Val Loss Components:
  |- loss_rot: 0.03709
  |- loss_pos: 0.68572
  |- fk_loss: 1.28789
  |- smoothness_loss: 0.23511
LR: 2.500e-05
Hole frames in this epoch: [4, 16]

Epoch 120 | Train Loss: 0.18860 | Val Loss: 0.39941
Train Loss Components:
  |- loss_rot: 0.02861
  |- loss_pos: 0.22974
  |- fk_loss: 0.67704
  |- smoothness_loss: 0.40119
Val Loss Components:
  |- loss_rot: 0.03710
  |- loss_pos: 0.67969
  |- fk_loss: 1.28384
  |- smoothness_loss: 0.23156
LR: 2.500e-05
Hole frames in this epoch: [4, 16]

Epoch 121 | Train Loss: 0.19005 | Val Loss: 0.39814
Train Loss Components:
  |- loss_rot: 0.02740
  |- loss_pos: 0.21334
  |- fk_loss: 0.64652
  |- smoothness_loss: 0.38080
Val Loss Components:
  |- loss_rot: 0.03718
  |- loss_pos: 0.67777
  |- fk_loss: 1.28789
  |- smoothness_loss: 0.23349
LR: 2.500e-05
Hole frames in this epoch: [4, 16]

Epoch 122 | Train Loss: 0.19201 | Val Loss: 0.39898
Train Loss Components:
  |- loss_rot: 0.03195
  |- loss_pos: 0.24225
  |- fk_loss: 0.75768
  |- smoothness_loss: 0.48950
Val Loss Components:
  |- loss_rot: 0.03711
  |- loss_pos: 0.67213
  |- fk_loss: 1.28076
  |- smoothness_loss: 0.23117
LR: 2.500e-05
Hole frames in this epoch: [4, 16]

Epoch 123 | Train Loss: 0.19289 | Val Loss: 0.39705
Train Loss Components:
  |- loss_rot: 0.02396
  |- loss_pos: 0.22555
  |- fk_loss: 0.56702
  |- smoothness_loss: 0.45981
Val Loss Components:
  |- loss_rot: 0.03712
  |- loss_pos: 0.66001
  |- fk_loss: 1.27547
  |- smoothness_loss: 0.23945
LR: 2.500e-05
Hole frames in this epoch: [4, 16]

Epoch 124 | Train Loss: 0.17884 | Val Loss: 0.39778
Train Loss Components:
  |- loss_rot: 0.01820
  |- loss_pos: 0.14046
  |- fk_loss: 0.39340
  |- smoothness_loss: 0.24149
Val Loss Components:
  |- loss_rot: 0.03724
  |- loss_pos: 0.67512
  |- fk_loss: 1.27310
  |- smoothness_loss: 0.23820
LR: 2.500e-05
Hole frames in this epoch: [4, 16]

Epoch 125 | Train Loss: 0.18751 | Val Loss: 0.39738
Train Loss Components:
  |- loss_rot: 0.03293
  |- loss_pos: 0.26929
  |- fk_loss: 0.80141
  |- smoothness_loss: 0.51980
Val Loss Components:
  |- loss_rot: 0.03709
  |- loss_pos: 0.65046
  |- fk_loss: 1.26808
  |- smoothness_loss: 0.23533
LR: 2.500e-05
Hole frames in this epoch: [4, 16]

Epoch 126 | Train Loss: 0.18908 | Val Loss: 0.39728
Train Loss Components:
  |- loss_rot: 0.02890
  |- loss_pos: 0.21549
  |- fk_loss: 0.67234
  |- smoothness_loss: 0.44437
Val Loss Components:
  |- loss_rot: 0.03699
  |- loss_pos: 0.66175
  |- fk_loss: 1.27017
  |- smoothness_loss: 0.23416
LR: 2.500e-05
Hole frames in this epoch: [4, 16]

Epoch 127 | Train Loss: 0.18803 | Val Loss: 0.39607
Train Loss Components:
  |- loss_rot: 0.03356
  |- loss_pos: 0.29237
  |- fk_loss: 0.85530
  |- smoothness_loss: 0.53413
Val Loss Components:
  |- loss_rot: 0.03700
  |- loss_pos: 0.66002
  |- fk_loss: 1.26633
  |- smoothness_loss: 0.23670
LR: 2.500e-05
Hole frames in this epoch: [4, 16]

Epoch 128 | Train Loss: 0.19082 | Val Loss: 0.39468
Train Loss Components:
  |- loss_rot: 0.03903
  |- loss_pos: 0.35360
  |- fk_loss: 1.09738
  |- smoothness_loss: 0.68890
Val Loss Components:
  |- loss_rot: 0.03702
  |- loss_pos: 0.66606
  |- fk_loss: 1.27427
  |- smoothness_loss: 0.24055
LR: 2.500e-05
Hole frames in this epoch: [4, 16]

Epoch 129 | Train Loss: 0.18843 | Val Loss: 0.39497
Train Loss Components:
  |- loss_rot: 0.03096
  |- loss_pos: 0.24422
  |- fk_loss: 0.76225
  |- smoothness_loss: 0.45082
Val Loss Components:
  |- loss_rot: 0.03699
  |- loss_pos: 0.66999
  |- fk_loss: 1.26950
  |- smoothness_loss: 0.23379
LR: 2.500e-05
Hole frames in this epoch: [4, 16]

Epoch 130 | Train Loss: 0.18459 | Val Loss: 0.39617
Train Loss Components:
  |- loss_rot: 0.03062
  |- loss_pos: 0.25185
  |- fk_loss: 0.72458
  |- smoothness_loss: 0.44637
Val Loss Components:
  |- loss_rot: 0.03694
  |- loss_pos: 0.67145
  |- fk_loss: 1.27286
  |- smoothness_loss: 0.23537
LR: 2.500e-05
Hole frames in this epoch: [4, 16]

Epoch 131 | Train Loss: 0.18284 | Val Loss: 0.40703
Train Loss Components:
  |- loss_rot: 0.01928
  |- loss_pos: 0.14957
  |- fk_loss: 0.43239
  |- smoothness_loss: 0.32659
Val Loss Components:
  |- loss_rot: 0.03701
  |- loss_pos: 0.70367
  |- fk_loss: 1.28387
  |- smoothness_loss: 0.24844
LR: 2.500e-05
Hole frames in this epoch: [4, 16]

Epoch 132 | Train Loss: 0.18527 | Val Loss: 0.39451
Train Loss Components:
  |- loss_rot: 0.03531
  |- loss_pos: 0.34523
  |- fk_loss: 0.96837
  |- smoothness_loss: 0.56891
Val Loss Components:
  |- loss_rot: 0.03685
  |- loss_pos: 0.66895
  |- fk_loss: 1.26551
  |- smoothness_loss: 0.23368
LR: 2.500e-05
Hole frames in this epoch: [4, 16]

Epoch 133 | Train Loss: 0.18569 | Val Loss: 0.39739
Train Loss Components:
  |- loss_rot: 0.03279
  |- loss_pos: 0.26566
  |- fk_loss: 0.81933
  |- smoothness_loss: 0.50895
Val Loss Components:
  |- loss_rot: 0.03698
  |- loss_pos: 0.68222
  |- fk_loss: 1.27973
  |- smoothness_loss: 0.23709
LR: 2.500e-05
Hole frames in this epoch: [4, 16]

Epoch 134 | Train Loss: 0.18106 | Val Loss: 0.39307
Train Loss Components:
  |- loss_rot: 0.01868
  |- loss_pos: 0.15277
  |- fk_loss: 0.41720
  |- smoothness_loss: 0.28888
Val Loss Components:
  |- loss_rot: 0.03688
  |- loss_pos: 0.67529
  |- fk_loss: 1.27649
  |- smoothness_loss: 0.23801
LR: 2.500e-05
Hole frames in this epoch: [4, 16]

Epoch 135 | Train Loss: 0.18244 | Val Loss: 0.39219
Train Loss Components:
  |- loss_rot: 0.02872
  |- loss_pos: 0.22677
  |- fk_loss: 0.68759
  |- smoothness_loss: 0.43286
Val Loss Components:
  |- loss_rot: 0.03679
  |- loss_pos: 0.65594
  |- fk_loss: 1.25262
  |- smoothness_loss: 0.23785
LR: 2.500e-05
Hole frames in this epoch: [4, 16]

Epoch 136 | Train Loss: 0.18862 | Val Loss: 0.39203
Train Loss Components:
  |- loss_rot: 0.03670
  |- loss_pos: 0.38496
  |- fk_loss: 1.03335
  |- smoothness_loss: 0.61697
Val Loss Components:
  |- loss_rot: 0.03667
  |- loss_pos: 0.65857
  |- fk_loss: 1.24891
  |- smoothness_loss: 0.23187
LR: 2.500e-05
Hole frames in this epoch: [4, 16]

Epoch 137 | Train Loss: 0.18581 | Val Loss: 0.39250
Train Loss Components:
  |- loss_rot: 0.01251
  |- loss_pos: 0.12245
  |- fk_loss: 0.28558
  |- smoothness_loss: 0.19988
Val Loss Components:
  |- loss_rot: 0.03682
  |- loss_pos: 0.67791
  |- fk_loss: 1.26993
  |- smoothness_loss: 0.24059
LR: 2.500e-05
Hole frames in this epoch: [4, 16]

Epoch 138 | Train Loss: 0.18639 | Val Loss: 0.39421
Train Loss Components:
  |- loss_rot: 0.02767
  |- loss_pos: 0.20983
  |- fk_loss: 0.63537
  |- smoothness_loss: 0.39266
Val Loss Components:
  |- loss_rot: 0.03676
  |- loss_pos: 0.66412
  |- fk_loss: 1.26229
  |- smoothness_loss: 0.25060
LR: 2.500e-05
Hole frames in this epoch: [4, 16]

Epoch 139 | Train Loss: 0.18512 | Val Loss: 0.39623
Train Loss Components:
  |- loss_rot: 0.01588
  |- loss_pos: 0.12590
  |- fk_loss: 0.34376
  |- smoothness_loss: 0.24811
Val Loss Components:
  |- loss_rot: 0.03665
  |- loss_pos: 0.66886
  |- fk_loss: 1.26733
  |- smoothness_loss: 0.24677
LR: 2.500e-05
Hole frames in this epoch: [4, 16]

Epoch 140 | Train Loss: 0.18332 | Val Loss: 0.39364
Train Loss Components:
  |- loss_rot: 0.01276
  |- loss_pos: 0.11308
  |- fk_loss: 0.27362
  |- smoothness_loss: 0.18028
Val Loss Components:
  |- loss_rot: 0.03682
  |- loss_pos: 0.68188
  |- fk_loss: 1.27256
  |- smoothness_loss: 0.23551
LR: 2.500e-05
Hole frames in this epoch: [4, 16]

Epoch 141 | Train Loss: 0.18321 | Val Loss: 0.39052
Train Loss Components:
  |- loss_rot: 0.03302
  |- loss_pos: 0.24130
  |- fk_loss: 0.77657
  |- smoothness_loss: 0.55165
Val Loss Components:
  |- loss_rot: 0.03674
  |- loss_pos: 0.67044
  |- fk_loss: 1.26129
  |- smoothness_loss: 0.23354
LR: 2.500e-05
Hole frames in this epoch: [4, 16]

Epoch 142 | Train Loss: 0.18174 | Val Loss: 0.39460
Train Loss Components:
  |- loss_rot: 0.02076
  |- loss_pos: 0.15723
  |- fk_loss: 0.45153
  |- smoothness_loss: 0.29500
Val Loss Components:
  |- loss_rot: 0.03673
  |- loss_pos: 0.67957
  |- fk_loss: 1.26942
  |- smoothness_loss: 0.24287
LR: 2.500e-05
Hole frames in this epoch: [4, 16]

Epoch 143 | Train Loss: 0.18321 | Val Loss: 0.39184
Train Loss Components:
  |- loss_rot: 0.02610
  |- loss_pos: 0.18453
  |- fk_loss: 0.56902
  |- smoothness_loss: 0.38990
Val Loss Components:
  |- loss_rot: 0.03674
  |- loss_pos: 0.66840
  |- fk_loss: 1.26346
  |- smoothness_loss: 0.23261
LR: 2.500e-05
Hole frames in this epoch: [4, 16]

Epoch 144 | Train Loss: 0.18648 | Val Loss: 0.39459
Train Loss Components:
  |- loss_rot: 0.03090
  |- loss_pos: 0.24420
  |- fk_loss: 0.72063
  |- smoothness_loss: 0.47061
Val Loss Components:
  |- loss_rot: 0.03665
  |- loss_pos: 0.65783
  |- fk_loss: 1.24469
  |- smoothness_loss: 0.23512
LR: 2.500e-05
Hole frames in this epoch: [4, 16]

Epoch 145 | Train Loss: 0.18071 | Val Loss: 0.39326
Train Loss Components:
  |- loss_rot: 0.03005
  |- loss_pos: 0.23627
  |- fk_loss: 0.74404
  |- smoothness_loss: 0.42940
Val Loss Components:
  |- loss_rot: 0.03659
  |- loss_pos: 0.65553
  |- fk_loss: 1.26106
  |- smoothness_loss: 0.24095
LR: 2.500e-05
Hole frames in this epoch: [4, 16]

Epoch 146 | Train Loss: 0.18475 | Val Loss: 0.39198
Train Loss Components:
  |- loss_rot: 0.04222
  |- loss_pos: 0.38845
  |- fk_loss: 1.27020
  |- smoothness_loss: 0.76209
Val Loss Components:
  |- loss_rot: 0.03650
  |- loss_pos: 0.66625
  |- fk_loss: 1.25720
  |- smoothness_loss: 0.23477
LR: 2.500e-05
Hole frames in this epoch: [4, 16]

Epoch 147 | Train Loss: 0.17364 | Val Loss: 0.39326
Train Loss Components:
  |- loss_rot: 0.01915
  |- loss_pos: 0.14588
  |- fk_loss: 0.41236
  |- smoothness_loss: 0.26298
Val Loss Components:
  |- loss_rot: 0.03645
  |- loss_pos: 0.65950
  |- fk_loss: 1.25334
  |- smoothness_loss: 0.23439
LR: 2.500e-05
Hole frames in this epoch: [4, 16]

Epoch 148 | Train Loss: 0.17305 | Val Loss: 0.38653
Train Loss Components:
  |- loss_rot: 0.03051
  |- loss_pos: 0.21577
  |- fk_loss: 0.71751
  |- smoothness_loss: 0.49343
Val Loss Components:
  |- loss_rot: 0.03649
  |- loss_pos: 0.64899
  |- fk_loss: 1.24332
  |- smoothness_loss: 0.22948
LR: 1.250e-05
Hole frames in this epoch: [4, 16]

Epoch 149 | Train Loss: 0.17590 | Val Loss: 0.38635
Train Loss Components:
  |- loss_rot: 0.03839
  |- loss_pos: 0.34649
  |- fk_loss: 1.01951
  |- smoothness_loss: 0.66309
Val Loss Components:
  |- loss_rot: 0.03649
  |- loss_pos: 0.64483
  |- fk_loss: 1.24556
  |- smoothness_loss: 0.22843
LR: 1.250e-05
Hole frames in this epoch: [4, 16]

Epoch 150 | Train Loss: 0.17369 | Val Loss: 0.38381
Train Loss Components:
  |- loss_rot: 0.02568
  |- loss_pos: 0.18639
  |- fk_loss: 0.58128
  |- smoothness_loss: 0.42033
Val Loss Components:
  |- loss_rot: 0.03637
  |- loss_pos: 0.64167
  |- fk_loss: 1.23763
  |- smoothness_loss: 0.23164
LR: 1.250e-05
Hole frames in this epoch: [4, 16]

Epoch 151 | Train Loss: 0.17207 | Val Loss: 0.38658
Train Loss Components:
  |- loss_rot: 0.02275
  |- loss_pos: 0.15545
  |- fk_loss: 0.49168
  |- smoothness_loss: 0.35623
Val Loss Components:
  |- loss_rot: 0.03646
  |- loss_pos: 0.65196
  |- fk_loss: 1.24369
  |- smoothness_loss: 0.22660
LR: 1.250e-05
Hole frames in this epoch: [4, 16]

Epoch 152 | Train Loss: 0.17513 | Val Loss: 0.38506
Train Loss Components:
  |- loss_rot: 0.03762
  |- loss_pos: 0.35978
  |- fk_loss: 1.00497
  |- smoothness_loss: 0.64564
Val Loss Components:
  |- loss_rot: 0.03644
  |- loss_pos: 0.65380
  |- fk_loss: 1.24216
  |- smoothness_loss: 0.22615
LR: 1.250e-05
Hole frames in this epoch: [4, 16]

Epoch 153 | Train Loss: 0.17386 | Val Loss: 0.38488
Train Loss Components:
  |- loss_rot: 0.01379
  |- loss_pos: 0.11972
  |- fk_loss: 0.31644
  |- smoothness_loss: 0.22489
Val Loss Components:
  |- loss_rot: 0.03632
  |- loss_pos: 0.63952
  |- fk_loss: 1.23354
  |- smoothness_loss: 0.23624
LR: 1.250e-05
Hole frames in this epoch: [4, 16]

Epoch 154 | Train Loss: 0.16634 | Val Loss: 0.38485
Train Loss Components:
  |- loss_rot: 0.03557
  |- loss_pos: 0.27049
  |- fk_loss: 0.88183
  |- smoothness_loss: 0.61435
Val Loss Components:
  |- loss_rot: 0.03633
  |- loss_pos: 0.65473
  |- fk_loss: 1.23511
  |- smoothness_loss: 0.22656
LR: 1.250e-05
Hole frames in this epoch: [4, 16]

Epoch 155 | Train Loss: 0.16864 | Val Loss: 0.38505
Train Loss Components:
  |- loss_rot: 0.01267
  |- loss_pos: 0.11350
  |- fk_loss: 0.27529
  |- smoothness_loss: 0.18780
Val Loss Components:
  |- loss_rot: 0.03634
  |- loss_pos: 0.65284
  |- fk_loss: 1.24553
  |- smoothness_loss: 0.22988
LR: 1.250e-05
Hole frames in this epoch: [4, 16]

Epoch 156 | Train Loss: 0.17547 | Val Loss: 0.38292
Train Loss Components:
  |- loss_rot: 0.03870
  |- loss_pos: 0.38932
  |- fk_loss: 1.09350
  |- smoothness_loss: 0.70617
Val Loss Components:
  |- loss_rot: 0.03627
  |- loss_pos: 0.63665
  |- fk_loss: 1.24023
  |- smoothness_loss: 0.22905
LR: 1.250e-05
Hole frames in this epoch: [4, 16]

Epoch 157 | Train Loss: 0.16914 | Val Loss: 0.38196
Train Loss Components:
  |- loss_rot: 0.02690
  |- loss_pos: 0.19873
  |- fk_loss: 0.63171
  |- smoothness_loss: 0.40825
Val Loss Components:
  |- loss_rot: 0.03629
  |- loss_pos: 0.64638
  |- fk_loss: 1.24141
  |- smoothness_loss: 0.22798
LR: 1.250e-05
Hole frames in this epoch: [4, 16]

Epoch 158 | Train Loss: 0.17965 | Val Loss: 0.38430
Train Loss Components:
  |- loss_rot: 0.03021
  |- loss_pos: 0.20291
  |- fk_loss: 0.67189
  |- smoothness_loss: 0.44027
Val Loss Components:
  |- loss_rot: 0.03632
  |- loss_pos: 0.65542
  |- fk_loss: 1.24096
  |- smoothness_loss: 0.23017
LR: 1.250e-05
Hole frames in this epoch: [4, 16]

Epoch 159 | Train Loss: 0.16734 | Val Loss: 0.38182
Train Loss Components:
  |- loss_rot: 0.01441
  |- loss_pos: 0.13012
  |- fk_loss: 0.33076
  |- smoothness_loss: 0.25463
Val Loss Components:
  |- loss_rot: 0.03636
  |- loss_pos: 0.64599
  |- fk_loss: 1.23374
  |- smoothness_loss: 0.23377
LR: 1.250e-05
Hole frames in this epoch: [4, 16]

Epoch 160 | Train Loss: 0.17578 | Val Loss: 0.38441
Train Loss Components:
  |- loss_rot: 0.02602
  |- loss_pos: 0.19002
  |- fk_loss: 0.57665
  |- smoothness_loss: 0.43671
Val Loss Components:
  |- loss_rot: 0.03629
  |- loss_pos: 0.64209
  |- fk_loss: 1.23814
  |- smoothness_loss: 0.22561
LR: 1.250e-05
Hole frames in this epoch: [4, 16]

Epoch 161 | Train Loss: 0.17069 | Val Loss: 0.38181
Train Loss Components:
  |- loss_rot: 0.03155
  |- loss_pos: 0.21889
  |- fk_loss: 0.73251
  |- smoothness_loss: 0.45415
Val Loss Components:
  |- loss_rot: 0.03626
  |- loss_pos: 0.64733
  |- fk_loss: 1.23277
  |- smoothness_loss: 0.23161
LR: 1.250e-05
Hole frames in this epoch: [4, 16]

Epoch 162 | Train Loss: 0.17375 | Val Loss: 0.38234
Train Loss Components:
  |- loss_rot: 0.03426
  |- loss_pos: 0.25217
  |- fk_loss: 0.82730
  |- smoothness_loss: 0.52142
Val Loss Components:
  |- loss_rot: 0.03627
  |- loss_pos: 0.64226
  |- fk_loss: 1.23473
  |- smoothness_loss: 0.23189
LR: 1.250e-05
Hole frames in this epoch: [4, 16]

Epoch 163 | Train Loss: 0.17638 | Val Loss: 0.38182
Train Loss Components:
  |- loss_rot: 0.01574
  |- loss_pos: 0.13165
  |- fk_loss: 0.34760
  |- smoothness_loss: 0.24963
Val Loss Components:
  |- loss_rot: 0.03623
  |- loss_pos: 0.64515
  |- fk_loss: 1.22884
  |- smoothness_loss: 0.23634
LR: 1.250e-05
Hole frames in this epoch: [4, 16]

Epoch 164 | Train Loss: 0.16779 | Val Loss: 0.38400
Train Loss Components:
  |- loss_rot: 0.01789
  |- loss_pos: 0.13807
  |- fk_loss: 0.40649
  |- smoothness_loss: 0.24774
Val Loss Components:
  |- loss_rot: 0.03620
  |- loss_pos: 0.64126
  |- fk_loss: 1.23348
  |- smoothness_loss: 0.22734
LR: 1.250e-05
Hole frames in this epoch: [4, 16]

Epoch 165 | Train Loss: 0.16982 | Val Loss: 0.38140
Train Loss Components:
  |- loss_rot: 0.02531
  |- loss_pos: 0.17604
  |- fk_loss: 0.54555
  |- smoothness_loss: 0.35642
Val Loss Components:
  |- loss_rot: 0.03621
  |- loss_pos: 0.64044
  |- fk_loss: 1.23343
  |- smoothness_loss: 0.23073
LR: 1.250e-05
Hole frames in this epoch: [4, 16]

Epoch 166 | Train Loss: 0.16427 | Val Loss: 0.38197
Train Loss Components:
  |- loss_rot: 0.04198
  |- loss_pos: 0.36292
  |- fk_loss: 1.16966
  |- smoothness_loss: 0.70519
Val Loss Components:
  |- loss_rot: 0.03620
  |- loss_pos: 0.65267
  |- fk_loss: 1.23745
  |- smoothness_loss: 0.22823
LR: 1.250e-05
Hole frames in this epoch: [4, 16]

Epoch 167 | Train Loss: 0.16326 | Val Loss: 0.38053
Train Loss Components:
  |- loss_rot: 0.02780
  |- loss_pos: 0.17502
  |- fk_loss: 0.58809
  |- smoothness_loss: 0.40590
Val Loss Components:
  |- loss_rot: 0.03628
  |- loss_pos: 0.64657
  |- fk_loss: 1.23366
  |- smoothness_loss: 0.23216
LR: 1.250e-05
Hole frames in this epoch: [4, 16]

Epoch 168 | Train Loss: 0.16919 | Val Loss: 0.38125
Train Loss Components:
  |- loss_rot: 0.03019
  |- loss_pos: 0.22033
  |- fk_loss: 0.71671
  |- smoothness_loss: 0.48033
Val Loss Components:
  |- loss_rot: 0.03618
  |- loss_pos: 0.64858
  |- fk_loss: 1.23438
  |- smoothness_loss: 0.23405
LR: 1.250e-05
Hole frames in this epoch: [4, 16]

Epoch 169 | Train Loss: 0.17135 | Val Loss: 0.38344
Train Loss Components:
  |- loss_rot: 0.04214
  |- loss_pos: 0.40623
  |- fk_loss: 1.15011
  |- smoothness_loss: 0.75298
Val Loss Components:
  |- loss_rot: 0.03614
  |- loss_pos: 0.64479
  |- fk_loss: 1.23599
  |- smoothness_loss: 0.23178
LR: 1.250e-05
Hole frames in this epoch: [4, 16]

Epoch 170 | Train Loss: 0.17084 | Val Loss: 0.38188
Train Loss Components:
  |- loss_rot: 0.02375
  |- loss_pos: 0.17166
  |- fk_loss: 0.56107
  |- smoothness_loss: 0.37808
Val Loss Components:
  |- loss_rot: 0.03612
  |- loss_pos: 0.63682
  |- fk_loss: 1.22035
  |- smoothness_loss: 0.22676
LR: 1.250e-05
Hole frames in this epoch: [4, 16]

Epoch 171 | Train Loss: 0.16850 | Val Loss: 0.38545
Train Loss Components:
  |- loss_rot: 0.02712
  |- loss_pos: 0.18600
  |- fk_loss: 0.61670
  |- smoothness_loss: 0.40636
Val Loss Components:
  |- loss_rot: 0.03611
  |- loss_pos: 0.65213
  |- fk_loss: 1.23214
  |- smoothness_loss: 0.22665
LR: 1.250e-05
Hole frames in this epoch: [4, 16]

Epoch 172 | Train Loss: 0.16169 | Val Loss: 0.38051
Train Loss Components:
  |- loss_rot: 0.02868
  |- loss_pos: 0.18990
  |- fk_loss: 0.66170
  |- smoothness_loss: 0.46938
Val Loss Components:
  |- loss_rot: 0.03606
  |- loss_pos: 0.65114
  |- fk_loss: 1.24061
  |- smoothness_loss: 0.22881
LR: 1.250e-05
Hole frames in this epoch: [4, 16]

Epoch 173 | Train Loss: 0.16854 | Val Loss: 0.38093
Train Loss Components:
  |- loss_rot: 0.01932
  |- loss_pos: 0.14031
  |- fk_loss: 0.40487
  |- smoothness_loss: 0.27238
Val Loss Components:
  |- loss_rot: 0.03605
  |- loss_pos: 0.64220
  |- fk_loss: 1.23025
  |- smoothness_loss: 0.22977
LR: 1.250e-05
Hole frames in this epoch: [4, 16]

Epoch 174 | Train Loss: 0.16516 | Val Loss: 0.38047
Train Loss Components:
  |- loss_rot: 0.02825
  |- loss_pos: 0.18535
  |- fk_loss: 0.62944
  |- smoothness_loss: 0.37583
Val Loss Components:
  |- loss_rot: 0.03600
  |- loss_pos: 0.64775
  |- fk_loss: 1.23156
  |- smoothness_loss: 0.22909
LR: 6.250e-06
Hole frames in this epoch: [4, 16]

Epoch 175 | Train Loss: 0.16926 | Val Loss: 0.37958
Train Loss Components:
  |- loss_rot: 0.02443
  |- loss_pos: 0.16618
  |- fk_loss: 0.55162
  |- smoothness_loss: 0.35994
Val Loss Components:
  |- loss_rot: 0.03604
  |- loss_pos: 0.63990
  |- fk_loss: 1.22692
  |- smoothness_loss: 0.22844
LR: 6.250e-06
Hole frames in this epoch: [4, 16]

Epoch 176 | Train Loss: 0.16042 | Val Loss: 0.37876
Train Loss Components:
  |- loss_rot: 0.03840
  |- loss_pos: 0.35824
  |- fk_loss: 1.11146
  |- smoothness_loss: 0.78138
Val Loss Components:
  |- loss_rot: 0.03604
  |- loss_pos: 0.64414
  |- fk_loss: 1.22800
  |- smoothness_loss: 0.23062
LR: 6.250e-06
Hole frames in this epoch: [4, 16]

Epoch 177 | Train Loss: 0.16699 | Val Loss: 0.37922
Train Loss Components:
  |- loss_rot: 0.03833
  |- loss_pos: 0.27456
  |- fk_loss: 0.96802
  |- smoothness_loss: 0.53071
Val Loss Components:
  |- loss_rot: 0.03605
  |- loss_pos: 0.65141
  |- fk_loss: 1.23386
  |- smoothness_loss: 0.22887
LR: 6.250e-06
Hole frames in this epoch: [4, 16]

Epoch 178 | Train Loss: 0.16811 | Val Loss: 0.37930
Train Loss Components:
  |- loss_rot: 0.02052
  |- loss_pos: 0.14296
  |- fk_loss: 0.43635
  |- smoothness_loss: 0.30899
Val Loss Components:
  |- loss_rot: 0.03603
  |- loss_pos: 0.64641
  |- fk_loss: 1.22818
  |- smoothness_loss: 0.23345
LR: 6.250e-06
Hole frames in this epoch: [4, 16]

Epoch 179 | Train Loss: 0.16482 | Val Loss: 0.37792
Train Loss Components:
  |- loss_rot: 0.03322
  |- loss_pos: 0.23437
  |- fk_loss: 0.80915
  |- smoothness_loss: 0.50183
Val Loss Components:
  |- loss_rot: 0.03605
  |- loss_pos: 0.64011
  |- fk_loss: 1.22885
  |- smoothness_loss: 0.22835
LR: 6.250e-06
Hole frames in this epoch: [4, 16]

Epoch 180 | Train Loss: 0.16539 | Val Loss: 0.37751
Train Loss Components:
  |- loss_rot: 0.01684
  |- loss_pos: 0.12543
  |- fk_loss: 0.34403
  |- smoothness_loss: 0.22484
Val Loss Components:
  |- loss_rot: 0.03603
  |- loss_pos: 0.63325
  |- fk_loss: 1.22159
  |- smoothness_loss: 0.22919
LR: 6.250e-06
Hole frames in this epoch: [4, 16]

Epoch 181 | Train Loss: 0.16365 | Val Loss: 0.37827
Train Loss Components:
  |- loss_rot: 0.02580
  |- loss_pos: 0.17496
  |- fk_loss: 0.58378
  |- smoothness_loss: 0.40583
Val Loss Components:
  |- loss_rot: 0.03600
  |- loss_pos: 0.64305
  |- fk_loss: 1.22804
  |- smoothness_loss: 0.22996
LR: 6.250e-06
Hole frames in this epoch: [4, 16]

Epoch 182 | Train Loss: 0.16867 | Val Loss: 0.37892
Train Loss Components:
  |- loss_rot: 0.01632
  |- loss_pos: 0.12980
  |- fk_loss: 0.35189
  |- smoothness_loss: 0.24502
Val Loss Components:
  |- loss_rot: 0.03595
  |- loss_pos: 0.63950
  |- fk_loss: 1.22479
  |- smoothness_loss: 0.22651
LR: 6.250e-06
Hole frames in this epoch: [4, 16]

Epoch 183 | Train Loss: 0.16774 | Val Loss: 0.37869
Train Loss Components:
  |- loss_rot: 0.03918
  |- loss_pos: 0.29857
  |- fk_loss: 0.99425
  |- smoothness_loss: 0.63783
Val Loss Components:
  |- loss_rot: 0.03599
  |- loss_pos: 0.64301
  |- fk_loss: 1.23053
  |- smoothness_loss: 0.22840
LR: 6.250e-06
Hole frames in this epoch: [4, 16]

Epoch 184 | Train Loss: 0.16559 | Val Loss: 0.37806
Train Loss Components:
  |- loss_rot: 0.02294
  |- loss_pos: 0.15345
  |- fk_loss: 0.49343
  |- smoothness_loss: 0.31099
Val Loss Components:
  |- loss_rot: 0.03597
  |- loss_pos: 0.63715
  |- fk_loss: 1.22486
  |- smoothness_loss: 0.22843
LR: 6.250e-06
Hole frames in this epoch: [4, 16]

Epoch 185 | Train Loss: 0.16484 | Val Loss: 0.37826
Train Loss Components:
  |- loss_rot: 0.02523
  |- loss_pos: 0.17226
  |- fk_loss: 0.55701
  |- smoothness_loss: 0.41762
Val Loss Components:
  |- loss_rot: 0.03598
  |- loss_pos: 0.64392
  |- fk_loss: 1.22651
  |- smoothness_loss: 0.22525
LR: 6.250e-06
Hole frames in this epoch: [4, 16]

Epoch 186 | Train Loss: 0.16366 | Val Loss: 0.37946
Train Loss Components:
  |- loss_rot: 0.03460
  |- loss_pos: 0.25358
  |- fk_loss: 0.85504
  |- smoothness_loss: 0.50688
Val Loss Components:
  |- loss_rot: 0.03601
  |- loss_pos: 0.64457
  |- fk_loss: 1.22468
  |- smoothness_loss: 0.23100
LR: 6.250e-06
Hole frames in this epoch: [4, 16]

Epoch 187 | Train Loss: 0.16287 | Val Loss: 0.37656
Train Loss Components:
  |- loss_rot: 0.01953
  |- loss_pos: 0.13283
  |- fk_loss: 0.41278
  |- smoothness_loss: 0.31098
Val Loss Components:
  |- loss_rot: 0.03601
  |- loss_pos: 0.64113
  |- fk_loss: 1.22589
  |- smoothness_loss: 0.22757
LR: 3.125e-06
Hole frames in this epoch: [4, 16]

Epoch 188 | Train Loss: 0.16543 | Val Loss: 0.37635
Train Loss Components:
  |- loss_rot: 0.02549
  |- loss_pos: 0.18027
  |- fk_loss: 0.58929
  |- smoothness_loss: 0.39739
Val Loss Components:
  |- loss_rot: 0.03598
  |- loss_pos: 0.63882
  |- fk_loss: 1.22439
  |- smoothness_loss: 0.22747
LR: 3.125e-06
Hole frames in this epoch: [4, 16]

Epoch 189 | Train Loss: 0.16368 | Val Loss: 0.37603
Train Loss Components:
  |- loss_rot: 0.01617
  |- loss_pos: 0.13092
  |- fk_loss: 0.33902
  |- smoothness_loss: 0.21601
Val Loss Components:
  |- loss_rot: 0.03597
  |- loss_pos: 0.64036
  |- fk_loss: 1.22592
  |- smoothness_loss: 0.22626
LR: 3.125e-06
Hole frames in this epoch: [4, 16]

Epoch 190 | Train Loss: 0.16163 | Val Loss: 0.37684
Train Loss Components:
  |- loss_rot: 0.02313
  |- loss_pos: 0.15337
  |- fk_loss: 0.50103
  |- smoothness_loss: 0.37547
Val Loss Components:
  |- loss_rot: 0.03600
  |- loss_pos: 0.63794
  |- fk_loss: 1.22055
  |- smoothness_loss: 0.22771
LR: 3.125e-06
Hole frames in this epoch: [4, 16]

Epoch 191 | Train Loss: 0.15965 | Val Loss: 0.37739
Train Loss Components:
  |- loss_rot: 0.02717
  |- loss_pos: 0.16280
  |- fk_loss: 0.55250
  |- smoothness_loss: 0.38834
Val Loss Components:
  |- loss_rot: 0.03596
  |- loss_pos: 0.63701
  |- fk_loss: 1.21944
  |- smoothness_loss: 0.22791
LR: 3.125e-06
Hole frames in this epoch: [4, 16]

Epoch 192 | Train Loss: 0.16234 | Val Loss: 0.37667
Train Loss Components:
  |- loss_rot: 0.02085
  |- loss_pos: 0.13945
  |- fk_loss: 0.43757
  |- smoothness_loss: 0.27366
Val Loss Components:
  |- loss_rot: 0.03596
  |- loss_pos: 0.64063
  |- fk_loss: 1.22289
  |- smoothness_loss: 0.22546
LR: 3.125e-06
Hole frames in this epoch: [4, 16]

Epoch 193 | Train Loss: 0.15884 | Val Loss: 0.37682
Train Loss Components:
  |- loss_rot: 0.01646
  |- loss_pos: 0.11437
  |- fk_loss: 0.33429
  |- smoothness_loss: 0.22688
Val Loss Components:
  |- loss_rot: 0.03594
  |- loss_pos: 0.63925
  |- fk_loss: 1.21955
  |- smoothness_loss: 0.22766
LR: 3.125e-06
Hole frames in this epoch: [4, 16]

Epoch 194 | Train Loss: 0.16795 | Val Loss: 0.37655
Train Loss Components:
  |- loss_rot: 0.03008
  |- loss_pos: 0.20765
  |- fk_loss: 0.68414
  |- smoothness_loss: 0.46192
Val Loss Components:
  |- loss_rot: 0.03596
  |- loss_pos: 0.63693
  |- fk_loss: 1.22184
  |- smoothness_loss: 0.22764
LR: 3.125e-06
Hole frames in this epoch: [4, 16]

Epoch 195 | Train Loss: 0.16305 | Val Loss: 0.37582
Train Loss Components:
  |- loss_rot: 0.02515
  |- loss_pos: 0.16512
  |- fk_loss: 0.55082
  |- smoothness_loss: 0.38149
Val Loss Components:
  |- loss_rot: 0.03596
  |- loss_pos: 0.63503
  |- fk_loss: 1.22000
  |- smoothness_loss: 0.23005
LR: 3.125e-06
Hole frames in this epoch: [4, 16]

Epoch 196 | Train Loss: 0.16564 | Val Loss: 0.37682
Train Loss Components:
  |- loss_rot: 0.03027
  |- loss_pos: 0.20819
  |- fk_loss: 0.70314
  |- smoothness_loss: 0.45502
Val Loss Components:
  |- loss_rot: 0.03593
  |- loss_pos: 0.63544
  |- fk_loss: 1.21870
  |- smoothness_loss: 0.23079
LR: 3.125e-06
Hole frames in this epoch: [4, 16]

Epoch 197 | Train Loss: 0.16383 | Val Loss: 0.37718
Train Loss Components:
  |- loss_rot: 0.02918
  |- loss_pos: 0.19146
  |- fk_loss: 0.61970
  |- smoothness_loss: 0.43905
Val Loss Components:
  |- loss_rot: 0.03595
  |- loss_pos: 0.63930
  |- fk_loss: 1.22229
  |- smoothness_loss: 0.22693
LR: 3.125e-06
Hole frames in this epoch: [4, 16]

Epoch 198 | Train Loss: 0.15953 | Val Loss: 0.37637
Train Loss Components:
  |- loss_rot: 0.03517
  |- loss_pos: 0.30194
  |- fk_loss: 0.91531
  |- smoothness_loss: 0.54686
Val Loss Components:
  |- loss_rot: 0.03594
  |- loss_pos: 0.64031
  |- fk_loss: 1.22160
  |- smoothness_loss: 0.22643
LR: 3.125e-06
Hole frames in this epoch: [4, 16]

Epoch 199 | Train Loss: 0.16440 | Val Loss: 0.37690
Train Loss Components:
  |- loss_rot: 0.02826
  |- loss_pos: 0.19074
  |- fk_loss: 0.66389
  |- smoothness_loss: 0.37914
Val Loss Components:
  |- loss_rot: 0.03591
  |- loss_pos: 0.63990
  |- fk_loss: 1.22116
  |- smoothness_loss: 0.23021
LR: 3.125e-06
Hole frames in this epoch: [4, 16]

Epoch 200 | Train Loss: 0.15877 | Val Loss: 0.37580
Train Loss Components:
  |- loss_rot: 0.03574
  |- loss_pos: 0.24812
  |- fk_loss: 0.87142
  |- smoothness_loss: 0.57766
Val Loss Components:
  |- loss_rot: 0.03591
  |- loss_pos: 0.63289
  |- fk_loss: 1.21844
  |- smoothness_loss: 0.22865
LR: 3.125e-06
Hole frames in this epoch: [4, 16]

Epoch 201 | Train Loss: 0.15723 | Val Loss: 0.37659
Train Loss Components:
  |- loss_rot: 0.01183
  |- loss_pos: 0.09941
  |- fk_loss: 0.26260
  |- smoothness_loss: 0.17013
Val Loss Components:
  |- loss_rot: 0.03589
  |- loss_pos: 0.63705
  |- fk_loss: 1.21892
  |- smoothness_loss: 0.23155
LR: 3.125e-06
Hole frames in this epoch: [4, 16]

Epoch 202 | Train Loss: 0.15819 | Val Loss: 0.37598
Train Loss Components:
  |- loss_rot: 0.02973
  |- loss_pos: 0.18485
  |- fk_loss: 0.68725
  |- smoothness_loss: 0.41807
Val Loss Components:
  |- loss_rot: 0.03588
  |- loss_pos: 0.63924
  |- fk_loss: 1.21924
  |- smoothness_loss: 0.22914
LR: 1.563e-06
Hole frames in this epoch: [4, 16]

Epoch 203 | Train Loss: 0.16304 | Val Loss: 0.37629
Train Loss Components:
  |- loss_rot: 0.02537
  |- loss_pos: 0.16587
  |- fk_loss: 0.53397
  |- smoothness_loss: 0.35908
Val Loss Components:
  |- loss_rot: 0.03587
  |- loss_pos: 0.63917
  |- fk_loss: 1.22049
  |- smoothness_loss: 0.22840
LR: 1.563e-06
Hole frames in this epoch: [4, 16]

Epoch 204 | Train Loss: 0.16429 | Val Loss: 0.37698
Train Loss Components:
  |- loss_rot: 0.02647
  |- loss_pos: 0.16694
  |- fk_loss: 0.54391
  |- smoothness_loss: 0.36430
Val Loss Components:
  |- loss_rot: 0.03589
  |- loss_pos: 0.63781
  |- fk_loss: 1.21807
  |- smoothness_loss: 0.23215
LR: 1.563e-06
Hole frames in this epoch: [4, 16]

Epoch 205 | Train Loss: 0.16254 | Val Loss: 0.37517
Train Loss Components:
  |- loss_rot: 0.01949
  |- loss_pos: 0.13403
  |- fk_loss: 0.42861
  |- smoothness_loss: 0.24898
Val Loss Components:
  |- loss_rot: 0.03589
  |- loss_pos: 0.63602
  |- fk_loss: 1.21807
  |- smoothness_loss: 0.22777
LR: 1.563e-06
Hole frames in this epoch: [4, 16]

Epoch 206 | Train Loss: 0.16696 | Val Loss: 0.37524
Train Loss Components:
  |- loss_rot: 0.02262
  |- loss_pos: 0.15930
  |- fk_loss: 0.48540
  |- smoothness_loss: 0.31579
Val Loss Components:
  |- loss_rot: 0.03589
  |- loss_pos: 0.63276
  |- fk_loss: 1.21602
  |- smoothness_loss: 0.22866
LR: 1.563e-06
Hole frames in this epoch: [4, 16]

Epoch 207 | Train Loss: 0.16444 | Val Loss: 0.37601
Train Loss Components:
  |- loss_rot: 0.01297
  |- loss_pos: 0.11314
  |- fk_loss: 0.27404
  |- smoothness_loss: 0.19671
Val Loss Components:
  |- loss_rot: 0.03590
  |- loss_pos: 0.63305
  |- fk_loss: 1.21693
  |- smoothness_loss: 0.22732
LR: 1.563e-06
Hole frames in this epoch: [4, 16]

Epoch 208 | Train Loss: 0.16155 | Val Loss: 0.37560
Train Loss Components:
  |- loss_rot: 0.03015
  |- loss_pos: 0.20763
  |- fk_loss: 0.70788
  |- smoothness_loss: 0.46252
Val Loss Components:
  |- loss_rot: 0.03589
  |- loss_pos: 0.63348
  |- fk_loss: 1.21865
  |- smoothness_loss: 0.22790
LR: 1.563e-06
Hole frames in this epoch: [4, 16]

Epoch 209 | Train Loss: 0.16592 | Val Loss: 0.37581
Train Loss Components:
  |- loss_rot: 0.03375
  |- loss_pos: 0.24871
  |- fk_loss: 0.83682
  |- smoothness_loss: 0.53043
Val Loss Components:
  |- loss_rot: 0.03588
  |- loss_pos: 0.62831
  |- fk_loss: 1.21529
  |- smoothness_loss: 0.22762
LR: 1.563e-06
Hole frames in this epoch: [4, 16]

Epoch 210 | Train Loss: 0.15915 | Val Loss: 0.37492
Train Loss Components:
  |- loss_rot: 0.03541
  |- loss_pos: 0.24588
  |- fk_loss: 0.89807
  |- smoothness_loss: 0.57976
Val Loss Components:
  |- loss_rot: 0.03589
  |- loss_pos: 0.63219
  |- fk_loss: 1.21634
  |- smoothness_loss: 0.23001
LR: 1.563e-06
Hole frames in this epoch: [4, 16]

Epoch 211 | Train Loss: 0.16296 | Val Loss: 0.37588
Train Loss Components:
  |- loss_rot: 0.02416
  |- loss_pos: 0.15917
  |- fk_loss: 0.50405
  |- smoothness_loss: 0.32807
Val Loss Components:
  |- loss_rot: 0.03587
  |- loss_pos: 0.63187
  |- fk_loss: 1.21596
  |- smoothness_loss: 0.23090
LR: 1.563e-06
Hole frames in this epoch: [4, 16]

Epoch 212 | Train Loss: 0.16485 | Val Loss: 0.37549
Train Loss Components:
  |- loss_rot: 0.01796
  |- loss_pos: 0.12761
  |- fk_loss: 0.38346
  |- smoothness_loss: 0.28877
Val Loss Components:
  |- loss_rot: 0.03587
  |- loss_pos: 0.63433
  |- fk_loss: 1.21747
  |- smoothness_loss: 0.22971
LR: 1.563e-06
Hole frames in this epoch: [4, 16]

Epoch 213 | Train Loss: 0.16742 | Val Loss: 0.37519
Train Loss Components:
  |- loss_rot: 0.03626
  |- loss_pos: 0.36017
  |- fk_loss: 0.98197
  |- smoothness_loss: 0.71926
Val Loss Components:
  |- loss_rot: 0.03587
  |- loss_pos: 0.63305
  |- fk_loss: 1.21747
  |- smoothness_loss: 0.22691
LR: 1.563e-06
Hole frames in this epoch: [4, 16]

Epoch 214 | Train Loss: 0.16159 | Val Loss: 0.37537
Train Loss Components:
  |- loss_rot: 0.03759
  |- loss_pos: 0.27154
  |- fk_loss: 0.97246
  |- smoothness_loss: 0.63546
Val Loss Components:
  |- loss_rot: 0.03587
  |- loss_pos: 0.63329
  |- fk_loss: 1.21639
  |- smoothness_loss: 0.22747
LR: 1.563e-06
Hole frames in this epoch: [4, 16]

Epoch 215 | Train Loss: 0.15923 | Val Loss: 0.37540
Train Loss Components:
  |- loss_rot: 0.03533
  |- loss_pos: 0.25173
  |- fk_loss: 0.86749
  |- smoothness_loss: 0.55453
Val Loss Components:
  |- loss_rot: 0.03589
  |- loss_pos: 0.63204
  |- fk_loss: 1.21641
  |- smoothness_loss: 0.22941
LR: 1.563e-06
Hole frames in this epoch: [4, 16]

Epoch 216 | Train Loss: 0.16278 | Val Loss: 0.37515
Train Loss Components:
  |- loss_rot: 0.02862
  |- loss_pos: 0.19053
  |- fk_loss: 0.62932
  |- smoothness_loss: 0.44531
Val Loss Components:
  |- loss_rot: 0.03587
  |- loss_pos: 0.63459
  |- fk_loss: 1.21775
  |- smoothness_loss: 0.22827
LR: 1.563e-06
Hole frames in this epoch: [4, 16]

Epoch 217 | Train Loss: 0.16458 | Val Loss: 0.37526
Train Loss Components:
  |- loss_rot: 0.01899
  |- loss_pos: 0.13335
  |- fk_loss: 0.41120
  |- smoothness_loss: 0.29514
Val Loss Components:
  |- loss_rot: 0.03589
  |- loss_pos: 0.63654
  |- fk_loss: 1.21872
  |- smoothness_loss: 0.23039
LR: 7.813e-07
Hole frames in this epoch: [4, 16]

Epoch 218 | Train Loss: 0.16625 | Val Loss: 0.37565
Train Loss Components:
  |- loss_rot: 0.01308
  |- loss_pos: 0.10608
  |- fk_loss: 0.26905
  |- smoothness_loss: 0.18028
Val Loss Components:
  |- loss_rot: 0.03589
  |- loss_pos: 0.63754
  |- fk_loss: 1.21846
  |- smoothness_loss: 0.22742
LR: 7.813e-07
Hole frames in this epoch: [4, 16]

Training time: 6947.83 s