Epoch 1 | Train Loss: 3.11341 | Val Loss: 6.04178
Train Loss Components:
  |- loss_rot: 0.10976
  |- loss_pos: 2.64882
  |- fk_loss: 4.12025
  |- smoothness_loss: 13.24924
Val Loss Components:
  |- loss_rot: 0.13419
  |- loss_pos: 8.63549
  |- fk_loss: 9.39774
  |- smoothness_loss: 33.51970
LR: 1.000e-04
Hole frames in this epoch: [4, 6]

Epoch 2 | Train Loss: 2.07971 | Val Loss: 4.89092
Train Loss Components:
  |- loss_rot: 0.09146
  |- loss_pos: 2.89159
  |- fk_loss: 4.25062
  |- smoothness_loss: 9.29876
Val Loss Components:
  |- loss_rot: 0.11849
  |- loss_pos: 7.73813
  |- fk_loss: 8.66807
  |- smoothness_loss: 22.62258
LR: 1.000e-04
Hole frames in this epoch: [4, 8]

Epoch 3 | Train Loss: 1.96375 | Val Loss: 4.10469
Train Loss Components:
  |- loss_rot: 0.08776
  |- loss_pos: 2.39200
  |- fk_loss: 3.77441
  |- smoothness_loss: 6.09169
Val Loss Components:
  |- loss_rot: 0.10910
  |- loss_pos: 6.71385
  |- fk_loss: 7.97781
  |- smoothness_loss: 15.39985
LR: 1.000e-04
Hole frames in this epoch: [4, 10]

Epoch 4 | Train Loss: 1.82739 | Val Loss: 3.42428
Train Loss Components:
  |- loss_rot: 0.08161
  |- loss_pos: 1.94589
  |- fk_loss: 3.36775
  |- smoothness_loss: 3.95502
Val Loss Components:
  |- loss_rot: 0.10327
  |- loss_pos: 5.70498
  |- fk_loss: 7.39947
  |- smoothness_loss: 10.48970
LR: 1.000e-04
Hole frames in this epoch: [4, 12]

Epoch 5 | Train Loss: 1.68508 | Val Loss: 2.87040
Train Loss Components:
  |- loss_rot: 0.09233
  |- loss_pos: 2.24210
  |- fk_loss: 4.45165
  |- smoothness_loss: 6.90323
Val Loss Components:
  |- loss_rot: 0.09961
  |- loss_pos: 4.65314
  |- fk_loss: 6.68560
  |- smoothness_loss: 8.23867
LR: 1.000e-04
Hole frames in this epoch: [4, 14]

Epoch 6 | Train Loss: 1.69838 | Val Loss: 2.50939
Train Loss Components:
  |- loss_rot: 0.08086
  |- loss_pos: 1.32645
  |- fk_loss: 3.13060
  |- smoothness_loss: 4.57411
Val Loss Components:
  |- loss_rot: 0.09580
  |- loss_pos: 4.05435
  |- fk_loss: 6.13839
  |- smoothness_loss: 6.63191
LR: 1.000e-04
Hole frames in this epoch: [4, 16]

Epoch 7 | Train Loss: 1.41420 | Val Loss: 2.17537
Train Loss Components:
  |- loss_rot: 0.10036
  |- loss_pos: 3.52772
  |- fk_loss: 5.81512
  |- smoothness_loss: 5.08214
Val Loss Components:
  |- loss_rot: 0.09457
  |- loss_pos: 3.44198
  |- fk_loss: 5.66847
  |- smoothness_loss: 4.79596
LR: 1.000e-04
Hole frames in this epoch: [4, 16]

Epoch 8 | Train Loss: 1.35693 | Val Loss: 1.94727
Train Loss Components:
  |- loss_rot: 0.06565
  |- loss_pos: 0.63994
  |- fk_loss: 1.94768
  |- smoothness_loss: 2.55405
Val Loss Components:
  |- loss_rot: 0.09131
  |- loss_pos: 3.05039
  |- fk_loss: 5.26044
  |- smoothness_loss: 4.13148
LR: 1.000e-04
Hole frames in this epoch: [4, 16]

Epoch 9 | Train Loss: 1.14465 | Val Loss: 1.86506
Train Loss Components:
  |- loss_rot: 0.08914
  |- loss_pos: 1.76935
  |- fk_loss: 3.89915
  |- smoothness_loss: 3.14201
Val Loss Components:
  |- loss_rot: 0.08965
  |- loss_pos: 3.01464
  |- fk_loss: 5.04212
  |- smoothness_loss: 3.88584
LR: 1.000e-04
Hole frames in this epoch: [4, 16]

Epoch 10 | Train Loss: 1.06020 | Val Loss: 1.66511
Train Loss Components:
  |- loss_rot: 0.09371
  |- loss_pos: 2.45615
  |- fk_loss: 4.45207
  |- smoothness_loss: 2.95941
Val Loss Components:
  |- loss_rot: 0.08823
  |- loss_pos: 2.53351
  |- fk_loss: 4.65122
  |- smoothness_loss: 3.28543
LR: 1.000e-04
Hole frames in this epoch: [4, 16]

Epoch 11 | Train Loss: 0.97884 | Val Loss: 1.56024
Train Loss Components:
  |- loss_rot: 0.07113
  |- loss_pos: 0.85696
  |- fk_loss: 2.41340
  |- smoothness_loss: 2.36806
Val Loss Components:
  |- loss_rot: 0.08691
  |- loss_pos: 2.37360
  |- fk_loss: 4.34442
  |- smoothness_loss: 3.00547
LR: 1.000e-04
Hole frames in this epoch: [4, 16]

Epoch 12 | Train Loss: 0.93091 | Val Loss: 1.51038
Train Loss Components:
  |- loss_rot: 0.07605
  |- loss_pos: 1.15875
  |- fk_loss: 2.81633
  |- smoothness_loss: 1.85883
Val Loss Components:
  |- loss_rot: 0.08431
  |- loss_pos: 2.33356
  |- fk_loss: 4.22766
  |- smoothness_loss: 3.00345
LR: 1.000e-04
Hole frames in this epoch: [4, 16]

Epoch 13 | Train Loss: 0.95347 | Val Loss: 1.40425
Train Loss Components:
  |- loss_rot: 0.06398
  |- loss_pos: 0.75377
  |- fk_loss: 2.09043
  |- smoothness_loss: 1.94606
Val Loss Components:
  |- loss_rot: 0.08631
  |- loss_pos: 2.11673
  |- fk_loss: 4.16560
  |- smoothness_loss: 2.70250
LR: 1.000e-04
Hole frames in this epoch: [4, 16]

Epoch 14 | Train Loss: 0.85639 | Val Loss: 1.37421
Train Loss Components:
  |- loss_rot: 0.07893
  |- loss_pos: 1.19828
  |- fk_loss: 2.79431
  |- smoothness_loss: 2.29052
Val Loss Components:
  |- loss_rot: 0.08718
  |- loss_pos: 2.06774
  |- fk_loss: 3.97226
  |- smoothness_loss: 2.51091
LR: 1.000e-04
Hole frames in this epoch: [4, 16]

Epoch 15 | Train Loss: 0.79869 | Val Loss: 1.25516
Train Loss Components:
  |- loss_rot: 0.07104
  |- loss_pos: 0.82541
  |- fk_loss: 2.36214
  |- smoothness_loss: 1.63942
Val Loss Components:
  |- loss_rot: 0.08441
  |- loss_pos: 1.84933
  |- fk_loss: 3.70476
  |- smoothness_loss: 1.99799
LR: 1.000e-04
Hole frames in this epoch: [4, 16]

Epoch 16 | Train Loss: 0.76657 | Val Loss: 1.29712
Train Loss Components:
  |- loss_rot: 0.07803
  |- loss_pos: 1.08385
  |- fk_loss: 2.59846
  |- smoothness_loss: 1.75512
Val Loss Components:
  |- loss_rot: 0.08532
  |- loss_pos: 1.94497
  |- fk_loss: 3.77028
  |- smoothness_loss: 2.10200
LR: 1.000e-04
Hole frames in this epoch: [4, 16]

Epoch 17 | Train Loss: 0.76067 | Val Loss: 1.20107
Train Loss Components:
  |- loss_rot: 0.06798
  |- loss_pos: 0.80995
  |- fk_loss: 2.23742
  |- smoothness_loss: 1.61047
Val Loss Components:
  |- loss_rot: 0.08395
  |- loss_pos: 1.80014
  |- fk_loss: 3.64936
  |- smoothness_loss: 1.75209
LR: 1.000e-04
Hole frames in this epoch: [4, 16]

Epoch 18 | Train Loss: 0.74838 | Val Loss: 1.18708
Train Loss Components:
  |- loss_rot: 0.06611
  |- loss_pos: 0.69712
  |- fk_loss: 1.93774
  |- smoothness_loss: 1.26881
Val Loss Components:
  |- loss_rot: 0.08205
  |- loss_pos: 1.87729
  |- fk_loss: 3.50716
  |- smoothness_loss: 1.71472
LR: 1.000e-04
Hole frames in this epoch: [4, 16]

Epoch 19 | Train Loss: 0.68002 | Val Loss: 1.10512
Train Loss Components:
  |- loss_rot: 0.07226
  |- loss_pos: 1.11029
  |- fk_loss: 2.51376
  |- smoothness_loss: 1.66259
Val Loss Components:
  |- loss_rot: 0.08097
  |- loss_pos: 1.62745
  |- fk_loss: 3.34365
  |- smoothness_loss: 1.99126
LR: 1.000e-04
Hole frames in this epoch: [4, 16]

Epoch 20 | Train Loss: 0.68742 | Val Loss: 1.09289
Train Loss Components:
  |- loss_rot: 0.05683
  |- loss_pos: 0.53676
  |- fk_loss: 1.64753
  |- smoothness_loss: 1.34810
Val Loss Components:
  |- loss_rot: 0.08097
  |- loss_pos: 1.67696
  |- fk_loss: 3.27959
  |- smoothness_loss: 1.49641
LR: 1.000e-04
Hole frames in this epoch: [4, 16]

Epoch 21 | Train Loss: 0.65762 | Val Loss: 1.19695
Train Loss Components:
  |- loss_rot: 0.06361
  |- loss_pos: 0.55984
  |- fk_loss: 1.78247
  |- smoothness_loss: 1.48714
Val Loss Components:
  |- loss_rot: 0.08242
  |- loss_pos: 1.90026
  |- fk_loss: 3.32511
  |- smoothness_loss: 1.33859
LR: 1.000e-04
Hole frames in this epoch: [4, 16]

Epoch 22 | Train Loss: 0.68032 | Val Loss: 1.01525
Train Loss Components:
  |- loss_rot: 0.05506
  |- loss_pos: 0.47601
  |- fk_loss: 1.62054
  |- smoothness_loss: 1.21749
Val Loss Components:
  |- loss_rot: 0.08055
  |- loss_pos: 1.54645
  |- fk_loss: 3.02985
  |- smoothness_loss: 1.35270
LR: 1.000e-04
Hole frames in this epoch: [4, 16]

Epoch 23 | Train Loss: 0.62144 | Val Loss: 0.97752
Train Loss Components:
  |- loss_rot: 0.06352
  |- loss_pos: 0.86201
  |- fk_loss: 2.03773
  |- smoothness_loss: 1.46075
Val Loss Components:
  |- loss_rot: 0.07842
  |- loss_pos: 1.50803
  |- fk_loss: 2.93988
  |- smoothness_loss: 1.06542
LR: 1.000e-04
Hole frames in this epoch: [4, 16]

Epoch 24 | Train Loss: 0.61050 | Val Loss: 1.00497
Train Loss Components:
  |- loss_rot: 0.05710
  |- loss_pos: 0.59803
  |- fk_loss: 1.64926
  |- smoothness_loss: 1.12492
Val Loss Components:
  |- loss_rot: 0.07546
  |- loss_pos: 1.70840
  |- fk_loss: 3.00336
  |- smoothness_loss: 1.37939
LR: 1.000e-04
Hole frames in this epoch: [4, 16]

Epoch 25 | Train Loss: 0.59046 | Val Loss: 0.92739
Train Loss Components:
  |- loss_rot: 0.07275
  |- loss_pos: 1.28004
  |- fk_loss: 2.55988
  |- smoothness_loss: 1.50867
Val Loss Components:
  |- loss_rot: 0.07730
  |- loss_pos: 1.44869
  |- fk_loss: 2.75621
  |- smoothness_loss: 1.30018
LR: 1.000e-04
Hole frames in this epoch: [4, 16]

Epoch 26 | Train Loss: 0.57355 | Val Loss: 0.90996
Train Loss Components:
  |- loss_rot: 0.07016
  |- loss_pos: 1.15224
  |- fk_loss: 2.29632
  |- smoothness_loss: 1.58738
Val Loss Components:
  |- loss_rot: 0.07462
  |- loss_pos: 1.45656
  |- fk_loss: 2.70603
  |- smoothness_loss: 1.22482
LR: 1.000e-04
Hole frames in this epoch: [4, 16]

Epoch 27 | Train Loss: 0.58783 | Val Loss: 0.89308
Train Loss Components:
  |- loss_rot: 0.06184
  |- loss_pos: 0.82596
  |- fk_loss: 1.96627
  |- smoothness_loss: 1.12902
Val Loss Components:
  |- loss_rot: 0.07405
  |- loss_pos: 1.46232
  |- fk_loss: 2.68024
  |- smoothness_loss: 1.04140
LR: 1.000e-04
Hole frames in this epoch: [4, 16]

Epoch 28 | Train Loss: 0.56106 | Val Loss: 0.86630
Train Loss Components:
  |- loss_rot: 0.07913
  |- loss_pos: 1.70491
  |- fk_loss: 2.98924
  |- smoothness_loss: 2.00659
Val Loss Components:
  |- loss_rot: 0.07388
  |- loss_pos: 1.38839
  |- fk_loss: 2.54898
  |- smoothness_loss: 0.99346
LR: 1.000e-04
Hole frames in this epoch: [4, 16]

Epoch 29 | Train Loss: 0.57024 | Val Loss: 0.85254
Train Loss Components:
  |- loss_rot: 0.07550
  |- loss_pos: 1.20765
  |- fk_loss: 2.46310
  |- smoothness_loss: 1.36724
Val Loss Components:
  |- loss_rot: 0.07259
  |- loss_pos: 1.38850
  |- fk_loss: 2.46178
  |- smoothness_loss: 0.80843
LR: 1.000e-04
Hole frames in this epoch: [4, 16]

Epoch 30 | Train Loss: 0.54340 | Val Loss: 0.89987
Train Loss Components:
  |- loss_rot: 0.05118
  |- loss_pos: 0.46184
  |- fk_loss: 1.15229
  |- smoothness_loss: 0.96384
Val Loss Components:
  |- loss_rot: 0.07250
  |- loss_pos: 1.49137
  |- fk_loss: 2.47489
  |- smoothness_loss: 0.78672
LR: 1.000e-04
Hole frames in this epoch: [4, 16]

Epoch 31 | Train Loss: 0.50791 | Val Loss: 0.83312
Train Loss Components:
  |- loss_rot: 0.05721
  |- loss_pos: 0.78484
  |- fk_loss: 1.63327
  |- smoothness_loss: 1.21945
Val Loss Components:
  |- loss_rot: 0.07079
  |- loss_pos: 1.37449
  |- fk_loss: 2.41692
  |- smoothness_loss: 0.82030
LR: 1.000e-04
Hole frames in this epoch: [4, 16]

Epoch 32 | Train Loss: 0.51385 | Val Loss: 0.79567
Train Loss Components:
  |- loss_rot: 0.03452
  |- loss_pos: 0.26063
  |- fk_loss: 0.75173
  |- smoothness_loss: 0.86129
Val Loss Components:
  |- loss_rot: 0.06900
  |- loss_pos: 1.34194
  |- fk_loss: 2.30656
  |- smoothness_loss: 0.76509
LR: 1.000e-04
Hole frames in this epoch: [4, 16]

Epoch 33 | Train Loss: 0.49676 | Val Loss: 0.77743
Train Loss Components:
  |- loss_rot: 0.06057
  |- loss_pos: 0.67610
  |- fk_loss: 1.62815
  |- smoothness_loss: 1.13283
Val Loss Components:
  |- loss_rot: 0.06858
  |- loss_pos: 1.33360
  |- fk_loss: 2.31321
  |- smoothness_loss: 0.69606
LR: 1.000e-04
Hole frames in this epoch: [4, 16]

Epoch 34 | Train Loss: 0.52588 | Val Loss: 0.76468
Train Loss Components:
  |- loss_rot: 0.06095
  |- loss_pos: 0.81824
  |- fk_loss: 1.77993
  |- smoothness_loss: 1.40972
Val Loss Components:
  |- loss_rot: 0.06727
  |- loss_pos: 1.32239
  |- fk_loss: 2.27662
  |- smoothness_loss: 0.64418
LR: 1.000e-04
Hole frames in this epoch: [4, 16]

Epoch 35 | Train Loss: 0.49408 | Val Loss: 0.77581
Train Loss Components:
  |- loss_rot: 0.07000
  |- loss_pos: 1.33626
  |- fk_loss: 2.46881
  |- smoothness_loss: 1.49883
Val Loss Components:
  |- loss_rot: 0.06674
  |- loss_pos: 1.29915
  |- fk_loss: 2.27027
  |- smoothness_loss: 0.65282
LR: 1.000e-04
Hole frames in this epoch: [4, 16]

Epoch 36 | Train Loss: 0.50012 | Val Loss: 0.77388
Train Loss Components:
  |- loss_rot: 0.04683
  |- loss_pos: 0.54848
  |- fk_loss: 1.23925
  |- smoothness_loss: 0.99795
Val Loss Components:
  |- loss_rot: 0.06611
  |- loss_pos: 1.33505
  |- fk_loss: 2.31412
  |- smoothness_loss: 0.62838
LR: 1.000e-04
Hole frames in this epoch: [4, 16]

Epoch 37 | Train Loss: 0.48926 | Val Loss: 0.74123
Train Loss Components:
  |- loss_rot: 0.03919
  |- loss_pos: 0.39225
  |- fk_loss: 0.90428
  |- smoothness_loss: 0.80681
Val Loss Components:
  |- loss_rot: 0.06521
  |- loss_pos: 1.23369
  |- fk_loss: 2.16496
  |- smoothness_loss: 0.81572
LR: 1.000e-04
Hole frames in this epoch: [4, 16]

Epoch 38 | Train Loss: 0.44935 | Val Loss: 0.72068
Train Loss Components:
  |- loss_rot: 0.06628
  |- loss_pos: 1.07413
  |- fk_loss: 2.05427
  |- smoothness_loss: 1.46886
Val Loss Components:
  |- loss_rot: 0.06404
  |- loss_pos: 1.27264
  |- fk_loss: 2.13246
  |- smoothness_loss: 0.81474
LR: 1.000e-04
Hole frames in this epoch: [4, 16]

Epoch 39 | Train Loss: 0.46896 | Val Loss: 0.72269
Train Loss Components:
  |- loss_rot: 0.05375
  |- loss_pos: 0.72436
  |- fk_loss: 1.43777
  |- smoothness_loss: 1.02222
Val Loss Components:
  |- loss_rot: 0.06328
  |- loss_pos: 1.30300
  |- fk_loss: 2.11657
  |- smoothness_loss: 0.93139
LR: 1.000e-04
Hole frames in this epoch: [4, 16]

Epoch 40 | Train Loss: 0.45070 | Val Loss: 0.70926
Train Loss Components:
  |- loss_rot: 0.05514
  |- loss_pos: 0.76843
  |- fk_loss: 1.57628
  |- smoothness_loss: 1.17474
Val Loss Components:
  |- loss_rot: 0.06292
  |- loss_pos: 1.23819
  |- fk_loss: 2.08449
  |- smoothness_loss: 0.59740
LR: 1.000e-04
Hole frames in this epoch: [4, 16]

Epoch 41 | Train Loss: 0.44469 | Val Loss: 0.69739
Train Loss Components:
  |- loss_rot: 0.03369
  |- loss_pos: 0.29183
  |- fk_loss: 0.74890
  |- smoothness_loss: 0.72567
Val Loss Components:
  |- loss_rot: 0.06256
  |- loss_pos: 1.19034
  |- fk_loss: 2.02276
  |- smoothness_loss: 0.54461
LR: 1.000e-04
Hole frames in this epoch: [4, 16]

Epoch 42 | Train Loss: 0.45591 | Val Loss: 0.71621
Train Loss Components:
  |- loss_rot: 0.06356
  |- loss_pos: 0.97198
  |- fk_loss: 1.92780
  |- smoothness_loss: 1.37314
Val Loss Components:
  |- loss_rot: 0.06139
  |- loss_pos: 1.26470
  |- fk_loss: 2.07720
  |- smoothness_loss: 0.52530
LR: 1.000e-04
Hole frames in this epoch: [4, 16]

Epoch 43 | Train Loss: 0.44701 | Val Loss: 0.70366
Train Loss Components:
  |- loss_rot: 0.03625
  |- loss_pos: 0.32989
  |- fk_loss: 0.82012
  |- smoothness_loss: 0.72626
Val Loss Components:
  |- loss_rot: 0.06067
  |- loss_pos: 1.31875
  |- fk_loss: 2.14720
  |- smoothness_loss: 0.53413
LR: 1.000e-04
Hole frames in this epoch: [4, 16]

Epoch 44 | Train Loss: 0.42592 | Val Loss: 0.69003
Train Loss Components:
  |- loss_rot: 0.02926
  |- loss_pos: 0.26406
  |- fk_loss: 0.64585
  |- smoothness_loss: 0.70764
Val Loss Components:
  |- loss_rot: 0.05981
  |- loss_pos: 1.19916
  |- fk_loss: 2.03192
  |- smoothness_loss: 0.49453
LR: 1.000e-04
Hole frames in this epoch: [4, 16]

Epoch 45 | Train Loss: 0.42919 | Val Loss: 0.67786
Train Loss Components:
  |- loss_rot: 0.05910
  |- loss_pos: 0.83608
  |- fk_loss: 1.69951
  |- smoothness_loss: 1.20644
Val Loss Components:
  |- loss_rot: 0.05991
  |- loss_pos: 1.19665
  |- fk_loss: 2.00896
  |- smoothness_loss: 0.50211
LR: 1.000e-04
Hole frames in this epoch: [4, 16]

Epoch 46 | Train Loss: 0.43410 | Val Loss: 0.68988
Train Loss Components:
  |- loss_rot: 0.04276
  |- loss_pos: 0.47713
  |- fk_loss: 1.07100
  |- smoothness_loss: 0.93273
Val Loss Components:
  |- loss_rot: 0.05908
  |- loss_pos: 1.18559
  |- fk_loss: 2.00385
  |- smoothness_loss: 0.79218
LR: 1.000e-04
Hole frames in this epoch: [4, 16]

Epoch 47 | Train Loss: 0.41961 | Val Loss: 0.66440
Train Loss Components:
  |- loss_rot: 0.03867
  |- loss_pos: 0.39078
  |- fk_loss: 0.91712
  |- smoothness_loss: 0.75940
Val Loss Components:
  |- loss_rot: 0.05915
  |- loss_pos: 1.18522
  |- fk_loss: 1.98488
  |- smoothness_loss: 0.52068
LR: 1.000e-04
Hole frames in this epoch: [4, 16]

Epoch 48 | Train Loss: 0.42824 | Val Loss: 0.65204
Train Loss Components:
  |- loss_rot: 0.04098
  |- loss_pos: 0.40396
  |- fk_loss: 0.96205
  |- smoothness_loss: 0.75865
Val Loss Components:
  |- loss_rot: 0.05853
  |- loss_pos: 1.15807
  |- fk_loss: 1.92118
  |- smoothness_loss: 0.49083
LR: 1.000e-04
Hole frames in this epoch: [4, 16]

Epoch 49 | Train Loss: 0.41095 | Val Loss: 0.64351
Train Loss Components:
  |- loss_rot: 0.03592
  |- loss_pos: 0.36772
  |- fk_loss: 0.79185
  |- smoothness_loss: 0.67544
Val Loss Components:
  |- loss_rot: 0.05780
  |- loss_pos: 1.12875
  |- fk_loss: 1.93385
  |- smoothness_loss: 0.48597
LR: 1.000e-04
Hole frames in this epoch: [4, 16]

Epoch 50 | Train Loss: 0.39376 | Val Loss: 0.64232
Train Loss Components:
  |- loss_rot: 0.06208
  |- loss_pos: 1.09931
  |- fk_loss: 2.04501
  |- smoothness_loss: 1.47645
Val Loss Components:
  |- loss_rot: 0.05655
  |- loss_pos: 1.21007
  |- fk_loss: 1.97492
  |- smoothness_loss: 0.49406
LR: 1.000e-04
Hole frames in this epoch: [4, 16]

Epoch 51 | Train Loss: 0.40960 | Val Loss: 0.68177
Train Loss Components:
  |- loss_rot: 0.03264
  |- loss_pos: 0.30297
  |- fk_loss: 0.69766
  |- smoothness_loss: 0.58697
Val Loss Components:
  |- loss_rot: 0.05692
  |- loss_pos: 1.22038
  |- fk_loss: 2.04274
  |- smoothness_loss: 0.98541
LR: 1.000e-04
Hole frames in this epoch: [4, 16]

Epoch 52 | Train Loss: 0.40398 | Val Loss: 0.63774
Train Loss Components:
  |- loss_rot: 0.05331
  |- loss_pos: 0.70771
  |- fk_loss: 1.54846
  |- smoothness_loss: 1.21037
Val Loss Components:
  |- loss_rot: 0.05596
  |- loss_pos: 1.13502
  |- fk_loss: 1.94476
  |- smoothness_loss: 0.43610
LR: 1.000e-04
Hole frames in this epoch: [4, 16]

Epoch 53 | Train Loss: 0.41116 | Val Loss: 0.62595
Train Loss Components:
  |- loss_rot: 0.05249
  |- loss_pos: 0.70844
  |- fk_loss: 1.43992
  |- smoothness_loss: 1.02479
Val Loss Components:
  |- loss_rot: 0.05611
  |- loss_pos: 1.11886
  |- fk_loss: 1.86583
  |- smoothness_loss: 0.39186
LR: 1.000e-04
Hole frames in this epoch: [4, 16]

Epoch 54 | Train Loss: 0.38856 | Val Loss: 0.70084
Train Loss Components:
  |- loss_rot: 0.02864
  |- loss_pos: 0.30982
  |- fk_loss: 0.71696
  |- smoothness_loss: 0.71310
Val Loss Components:
  |- loss_rot: 0.05537
  |- loss_pos: 1.24274
  |- fk_loss: 2.07042
  |- smoothness_loss: 0.49893
LR: 1.000e-04
Hole frames in this epoch: [4, 16]

Epoch 55 | Train Loss: 0.39499 | Val Loss: 0.61455
Train Loss Components:
  |- loss_rot: 0.05519
  |- loss_pos: 0.68472
  |- fk_loss: 1.44918
  |- smoothness_loss: 1.07166
Val Loss Components:
  |- loss_rot: 0.05530
  |- loss_pos: 1.09311
  |- fk_loss: 1.84700
  |- smoothness_loss: 0.40889
LR: 1.000e-04
Hole frames in this epoch: [4, 16]

Epoch 56 | Train Loss: 0.40396 | Val Loss: 0.61833
Train Loss Components:
  |- loss_rot: 0.03677
  |- loss_pos: 0.38458
  |- fk_loss: 0.87440
  |- smoothness_loss: 0.76010
Val Loss Components:
  |- loss_rot: 0.05470
  |- loss_pos: 1.08709
  |- fk_loss: 1.84124
  |- smoothness_loss: 0.34986
LR: 1.000e-04
Hole frames in this epoch: [4, 16]

Epoch 57 | Train Loss: 0.36436 | Val Loss: 0.60767
Train Loss Components:
  |- loss_rot: 0.05643
  |- loss_pos: 0.95427
  |- fk_loss: 1.80822
  |- smoothness_loss: 1.28718
Val Loss Components:
  |- loss_rot: 0.05368
  |- loss_pos: 1.08240
  |- fk_loss: 1.84126
  |- smoothness_loss: 0.35869
LR: 1.000e-04
Hole frames in this epoch: [4, 16]

Epoch 58 | Train Loss: 0.37925 | Val Loss: 0.63871
Train Loss Components:
  |- loss_rot: 0.04155
  |- loss_pos: 0.50736
  |- fk_loss: 1.07434
  |- smoothness_loss: 0.90524
Val Loss Components:
  |- loss_rot: 0.05383
  |- loss_pos: 1.09525
  |- fk_loss: 1.87669
  |- smoothness_loss: 0.43733
LR: 1.000e-04
Hole frames in this epoch: [4, 16]

Epoch 59 | Train Loss: 0.36986 | Val Loss: 0.58668
Train Loss Components:
  |- loss_rot: 0.05608
  |- loss_pos: 0.77140
  |- fk_loss: 1.55478
  |- smoothness_loss: 1.04913
Val Loss Components:
  |- loss_rot: 0.05358
  |- loss_pos: 1.05129
  |- fk_loss: 1.78043
  |- smoothness_loss: 0.36113
LR: 1.000e-04
Hole frames in this epoch: [4, 16]

Epoch 60 | Train Loss: 0.38363 | Val Loss: 0.60697
Train Loss Components:
  |- loss_rot: 0.04013
  |- loss_pos: 0.43297
  |- fk_loss: 0.97598
  |- smoothness_loss: 0.64125
Val Loss Components:
  |- loss_rot: 0.05357
  |- loss_pos: 1.06446
  |- fk_loss: 1.79713
  |- smoothness_loss: 0.44441
LR: 1.000e-04
Hole frames in this epoch: [4, 16]

Epoch 61 | Train Loss: 0.37544 | Val Loss: 0.60395
Train Loss Components:
  |- loss_rot: 0.04261
  |- loss_pos: 0.47135
  |- fk_loss: 1.07648
  |- smoothness_loss: 0.90980
Val Loss Components:
  |- loss_rot: 0.05303
  |- loss_pos: 1.08592
  |- fk_loss: 1.82200
  |- smoothness_loss: 0.44068
LR: 1.000e-04
Hole frames in this epoch: [4, 16]

Epoch 62 | Train Loss: 0.37053 | Val Loss: 0.59701
Train Loss Components:
  |- loss_rot: 0.04094
  |- loss_pos: 0.48106
  |- fk_loss: 1.01966
  |- smoothness_loss: 0.84493
Val Loss Components:
  |- loss_rot: 0.05377
  |- loss_pos: 1.09994
  |- fk_loss: 1.83329
  |- smoothness_loss: 0.33964
LR: 1.000e-04
Hole frames in this epoch: [4, 16]

Epoch 63 | Train Loss: 0.36746 | Val Loss: 0.59276
Train Loss Components:
  |- loss_rot: 0.03815
  |- loss_pos: 0.44270
  |- fk_loss: 0.94340
  |- smoothness_loss: 0.77789
Val Loss Components:
  |- loss_rot: 0.05242
  |- loss_pos: 1.08478
  |- fk_loss: 1.83041
  |- smoothness_loss: 0.43276
LR: 1.000e-04
Hole frames in this epoch: [4, 16]

Epoch 64 | Train Loss: 0.35520 | Val Loss: 0.57789
Train Loss Components:
  |- loss_rot: 0.05125
  |- loss_pos: 0.80315
  |- fk_loss: 1.59383
  |- smoothness_loss: 1.27583
Val Loss Components:
  |- loss_rot: 0.05198
  |- loss_pos: 1.05238
  |- fk_loss: 1.78806
  |- smoothness_loss: 0.31718
LR: 1.000e-04
Hole frames in this epoch: [4, 16]

Epoch 65 | Train Loss: 0.36273 | Val Loss: 0.58543
Train Loss Components:
  |- loss_rot: 0.05351
  |- loss_pos: 0.93681
  |- fk_loss: 1.72928
  |- smoothness_loss: 1.26083
Val Loss Components:
  |- loss_rot: 0.05200
  |- loss_pos: 1.06549
  |- fk_loss: 1.76660
  |- smoothness_loss: 0.49067
LR: 1.000e-04
Hole frames in this epoch: [4, 16]

Epoch 66 | Train Loss: 0.36656 | Val Loss: 0.58862
Train Loss Components:
  |- loss_rot: 0.04029
  |- loss_pos: 0.45634
  |- fk_loss: 1.00791
  |- smoothness_loss: 0.75670
Val Loss Components:
  |- loss_rot: 0.05186
  |- loss_pos: 1.08957
  |- fk_loss: 1.80416
  |- smoothness_loss: 0.35004
LR: 1.000e-04
Hole frames in this epoch: [4, 16]

Epoch 67 | Train Loss: 0.35691 | Val Loss: 0.62834
Train Loss Components:
  |- loss_rot: 0.03509
  |- loss_pos: 0.34231
  |- fk_loss: 0.77262
  |- smoothness_loss: 0.68806
Val Loss Components:
  |- loss_rot: 0.05180
  |- loss_pos: 1.18577
  |- fk_loss: 1.83537
  |- smoothness_loss: 0.61487
LR: 1.000e-04
Hole frames in this epoch: [4, 16]

Epoch 68 | Train Loss: 0.33726 | Val Loss: 0.56946
Train Loss Components:
  |- loss_rot: 0.04619
  |- loss_pos: 0.52219
  |- fk_loss: 1.13281
  |- smoothness_loss: 0.87805
Val Loss Components:
  |- loss_rot: 0.05102
  |- loss_pos: 1.08409
  |- fk_loss: 1.73591
  |- smoothness_loss: 0.44971
LR: 1.000e-04
Hole frames in this epoch: [4, 16]

Epoch 69 | Train Loss: 0.36178 | Val Loss: 0.58170
Train Loss Components:
  |- loss_rot: 0.02936
  |- loss_pos: 0.28896
  |- fk_loss: 0.63611
  |- smoothness_loss: 0.62304
Val Loss Components:
  |- loss_rot: 0.05090
  |- loss_pos: 1.07895
  |- fk_loss: 1.75039
  |- smoothness_loss: 0.43952
LR: 1.000e-04
Hole frames in this epoch: [4, 16]

Epoch 70 | Train Loss: 0.35847 | Val Loss: 0.56001
Train Loss Components:
  |- loss_rot: 0.02752
  |- loss_pos: 0.24676
  |- fk_loss: 0.61867
  |- smoothness_loss: 0.55087
Val Loss Components:
  |- loss_rot: 0.05067
  |- loss_pos: 1.00204
  |- fk_loss: 1.72041
  |- smoothness_loss: 0.32113
LR: 1.000e-04
Hole frames in this epoch: [4, 16]

Epoch 71 | Train Loss: 0.34490 | Val Loss: 0.57822
Train Loss Components:
  |- loss_rot: 0.03796
  |- loss_pos: 0.44985
  |- fk_loss: 0.94864
  |- smoothness_loss: 0.76838
Val Loss Components:
  |- loss_rot: 0.05072
  |- loss_pos: 1.04755
  |- fk_loss: 1.75760
  |- smoothness_loss: 0.38810
LR: 1.000e-04
Hole frames in this epoch: [4, 16]

Epoch 72 | Train Loss: 0.34681 | Val Loss: 0.55844
Train Loss Components:
  |- loss_rot: 0.03815
  |- loss_pos: 0.46813
  |- fk_loss: 0.94994
  |- smoothness_loss: 0.75147
Val Loss Components:
  |- loss_rot: 0.05034
  |- loss_pos: 1.04222
  |- fk_loss: 1.70453
  |- smoothness_loss: 0.32423
LR: 1.000e-04
Hole frames in this epoch: [4, 16]

Epoch 73 | Train Loss: 0.33462 | Val Loss: 0.57553
Train Loss Components:
  |- loss_rot: 0.02635
  |- loss_pos: 0.26481
  |- fk_loss: 0.55886
  |- smoothness_loss: 0.51654
Val Loss Components:
  |- loss_rot: 0.04994
  |- loss_pos: 1.06377
  |- fk_loss: 1.71694
  |- smoothness_loss: 0.38523
LR: 1.000e-04
Hole frames in this epoch: [4, 16]

Epoch 74 | Train Loss: 0.33731 | Val Loss: 0.54843
Train Loss Components:
  |- loss_rot: 0.02886
  |- loss_pos: 0.30495
  |- fk_loss: 0.64480
  |- smoothness_loss: 0.53666
Val Loss Components:
  |- loss_rot: 0.04998
  |- loss_pos: 0.98356
  |- fk_loss: 1.65576
  |- smoothness_loss: 0.39342
LR: 1.000e-04
Hole frames in this epoch: [4, 16]

Epoch 75 | Train Loss: 0.33942 | Val Loss: 0.58431
Train Loss Components:
  |- loss_rot: 0.04850
  |- loss_pos: 0.68105
  |- fk_loss: 1.34384
  |- smoothness_loss: 0.97099
Val Loss Components:
  |- loss_rot: 0.05026
  |- loss_pos: 1.06104
  |- fk_loss: 1.72165
  |- smoothness_loss: 0.47701
LR: 1.000e-04
Hole frames in this epoch: [4, 16]

Epoch 76 | Train Loss: 0.32121 | Val Loss: 0.58658
Train Loss Components:
  |- loss_rot: 0.03076
  |- loss_pos: 0.34254
  |- fk_loss: 0.72494
  |- smoothness_loss: 0.61377
Val Loss Components:
  |- loss_rot: 0.04972
  |- loss_pos: 1.10473
  |- fk_loss: 1.74609
  |- smoothness_loss: 0.59195
LR: 1.000e-04
Hole frames in this epoch: [4, 16]

Epoch 77 | Train Loss: 0.34397 | Val Loss: 0.54888
Train Loss Components:
  |- loss_rot: 0.04239
  |- loss_pos: 0.43367
  |- fk_loss: 1.04689
  |- smoothness_loss: 0.86872
Val Loss Components:
  |- loss_rot: 0.04910
  |- loss_pos: 1.02350
  |- fk_loss: 1.65438
  |- smoothness_loss: 0.31788
LR: 1.000e-04
Hole frames in this epoch: [4, 16]

Epoch 78 | Train Loss: 0.33180 | Val Loss: 0.55236
Train Loss Components:
  |- loss_rot: 0.04770
  |- loss_pos: 0.64639
  |- fk_loss: 1.33436
  |- smoothness_loss: 1.04987
Val Loss Components:
  |- loss_rot: 0.04908
  |- loss_pos: 0.97765
  |- fk_loss: 1.67589
  |- smoothness_loss: 0.38423
LR: 1.000e-04
Hole frames in this epoch: [4, 16]

Epoch 79 | Train Loss: 0.36717 | Val Loss: 0.58552
Train Loss Components:
  |- loss_rot: 0.04433
  |- loss_pos: 0.63701
  |- fk_loss: 1.27833
  |- smoothness_loss: 0.99346
Val Loss Components:
  |- loss_rot: 0.04985
  |- loss_pos: 1.14643
  |- fk_loss: 1.85712
  |- smoothness_loss: 0.40791
LR: 1.000e-04
Hole frames in this epoch: [4, 16]

Epoch 80 | Train Loss: 0.32285 | Val Loss: 0.54194
Train Loss Components:
  |- loss_rot: 0.04418
  |- loss_pos: 0.65342
  |- fk_loss: 1.25920
  |- smoothness_loss: 1.04711
Val Loss Components:
  |- loss_rot: 0.04885
  |- loss_pos: 0.98726
  |- fk_loss: 1.66653
  |- smoothness_loss: 0.37285
LR: 1.000e-04
Hole frames in this epoch: [4, 16]

Epoch 81 | Train Loss: 0.32962 | Val Loss: 0.55649
Train Loss Components:
  |- loss_rot: 0.04225
  |- loss_pos: 0.63040
  |- fk_loss: 1.26417
  |- smoothness_loss: 0.83481
Val Loss Components:
  |- loss_rot: 0.04909
  |- loss_pos: 0.99021
  |- fk_loss: 1.71711
  |- smoothness_loss: 0.35272
LR: 1.000e-04
Hole frames in this epoch: [4, 16]

Epoch 82 | Train Loss: 0.33295 | Val Loss: 0.55272
Train Loss Components:
  |- loss_rot: 0.03595
  |- loss_pos: 0.38701
  |- fk_loss: 0.86438
  |- smoothness_loss: 0.67093
Val Loss Components:
  |- loss_rot: 0.04874
  |- loss_pos: 0.97760
  |- fk_loss: 1.65661
  |- smoothness_loss: 0.39584
LR: 1.000e-04
Hole frames in this epoch: [4, 16]

Epoch 83 | Train Loss: 0.32270 | Val Loss: 0.54741
Train Loss Components:
  |- loss_rot: 0.05635
  |- loss_pos: 1.04053
  |- fk_loss: 1.90446
  |- smoothness_loss: 1.35030
Val Loss Components:
  |- loss_rot: 0.04876
  |- loss_pos: 0.97860
  |- fk_loss: 1.62677
  |- smoothness_loss: 0.32809
LR: 1.000e-04
Hole frames in this epoch: [4, 16]

Epoch 84 | Train Loss: 0.32486 | Val Loss: 0.56983
Train Loss Components:
  |- loss_rot: 0.02341
  |- loss_pos: 0.28907
  |- fk_loss: 0.53554
  |- smoothness_loss: 0.59354
Val Loss Components:
  |- loss_rot: 0.04827
  |- loss_pos: 1.03054
  |- fk_loss: 1.66999
  |- smoothness_loss: 0.38369
LR: 1.000e-04
Hole frames in this epoch: [4, 16]

Epoch 85 | Train Loss: 0.31601 | Val Loss: 0.53749
Train Loss Components:
  |- loss_rot: 0.05016
  |- loss_pos: 0.77872
  |- fk_loss: 1.53175
  |- smoothness_loss: 1.15986
Val Loss Components:
  |- loss_rot: 0.04879
  |- loss_pos: 1.00069
  |- fk_loss: 1.66340
  |- smoothness_loss: 0.30106
LR: 1.000e-04
Hole frames in this epoch: [4, 16]

Epoch 86 | Train Loss: 0.31354 | Val Loss: 0.52768
Train Loss Components:
  |- loss_rot: 0.03400
  |- loss_pos: 0.35856
  |- fk_loss: 0.82680
  |- smoothness_loss: 0.71053
Val Loss Components:
  |- loss_rot: 0.04845
  |- loss_pos: 1.02131
  |- fk_loss: 1.65297
  |- smoothness_loss: 0.33484
LR: 1.000e-04
Hole frames in this epoch: [4, 16]

Epoch 87 | Train Loss: 0.31506 | Val Loss: 0.53601
Train Loss Components:
  |- loss_rot: 0.04749
  |- loss_pos: 0.72058
  |- fk_loss: 1.41802
  |- smoothness_loss: 1.10657
Val Loss Components:
  |- loss_rot: 0.04765
  |- loss_pos: 0.92726
  |- fk_loss: 1.59125
  |- smoothness_loss: 0.35161
LR: 1.000e-04
Hole frames in this epoch: [4, 16]

Epoch 88 | Train Loss: 0.32154 | Val Loss: 0.56153
Train Loss Components:
  |- loss_rot: 0.04357
  |- loss_pos: 0.51219
  |- fk_loss: 1.11072
  |- smoothness_loss: 0.95503
Val Loss Components:
  |- loss_rot: 0.04795
  |- loss_pos: 1.05298
  |- fk_loss: 1.65112
  |- smoothness_loss: 0.35387
LR: 1.000e-04
Hole frames in this epoch: [4, 16]

Epoch 89 | Train Loss: 0.31757 | Val Loss: 0.55791
Train Loss Components:
  |- loss_rot: 0.04319
  |- loss_pos: 0.69610
  |- fk_loss: 1.33416
  |- smoothness_loss: 0.99134
Val Loss Components:
  |- loss_rot: 0.04839
  |- loss_pos: 1.05343
  |- fk_loss: 1.72470
  |- smoothness_loss: 0.38251
LR: 1.000e-04
Hole frames in this epoch: [4, 16]

Epoch 90 | Train Loss: 0.31792 | Val Loss: 0.54304
Train Loss Components:
  |- loss_rot: 0.04304
  |- loss_pos: 0.60021
  |- fk_loss: 1.20020
  |- smoothness_loss: 0.78695
Val Loss Components:
  |- loss_rot: 0.04786
  |- loss_pos: 1.01553
  |- fk_loss: 1.62260
  |- smoothness_loss: 0.55849
LR: 1.000e-04
Hole frames in this epoch: [4, 16]

Epoch 91 | Train Loss: 0.30494 | Val Loss: 0.59989
Train Loss Components:
  |- loss_rot: 0.02190
  |- loss_pos: 0.20686
  |- fk_loss: 0.45961
  |- smoothness_loss: 0.57354
Val Loss Components:
  |- loss_rot: 0.04758
  |- loss_pos: 1.12008
  |- fk_loss: 1.76784
  |- smoothness_loss: 0.34450
LR: 1.000e-04
Hole frames in this epoch: [4, 16]

Epoch 92 | Train Loss: 0.31830 | Val Loss: 0.53155
Train Loss Components:
  |- loss_rot: 0.02961
  |- loss_pos: 0.29818
  |- fk_loss: 0.66883
  |- smoothness_loss: 0.55939
Val Loss Components:
  |- loss_rot: 0.04749
  |- loss_pos: 0.97499
  |- fk_loss: 1.58847
  |- smoothness_loss: 0.33995
LR: 1.000e-04
Hole frames in this epoch: [4, 16]

Epoch 93 | Train Loss: 0.27158 | Val Loss: 0.48240
Train Loss Components:
  |- loss_rot: 0.04160
  |- loss_pos: 0.48077
  |- fk_loss: 1.07877
  |- smoothness_loss: 0.88874
Val Loss Components:
  |- loss_rot: 0.04673
  |- loss_pos: 0.89887
  |- fk_loss: 1.50502
  |- smoothness_loss: 0.26679
LR: 5.000e-05
Hole frames in this epoch: [4, 16]

Epoch 94 | Train Loss: 0.25820 | Val Loss: 0.48540
Train Loss Components:
  |- loss_rot: 0.04614
  |- loss_pos: 0.54249
  |- fk_loss: 1.26724
  |- smoothness_loss: 0.93514
Val Loss Components:
  |- loss_rot: 0.04621
  |- loss_pos: 0.87920
  |- fk_loss: 1.49045
  |- smoothness_loss: 0.26877
LR: 5.000e-05
Hole frames in this epoch: [4, 16]

Epoch 95 | Train Loss: 0.27183 | Val Loss: 0.48335
Train Loss Components:
  |- loss_rot: 0.02945
  |- loss_pos: 0.25953
  |- fk_loss: 0.60650
  |- smoothness_loss: 0.53812
Val Loss Components:
  |- loss_rot: 0.04642
  |- loss_pos: 0.89007
  |- fk_loss: 1.50208
  |- smoothness_loss: 0.31031
LR: 5.000e-05
Hole frames in this epoch: [4, 16]

Epoch 96 | Train Loss: 0.26787 | Val Loss: 0.49962
Train Loss Components:
  |- loss_rot: 0.03857
  |- loss_pos: 0.41833
  |- fk_loss: 0.93118
  |- smoothness_loss: 0.71907
Val Loss Components:
  |- loss_rot: 0.04636
  |- loss_pos: 0.93362
  |- fk_loss: 1.51674
  |- smoothness_loss: 0.31734
LR: 5.000e-05
Hole frames in this epoch: [4, 16]

Epoch 97 | Train Loss: 0.26031 | Val Loss: 0.49256
Train Loss Components:
  |- loss_rot: 0.02371
  |- loss_pos: 0.20241
  |- fk_loss: 0.48739
  |- smoothness_loss: 0.43882
Val Loss Components:
  |- loss_rot: 0.04604
  |- loss_pos: 0.91317
  |- fk_loss: 1.51281
  |- smoothness_loss: 0.27136
LR: 5.000e-05
Hole frames in this epoch: [4, 16]

Epoch 98 | Train Loss: 0.26509 | Val Loss: 0.48399
Train Loss Components:
  |- loss_rot: 0.03114
  |- loss_pos: 0.24564
  |- fk_loss: 0.64884
  |- smoothness_loss: 0.48037
Val Loss Components:
  |- loss_rot: 0.04598
  |- loss_pos: 0.88747
  |- fk_loss: 1.49648
  |- smoothness_loss: 0.27437
LR: 5.000e-05
Hole frames in this epoch: [4, 16]

Epoch 99 | Train Loss: 0.26056 | Val Loss: 0.47242
Train Loss Components:
  |- loss_rot: 0.04427
  |- loss_pos: 0.47508
  |- fk_loss: 1.12856
  |- smoothness_loss: 0.99023
Val Loss Components:
  |- loss_rot: 0.04616
  |- loss_pos: 0.87276
  |- fk_loss: 1.47439
  |- smoothness_loss: 0.43531
LR: 5.000e-05
Hole frames in this epoch: [4, 16]

Epoch 100 | Train Loss: 0.26172 | Val Loss: 0.47067
Train Loss Components:
  |- loss_rot: 0.04762
  |- loss_pos: 0.55565
  |- fk_loss: 1.25144
  |- smoothness_loss: 0.97234
Val Loss Components:
  |- loss_rot: 0.04579
  |- loss_pos: 0.86135
  |- fk_loss: 1.48201
  |- smoothness_loss: 0.25708
LR: 5.000e-05
Hole frames in this epoch: [4, 16]

Epoch 101 | Train Loss: 0.26960 | Val Loss: 0.47616
Train Loss Components:
  |- loss_rot: 0.03319
  |- loss_pos: 0.27107
  |- fk_loss: 0.67766
  |- smoothness_loss: 0.60567
Val Loss Components:
  |- loss_rot: 0.04594
  |- loss_pos: 0.88729
  |- fk_loss: 1.47309
  |- smoothness_loss: 0.27524
LR: 5.000e-05
Hole frames in this epoch: [4, 16]

Epoch 102 | Train Loss: 0.25321 | Val Loss: 0.47340
Train Loss Components:
  |- loss_rot: 0.04829
  |- loss_pos: 0.72249
  |- fk_loss: 1.44868
  |- smoothness_loss: 1.12884
Val Loss Components:
  |- loss_rot: 0.04562
  |- loss_pos: 0.89970
  |- fk_loss: 1.49917
  |- smoothness_loss: 0.27468
LR: 5.000e-05
Hole frames in this epoch: [4, 16]

Epoch 103 | Train Loss: 0.26165 | Val Loss: 0.48521
Train Loss Components:
  |- loss_rot: 0.02061
  |- loss_pos: 0.19469
  |- fk_loss: 0.41131
  |- smoothness_loss: 0.44863
Val Loss Components:
  |- loss_rot: 0.04561
  |- loss_pos: 0.90641
  |- fk_loss: 1.47915
  |- smoothness_loss: 0.25885
LR: 5.000e-05
Hole frames in this epoch: [4, 16]

Epoch 104 | Train Loss: 0.25508 | Val Loss: 0.46811
Train Loss Components:
  |- loss_rot: 0.04784
  |- loss_pos: 0.46956
  |- fk_loss: 1.22054
  |- smoothness_loss: 0.95936
Val Loss Components:
  |- loss_rot: 0.04537
  |- loss_pos: 0.85675
  |- fk_loss: 1.47035
  |- smoothness_loss: 0.29277
LR: 5.000e-05
Hole frames in this epoch: [4, 16]

Epoch 105 | Train Loss: 0.26181 | Val Loss: 0.46661
Train Loss Components:
  |- loss_rot: 0.04019
  |- loss_pos: 0.37296
  |- fk_loss: 0.95133
  |- smoothness_loss: 0.68434
Val Loss Components:
  |- loss_rot: 0.04556
  |- loss_pos: 0.88225
  |- fk_loss: 1.46529
  |- smoothness_loss: 0.32739
LR: 5.000e-05
Hole frames in this epoch: [4, 16]

Epoch 106 | Train Loss: 0.25772 | Val Loss: 0.47397
Train Loss Components:
  |- loss_rot: 0.04558
  |- loss_pos: 0.48145
  |- fk_loss: 1.17032
  |- smoothness_loss: 0.93536
Val Loss Components:
  |- loss_rot: 0.04506
  |- loss_pos: 0.89125
  |- fk_loss: 1.47139
  |- smoothness_loss: 0.26006
LR: 5.000e-05
Hole frames in this epoch: [4, 16]

Epoch 107 | Train Loss: 0.25632 | Val Loss: 0.46761
Train Loss Components:
  |- loss_rot: 0.05197
  |- loss_pos: 0.63585
  |- fk_loss: 1.50484
  |- smoothness_loss: 0.99906
Val Loss Components:
  |- loss_rot: 0.04511
  |- loss_pos: 0.85145
  |- fk_loss: 1.46243
  |- smoothness_loss: 0.24902
LR: 5.000e-05
Hole frames in this epoch: [4, 16]

Epoch 108 | Train Loss: 0.26378 | Val Loss: 0.47508
Train Loss Components:
  |- loss_rot: 0.04484
  |- loss_pos: 0.55447
  |- fk_loss: 1.20966
  |- smoothness_loss: 0.85778
Val Loss Components:
  |- loss_rot: 0.04504
  |- loss_pos: 0.88698
  |- fk_loss: 1.46515
  |- smoothness_loss: 0.26513
LR: 5.000e-05
Hole frames in this epoch: [4, 16]

Epoch 109 | Train Loss: 0.25422 | Val Loss: 0.45963
Train Loss Components:
  |- loss_rot: 0.02850
  |- loss_pos: 0.22156
  |- fk_loss: 0.58924
  |- smoothness_loss: 0.49281
Val Loss Components:
  |- loss_rot: 0.04500
  |- loss_pos: 0.84663
  |- fk_loss: 1.44634
  |- smoothness_loss: 0.26827
LR: 5.000e-05
Hole frames in this epoch: [4, 16]

Epoch 110 | Train Loss: 0.25494 | Val Loss: 0.46440
Train Loss Components:
  |- loss_rot: 0.03700
  |- loss_pos: 0.31618
  |- fk_loss: 0.82734
  |- smoothness_loss: 0.67633
Val Loss Components:
  |- loss_rot: 0.04500
  |- loss_pos: 0.85894
  |- fk_loss: 1.46007
  |- smoothness_loss: 0.27938
LR: 5.000e-05
Hole frames in this epoch: [4, 16]

Epoch 111 | Train Loss: 0.24727 | Val Loss: 0.46639
Train Loss Components:
  |- loss_rot: 0.03303
  |- loss_pos: 0.25556
  |- fk_loss: 0.67510
  |- smoothness_loss: 0.53780
Val Loss Components:
  |- loss_rot: 0.04507
  |- loss_pos: 0.88184
  |- fk_loss: 1.46790
  |- smoothness_loss: 0.27222
LR: 5.000e-05
Hole frames in this epoch: [4, 16]

Epoch 112 | Train Loss: 0.24970 | Val Loss: 0.46072
Train Loss Components:
  |- loss_rot: 0.03452
  |- loss_pos: 0.27527
  |- fk_loss: 0.71493
  |- smoothness_loss: 0.60587
Val Loss Components:
  |- loss_rot: 0.04480
  |- loss_pos: 0.86990
  |- fk_loss: 1.45283
  |- smoothness_loss: 0.31859
LR: 5.000e-05
Hole frames in this epoch: [4, 16]

Epoch 113 | Train Loss: 0.25804 | Val Loss: 0.46355
Train Loss Components:
  |- loss_rot: 0.04330
  |- loss_pos: 0.55402
  |- fk_loss: 1.21226
  |- smoothness_loss: 0.88261
Val Loss Components:
  |- loss_rot: 0.04496
  |- loss_pos: 0.84513
  |- fk_loss: 1.43969
  |- smoothness_loss: 0.30111
LR: 5.000e-05
Hole frames in this epoch: [4, 16]

Epoch 114 | Train Loss: 0.24527 | Val Loss: 0.46403
Train Loss Components:
  |- loss_rot: 0.04062
  |- loss_pos: 0.44775
  |- fk_loss: 1.04824
  |- smoothness_loss: 0.83690
Val Loss Components:
  |- loss_rot: 0.04478
  |- loss_pos: 0.86504
  |- fk_loss: 1.47297
  |- smoothness_loss: 0.26830
LR: 5.000e-05
Hole frames in this epoch: [4, 16]

Epoch 115 | Train Loss: 0.25461 | Val Loss: 0.45500
Train Loss Components:
  |- loss_rot: 0.02884
  |- loss_pos: 0.24906
  |- fk_loss: 0.61118
  |- smoothness_loss: 0.51911
Val Loss Components:
  |- loss_rot: 0.04465
  |- loss_pos: 0.83566
  |- fk_loss: 1.44441
  |- smoothness_loss: 0.24598
LR: 5.000e-05
Hole frames in this epoch: [4, 16]

Epoch 116 | Train Loss: 0.24547 | Val Loss: 0.46490
Train Loss Components:
  |- loss_rot: 0.04204
  |- loss_pos: 0.40302
  |- fk_loss: 1.06700
  |- smoothness_loss: 0.73557
Val Loss Components:
  |- loss_rot: 0.04458
  |- loss_pos: 0.83498
  |- fk_loss: 1.42483
  |- smoothness_loss: 0.25339
LR: 5.000e-05
Hole frames in this epoch: [4, 16]

Epoch 117 | Train Loss: 0.24917 | Val Loss: 0.47596
Train Loss Components:
  |- loss_rot: 0.04492
  |- loss_pos: 0.66753
  |- fk_loss: 1.30535
  |- smoothness_loss: 1.03714
Val Loss Components:
  |- loss_rot: 0.04438
  |- loss_pos: 0.90732
  |- fk_loss: 1.47068
  |- smoothness_loss: 0.26146
LR: 5.000e-05
Hole frames in this epoch: [4, 16]

Epoch 118 | Train Loss: 0.24677 | Val Loss: 0.45764
Train Loss Components:
  |- loss_rot: 0.03655
  |- loss_pos: 0.32887
  |- fk_loss: 0.84404
  |- smoothness_loss: 0.65020
Val Loss Components:
  |- loss_rot: 0.04447
  |- loss_pos: 0.85092
  |- fk_loss: 1.43459
  |- smoothness_loss: 0.30764
LR: 5.000e-05
Hole frames in this epoch: [4, 16]

Epoch 119 | Train Loss: 0.25321 | Val Loss: 0.45337
Train Loss Components:
  |- loss_rot: 0.04499
  |- loss_pos: 0.54997
  |- fk_loss: 1.24305
  |- smoothness_loss: 0.85263
Val Loss Components:
  |- loss_rot: 0.04441
  |- loss_pos: 0.82662
  |- fk_loss: 1.42684
  |- smoothness_loss: 0.26230
LR: 5.000e-05
Hole frames in this epoch: [4, 16]

Epoch 120 | Train Loss: 0.24547 | Val Loss: 0.46588
Train Loss Components:
  |- loss_rot: 0.03536
  |- loss_pos: 0.31122
  |- fk_loss: 0.77146
  |- smoothness_loss: 0.56583
Val Loss Components:
  |- loss_rot: 0.04419
  |- loss_pos: 0.85539
  |- fk_loss: 1.42387
  |- smoothness_loss: 0.24753
LR: 5.000e-05
Hole frames in this epoch: [4, 16]

Epoch 121 | Train Loss: 0.24587 | Val Loss: 0.45581
Train Loss Components:
  |- loss_rot: 0.03430
  |- loss_pos: 0.27916
  |- fk_loss: 0.74262
  |- smoothness_loss: 0.56353
Val Loss Components:
  |- loss_rot: 0.04433
  |- loss_pos: 0.81452
  |- fk_loss: 1.42884
  |- smoothness_loss: 0.25680
LR: 5.000e-05
Hole frames in this epoch: [4, 16]

Epoch 122 | Train Loss: 0.24700 | Val Loss: 0.45605
Train Loss Components:
  |- loss_rot: 0.03837
  |- loss_pos: 0.31564
  |- fk_loss: 0.86280
  |- smoothness_loss: 0.64580
Val Loss Components:
  |- loss_rot: 0.04419
  |- loss_pos: 0.85782
  |- fk_loss: 1.44846
  |- smoothness_loss: 0.28811
LR: 5.000e-05
Hole frames in this epoch: [4, 16]

Epoch 123 | Train Loss: 0.24729 | Val Loss: 0.45945
Train Loss Components:
  |- loss_rot: 0.03029
  |- loss_pos: 0.28655
  |- fk_loss: 0.67644
  |- smoothness_loss: 0.60914
Val Loss Components:
  |- loss_rot: 0.04435
  |- loss_pos: 0.85771
  |- fk_loss: 1.42168
  |- smoothness_loss: 0.25450
LR: 5.000e-05
Hole frames in this epoch: [4, 16]

Epoch 124 | Train Loss: 0.23100 | Val Loss: 0.45628
Train Loss Components:
  |- loss_rot: 0.02455
  |- loss_pos: 0.18518
  |- fk_loss: 0.47047
  |- smoothness_loss: 0.37391
Val Loss Components:
  |- loss_rot: 0.04425
  |- loss_pos: 0.85735
  |- fk_loss: 1.43298
  |- smoothness_loss: 0.26287
LR: 5.000e-05
Hole frames in this epoch: [4, 16]

Epoch 125 | Train Loss: 0.24198 | Val Loss: 0.45456
Train Loss Components:
  |- loss_rot: 0.03923
  |- loss_pos: 0.35511
  |- fk_loss: 0.89338
  |- smoothness_loss: 0.72263
Val Loss Components:
  |- loss_rot: 0.04412
  |- loss_pos: 0.85365
  |- fk_loss: 1.43645
  |- smoothness_loss: 0.26715
LR: 5.000e-05
Hole frames in this epoch: [4, 16]

Epoch 126 | Train Loss: 0.22793 | Val Loss: 0.44251
Train Loss Components:
  |- loss_rot: 0.03603
  |- loss_pos: 0.25780
  |- fk_loss: 0.74358
  |- smoothness_loss: 0.62637
Val Loss Components:
  |- loss_rot: 0.04363
  |- loss_pos: 0.83230
  |- fk_loss: 1.40365
  |- smoothness_loss: 0.26671
LR: 2.500e-05
Hole frames in this epoch: [4, 16]

Epoch 127 | Train Loss: 0.22563 | Val Loss: 0.43935
Train Loss Components:
  |- loss_rot: 0.04124
  |- loss_pos: 0.34866
  |- fk_loss: 0.93448
  |- smoothness_loss: 0.70789
Val Loss Components:
  |- loss_rot: 0.04356
  |- loss_pos: 0.80847
  |- fk_loss: 1.38497
  |- smoothness_loss: 0.25914
LR: 2.500e-05
Hole frames in this epoch: [4, 16]

Epoch 128 | Train Loss: 0.22776 | Val Loss: 0.43694
Train Loss Components:
  |- loss_rot: 0.04665
  |- loss_pos: 0.45270
  |- fk_loss: 1.20933
  |- smoothness_loss: 0.92933
Val Loss Components:
  |- loss_rot: 0.04370
  |- loss_pos: 0.82142
  |- fk_loss: 1.37430
  |- smoothness_loss: 0.25315
LR: 2.500e-05
Hole frames in this epoch: [4, 16]

Epoch 129 | Train Loss: 0.22505 | Val Loss: 0.43561
Train Loss Components:
  |- loss_rot: 0.03738
  |- loss_pos: 0.31192
  |- fk_loss: 0.84776
  |- smoothness_loss: 0.60624
Val Loss Components:
  |- loss_rot: 0.04353
  |- loss_pos: 0.82119
  |- fk_loss: 1.37621
  |- smoothness_loss: 0.25413
LR: 2.500e-05
Hole frames in this epoch: [4, 16]

Epoch 130 | Train Loss: 0.21983 | Val Loss: 0.43427
Train Loss Components:
  |- loss_rot: 0.03641
  |- loss_pos: 0.29581
  |- fk_loss: 0.78101
  |- smoothness_loss: 0.57237
Val Loss Components:
  |- loss_rot: 0.04342
  |- loss_pos: 0.81297
  |- fk_loss: 1.38678
  |- smoothness_loss: 0.23948
LR: 2.500e-05
Hole frames in this epoch: [4, 16]

Epoch 131 | Train Loss: 0.21852 | Val Loss: 0.45314
Train Loss Components:
  |- loss_rot: 0.02537
  |- loss_pos: 0.19371
  |- fk_loss: 0.49971
  |- smoothness_loss: 0.45173
Val Loss Components:
  |- loss_rot: 0.04349
  |- loss_pos: 0.85006
  |- fk_loss: 1.42090
  |- smoothness_loss: 0.28731
LR: 2.500e-05
Hole frames in this epoch: [4, 16]

Epoch 132 | Train Loss: 0.22048 | Val Loss: 0.43974
Train Loss Components:
  |- loss_rot: 0.04146
  |- loss_pos: 0.43229
  |- fk_loss: 1.06300
  |- smoothness_loss: 0.78885
Val Loss Components:
  |- loss_rot: 0.04350
  |- loss_pos: 0.84045
  |- fk_loss: 1.39039
  |- smoothness_loss: 0.25911
LR: 2.500e-05
Hole frames in this epoch: [4, 16]

Epoch 133 | Train Loss: 0.22004 | Val Loss: 0.44230
Train Loss Components:
  |- loss_rot: 0.03938
  |- loss_pos: 0.32694
  |- fk_loss: 0.89670
  |- smoothness_loss: 0.69854
Val Loss Components:
  |- loss_rot: 0.04340
  |- loss_pos: 0.82522
  |- fk_loss: 1.38874
  |- smoothness_loss: 0.26466
LR: 2.500e-05
Hole frames in this epoch: [4, 16]

Epoch 134 | Train Loss: 0.21664 | Val Loss: 0.43904
Train Loss Components:
  |- loss_rot: 0.02433
  |- loss_pos: 0.18285
  |- fk_loss: 0.47199
  |- smoothness_loss: 0.42540
Val Loss Components:
  |- loss_rot: 0.04351
  |- loss_pos: 0.85440
  |- fk_loss: 1.40284
  |- smoothness_loss: 0.24600
LR: 2.500e-05
Hole frames in this epoch: [4, 16]

Epoch 135 | Train Loss: 0.21770 | Val Loss: 0.44760
Train Loss Components:
  |- loss_rot: 0.03401
  |- loss_pos: 0.28354
  |- fk_loss: 0.76538
  |- smoothness_loss: 0.53349
Val Loss Components:
  |- loss_rot: 0.04333
  |- loss_pos: 0.83220
  |- fk_loss: 1.40173
  |- smoothness_loss: 0.24759
LR: 2.500e-05
Hole frames in this epoch: [4, 16]

Epoch 136 | Train Loss: 0.22342 | Val Loss: 0.43556
Train Loss Components:
  |- loss_rot: 0.04266
  |- loss_pos: 0.44287
  |- fk_loss: 1.09114
  |- smoothness_loss: 0.77760
Val Loss Components:
  |- loss_rot: 0.04325
  |- loss_pos: 0.81189
  |- fk_loss: 1.37661
  |- smoothness_loss: 0.24239
LR: 2.500e-05
Hole frames in this epoch: [4, 16]

Epoch 137 | Train Loss: 0.21442 | Val Loss: 0.42955
Train Loss Components:
  |- loss_rot: 0.01758
  |- loss_pos: 0.14267
  |- fk_loss: 0.32858
  |- smoothness_loss: 0.32441
Val Loss Components:
  |- loss_rot: 0.04324
  |- loss_pos: 0.81857
  |- fk_loss: 1.36734
  |- smoothness_loss: 0.25071
LR: 1.250e-05
Hole frames in this epoch: [4, 16]

Epoch 138 | Train Loss: 0.21405 | Val Loss: 0.42600
Train Loss Components:
  |- loss_rot: 0.03433
  |- loss_pos: 0.24046
  |- fk_loss: 0.67412
  |- smoothness_loss: 0.51370
Val Loss Components:
  |- loss_rot: 0.04309
  |- loss_pos: 0.78919
  |- fk_loss: 1.35228
  |- smoothness_loss: 0.24946
LR: 1.250e-05
Hole frames in this epoch: [4, 16]

Epoch 139 | Train Loss: 0.21177 | Val Loss: 0.42613
Train Loss Components:
  |- loss_rot: 0.02182
  |- loss_pos: 0.15620
  |- fk_loss: 0.39173
  |- smoothness_loss: 0.36195
Val Loss Components:
  |- loss_rot: 0.04315
  |- loss_pos: 0.80699
  |- fk_loss: 1.36091
  |- smoothness_loss: 0.24152
LR: 1.250e-05
Hole frames in this epoch: [4, 16]

Epoch 140 | Train Loss: 0.20951 | Val Loss: 0.42510
Train Loss Components:
  |- loss_rot: 0.01850
  |- loss_pos: 0.13671
  |- fk_loss: 0.32895
  |- smoothness_loss: 0.26585
Val Loss Components:
  |- loss_rot: 0.04292
  |- loss_pos: 0.80384
  |- fk_loss: 1.36562
  |- smoothness_loss: 0.23191
LR: 1.250e-05
Hole frames in this epoch: [4, 16]

Epoch 141 | Train Loss: 0.21067 | Val Loss: 0.42661
Train Loss Components:
  |- loss_rot: 0.03891
  |- loss_pos: 0.28147
  |- fk_loss: 0.83274
  |- smoothness_loss: 0.68733
Val Loss Components:
  |- loss_rot: 0.04288
  |- loss_pos: 0.79682
  |- fk_loss: 1.35326
  |- smoothness_loss: 0.24311
LR: 1.250e-05
Hole frames in this epoch: [4, 16]

Epoch 142 | Train Loss: 0.20785 | Val Loss: 0.43008
Train Loss Components:
  |- loss_rot: 0.02602
  |- loss_pos: 0.18359
  |- fk_loss: 0.49457
  |- smoothness_loss: 0.38297
Val Loss Components:
  |- loss_rot: 0.04295
  |- loss_pos: 0.79101
  |- fk_loss: 1.34731
  |- smoothness_loss: 0.25645
LR: 1.250e-05
Hole frames in this epoch: [4, 16]

Epoch 143 | Train Loss: 0.21052 | Val Loss: 0.42653
Train Loss Components:
  |- loss_rot: 0.03215
  |- loss_pos: 0.21623
  |- fk_loss: 0.61629
  |- smoothness_loss: 0.52352
Val Loss Components:
  |- loss_rot: 0.04297
  |- loss_pos: 0.78894
  |- fk_loss: 1.35853
  |- smoothness_loss: 0.25038
LR: 1.250e-05
Hole frames in this epoch: [4, 16]

Epoch 144 | Train Loss: 0.21307 | Val Loss: 0.42766
Train Loss Components:
  |- loss_rot: 0.03677
  |- loss_pos: 0.25481
  |- fk_loss: 0.73735
  |- smoothness_loss: 0.62558
Val Loss Components:
  |- loss_rot: 0.04286
  |- loss_pos: 0.80628
  |- fk_loss: 1.35212
  |- smoothness_loss: 0.24189
LR: 1.250e-05
Hole frames in this epoch: [4, 16]

Epoch 145 | Train Loss: 0.20780 | Val Loss: 0.42460
Train Loss Components:
  |- loss_rot: 0.03640
  |- loss_pos: 0.26501
  |- fk_loss: 0.79035
  |- smoothness_loss: 0.57349
Val Loss Components:
  |- loss_rot: 0.04292
  |- loss_pos: 0.79151
  |- fk_loss: 1.35421
  |- smoothness_loss: 0.23698
LR: 1.250e-05
Hole frames in this epoch: [4, 16]

Epoch 146 | Train Loss: 0.21209 | Val Loss: 0.42404
Train Loss Components:
  |- loss_rot: 0.04957
  |- loss_pos: 0.48090
  |- fk_loss: 1.33732
  |- smoothness_loss: 0.97462
Val Loss Components:
  |- loss_rot: 0.04290
  |- loss_pos: 0.79269
  |- fk_loss: 1.34549
  |- smoothness_loss: 0.24632
LR: 1.250e-05
Hole frames in this epoch: [4, 16]

Epoch 147 | Train Loss: 0.19966 | Val Loss: 0.42140
Train Loss Components:
  |- loss_rot: 0.02405
  |- loss_pos: 0.17446
  |- fk_loss: 0.46109
  |- smoothness_loss: 0.35177
Val Loss Components:
  |- loss_rot: 0.04287
  |- loss_pos: 0.78082
  |- fk_loss: 1.33827
  |- smoothness_loss: 0.25186
LR: 1.250e-05
Hole frames in this epoch: [4, 16]

Epoch 148 | Train Loss: 0.20409 | Val Loss: 0.42230
Train Loss Components:
  |- loss_rot: 0.03693
  |- loss_pos: 0.25512
  |- fk_loss: 0.78341
  |- smoothness_loss: 0.63072
Val Loss Components:
  |- loss_rot: 0.04290
  |- loss_pos: 0.78190
  |- fk_loss: 1.35262
  |- smoothness_loss: 0.23953
LR: 1.250e-05
Hole frames in this epoch: [4, 16]

Epoch 149 | Train Loss: 0.20764 | Val Loss: 0.42300
Train Loss Components:
  |- loss_rot: 0.04595
  |- loss_pos: 0.45319
  |- fk_loss: 1.15819
  |- smoothness_loss: 0.83125
Val Loss Components:
  |- loss_rot: 0.04287
  |- loss_pos: 0.77749
  |- fk_loss: 1.33944
  |- smoothness_loss: 0.24512
LR: 1.250e-05
Hole frames in this epoch: [4, 16]

Epoch 150 | Train Loss: 0.20587 | Val Loss: 0.42447
Train Loss Components:
  |- loss_rot: 0.03122
  |- loss_pos: 0.22799
  |- fk_loss: 0.64927
  |- smoothness_loss: 0.53928
Val Loss Components:
  |- loss_rot: 0.04281
  |- loss_pos: 0.80208
  |- fk_loss: 1.35232
  |- smoothness_loss: 0.24007
LR: 1.250e-05
Hole frames in this epoch: [4, 16]

Epoch 151 | Train Loss: 0.20434 | Val Loss: 0.42005
Train Loss Components:
  |- loss_rot: 0.02926
  |- loss_pos: 0.18805
  |- fk_loss: 0.55009
  |- smoothness_loss: 0.53816
Val Loss Components:
  |- loss_rot: 0.04275
  |- loss_pos: 0.78434
  |- fk_loss: 1.35059
  |- smoothness_loss: 0.23999
LR: 1.250e-05
Hole frames in this epoch: [4, 16]

Epoch 152 | Train Loss: 0.20775 | Val Loss: 0.42538
Train Loss Components:
  |- loss_rot: 0.04426
  |- loss_pos: 0.44041
  |- fk_loss: 1.11932
  |- smoothness_loss: 0.84131
Val Loss Components:
  |- loss_rot: 0.04275
  |- loss_pos: 0.78930
  |- fk_loss: 1.35225
  |- smoothness_loss: 0.24664
LR: 1.250e-05
Hole frames in this epoch: [4, 16]

Epoch 153 | Train Loss: 0.20690 | Val Loss: 0.42598
Train Loss Components:
  |- loss_rot: 0.01915
  |- loss_pos: 0.14477
  |- fk_loss: 0.36375
  |- smoothness_loss: 0.33153
Val Loss Components:
  |- loss_rot: 0.04262
  |- loss_pos: 0.78712
  |- fk_loss: 1.34160
  |- smoothness_loss: 0.24423
LR: 1.250e-05
Hole frames in this epoch: [4, 16]

Epoch 154 | Train Loss: 0.19806 | Val Loss: 0.42143
Train Loss Components:
  |- loss_rot: 0.04133
  |- loss_pos: 0.31702
  |- fk_loss: 0.95350
  |- smoothness_loss: 0.83184
Val Loss Components:
  |- loss_rot: 0.04269
  |- loss_pos: 0.77820
  |- fk_loss: 1.33293
  |- smoothness_loss: 0.24073
LR: 1.250e-05
Hole frames in this epoch: [4, 16]

Epoch 155 | Train Loss: 0.20040 | Val Loss: 0.42487
Train Loss Components:
  |- loss_rot: 0.01793
  |- loss_pos: 0.13502
  |- fk_loss: 0.32252
  |- smoothness_loss: 0.24034
Val Loss Components:
  |- loss_rot: 0.04266
  |- loss_pos: 0.78283
  |- fk_loss: 1.34419
  |- smoothness_loss: 0.24432
LR: 1.250e-05
Hole frames in this epoch: [4, 16]

Epoch 156 | Train Loss: 0.20840 | Val Loss: 0.41773
Train Loss Components:
  |- loss_rot: 0.04485
  |- loss_pos: 0.50233
  |- fk_loss: 1.22049
  |- smoothness_loss: 0.89705
Val Loss Components:
  |- loss_rot: 0.04262
  |- loss_pos: 0.77913
  |- fk_loss: 1.33540
  |- smoothness_loss: 0.24322
LR: 1.250e-05
Hole frames in this epoch: [4, 16]

Epoch 157 | Train Loss: 0.20075 | Val Loss: 0.42058
Train Loss Components:
  |- loss_rot: 0.03338
  |- loss_pos: 0.23776
  |- fk_loss: 0.69188
  |- smoothness_loss: 0.54120
Val Loss Components:
  |- loss_rot: 0.04256
  |- loss_pos: 0.78953
  |- fk_loss: 1.33891
  |- smoothness_loss: 0.24274
LR: 1.250e-05
Hole frames in this epoch: [4, 16]

Epoch 158 | Train Loss: 0.21273 | Val Loss: 0.42191
Train Loss Components:
  |- loss_rot: 0.03650
  |- loss_pos: 0.24846
  |- fk_loss: 0.73896
  |- smoothness_loss: 0.61268
Val Loss Components:
  |- loss_rot: 0.04267
  |- loss_pos: 0.78871
  |- fk_loss: 1.34167
  |- smoothness_loss: 0.24381
LR: 1.250e-05
Hole frames in this epoch: [4, 16]

Epoch 159 | Train Loss: 0.19925 | Val Loss: 0.42402
Train Loss Components:
  |- loss_rot: 0.02052
  |- loss_pos: 0.14909
  |- fk_loss: 0.38390
  |- smoothness_loss: 0.34886
Val Loss Components:
  |- loss_rot: 0.04264
  |- loss_pos: 0.78635
  |- fk_loss: 1.34406
  |- smoothness_loss: 0.24578
LR: 1.250e-05
Hole frames in this epoch: [4, 16]

Epoch 160 | Train Loss: 0.20866 | Val Loss: 0.41847
Train Loss Components:
  |- loss_rot: 0.03266
  |- loss_pos: 0.22362
  |- fk_loss: 0.64938
  |- smoothness_loss: 0.57921
Val Loss Components:
  |- loss_rot: 0.04261
  |- loss_pos: 0.78722
  |- fk_loss: 1.34121
  |- smoothness_loss: 0.24269
LR: 1.250e-05
Hole frames in this epoch: [4, 16]

Epoch 161 | Train Loss: 0.20279 | Val Loss: 0.42191
Train Loss Components:
  |- loss_rot: 0.03715
  |- loss_pos: 0.25845
  |- fk_loss: 0.79521
  |- smoothness_loss: 0.60575
Val Loss Components:
  |- loss_rot: 0.04254
  |- loss_pos: 0.79312
  |- fk_loss: 1.34863
  |- smoothness_loss: 0.24321
LR: 1.250e-05
Hole frames in this epoch: [4, 16]

Epoch 162 | Train Loss: 0.20632 | Val Loss: 0.42113
Train Loss Components:
  |- loss_rot: 0.04027
  |- loss_pos: 0.29569
  |- fk_loss: 0.89227
  |- smoothness_loss: 0.67793
Val Loss Components:
  |- loss_rot: 0.04258
  |- loss_pos: 0.78523
  |- fk_loss: 1.33586
  |- smoothness_loss: 0.23790
LR: 1.250e-05
Hole frames in this epoch: [4, 16]

Epoch 163 | Train Loss: 0.20617 | Val Loss: 0.41948
Train Loss Components:
  |- loss_rot: 0.02076
  |- loss_pos: 0.15691
  |- fk_loss: 0.39659
  |- smoothness_loss: 0.35684
Val Loss Components:
  |- loss_rot: 0.04244
  |- loss_pos: 0.77910
  |- fk_loss: 1.32669
  |- smoothness_loss: 0.24476
LR: 6.250e-06
Hole frames in this epoch: [4, 16]

Epoch 164 | Train Loss: 0.19571 | Val Loss: 0.41838
Train Loss Components:
  |- loss_rot: 0.02348
  |- loss_pos: 0.15712
  |- fk_loss: 0.45619
  |- smoothness_loss: 0.34830
Val Loss Components:
  |- loss_rot: 0.04246
  |- loss_pos: 0.78352
  |- fk_loss: 1.33500
  |- smoothness_loss: 0.24359
LR: 6.250e-06
Hole frames in this epoch: [4, 16]

Training time: 5106.53 s