Epoch 1 | Train Loss: 0.50342 | Val Loss: 1.12732
Train Loss Components:
  |- loss_rot: 0.05038
  |- loss_pos: 0.39093
  |- fk_loss: 1.86732
  |- smoothness_loss: 0.17959
Val Loss Components:
  |- loss_rot: 0.06929
  |- loss_pos: 2.00264
  |- fk_loss: 3.82094
  |- smoothness_loss: 0.00743
LR: 1.000e-04
Hole frames in this epoch: [4, 6]

Epoch 2 | Train Loss: 0.45067 | Val Loss: 1.09144
Train Loss Components:
  |- loss_rot: 0.04965
  |- loss_pos: 1.00075
  |- fk_loss: 2.06166
  |- smoothness_loss: 0.10570
Val Loss Components:
  |- loss_rot: 0.06024
  |- loss_pos: 2.00036
  |- fk_loss: 3.51224
  |- smoothness_loss: 0.00755
LR: 1.000e-04
Hole frames in this epoch: [4, 8]

Epoch 3 | Train Loss: 0.47489 | Val Loss: 1.07406
Train Loss Components:
  |- loss_rot: 0.04271
  |- loss_pos: 1.07126
  |- fk_loss: 1.94427
  |- smoothness_loss: 0.06835
Val Loss Components:
  |- loss_rot: 0.05480
  |- loss_pos: 1.99065
  |- fk_loss: 3.38068
  |- smoothness_loss: 0.00737
LR: 1.000e-04
Hole frames in this epoch: [4, 10]

Epoch 4 | Train Loss: 0.54103 | Val Loss: 1.04265
Train Loss Components:
  |- loss_rot: 0.02772
  |- loss_pos: 0.48076
  |- fk_loss: 1.07525
  |- smoothness_loss: 0.06373
Val Loss Components:
  |- loss_rot: 0.05060
  |- loss_pos: 1.93349
  |- fk_loss: 3.25639
  |- smoothness_loss: 0.00731
LR: 1.000e-04
Hole frames in this epoch: [4, 12]

Epoch 5 | Train Loss: 0.58567 | Val Loss: 1.02432
Train Loss Components:
  |- loss_rot: 0.04596
  |- loss_pos: 1.49652
  |- fk_loss: 2.69279
  |- smoothness_loss: 0.03480
Val Loss Components:
  |- loss_rot: 0.04714
  |- loss_pos: 1.91433
  |- fk_loss: 3.17283
  |- smoothness_loss: 0.00705
LR: 1.000e-04
Hole frames in this epoch: [4, 14]

Epoch 6 | Train Loss: 0.64956 | Val Loss: 0.99507
Train Loss Components:
  |- loss_rot: 0.04962
  |- loss_pos: 1.99043
  |- fk_loss: 3.29465
  |- smoothness_loss: 0.05619
Val Loss Components:
  |- loss_rot: 0.04518
  |- loss_pos: 1.87106
  |- fk_loss: 3.11688
  |- smoothness_loss: 0.01076
LR: 1.000e-04
Hole frames in this epoch: [4, 16]

Epoch 7 | Train Loss: 0.60785 | Val Loss: 0.94996
Train Loss Components:
  |- loss_rot: 0.01672
  |- loss_pos: 0.39139
  |- fk_loss: 0.66348
  |- smoothness_loss: 0.09924
Val Loss Components:
  |- loss_rot: 0.04369
  |- loss_pos: 1.76758
  |- fk_loss: 3.03664
  |- smoothness_loss: 0.02752
LR: 1.000e-04
Hole frames in this epoch: [4, 16]

Epoch 8 | Train Loss: 0.58164 | Val Loss: 0.91638
Train Loss Components:
  |- loss_rot: 0.02421
  |- loss_pos: 0.70079
  |- fk_loss: 1.26984
  |- smoothness_loss: 0.08321
Val Loss Components:
  |- loss_rot: 0.04266
  |- loss_pos: 1.70126
  |- fk_loss: 2.98487
  |- smoothness_loss: 0.02016
LR: 1.000e-04
Hole frames in this epoch: [4, 16]

Epoch 9 | Train Loss: 0.54501 | Val Loss: 0.88044
Train Loss Components:
  |- loss_rot: 0.04002
  |- loss_pos: 1.23542
  |- fk_loss: 2.57399
  |- smoothness_loss: 0.07260
Val Loss Components:
  |- loss_rot: 0.04170
  |- loss_pos: 1.59224
  |- fk_loss: 2.93826
  |- smoothness_loss: 0.02103
LR: 1.000e-04
Hole frames in this epoch: [4, 16]

Epoch 10 | Train Loss: 0.55172 | Val Loss: 0.86330
Train Loss Components:
  |- loss_rot: 0.04736
  |- loss_pos: 1.47532
  |- fk_loss: 2.93352
  |- smoothness_loss: 0.08628
Val Loss Components:
  |- loss_rot: 0.04163
  |- loss_pos: 1.56610
  |- fk_loss: 2.91884
  |- smoothness_loss: 0.03275
LR: 1.000e-04
Hole frames in this epoch: [4, 16]

Epoch 11 | Train Loss: 0.50214 | Val Loss: 0.81484
Train Loss Components:
  |- loss_rot: 0.04308
  |- loss_pos: 1.39403
  |- fk_loss: 2.74852
  |- smoothness_loss: 0.12864
Val Loss Components:
  |- loss_rot: 0.04200
  |- loss_pos: 1.39747
  |- fk_loss: 2.82520
  |- smoothness_loss: 0.04585
LR: 1.000e-04
Hole frames in this epoch: [4, 16]

Epoch 12 | Train Loss: 0.49064 | Val Loss: 0.79564
Train Loss Components:
  |- loss_rot: 0.04123
  |- loss_pos: 1.18781
  |- fk_loss: 2.46889
  |- smoothness_loss: 0.10812
Val Loss Components:
  |- loss_rot: 0.04194
  |- loss_pos: 1.36689
  |- fk_loss: 2.79639
  |- smoothness_loss: 0.04264
LR: 1.000e-04
Hole frames in this epoch: [4, 16]

Epoch 13 | Train Loss: 0.47542 | Val Loss: 0.77565
Train Loss Components:
  |- loss_rot: 0.04334
  |- loss_pos: 1.39981
  |- fk_loss: 2.68956
  |- smoothness_loss: 0.13773
Val Loss Components:
  |- loss_rot: 0.04221
  |- loss_pos: 1.31774
  |- fk_loss: 2.73048
  |- smoothness_loss: 0.04887
LR: 1.000e-04
Hole frames in this epoch: [4, 16]

Epoch 14 | Train Loss: 0.46520 | Val Loss: 0.77123
Train Loss Components:
  |- loss_rot: 0.03783
  |- loss_pos: 0.92042
  |- fk_loss: 2.22142
  |- smoothness_loss: 0.16073
Val Loss Components:
  |- loss_rot: 0.04195
  |- loss_pos: 1.27688
  |- fk_loss: 2.71746
  |- smoothness_loss: 0.05484
LR: 1.000e-04
Hole frames in this epoch: [4, 16]

Epoch 15 | Train Loss: 0.45704 | Val Loss: 0.77988
Train Loss Components:
  |- loss_rot: 0.02623
  |- loss_pos: 0.63444
  |- fk_loss: 1.34274
  |- smoothness_loss: 0.12012
Val Loss Components:
  |- loss_rot: 0.04225
  |- loss_pos: 1.28224
  |- fk_loss: 2.68004
  |- smoothness_loss: 0.04570
LR: 1.000e-04
Hole frames in this epoch: [4, 16]

Epoch 16 | Train Loss: 0.45589 | Val Loss: 0.74359
Train Loss Components:
  |- loss_rot: 0.04162
  |- loss_pos: 1.08396
  |- fk_loss: 2.37822
  |- smoothness_loss: 0.16126
Val Loss Components:
  |- loss_rot: 0.04212
  |- loss_pos: 1.18462
  |- fk_loss: 2.61151
  |- smoothness_loss: 0.04892
LR: 1.000e-04
Hole frames in this epoch: [4, 16]

Epoch 17 | Train Loss: 0.44263 | Val Loss: 0.73507
Train Loss Components:
  |- loss_rot: 0.02812
  |- loss_pos: 0.60649
  |- fk_loss: 1.38557
  |- smoothness_loss: 0.12970
Val Loss Components:
  |- loss_rot: 0.04208
  |- loss_pos: 1.22848
  |- fk_loss: 2.67064
  |- smoothness_loss: 0.05727
LR: 1.000e-04
Hole frames in this epoch: [4, 16]

Epoch 18 | Train Loss: 0.42420 | Val Loss: 0.72524
Train Loss Components:
  |- loss_rot: 0.02529
  |- loss_pos: 0.48770
  |- fk_loss: 1.22015
  |- smoothness_loss: 0.10943
Val Loss Components:
  |- loss_rot: 0.04222
  |- loss_pos: 1.22243
  |- fk_loss: 2.61156
  |- smoothness_loss: 0.05981
LR: 1.000e-04
Hole frames in this epoch: [4, 16]

Epoch 19 | Train Loss: 0.43084 | Val Loss: 0.71875
Train Loss Components:
  |- loss_rot: 0.03470
  |- loss_pos: 0.79799
  |- fk_loss: 1.76211
  |- smoothness_loss: 0.14106
Val Loss Components:
  |- loss_rot: 0.04190
  |- loss_pos: 1.15517
  |- fk_loss: 2.56716
  |- smoothness_loss: 0.06307
LR: 1.000e-04
Hole frames in this epoch: [4, 16]

Epoch 20 | Train Loss: 0.44046 | Val Loss: 0.71896
Train Loss Components:
  |- loss_rot: 0.01785
  |- loss_pos: 0.29131
  |- fk_loss: 0.73625
  |- smoothness_loss: 0.14181
Val Loss Components:
  |- loss_rot: 0.04198
  |- loss_pos: 1.14879
  |- fk_loss: 2.57603
  |- smoothness_loss: 0.06922
LR: 1.000e-04
Hole frames in this epoch: [4, 16]

Epoch 21 | Train Loss: 0.42630 | Val Loss: 0.71342
Train Loss Components:
  |- loss_rot: 0.03932
  |- loss_pos: 0.95699
  |- fk_loss: 2.13388
  |- smoothness_loss: 0.16443
Val Loss Components:
  |- loss_rot: 0.04208
  |- loss_pos: 1.17144
  |- fk_loss: 2.55015
  |- smoothness_loss: 0.06147
LR: 1.000e-04
Hole frames in this epoch: [4, 16]

Epoch 22 | Train Loss: 0.43373 | Val Loss: 0.71227
Train Loss Components:
  |- loss_rot: 0.01768
  |- loss_pos: 0.28975
  |- fk_loss: 0.72645
  |- smoothness_loss: 0.11718
Val Loss Components:
  |- loss_rot: 0.04231
  |- loss_pos: 1.17990
  |- fk_loss: 2.58328
  |- smoothness_loss: 0.07165
LR: 1.000e-04
Hole frames in this epoch: [4, 16]

Epoch 23 | Train Loss: 0.40009 | Val Loss: 0.70908
Train Loss Components:
  |- loss_rot: 0.02453
  |- loss_pos: 0.38433
  |- fk_loss: 1.06733
  |- smoothness_loss: 0.12378
Val Loss Components:
  |- loss_rot: 0.04280
  |- loss_pos: 1.20540
  |- fk_loss: 2.61776
  |- smoothness_loss: 0.08821
LR: 1.000e-04
Hole frames in this epoch: [4, 16]

Epoch 24 | Train Loss: 0.40672 | Val Loss: 0.70323
Train Loss Components:
  |- loss_rot: 0.02290
  |- loss_pos: 0.37760
  |- fk_loss: 0.97901
  |- smoothness_loss: 0.09510
Val Loss Components:
  |- loss_rot: 0.04216
  |- loss_pos: 1.13229
  |- fk_loss: 2.51722
  |- smoothness_loss: 0.06747
LR: 1.000e-04
Hole frames in this epoch: [4, 16]

Epoch 25 | Train Loss: 0.38140 | Val Loss: 0.67652
Train Loss Components:
  |- loss_rot: 0.03382
  |- loss_pos: 0.59598
  |- fk_loss: 1.60458
  |- smoothness_loss: 0.14028
Val Loss Components:
  |- loss_rot: 0.04211
  |- loss_pos: 1.09939
  |- fk_loss: 2.48606
  |- smoothness_loss: 0.06610
LR: 1.000e-04
Hole frames in this epoch: [4, 16]

Epoch 26 | Train Loss: 0.39884 | Val Loss: 0.67422
Train Loss Components:
  |- loss_rot: 0.01625
  |- loss_pos: 0.25496
  |- fk_loss: 0.60684
  |- smoothness_loss: 0.19957
Val Loss Components:
  |- loss_rot: 0.04195
  |- loss_pos: 1.08578
  |- fk_loss: 2.47549
  |- smoothness_loss: 0.06695
LR: 1.000e-04
Hole frames in this epoch: [4, 16]

Epoch 27 | Train Loss: 0.42156 | Val Loss: 0.66416
Train Loss Components:
  |- loss_rot: 0.04112
  |- loss_pos: 0.98813
  |- fk_loss: 2.22703
  |- smoothness_loss: 0.21817
Val Loss Components:
  |- loss_rot: 0.04224
  |- loss_pos: 1.05244
  |- fk_loss: 2.45568
  |- smoothness_loss: 0.08062
LR: 1.000e-04
Hole frames in this epoch: [4, 16]

Epoch 28 | Train Loss: 0.41348 | Val Loss: 0.66033
Train Loss Components:
  |- loss_rot: 0.01862
  |- loss_pos: 0.27311
  |- fk_loss: 0.72209
  |- smoothness_loss: 0.13451
Val Loss Components:
  |- loss_rot: 0.04211
  |- loss_pos: 1.05034
  |- fk_loss: 2.42904
  |- smoothness_loss: 0.06712
LR: 1.000e-04
Hole frames in this epoch: [4, 16]

Epoch 29 | Train Loss: 0.36867 | Val Loss: 0.65453
Train Loss Components:
  |- loss_rot: 0.04807
  |- loss_pos: 1.21613
  |- fk_loss: 2.73146
  |- smoothness_loss: 0.20966
Val Loss Components:
  |- loss_rot: 0.04247
  |- loss_pos: 1.06070
  |- fk_loss: 2.41771
  |- smoothness_loss: 0.07032
LR: 1.000e-04
Hole frames in this epoch: [4, 16]

Epoch 30 | Train Loss: 0.38306 | Val Loss: 0.66394
Train Loss Components:
  |- loss_rot: 0.02740
  |- loss_pos: 0.45949
  |- fk_loss: 1.20929
  |- smoothness_loss: 0.15216
Val Loss Components:
  |- loss_rot: 0.04260
  |- loss_pos: 1.12969
  |- fk_loss: 2.46643
  |- smoothness_loss: 0.05345
LR: 1.000e-04
Hole frames in this epoch: [4, 16]

Epoch 31 | Train Loss: 0.38120 | Val Loss: 0.65789
Train Loss Components:
  |- loss_rot: 0.03825
  |- loss_pos: 0.74079
  |- fk_loss: 1.82883
  |- smoothness_loss: 0.16416
Val Loss Components:
  |- loss_rot: 0.04268
  |- loss_pos: 1.06738
  |- fk_loss: 2.40301
  |- smoothness_loss: 0.06219
LR: 1.000e-04
Hole frames in this epoch: [4, 16]

Epoch 32 | Train Loss: 0.37096 | Val Loss: 0.64440
Train Loss Components:
  |- loss_rot: 0.03581
  |- loss_pos: 0.63933
  |- fk_loss: 1.68562
  |- smoothness_loss: 0.15429
Val Loss Components:
  |- loss_rot: 0.04269
  |- loss_pos: 1.04550
  |- fk_loss: 2.40840
  |- smoothness_loss: 0.06716
LR: 1.000e-04
Hole frames in this epoch: [4, 16]

Epoch 33 | Train Loss: 0.35307 | Val Loss: 0.65901
Train Loss Components:
  |- loss_rot: 0.01306
  |- loss_pos: 0.19173
  |- fk_loss: 0.48343
  |- smoothness_loss: 0.09651
Val Loss Components:
  |- loss_rot: 0.04349
  |- loss_pos: 1.07687
  |- fk_loss: 2.44162
  |- smoothness_loss: 0.06816
LR: 1.000e-04
Hole frames in this epoch: [4, 16]

Epoch 34 | Train Loss: 0.37115 | Val Loss: 0.63048
Train Loss Components:
  |- loss_rot: 0.04681
  |- loss_pos: 1.02862
  |- fk_loss: 2.44801
  |- smoothness_loss: 0.22903
Val Loss Components:
  |- loss_rot: 0.04282
  |- loss_pos: 0.99613
  |- fk_loss: 2.37448
  |- smoothness_loss: 0.07054
LR: 1.000e-04
Hole frames in this epoch: [4, 16]

Epoch 35 | Train Loss: 0.36690 | Val Loss: 0.63629
Train Loss Components:
  |- loss_rot: 0.04081
  |- loss_pos: 0.74405
  |- fk_loss: 1.88956
  |- smoothness_loss: 0.20730
Val Loss Components:
  |- loss_rot: 0.04312
  |- loss_pos: 1.04558
  |- fk_loss: 2.37449
  |- smoothness_loss: 0.06801
LR: 1.000e-04
Hole frames in this epoch: [4, 16]

Epoch 36 | Train Loss: 0.35960 | Val Loss: 0.60919
Train Loss Components:
  |- loss_rot: 0.04293
  |- loss_pos: 0.92973
  |- fk_loss: 2.10491
  |- smoothness_loss: 0.24389
Val Loss Components:
  |- loss_rot: 0.04231
  |- loss_pos: 0.98756
  |- fk_loss: 2.22730
  |- smoothness_loss: 0.08570
LR: 1.000e-04
Hole frames in this epoch: [4, 16]

Epoch 37 | Train Loss: 0.33620 | Val Loss: 0.61963
Train Loss Components:
  |- loss_rot: 0.03406
  |- loss_pos: 0.53618
  |- fk_loss: 1.42834
  |- smoothness_loss: 0.18961
Val Loss Components:
  |- loss_rot: 0.04178
  |- loss_pos: 1.01887
  |- fk_loss: 2.19872
  |- smoothness_loss: 0.08549
LR: 1.000e-04
Hole frames in this epoch: [4, 16]

Epoch 38 | Train Loss: 0.33679 | Val Loss: 0.60032
Train Loss Components:
  |- loss_rot: 0.02873
  |- loss_pos: 0.44698
  |- fk_loss: 1.09050
  |- smoothness_loss: 0.21370
Val Loss Components:
  |- loss_rot: 0.04109
  |- loss_pos: 0.98842
  |- fk_loss: 2.14181
  |- smoothness_loss: 0.09009
LR: 1.000e-04
Hole frames in this epoch: [4, 16]

Epoch 39 | Train Loss: 0.35105 | Val Loss: 0.59049
Train Loss Components:
  |- loss_rot: 0.03505
  |- loss_pos: 0.62995
  |- fk_loss: 1.50256
  |- smoothness_loss: 0.22351
Val Loss Components:
  |- loss_rot: 0.04053
  |- loss_pos: 1.01326
  |- fk_loss: 2.14473
  |- smoothness_loss: 0.09833
LR: 1.000e-04
Hole frames in this epoch: [4, 16]

Epoch 40 | Train Loss: 0.33001 | Val Loss: 0.59696
Train Loss Components:
  |- loss_rot: 0.03670
  |- loss_pos: 0.65862
  |- fk_loss: 1.55912
  |- smoothness_loss: 0.32669
Val Loss Components:
  |- loss_rot: 0.04028
  |- loss_pos: 0.97964
  |- fk_loss: 2.09686
  |- smoothness_loss: 0.09983
LR: 1.000e-04
Hole frames in this epoch: [4, 16]

Epoch 41 | Train Loss: 0.33369 | Val Loss: 0.58990
Train Loss Components:
  |- loss_rot: 0.02283
  |- loss_pos: 0.36070
  |- fk_loss: 0.88127
  |- smoothness_loss: 0.15585
Val Loss Components:
  |- loss_rot: 0.04027
  |- loss_pos: 1.00639
  |- fk_loss: 2.08499
  |- smoothness_loss: 0.09371
LR: 1.000e-04
Hole frames in this epoch: [4, 16]

Epoch 42 | Train Loss: 0.31825 | Val Loss: 0.58195
Train Loss Components:
  |- loss_rot: 0.04377
  |- loss_pos: 0.86474
  |- fk_loss: 2.06652
  |- smoothness_loss: 0.28573
Val Loss Components:
  |- loss_rot: 0.03991
  |- loss_pos: 1.00189
  |- fk_loss: 2.06617
  |- smoothness_loss: 0.10032
LR: 1.000e-04
Hole frames in this epoch: [4, 16]

Epoch 43 | Train Loss: 0.33926 | Val Loss: 0.57598
Train Loss Components:
  |- loss_rot: 0.01877
  |- loss_pos: 0.25663
  |- fk_loss: 0.61371
  |- smoothness_loss: 0.11146
Val Loss Components:
  |- loss_rot: 0.03996
  |- loss_pos: 0.91950
  |- fk_loss: 2.04149
  |- smoothness_loss: 0.09000
LR: 1.000e-04
Hole frames in this epoch: [4, 16]

Epoch 44 | Train Loss: 0.31215 | Val Loss: 0.58606
Train Loss Components:
  |- loss_rot: 0.03477
  |- loss_pos: 0.64532
  |- fk_loss: 1.42038
  |- smoothness_loss: 0.25185
Val Loss Components:
  |- loss_rot: 0.04014
  |- loss_pos: 1.03080
  |- fk_loss: 2.04532
  |- smoothness_loss: 0.10502
LR: 1.000e-04
Hole frames in this epoch: [4, 16]

Epoch 45 | Train Loss: 0.31052 | Val Loss: 0.57621
Train Loss Components:
  |- loss_rot: 0.02782
  |- loss_pos: 0.51376
  |- fk_loss: 1.13270
  |- smoothness_loss: 0.21640
Val Loss Components:
  |- loss_rot: 0.03977
  |- loss_pos: 0.91908
  |- fk_loss: 1.98396
  |- smoothness_loss: 0.09453
LR: 1.000e-04
Hole frames in this epoch: [4, 16]

Epoch 46 | Train Loss: 0.30976 | Val Loss: 0.56648
Train Loss Components:
  |- loss_rot: 0.03396
  |- loss_pos: 0.54663
  |- fk_loss: 1.27898
  |- smoothness_loss: 0.27495
Val Loss Components:
  |- loss_rot: 0.03968
  |- loss_pos: 0.93677
  |- fk_loss: 2.00148
  |- smoothness_loss: 0.09623
LR: 1.000e-04
Hole frames in this epoch: [4, 16]

Epoch 47 | Train Loss: 0.30749 | Val Loss: 0.57384
Train Loss Components:
  |- loss_rot: 0.02595
  |- loss_pos: 0.42306
  |- fk_loss: 0.97693
  |- smoothness_loss: 0.17120
Val Loss Components:
  |- loss_rot: 0.03950
  |- loss_pos: 0.96779
  |- fk_loss: 1.97077
  |- smoothness_loss: 0.09329
LR: 1.000e-04
Hole frames in this epoch: [4, 16]

Epoch 48 | Train Loss: 0.31374 | Val Loss: 0.56901
Train Loss Components:
  |- loss_rot: 0.01468
  |- loss_pos: 0.18307
  |- fk_loss: 0.44872
  |- smoothness_loss: 0.10104
Val Loss Components:
  |- loss_rot: 0.04005
  |- loss_pos: 0.95673
  |- fk_loss: 1.99214
  |- smoothness_loss: 0.10902
LR: 1.000e-04
Hole frames in this epoch: [4, 16]

Epoch 49 | Train Loss: 0.30836 | Val Loss: 0.55606
Train Loss Components:
  |- loss_rot: 0.02595
  |- loss_pos: 0.32834
  |- fk_loss: 0.86394
  |- smoothness_loss: 0.18367
Val Loss Components:
  |- loss_rot: 0.03985
  |- loss_pos: 0.93934
  |- fk_loss: 1.92979
  |- smoothness_loss: 0.10632
LR: 1.000e-04
Hole frames in this epoch: [4, 16]

Epoch 50 | Train Loss: 0.28895 | Val Loss: 0.56184
Train Loss Components:
  |- loss_rot: 0.02714
  |- loss_pos: 0.44156
  |- fk_loss: 1.03107
  |- smoothness_loss: 0.21753
Val Loss Components:
  |- loss_rot: 0.03937
  |- loss_pos: 0.96810
  |- fk_loss: 1.93805
  |- smoothness_loss: 0.10511
LR: 1.000e-04
Hole frames in this epoch: [4, 16]

Epoch 51 | Train Loss: 0.31487 | Val Loss: 0.55374
Train Loss Components:
  |- loss_rot: 0.02806
  |- loss_pos: 0.39214
  |- fk_loss: 1.02421
  |- smoothness_loss: 0.23359
Val Loss Components:
  |- loss_rot: 0.03963
  |- loss_pos: 0.95067
  |- fk_loss: 1.91946
  |- smoothness_loss: 0.11148
LR: 1.000e-04
Hole frames in this epoch: [4, 16]

Epoch 52 | Train Loss: 0.29570 | Val Loss: 0.55061
Train Loss Components:
  |- loss_rot: 0.01254
  |- loss_pos: 0.16373
  |- fk_loss: 0.39609
  |- smoothness_loss: 0.10105
Val Loss Components:
  |- loss_rot: 0.03964
  |- loss_pos: 0.89609
  |- fk_loss: 1.90436
  |- smoothness_loss: 0.10056
LR: 1.000e-04
Hole frames in this epoch: [4, 16]

Epoch 53 | Train Loss: 0.28875 | Val Loss: 0.55480
Train Loss Components:
  |- loss_rot: 0.01759
  |- loss_pos: 0.22800
  |- fk_loss: 0.57080
  |- smoothness_loss: 0.11059
Val Loss Components:
  |- loss_rot: 0.03942
  |- loss_pos: 0.92453
  |- fk_loss: 1.86662
  |- smoothness_loss: 0.09051
LR: 1.000e-04
Hole frames in this epoch: [4, 16]

Epoch 54 | Train Loss: 0.28658 | Val Loss: 0.54160
Train Loss Components:
  |- loss_rot: 0.03500
  |- loss_pos: 0.51478
  |- fk_loss: 1.31980
  |- smoothness_loss: 0.30302
Val Loss Components:
  |- loss_rot: 0.03950
  |- loss_pos: 0.91640
  |- fk_loss: 1.86741
  |- smoothness_loss: 0.10444
LR: 1.000e-04
Hole frames in this epoch: [4, 16]

Epoch 55 | Train Loss: 0.29595 | Val Loss: 0.55466
Train Loss Components:
  |- loss_rot: 0.01919
  |- loss_pos: 0.24695
  |- fk_loss: 0.64113
  |- smoothness_loss: 0.14671
Val Loss Components:
  |- loss_rot: 0.03963
  |- loss_pos: 0.96710
  |- fk_loss: 1.92096
  |- smoothness_loss: 0.10164
LR: 1.000e-04
Hole frames in this epoch: [4, 16]

Epoch 56 | Train Loss: 0.27828 | Val Loss: 0.53976
Train Loss Components:
  |- loss_rot: 0.03363
  |- loss_pos: 0.54323
  |- fk_loss: 1.26209
  |- smoothness_loss: 0.26298
Val Loss Components:
  |- loss_rot: 0.03954
  |- loss_pos: 0.89490
  |- fk_loss: 1.84180
  |- smoothness_loss: 0.10378
LR: 1.000e-04
Hole frames in this epoch: [4, 16]

Epoch 57 | Train Loss: 0.28154 | Val Loss: 0.53839
Train Loss Components:
  |- loss_rot: 0.02635
  |- loss_pos: 0.31494
  |- fk_loss: 0.90566
  |- smoothness_loss: 0.21474
Val Loss Components:
  |- loss_rot: 0.03960
  |- loss_pos: 0.87990
  |- fk_loss: 1.81613
  |- smoothness_loss: 0.12000
LR: 1.000e-04
Hole frames in this epoch: [4, 16]

Epoch 58 | Train Loss: 0.28350 | Val Loss: 0.53291
Train Loss Components:
  |- loss_rot: 0.02169
  |- loss_pos: 0.26718
  |- fk_loss: 0.71357
  |- smoothness_loss: 0.15227
Val Loss Components:
  |- loss_rot: 0.03929
  |- loss_pos: 0.87116
  |- fk_loss: 1.82633
  |- smoothness_loss: 0.10223
LR: 1.000e-04
Hole frames in this epoch: [4, 16]

Epoch 59 | Train Loss: 0.27982 | Val Loss: 0.53059
Train Loss Components:
  |- loss_rot: 0.03822
  |- loss_pos: 0.58854
  |- fk_loss: 1.50754
  |- smoothness_loss: 0.32001
Val Loss Components:
  |- loss_rot: 0.03961
  |- loss_pos: 0.87054
  |- fk_loss: 1.81211
  |- smoothness_loss: 0.11521
LR: 1.000e-04
Hole frames in this epoch: [4, 16]

Epoch 60 | Train Loss: 0.29231 | Val Loss: 0.53257
Train Loss Components:
  |- loss_rot: 0.03909
  |- loss_pos: 0.59249
  |- fk_loss: 1.52563
  |- smoothness_loss: 0.30346
Val Loss Components:
  |- loss_rot: 0.03950
  |- loss_pos: 0.88884
  |- fk_loss: 1.83231
  |- smoothness_loss: 0.09293
LR: 1.000e-04
Hole frames in this epoch: [4, 16]

Epoch 61 | Train Loss: 0.28371 | Val Loss: 0.52822
Train Loss Components:
  |- loss_rot: 0.03881
  |- loss_pos: 0.70544
  |- fk_loss: 1.59102
  |- smoothness_loss: 0.29417
Val Loss Components:
  |- loss_rot: 0.03947
  |- loss_pos: 0.88786
  |- fk_loss: 1.81923
  |- smoothness_loss: 0.10452
LR: 1.000e-04
Hole frames in this epoch: [4, 16]

Epoch 62 | Train Loss: 0.28125 | Val Loss: 0.54188
Train Loss Components:
  |- loss_rot: 0.02270
  |- loss_pos: 0.30080
  |- fk_loss: 0.79116
  |- smoothness_loss: 0.20831
Val Loss Components:
  |- loss_rot: 0.03982
  |- loss_pos: 0.91673
  |- fk_loss: 1.82782
  |- smoothness_loss: 0.10890
LR: 1.000e-04
Hole frames in this epoch: [4, 16]

Epoch 63 | Train Loss: 0.28115 | Val Loss: 0.52000
Train Loss Components:
  |- loss_rot: 0.04376
  |- loss_pos: 0.74041
  |- fk_loss: 1.81614
  |- smoothness_loss: 0.36772
Val Loss Components:
  |- loss_rot: 0.03962
  |- loss_pos: 0.90477
  |- fk_loss: 1.81761
  |- smoothness_loss: 0.10454
LR: 1.000e-04
Hole frames in this epoch: [4, 16]

Epoch 64 | Train Loss: 0.27116 | Val Loss: 0.52524
Train Loss Components:
  |- loss_rot: 0.03183
  |- loss_pos: 0.45959
  |- fk_loss: 1.13387
  |- smoothness_loss: 0.27988
Val Loss Components:
  |- loss_rot: 0.03958
  |- loss_pos: 0.88138
  |- fk_loss: 1.78872
  |- smoothness_loss: 0.10573
LR: 1.000e-04
Hole frames in this epoch: [4, 16]

Epoch 65 | Train Loss: 0.26706 | Val Loss: 0.52073
Train Loss Components:
  |- loss_rot: 0.02917
  |- loss_pos: 0.39660
  |- fk_loss: 1.06827
  |- smoothness_loss: 0.24909
Val Loss Components:
  |- loss_rot: 0.03954
  |- loss_pos: 0.84983
  |- fk_loss: 1.77311
  |- smoothness_loss: 0.11508
LR: 1.000e-04
Hole frames in this epoch: [4, 16]

Epoch 66 | Train Loss: 0.26167 | Val Loss: 0.51302
Train Loss Components:
  |- loss_rot: 0.04126
  |- loss_pos: 0.56429
  |- fk_loss: 1.51953
  |- smoothness_loss: 0.31319
Val Loss Components:
  |- loss_rot: 0.03945
  |- loss_pos: 0.85505
  |- fk_loss: 1.76053
  |- smoothness_loss: 0.11600
LR: 1.000e-04
Hole frames in this epoch: [4, 16]

Epoch 67 | Train Loss: 0.26568 | Val Loss: 0.51743
Train Loss Components:
  |- loss_rot: 0.02775
  |- loss_pos: 0.34288
  |- fk_loss: 0.92364
  |- smoothness_loss: 0.21140
Val Loss Components:
  |- loss_rot: 0.03946
  |- loss_pos: 0.85531
  |- fk_loss: 1.76518
  |- smoothness_loss: 0.10576
LR: 1.000e-04
Hole frames in this epoch: [4, 16]

Epoch 68 | Train Loss: 0.26816 | Val Loss: 0.51281
Train Loss Components:
  |- loss_rot: 0.03655
  |- loss_pos: 0.56032
  |- fk_loss: 1.35721
  |- smoothness_loss: 0.33585
Val Loss Components:
  |- loss_rot: 0.03957
  |- loss_pos: 0.78978
  |- fk_loss: 1.70420
  |- smoothness_loss: 0.10652
LR: 1.000e-04
Hole frames in this epoch: [4, 16]

Epoch 69 | Train Loss: 0.26799 | Val Loss: 0.51900
Train Loss Components:
  |- loss_rot: 0.02814
  |- loss_pos: 0.37956
  |- fk_loss: 0.93638
  |- smoothness_loss: 0.22051
Val Loss Components:
  |- loss_rot: 0.03912
  |- loss_pos: 0.84033
  |- fk_loss: 1.79340
  |- smoothness_loss: 0.10115
LR: 1.000e-04
Hole frames in this epoch: [4, 16]

Epoch 70 | Train Loss: 0.26178 | Val Loss: 0.51879
Train Loss Components:
  |- loss_rot: 0.01728
  |- loss_pos: 0.18930
  |- fk_loss: 0.52498
  |- smoothness_loss: 0.13238
Val Loss Components:
  |- loss_rot: 0.03932
  |- loss_pos: 0.84891
  |- fk_loss: 1.77196
  |- smoothness_loss: 0.09970
LR: 1.000e-04
Hole frames in this epoch: [4, 16]

Epoch 71 | Train Loss: 0.25652 | Val Loss: 0.51002
Train Loss Components:
  |- loss_rot: 0.02538
  |- loss_pos: 0.31646
  |- fk_loss: 0.84110
  |- smoothness_loss: 0.19320
Val Loss Components:
  |- loss_rot: 0.03945
  |- loss_pos: 0.83087
  |- fk_loss: 1.73087
  |- smoothness_loss: 0.11804
LR: 1.000e-04
Hole frames in this epoch: [4, 16]

Epoch 72 | Train Loss: 0.25338 | Val Loss: 0.51150
Train Loss Components:
  |- loss_rot: 0.02984
  |- loss_pos: 0.39762
  |- fk_loss: 1.07344
  |- smoothness_loss: 0.24685
Val Loss Components:
  |- loss_rot: 0.03953
  |- loss_pos: 0.85182
  |- fk_loss: 1.72875
  |- smoothness_loss: 0.11394
LR: 1.000e-04
Hole frames in this epoch: [4, 16]

Epoch 73 | Train Loss: 0.25661 | Val Loss: 0.52030
Train Loss Components:
  |- loss_rot: 0.01840
  |- loss_pos: 0.20853
  |- fk_loss: 0.56681
  |- smoothness_loss: 0.12639
Val Loss Components:
  |- loss_rot: 0.03950
  |- loss_pos: 0.85921
  |- fk_loss: 1.76660
  |- smoothness_loss: 0.10437
LR: 1.000e-04
Hole frames in this epoch: [4, 16]

Epoch 74 | Train Loss: 0.26147 | Val Loss: 0.50791
Train Loss Components:
  |- loss_rot: 0.01604
  |- loss_pos: 0.17378
  |- fk_loss: 0.48798
  |- smoothness_loss: 0.15904
Val Loss Components:
  |- loss_rot: 0.03949
  |- loss_pos: 0.81610
  |- fk_loss: 1.70807
  |- smoothness_loss: 0.11796
LR: 1.000e-04
Hole frames in this epoch: [4, 16]

Epoch 75 | Train Loss: 0.25723 | Val Loss: 0.49858
Train Loss Components:
  |- loss_rot: 0.03300
  |- loss_pos: 0.40020
  |- fk_loss: 1.06991
  |- smoothness_loss: 0.27475
Val Loss Components:
  |- loss_rot: 0.03966
  |- loss_pos: 0.83101
  |- fk_loss: 1.69642
  |- smoothness_loss: 0.11961
LR: 1.000e-04
Hole frames in this epoch: [4, 16]

Epoch 76 | Train Loss: 0.25789 | Val Loss: 0.50122
Train Loss Components:
  |- loss_rot: 0.03139
  |- loss_pos: 0.37384
  |- fk_loss: 1.00787
  |- smoothness_loss: 0.28344
Val Loss Components:
  |- loss_rot: 0.03935
  |- loss_pos: 0.85909
  |- fk_loss: 1.72005
  |- smoothness_loss: 0.11253
LR: 1.000e-04
Hole frames in this epoch: [4, 16]

Epoch 77 | Train Loss: 0.24359 | Val Loss: 0.50272
Train Loss Components:
  |- loss_rot: 0.01839
  |- loss_pos: 0.20631
  |- fk_loss: 0.55166
  |- smoothness_loss: 0.13629
Val Loss Components:
  |- loss_rot: 0.03934
  |- loss_pos: 0.83363
  |- fk_loss: 1.70061
  |- smoothness_loss: 0.11073
LR: 1.000e-04
Hole frames in this epoch: [4, 16]

Epoch 78 | Train Loss: 0.24931 | Val Loss: 0.49756
Train Loss Components:
  |- loss_rot: 0.03170
  |- loss_pos: 0.37091
  |- fk_loss: 1.07954
  |- smoothness_loss: 0.23966
Val Loss Components:
  |- loss_rot: 0.03927
  |- loss_pos: 0.81076
  |- fk_loss: 1.70955
  |- smoothness_loss: 0.10809
LR: 1.000e-04
Hole frames in this epoch: [4, 16]

Epoch 79 | Train Loss: 0.24938 | Val Loss: 0.49482
Train Loss Components:
  |- loss_rot: 0.03171
  |- loss_pos: 0.40016
  |- fk_loss: 1.17618
  |- smoothness_loss: 0.25974
Val Loss Components:
  |- loss_rot: 0.03956
  |- loss_pos: 0.82975
  |- fk_loss: 1.70788
  |- smoothness_loss: 0.12198
LR: 1.000e-04
Hole frames in this epoch: [4, 16]

Epoch 80 | Train Loss: 0.24559 | Val Loss: 0.50420
Train Loss Components:
  |- loss_rot: 0.01202
  |- loss_pos: 0.13630
  |- fk_loss: 0.35405
  |- smoothness_loss: 0.09440
Val Loss Components:
  |- loss_rot: 0.03936
  |- loss_pos: 0.84120
  |- fk_loss: 1.72067
  |- smoothness_loss: 0.11566
LR: 1.000e-04
Hole frames in this epoch: [4, 16]

Epoch 81 | Train Loss: 0.24046 | Val Loss: 0.50440
Train Loss Components:
  |- loss_rot: 0.04097
  |- loss_pos: 0.59816
  |- fk_loss: 1.52312
  |- smoothness_loss: 0.38291
Val Loss Components:
  |- loss_rot: 0.03927
  |- loss_pos: 0.80449
  |- fk_loss: 1.69557
  |- smoothness_loss: 0.11943
LR: 1.000e-04
Hole frames in this epoch: [4, 16]

Epoch 82 | Train Loss: 0.25132 | Val Loss: 0.49759
Train Loss Components:
  |- loss_rot: 0.01194
  |- loss_pos: 0.13649
  |- fk_loss: 0.32797
  |- smoothness_loss: 0.10302
Val Loss Components:
  |- loss_rot: 0.03935
  |- loss_pos: 0.78942
  |- fk_loss: 1.66113
  |- smoothness_loss: 0.11635
LR: 1.000e-04
Hole frames in this epoch: [4, 16]

Epoch 83 | Train Loss: 0.23409 | Val Loss: 0.49050
Train Loss Components:
  |- loss_rot: 0.03898
  |- loss_pos: 0.48844
  |- fk_loss: 1.31991
  |- smoothness_loss: 0.35412
Val Loss Components:
  |- loss_rot: 0.03948
  |- loss_pos: 0.79128
  |- fk_loss: 1.66187
  |- smoothness_loss: 0.11188
LR: 1.000e-04
Hole frames in this epoch: [4, 16]

Epoch 84 | Train Loss: 0.24541 | Val Loss: 0.49424
Train Loss Components:
  |- loss_rot: 0.02834
  |- loss_pos: 0.29347
  |- fk_loss: 0.86722
  |- smoothness_loss: 0.22436
Val Loss Components:
  |- loss_rot: 0.03937
  |- loss_pos: 0.81466
  |- fk_loss: 1.67953
  |- smoothness_loss: 0.10992
LR: 1.000e-04
Hole frames in this epoch: [4, 16]

Epoch 85 | Train Loss: 0.24159 | Val Loss: 0.50152
Train Loss Components:
  |- loss_rot: 0.01558
  |- loss_pos: 0.16813
  |- fk_loss: 0.47965
  |- smoothness_loss: 0.15267
Val Loss Components:
  |- loss_rot: 0.03930
  |- loss_pos: 0.86117
  |- fk_loss: 1.72030
  |- smoothness_loss: 0.11556
LR: 1.000e-04
Hole frames in this epoch: [4, 16]

Epoch 86 | Train Loss: 0.23345 | Val Loss: 0.49038
Train Loss Components:
  |- loss_rot: 0.02722
  |- loss_pos: 0.29144
  |- fk_loss: 0.81847
  |- smoothness_loss: 0.22664
Val Loss Components:
  |- loss_rot: 0.03924
  |- loss_pos: 0.78785
  |- fk_loss: 1.66411
  |- smoothness_loss: 0.12006
LR: 1.000e-04
Hole frames in this epoch: [4, 16]

Epoch 87 | Train Loss: 0.23656 | Val Loss: 0.48725
Train Loss Components:
  |- loss_rot: 0.02957
  |- loss_pos: 0.34448
  |- fk_loss: 0.94223
  |- smoothness_loss: 0.24827
Val Loss Components:
  |- loss_rot: 0.03940
  |- loss_pos: 0.78293
  |- fk_loss: 1.66872
  |- smoothness_loss: 0.11201
LR: 1.000e-04
Hole frames in this epoch: [4, 16]

Epoch 88 | Train Loss: 0.24019 | Val Loss: 0.48793
Train Loss Components:
  |- loss_rot: 0.03147
  |- loss_pos: 0.33835
  |- fk_loss: 0.98918
  |- smoothness_loss: 0.31063
Val Loss Components:
  |- loss_rot: 0.03919
  |- loss_pos: 0.79642
  |- fk_loss: 1.65696
  |- smoothness_loss: 0.11984
LR: 1.000e-04
Hole frames in this epoch: [4, 16]

Epoch 89 | Train Loss: 0.23614 | Val Loss: 0.48112
Train Loss Components:
  |- loss_rot: 0.03262
  |- loss_pos: 0.32950
  |- fk_loss: 1.01744
  |- smoothness_loss: 0.29910
Val Loss Components:
  |- loss_rot: 0.03934
  |- loss_pos: 0.82046
  |- fk_loss: 1.62992
  |- smoothness_loss: 0.12317
LR: 1.000e-04
Hole frames in this epoch: [4, 16]

Epoch 90 | Train Loss: 0.23525 | Val Loss: 0.48736
Train Loss Components:
  |- loss_rot: 0.04045
  |- loss_pos: 0.58032
  |- fk_loss: 1.53181
  |- smoothness_loss: 0.36846
Val Loss Components:
  |- loss_rot: 0.03928
  |- loss_pos: 0.79782
  |- fk_loss: 1.63951
  |- smoothness_loss: 0.12245
LR: 1.000e-04
Hole frames in this epoch: [4, 16]

Epoch 91 | Train Loss: 0.22663 | Val Loss: 0.48399
Train Loss Components:
  |- loss_rot: 0.02500
  |- loss_pos: 0.27305
  |- fk_loss: 0.75144
  |- smoothness_loss: 0.22165
Val Loss Components:
  |- loss_rot: 0.03900
  |- loss_pos: 0.82122
  |- fk_loss: 1.65212
  |- smoothness_loss: 0.11393
LR: 1.000e-04
Hole frames in this epoch: [4, 16]

Epoch 92 | Train Loss: 0.23430 | Val Loss: 0.48386
Train Loss Components:
  |- loss_rot: 0.02094
  |- loss_pos: 0.22147
  |- fk_loss: 0.60350
  |- smoothness_loss: 0.14684
Val Loss Components:
  |- loss_rot: 0.03941
  |- loss_pos: 0.79348
  |- fk_loss: 1.62768
  |- smoothness_loss: 0.13069
LR: 1.000e-04
Hole frames in this epoch: [4, 16]

Epoch 93 | Train Loss: 0.22403 | Val Loss: 0.48612
Train Loss Components:
  |- loss_rot: 0.03319
  |- loss_pos: 0.36411
  |- fk_loss: 1.01009
  |- smoothness_loss: 0.30513
Val Loss Components:
  |- loss_rot: 0.03946
  |- loss_pos: 0.75913
  |- fk_loss: 1.61082
  |- smoothness_loss: 0.12154
LR: 1.000e-04
Hole frames in this epoch: [4, 16]

Epoch 94 | Train Loss: 0.23446 | Val Loss: 0.49006
Train Loss Components:
  |- loss_rot: 0.02349
  |- loss_pos: 0.23685
  |- fk_loss: 0.69870
  |- smoothness_loss: 0.20743
Val Loss Components:
  |- loss_rot: 0.03913
  |- loss_pos: 0.76225
  |- fk_loss: 1.63084
  |- smoothness_loss: 0.12284
LR: 1.000e-04
Hole frames in this epoch: [4, 16]

Epoch 95 | Train Loss: 0.23247 | Val Loss: 0.48369
Train Loss Components:
  |- loss_rot: 0.01558
  |- loss_pos: 0.15298
  |- fk_loss: 0.42866
  |- smoothness_loss: 0.12106
Val Loss Components:
  |- loss_rot: 0.03890
  |- loss_pos: 0.80934
  |- fk_loss: 1.62853
  |- smoothness_loss: 0.10674
LR: 1.000e-04
Hole frames in this epoch: [4, 16]

Epoch 96 | Train Loss: 0.21437 | Val Loss: 0.46236
Train Loss Components:
  |- loss_rot: 0.03976
  |- loss_pos: 0.52170
  |- fk_loss: 1.34196
  |- smoothness_loss: 0.38154
Val Loss Components:
  |- loss_rot: 0.03883
  |- loss_pos: 0.75585
  |- fk_loss: 1.55468
  |- smoothness_loss: 0.12114
LR: 5.000e-05
Hole frames in this epoch: [4, 16]

Epoch 97 | Train Loss: 0.20634 | Val Loss: 0.46031
Train Loss Components:
  |- loss_rot: 0.01548
  |- loss_pos: 0.16057
  |- fk_loss: 0.41439
  |- smoothness_loss: 0.12798
Val Loss Components:
  |- loss_rot: 0.03867
  |- loss_pos: 0.70585
  |- fk_loss: 1.53611
  |- smoothness_loss: 0.11889
LR: 5.000e-05
Hole frames in this epoch: [4, 16]

Epoch 98 | Train Loss: 0.21100 | Val Loss: 0.46008
Train Loss Components:
  |- loss_rot: 0.01410
  |- loss_pos: 0.13399
  |- fk_loss: 0.38485
  |- smoothness_loss: 0.13275
Val Loss Components:
  |- loss_rot: 0.03864
  |- loss_pos: 0.72299
  |- fk_loss: 1.55404
  |- smoothness_loss: 0.12726
LR: 5.000e-05
Hole frames in this epoch: [4, 16]

Epoch 99 | Train Loss: 0.20480 | Val Loss: 0.45860
Train Loss Components:
  |- loss_rot: 0.01303
  |- loss_pos: 0.11331
  |- fk_loss: 0.32982
  |- smoothness_loss: 0.12959
Val Loss Components:
  |- loss_rot: 0.03840
  |- loss_pos: 0.73435
  |- fk_loss: 1.53930
  |- smoothness_loss: 0.12811
LR: 5.000e-05
Hole frames in this epoch: [4, 16]

Epoch 100 | Train Loss: 0.19846 | Val Loss: 0.45454
Train Loss Components:
  |- loss_rot: 0.03801
  |- loss_pos: 0.37840
  |- fk_loss: 1.23410
  |- smoothness_loss: 0.33912
Val Loss Components:
  |- loss_rot: 0.03850
  |- loss_pos: 0.72737
  |- fk_loss: 1.54344
  |- smoothness_loss: 0.12018
LR: 5.000e-05
Hole frames in this epoch: [4, 16]

Epoch 101 | Train Loss: 0.20152 | Val Loss: 0.45586
Train Loss Components:
  |- loss_rot: 0.01551
  |- loss_pos: 0.14246
  |- fk_loss: 0.40865
  |- smoothness_loss: 0.13428
Val Loss Components:
  |- loss_rot: 0.03850
  |- loss_pos: 0.73422
  |- fk_loss: 1.54062
  |- smoothness_loss: 0.12207
LR: 5.000e-05
Hole frames in this epoch: [4, 16]

Epoch 102 | Train Loss: 0.20070 | Val Loss: 0.45547
Train Loss Components:
  |- loss_rot: 0.03281
  |- loss_pos: 0.32782
  |- fk_loss: 1.00515
  |- smoothness_loss: 0.31598
Val Loss Components:
  |- loss_rot: 0.03824
  |- loss_pos: 0.72982
  |- fk_loss: 1.55340
  |- smoothness_loss: 0.12029
LR: 5.000e-05
Hole frames in this epoch: [4, 16]

Epoch 103 | Train Loss: 0.19989 | Val Loss: 0.45936
Train Loss Components:
  |- loss_rot: 0.01587
  |- loss_pos: 0.14849
  |- fk_loss: 0.42590
  |- smoothness_loss: 0.14488
Val Loss Components:
  |- loss_rot: 0.03833
  |- loss_pos: 0.76296
  |- fk_loss: 1.56236
  |- smoothness_loss: 0.11662
LR: 5.000e-05
Hole frames in this epoch: [4, 16]

Epoch 104 | Train Loss: 0.19946 | Val Loss: 0.45791
Train Loss Components:
  |- loss_rot: 0.02414
  |- loss_pos: 0.20492
  |- fk_loss: 0.64345
  |- smoothness_loss: 0.17359
Val Loss Components:
  |- loss_rot: 0.03818
  |- loss_pos: 0.72656
  |- fk_loss: 1.52911
  |- smoothness_loss: 0.12723
LR: 5.000e-05
Hole frames in this epoch: [4, 16]

Epoch 105 | Train Loss: 0.19835 | Val Loss: 0.45443
Train Loss Components:
  |- loss_rot: 0.02685
  |- loss_pos: 0.22031
  |- fk_loss: 0.73808
  |- smoothness_loss: 0.24604
Val Loss Components:
  |- loss_rot: 0.03839
  |- loss_pos: 0.71972
  |- fk_loss: 1.52938
  |- smoothness_loss: 0.12574
LR: 5.000e-05
Hole frames in this epoch: [4, 16]

Epoch 106 | Train Loss: 0.19797 | Val Loss: 0.45181
Train Loss Components:
  |- loss_rot: 0.03985
  |- loss_pos: 0.45982
  |- fk_loss: 1.30173
  |- smoothness_loss: 0.38256
Val Loss Components:
  |- loss_rot: 0.03804
  |- loss_pos: 0.72001
  |- fk_loss: 1.52459
  |- smoothness_loss: 0.12134
LR: 5.000e-05
Hole frames in this epoch: [4, 16]

Epoch 107 | Train Loss: 0.19375 | Val Loss: 0.45055
Train Loss Components:
  |- loss_rot: 0.02004
  |- loss_pos: 0.17243
  |- fk_loss: 0.53546
  |- smoothness_loss: 0.18094
Val Loss Components:
  |- loss_rot: 0.03812
  |- loss_pos: 0.70814
  |- fk_loss: 1.53886
  |- smoothness_loss: 0.12046
LR: 5.000e-05
Hole frames in this epoch: [4, 16]

Epoch 108 | Train Loss: 0.19519 | Val Loss: 0.45246
Train Loss Components:
  |- loss_rot: 0.02905
  |- loss_pos: 0.26285
  |- fk_loss: 0.79991
  |- smoothness_loss: 0.25347
Val Loss Components:
  |- loss_rot: 0.03798
  |- loss_pos: 0.71475
  |- fk_loss: 1.54144
  |- smoothness_loss: 0.12333
LR: 5.000e-05
Hole frames in this epoch: [4, 16]

Epoch 109 | Train Loss: 0.19079 | Val Loss: 0.45223
Train Loss Components:
  |- loss_rot: 0.02601
  |- loss_pos: 0.22061
  |- fk_loss: 0.74852
  |- smoothness_loss: 0.22760
Val Loss Components:
  |- loss_rot: 0.03788
  |- loss_pos: 0.71071
  |- fk_loss: 1.52681
  |- smoothness_loss: 0.12089
LR: 5.000e-05
Hole frames in this epoch: [4, 16]

Epoch 110 | Train Loss: 0.19133 | Val Loss: 0.45457
Train Loss Components:
  |- loss_rot: 0.02149
  |- loss_pos: 0.17662
  |- fk_loss: 0.58659
  |- smoothness_loss: 0.17390
Val Loss Components:
  |- loss_rot: 0.03796
  |- loss_pos: 0.72806
  |- fk_loss: 1.54170
  |- smoothness_loss: 0.11858
LR: 5.000e-05
Hole frames in this epoch: [4, 16]

Epoch 111 | Train Loss: 0.19628 | Val Loss: 0.45176
Train Loss Components:
  |- loss_rot: 0.01661
  |- loss_pos: 0.15561
  |- fk_loss: 0.43452
  |- smoothness_loss: 0.16930
Val Loss Components:
  |- loss_rot: 0.03796
  |- loss_pos: 0.69326
  |- fk_loss: 1.52577
  |- smoothness_loss: 0.12212
LR: 5.000e-05
Hole frames in this epoch: [4, 16]

Epoch 112 | Train Loss: 0.18494 | Val Loss: 0.45117
Train Loss Components:
  |- loss_rot: 0.02849
  |- loss_pos: 0.25270
  |- fk_loss: 0.83580
  |- smoothness_loss: 0.27429
Val Loss Components:
  |- loss_rot: 0.03771
  |- loss_pos: 0.71077
  |- fk_loss: 1.52708
  |- smoothness_loss: 0.11745
LR: 5.000e-05
Hole frames in this epoch: [4, 16]

Epoch 113 | Train Loss: 0.18698 | Val Loss: 0.44853
Train Loss Components:
  |- loss_rot: 0.03588
  |- loss_pos: 0.28721
  |- fk_loss: 1.06672
  |- smoothness_loss: 0.32943
Val Loss Components:
  |- loss_rot: 0.03783
  |- loss_pos: 0.69801
  |- fk_loss: 1.50152
  |- smoothness_loss: 0.12051
LR: 5.000e-05
Hole frames in this epoch: [4, 16]

Epoch 114 | Train Loss: 0.19571 | Val Loss: 0.44988
Train Loss Components:
  |- loss_rot: 0.02988
  |- loss_pos: 0.24110
  |- fk_loss: 0.81267
  |- smoothness_loss: 0.28301
Val Loss Components:
  |- loss_rot: 0.03792
  |- loss_pos: 0.71014
  |- fk_loss: 1.51961
  |- smoothness_loss: 0.12274
LR: 5.000e-05
Hole frames in this epoch: [4, 16]

Epoch 115 | Train Loss: 0.18627 | Val Loss: 0.44947
Train Loss Components:
  |- loss_rot: 0.03589
  |- loss_pos: 0.30165
  |- fk_loss: 0.99788
  |- smoothness_loss: 0.31671
Val Loss Components:
  |- loss_rot: 0.03794
  |- loss_pos: 0.71784
  |- fk_loss: 1.51215
  |- smoothness_loss: 0.12673
LR: 5.000e-05
Hole frames in this epoch: [4, 16]

Epoch 116 | Train Loss: 0.18952 | Val Loss: 0.44981
Train Loss Components:
  |- loss_rot: 0.03758
  |- loss_pos: 0.40378
  |- fk_loss: 1.22250
  |- smoothness_loss: 0.34890
Val Loss Components:
  |- loss_rot: 0.03768
  |- loss_pos: 0.72278
  |- fk_loss: 1.52935
  |- smoothness_loss: 0.11430
LR: 5.000e-05
Hole frames in this epoch: [4, 16]

Epoch 117 | Train Loss: 0.19164 | Val Loss: 0.45301
Train Loss Components:
  |- loss_rot: 0.02260
  |- loss_pos: 0.19529
  |- fk_loss: 0.62879
  |- smoothness_loss: 0.17014
Val Loss Components:
  |- loss_rot: 0.03771
  |- loss_pos: 0.73347
  |- fk_loss: 1.52074
  |- smoothness_loss: 0.13197
LR: 5.000e-05
Hole frames in this epoch: [4, 16]

Epoch 118 | Train Loss: 0.19088 | Val Loss: 0.44960
Train Loss Components:
  |- loss_rot: 0.03014
  |- loss_pos: 0.25525
  |- fk_loss: 0.85135
  |- smoothness_loss: 0.28097
Val Loss Components:
  |- loss_rot: 0.03787
  |- loss_pos: 0.72017
  |- fk_loss: 1.50157
  |- smoothness_loss: 0.13155
LR: 5.000e-05
Hole frames in this epoch: [4, 16]

Epoch 119 | Train Loss: 0.18842 | Val Loss: 0.44648
Train Loss Components:
  |- loss_rot: 0.03709
  |- loss_pos: 0.32479
  |- fk_loss: 1.09770
  |- smoothness_loss: 0.38300
Val Loss Components:
  |- loss_rot: 0.03783
  |- loss_pos: 0.72104
  |- fk_loss: 1.49844
  |- smoothness_loss: 0.12639
LR: 5.000e-05
Hole frames in this epoch: [4, 16]

Epoch 120 | Train Loss: 0.18247 | Val Loss: 0.44758
Train Loss Components:
  |- loss_rot: 0.01635
  |- loss_pos: 0.12586
  |- fk_loss: 0.41966
  |- smoothness_loss: 0.13805
Val Loss Components:
  |- loss_rot: 0.03769
  |- loss_pos: 0.71267
  |- fk_loss: 1.51558
  |- smoothness_loss: 0.12422
LR: 5.000e-05
Hole frames in this epoch: [4, 16]

Epoch 121 | Train Loss: 0.18223 | Val Loss: 0.44676
Train Loss Components:
  |- loss_rot: 0.01763
  |- loss_pos: 0.15589
  |- fk_loss: 0.46062
  |- smoothness_loss: 0.13972
Val Loss Components:
  |- loss_rot: 0.03771
  |- loss_pos: 0.71468
  |- fk_loss: 1.51525
  |- smoothness_loss: 0.12368
LR: 5.000e-05
Hole frames in this epoch: [4, 16]

Epoch 122 | Train Loss: 0.18400 | Val Loss: 0.44490
Train Loss Components:
  |- loss_rot: 0.02877
  |- loss_pos: 0.21398
  |- fk_loss: 0.77619
  |- smoothness_loss: 0.22241
Val Loss Components:
  |- loss_rot: 0.03773
  |- loss_pos: 0.68596
  |- fk_loss: 1.48107
  |- smoothness_loss: 0.12514
LR: 5.000e-05
Hole frames in this epoch: [4, 16]

Epoch 123 | Train Loss: 0.18769 | Val Loss: 0.44930
Train Loss Components:
  |- loss_rot: 0.02165
  |- loss_pos: 0.18539
  |- fk_loss: 0.62569
  |- smoothness_loss: 0.16107
Val Loss Components:
  |- loss_rot: 0.03773
  |- loss_pos: 0.70185
  |- fk_loss: 1.49585
  |- smoothness_loss: 0.12828
LR: 5.000e-05
Hole frames in this epoch: [4, 16]

Epoch 124 | Train Loss: 0.18343 | Val Loss: 0.44440
Train Loss Components:
  |- loss_rot: 0.03003
  |- loss_pos: 0.26125
  |- fk_loss: 0.84457
  |- smoothness_loss: 0.25369
Val Loss Components:
  |- loss_rot: 0.03787
  |- loss_pos: 0.71901
  |- fk_loss: 1.50195
  |- smoothness_loss: 0.12581
LR: 5.000e-05
Hole frames in this epoch: [4, 16]

Epoch 125 | Train Loss: 0.18981 | Val Loss: 0.44470
Train Loss Components:
  |- loss_rot: 0.03525
  |- loss_pos: 0.25863
  |- fk_loss: 0.90909
  |- smoothness_loss: 0.34819
Val Loss Components:
  |- loss_rot: 0.03772
  |- loss_pos: 0.71418
  |- fk_loss: 1.50127
  |- smoothness_loss: 0.12586
LR: 5.000e-05
Hole frames in this epoch: [4, 16]

Epoch 126 | Train Loss: 0.18153 | Val Loss: 0.44360
Train Loss Components:
  |- loss_rot: 0.02219
  |- loss_pos: 0.17763
  |- fk_loss: 0.60852
  |- smoothness_loss: 0.19007
Val Loss Components:
  |- loss_rot: 0.03761
  |- loss_pos: 0.69515
  |- fk_loss: 1.49986
  |- smoothness_loss: 0.11618
LR: 5.000e-05
Hole frames in this epoch: [4, 16]

Epoch 127 | Train Loss: 0.18243 | Val Loss: 0.44165
Train Loss Components:
  |- loss_rot: 0.03964
  |- loss_pos: 0.32791
  |- fk_loss: 1.19846
  |- smoothness_loss: 0.36215
Val Loss Components:
  |- loss_rot: 0.03745
  |- loss_pos: 0.66943
  |- fk_loss: 1.47521
  |- smoothness_loss: 0.12406
LR: 5.000e-05
Hole frames in this epoch: [4, 16]

Epoch 128 | Train Loss: 0.18324 | Val Loss: 0.44462
Train Loss Components:
  |- loss_rot: 0.03466
  |- loss_pos: 0.29531
  |- fk_loss: 0.97861
  |- smoothness_loss: 0.37670
Val Loss Components:
  |- loss_rot: 0.03776
  |- loss_pos: 0.67080
  |- fk_loss: 1.46819
  |- smoothness_loss: 0.12755
LR: 5.000e-05
Hole frames in this epoch: [4, 16]

Epoch 129 | Train Loss: 0.18186 | Val Loss: 0.44185
Train Loss Components:
  |- loss_rot: 0.02655
  |- loss_pos: 0.20330
  |- fk_loss: 0.70842
  |- smoothness_loss: 0.24277
Val Loss Components:
  |- loss_rot: 0.03757
  |- loss_pos: 0.66920
  |- fk_loss: 1.46738
  |- smoothness_loss: 0.12659
LR: 5.000e-05
Hole frames in this epoch: [4, 16]

Epoch 130 | Train Loss: 0.18633 | Val Loss: 0.44300
Train Loss Components:
  |- loss_rot: 0.01501
  |- loss_pos: 0.12492
  |- fk_loss: 0.38674
  |- smoothness_loss: 0.13527
Val Loss Components:
  |- loss_rot: 0.03738
  |- loss_pos: 0.70424
  |- fk_loss: 1.47504
  |- smoothness_loss: 0.12230
LR: 5.000e-05
Hole frames in this epoch: [4, 16]

Epoch 131 | Train Loss: 0.18472 | Val Loss: 0.44112
Train Loss Components:
  |- loss_rot: 0.03776
  |- loss_pos: 0.30413
  |- fk_loss: 1.07108
  |- smoothness_loss: 0.34015
Val Loss Components:
  |- loss_rot: 0.03746
  |- loss_pos: 0.68859
  |- fk_loss: 1.47214
  |- smoothness_loss: 0.13177
LR: 5.000e-05
Hole frames in this epoch: [4, 16]

Epoch 132 | Train Loss: 0.17896 | Val Loss: 0.44162
Train Loss Components:
  |- loss_rot: 0.03526
  |- loss_pos: 0.30960
  |- fk_loss: 1.03567
  |- smoothness_loss: 0.33708
Val Loss Components:
  |- loss_rot: 0.03750
  |- loss_pos: 0.67234
  |- fk_loss: 1.45835
  |- smoothness_loss: 0.13001
LR: 5.000e-05
Hole frames in this epoch: [4, 16]

Epoch 133 | Train Loss: 0.17743 | Val Loss: 0.44224
Train Loss Components:
  |- loss_rot: 0.01479
  |- loss_pos: 0.12394
  |- fk_loss: 0.37413
  |- smoothness_loss: 0.14282
Val Loss Components:
  |- loss_rot: 0.03726
  |- loss_pos: 0.69726
  |- fk_loss: 1.47916
  |- smoothness_loss: 0.12569
LR: 5.000e-05
Hole frames in this epoch: [4, 16]

Epoch 134 | Train Loss: 0.18510 | Val Loss: 0.44052
Train Loss Components:
  |- loss_rot: 0.02949
  |- loss_pos: 0.22002
  |- fk_loss: 0.73537
  |- smoothness_loss: 0.27429
Val Loss Components:
  |- loss_rot: 0.03752
  |- loss_pos: 0.67886
  |- fk_loss: 1.46626
  |- smoothness_loss: 0.12728
LR: 5.000e-05
Hole frames in this epoch: [4, 16]

Epoch 135 | Train Loss: 0.18001 | Val Loss: 0.44307
Train Loss Components:
  |- loss_rot: 0.03164
  |- loss_pos: 0.25218
  |- fk_loss: 0.85940
  |- smoothness_loss: 0.32585
Val Loss Components:
  |- loss_rot: 0.03742
  |- loss_pos: 0.68427
  |- fk_loss: 1.47453
  |- smoothness_loss: 0.13234
LR: 5.000e-05
Hole frames in this epoch: [4, 16]

Epoch 136 | Train Loss: 0.17953 | Val Loss: 0.43761
Train Loss Components:
  |- loss_rot: 0.03728
  |- loss_pos: 0.32330
  |- fk_loss: 1.11639
  |- smoothness_loss: 0.44106
Val Loss Components:
  |- loss_rot: 0.03746
  |- loss_pos: 0.66938
  |- fk_loss: 1.45589
  |- smoothness_loss: 0.13442
LR: 5.000e-05
Hole frames in this epoch: [4, 16]

Epoch 137 | Train Loss: 0.17412 | Val Loss: 0.43950
Train Loss Components:
  |- loss_rot: 0.04246
  |- loss_pos: 0.42042
  |- fk_loss: 1.29949
  |- smoothness_loss: 0.45360
Val Loss Components:
  |- loss_rot: 0.03738
  |- loss_pos: 0.67336
  |- fk_loss: 1.46395
  |- smoothness_loss: 0.12629
LR: 5.000e-05
Hole frames in this epoch: [4, 16]

Epoch 138 | Train Loss: 0.17576 | Val Loss: 0.43796
Train Loss Components:
  |- loss_rot: 0.03764
  |- loss_pos: 0.33046
  |- fk_loss: 1.10844
  |- smoothness_loss: 0.38010
Val Loss Components:
  |- loss_rot: 0.03742
  |- loss_pos: 0.67806
  |- fk_loss: 1.47974
  |- smoothness_loss: 0.13246
LR: 5.000e-05
Hole frames in this epoch: [4, 16]

Epoch 139 | Train Loss: 0.18057 | Val Loss: 0.44156
Train Loss Components:
  |- loss_rot: 0.03343
  |- loss_pos: 0.28741
  |- fk_loss: 0.93433
  |- smoothness_loss: 0.35728
Val Loss Components:
  |- loss_rot: 0.03723
  |- loss_pos: 0.69071
  |- fk_loss: 1.46664
  |- smoothness_loss: 0.13341
LR: 5.000e-05
Hole frames in this epoch: [4, 16]

Epoch 140 | Train Loss: 0.17984 | Val Loss: 0.43795
Train Loss Components:
  |- loss_rot: 0.03966
  |- loss_pos: 0.34798
  |- fk_loss: 1.20184
  |- smoothness_loss: 0.44920
Val Loss Components:
  |- loss_rot: 0.03727
  |- loss_pos: 0.67031
  |- fk_loss: 1.46227
  |- smoothness_loss: 0.13084
LR: 5.000e-05
Hole frames in this epoch: [4, 16]

Epoch 141 | Train Loss: 0.17180 | Val Loss: 0.43703
Train Loss Components:
  |- loss_rot: 0.03757
  |- loss_pos: 0.31858
  |- fk_loss: 1.16312
  |- smoothness_loss: 0.45448
Val Loss Components:
  |- loss_rot: 0.03714
  |- loss_pos: 0.66149
  |- fk_loss: 1.45595
  |- smoothness_loss: 0.12957
LR: 5.000e-05
Hole frames in this epoch: [4, 16]

Epoch 142 | Train Loss: 0.17597 | Val Loss: 0.43915
Train Loss Components:
  |- loss_rot: 0.01899
  |- loss_pos: 0.13506
  |- fk_loss: 0.47927
  |- smoothness_loss: 0.17897
Val Loss Components:
  |- loss_rot: 0.03725
  |- loss_pos: 0.69292
  |- fk_loss: 1.47077
  |- smoothness_loss: 0.13072
LR: 5.000e-05
Hole frames in this epoch: [4, 16]

Epoch 143 | Train Loss: 0.17347 | Val Loss: 0.43609
Train Loss Components:
  |- loss_rot: 0.02918
  |- loss_pos: 0.25097
  |- fk_loss: 0.81086
  |- smoothness_loss: 0.25677
Val Loss Components:
  |- loss_rot: 0.03715
  |- loss_pos: 0.70654
  |- fk_loss: 1.45334
  |- smoothness_loss: 0.13449
LR: 5.000e-05
Hole frames in this epoch: [4, 16]

Epoch 144 | Train Loss: 0.17482 | Val Loss: 0.43693
Train Loss Components:
  |- loss_rot: 0.02003
  |- loss_pos: 0.16058
  |- fk_loss: 0.54653
  |- smoothness_loss: 0.18307
Val Loss Components:
  |- loss_rot: 0.03721
  |- loss_pos: 0.67553
  |- fk_loss: 1.46218
  |- smoothness_loss: 0.12673
LR: 5.000e-05
Hole frames in this epoch: [4, 16]

Epoch 145 | Train Loss: 0.17553 | Val Loss: 0.43670
Train Loss Components:
  |- loss_rot: 0.02960
  |- loss_pos: 0.23866
  |- fk_loss: 0.82770
  |- smoothness_loss: 0.29268
Val Loss Components:
  |- loss_rot: 0.03703
  |- loss_pos: 0.68450
  |- fk_loss: 1.45288
  |- smoothness_loss: 0.13444
LR: 5.000e-05
Hole frames in this epoch: [4, 16]

Epoch 146 | Train Loss: 0.17295 | Val Loss: 0.43968
Train Loss Components:
  |- loss_rot: 0.02596
  |- loss_pos: 0.19354
  |- fk_loss: 0.69866
  |- smoothness_loss: 0.24745
Val Loss Components:
  |- loss_rot: 0.03730
  |- loss_pos: 0.69586
  |- fk_loss: 1.45823
  |- smoothness_loss: 0.14077
LR: 5.000e-05
Hole frames in this epoch: [4, 16]

Epoch 147 | Train Loss: 0.17652 | Val Loss: 0.44223
Train Loss Components:
  |- loss_rot: 0.02681
  |- loss_pos: 0.22828
  |- fk_loss: 0.71491
  |- smoothness_loss: 0.24177
Val Loss Components:
  |- loss_rot: 0.03730
  |- loss_pos: 0.70229
  |- fk_loss: 1.46952
  |- smoothness_loss: 0.13079
LR: 5.000e-05
Hole frames in this epoch: [4, 16]

Epoch 148 | Train Loss: 0.17907 | Val Loss: 0.43822
Train Loss Components:
  |- loss_rot: 0.01562
  |- loss_pos: 0.13085
  |- fk_loss: 0.39451
  |- smoothness_loss: 0.14190
Val Loss Components:
  |- loss_rot: 0.03702
  |- loss_pos: 0.66510
  |- fk_loss: 1.44803
  |- smoothness_loss: 0.13295
LR: 5.000e-05
Hole frames in this epoch: [4, 16]

Epoch 149 | Train Loss: 0.18047 | Val Loss: 0.43740
Train Loss Components:
  |- loss_rot: 0.01730
  |- loss_pos: 0.12981
  |- fk_loss: 0.42789
  |- smoothness_loss: 0.15067
Val Loss Components:
  |- loss_rot: 0.03713
  |- loss_pos: 0.68677
  |- fk_loss: 1.45304
  |- smoothness_loss: 0.12908
LR: 5.000e-05
Hole frames in this epoch: [4, 16]

Epoch 150 | Train Loss: 0.16411 | Val Loss: 0.42822
Train Loss Components:
  |- loss_rot: 0.01844
  |- loss_pos: 0.14093
  |- fk_loss: 0.47484
  |- smoothness_loss: 0.13579
Val Loss Components:
  |- loss_rot: 0.03690
  |- loss_pos: 0.66642
  |- fk_loss: 1.42204
  |- smoothness_loss: 0.13371
LR: 2.500e-05
Hole frames in this epoch: [4, 16]

Epoch 151 | Train Loss: 0.16688 | Val Loss: 0.42749
Train Loss Components:
  |- loss_rot: 0.03428
  |- loss_pos: 0.25788
  |- fk_loss: 0.90421
  |- smoothness_loss: 0.33112
Val Loss Components:
  |- loss_rot: 0.03686
  |- loss_pos: 0.65937
  |- fk_loss: 1.41300
  |- smoothness_loss: 0.13676
LR: 2.500e-05
Hole frames in this epoch: [4, 16]

Epoch 152 | Train Loss: 0.15951 | Val Loss: 0.42686
Train Loss Components:
  |- loss_rot: 0.03963
  |- loss_pos: 0.35312
  |- fk_loss: 1.23850
  |- smoothness_loss: 0.44390
Val Loss Components:
  |- loss_rot: 0.03693
  |- loss_pos: 0.66799
  |- fk_loss: 1.42568
  |- smoothness_loss: 0.13467
LR: 2.500e-05
Hole frames in this epoch: [4, 16]

Epoch 153 | Train Loss: 0.16687 | Val Loss: 0.42728
Train Loss Components:
  |- loss_rot: 0.03310
  |- loss_pos: 0.23042
  |- fk_loss: 0.88150
  |- smoothness_loss: 0.26558
Val Loss Components:
  |- loss_rot: 0.03684
  |- loss_pos: 0.66420
  |- fk_loss: 1.42194
  |- smoothness_loss: 0.13293
LR: 2.500e-05
Hole frames in this epoch: [4, 16]

Epoch 154 | Train Loss: 0.16708 | Val Loss: 0.42598
Train Loss Components:
  |- loss_rot: 0.03254
  |- loss_pos: 0.25247
  |- fk_loss: 0.91486
  |- smoothness_loss: 0.28402
Val Loss Components:
  |- loss_rot: 0.03683
  |- loss_pos: 0.66509
  |- fk_loss: 1.42404
  |- smoothness_loss: 0.13441
LR: 2.500e-05
Hole frames in this epoch: [4, 16]

Epoch 155 | Train Loss: 0.15810 | Val Loss: 0.42656
Train Loss Components:
  |- loss_rot: 0.02843
  |- loss_pos: 0.18586
  |- fk_loss: 0.74001
  |- smoothness_loss: 0.26312
Val Loss Components:
  |- loss_rot: 0.03686
  |- loss_pos: 0.67351
  |- fk_loss: 1.42734
  |- smoothness_loss: 0.13188
LR: 2.500e-05
Hole frames in this epoch: [4, 16]

Epoch 156 | Train Loss: 0.15742 | Val Loss: 0.42612
Train Loss Components:
  |- loss_rot: 0.03254
  |- loss_pos: 0.20899
  |- fk_loss: 0.79390
  |- smoothness_loss: 0.32954
Val Loss Components:
  |- loss_rot: 0.03687
  |- loss_pos: 0.65496
  |- fk_loss: 1.42147
  |- smoothness_loss: 0.13555
LR: 2.500e-05
Hole frames in this epoch: [4, 16]

Epoch 157 | Train Loss: 0.15696 | Val Loss: 0.42571
Train Loss Components:
  |- loss_rot: 0.02161
  |- loss_pos: 0.14352
  |- fk_loss: 0.53729
  |- smoothness_loss: 0.21748
Val Loss Components:
  |- loss_rot: 0.03678
  |- loss_pos: 0.65960
  |- fk_loss: 1.42232
  |- smoothness_loss: 0.13021
LR: 2.500e-05
Hole frames in this epoch: [4, 16]

Epoch 158 | Train Loss: 0.16018 | Val Loss: 0.42542
Train Loss Components:
  |- loss_rot: 0.02416
  |- loss_pos: 0.16391
  |- fk_loss: 0.59656
  |- smoothness_loss: 0.24156
Val Loss Components:
  |- loss_rot: 0.03681
  |- loss_pos: 0.66802
  |- fk_loss: 1.42334
  |- smoothness_loss: 0.13212
LR: 2.500e-05
Hole frames in this epoch: [4, 16]

Epoch 159 | Train Loss: 0.15491 | Val Loss: 0.42574
Train Loss Components:
  |- loss_rot: 0.01522
  |- loss_pos: 0.10835
  |- fk_loss: 0.37315
  |- smoothness_loss: 0.13649
Val Loss Components:
  |- loss_rot: 0.03684
  |- loss_pos: 0.66378
  |- fk_loss: 1.41758
  |- smoothness_loss: 0.13686
LR: 2.500e-05
Hole frames in this epoch: [4, 16]

Epoch 160 | Train Loss: 0.15283 | Val Loss: 0.42598
Train Loss Components:
  |- loss_rot: 0.03552
  |- loss_pos: 0.22323
  |- fk_loss: 0.86996
  |- smoothness_loss: 0.39480
Val Loss Components:
  |- loss_rot: 0.03687
  |- loss_pos: 0.66668
  |- fk_loss: 1.42495
  |- smoothness_loss: 0.13407
LR: 2.500e-05
Hole frames in this epoch: [4, 16]

Epoch 161 | Train Loss: 0.15897 | Val Loss: 0.42660
Train Loss Components:
  |- loss_rot: 0.02482
  |- loss_pos: 0.15955
  |- fk_loss: 0.60786
  |- smoothness_loss: 0.25680
Val Loss Components:
  |- loss_rot: 0.03696
  |- loss_pos: 0.66535
  |- fk_loss: 1.41544
  |- smoothness_loss: 0.13718
LR: 2.500e-05
Hole frames in this epoch: [4, 16]

Epoch 162 | Train Loss: 0.15732 | Val Loss: 0.42561
Train Loss Components:
  |- loss_rot: 0.03239
  |- loss_pos: 0.20584
  |- fk_loss: 0.83313
  |- smoothness_loss: 0.31960
Val Loss Components:
  |- loss_rot: 0.03685
  |- loss_pos: 0.66404
  |- fk_loss: 1.40775
  |- smoothness_loss: 0.13553
LR: 2.500e-05
Hole frames in this epoch: [4, 16]

Epoch 163 | Train Loss: 0.16633 | Val Loss: 0.42725
Train Loss Components:
  |- loss_rot: 0.01893
  |- loss_pos: 0.12192
  |- fk_loss: 0.45927
  |- smoothness_loss: 0.15358
Val Loss Components:
  |- loss_rot: 0.03688
  |- loss_pos: 0.66732
  |- fk_loss: 1.40424
  |- smoothness_loss: 0.13805
LR: 2.500e-05
Hole frames in this epoch: [4, 16]

Epoch 164 | Train Loss: 0.16370 | Val Loss: 0.42448
Train Loss Components:
  |- loss_rot: 0.03170
  |- loss_pos: 0.21650
  |- fk_loss: 0.77459
  |- smoothness_loss: 0.35612
Val Loss Components:
  |- loss_rot: 0.03694
  |- loss_pos: 0.66513
  |- fk_loss: 1.41118
  |- smoothness_loss: 0.13738
LR: 2.500e-05
Hole frames in this epoch: [4, 16]

Epoch 165 | Train Loss: 0.15494 | Val Loss: 0.42497
Train Loss Components:
  |- loss_rot: 0.03291
  |- loss_pos: 0.18755
  |- fk_loss: 0.83645
  |- smoothness_loss: 0.31862
Val Loss Components:
  |- loss_rot: 0.03681
  |- loss_pos: 0.65373
  |- fk_loss: 1.39920
  |- smoothness_loss: 0.13207
LR: 2.500e-05
Hole frames in this epoch: [4, 16]

Epoch 166 | Train Loss: 0.15411 | Val Loss: 0.42475
Train Loss Components:
  |- loss_rot: 0.03679
  |- loss_pos: 0.24700
  |- fk_loss: 1.00124
  |- smoothness_loss: 0.41423
Val Loss Components:
  |- loss_rot: 0.03671
  |- loss_pos: 0.66320
  |- fk_loss: 1.38790
  |- smoothness_loss: 0.13608
LR: 2.500e-05
Hole frames in this epoch: [4, 16]

Epoch 167 | Train Loss: 0.16213 | Val Loss: 0.42411
Train Loss Components:
  |- loss_rot: 0.02332
  |- loss_pos: 0.15608
  |- fk_loss: 0.58359
  |- smoothness_loss: 0.21936
Val Loss Components:
  |- loss_rot: 0.03664
  |- loss_pos: 0.67210
  |- fk_loss: 1.40602
  |- smoothness_loss: 0.13416
LR: 2.500e-05
Hole frames in this epoch: [4, 16]

Epoch 168 | Train Loss: 0.15791 | Val Loss: 0.42519
Train Loss Components:
  |- loss_rot: 0.02159
  |- loss_pos: 0.13841
  |- fk_loss: 0.52045
  |- smoothness_loss: 0.21786
Val Loss Components:
  |- loss_rot: 0.03677
  |- loss_pos: 0.64290
  |- fk_loss: 1.39565
  |- smoothness_loss: 0.13995
LR: 2.500e-05
Hole frames in this epoch: [4, 16]

Epoch 169 | Train Loss: 0.15110 | Val Loss: 0.42429
Train Loss Components:
  |- loss_rot: 0.02687
  |- loss_pos: 0.17442
  |- fk_loss: 0.66626
  |- smoothness_loss: 0.26128
Val Loss Components:
  |- loss_rot: 0.03688
  |- loss_pos: 0.67360
  |- fk_loss: 1.42201
  |- smoothness_loss: 0.14022
LR: 2.500e-05
Hole frames in this epoch: [4, 16]

Epoch 170 | Train Loss: 0.15912 | Val Loss: 0.42439
Train Loss Components:
  |- loss_rot: 0.03256
  |- loss_pos: 0.20727
  |- fk_loss: 0.81527
  |- smoothness_loss: 0.33442
Val Loss Components:
  |- loss_rot: 0.03671
  |- loss_pos: 0.65012
  |- fk_loss: 1.39603
  |- smoothness_loss: 0.13811
LR: 2.500e-05
Hole frames in this epoch: [4, 16]

Epoch 171 | Train Loss: 0.15384 | Val Loss: 0.42376
Train Loss Components:
  |- loss_rot: 0.02843
  |- loss_pos: 0.18457
  |- fk_loss: 0.71659
  |- smoothness_loss: 0.30905
Val Loss Components:
  |- loss_rot: 0.03665
  |- loss_pos: 0.63830
  |- fk_loss: 1.39303
  |- smoothness_loss: 0.13588
LR: 2.500e-05
Hole frames in this epoch: [4, 16]

Epoch 172 | Train Loss: 0.15469 | Val Loss: 0.42345
Train Loss Components:
  |- loss_rot: 0.01628
  |- loss_pos: 0.11620
  |- fk_loss: 0.40875
  |- smoothness_loss: 0.20156
Val Loss Components:
  |- loss_rot: 0.03673
  |- loss_pos: 0.64805
  |- fk_loss: 1.39536
  |- smoothness_loss: 0.13489
LR: 2.500e-05
Hole frames in this epoch: [4, 16]

Epoch 173 | Train Loss: 0.15789 | Val Loss: 0.42296
Train Loss Components:
  |- loss_rot: 0.02836
  |- loss_pos: 0.17649
  |- fk_loss: 0.69656
  |- smoothness_loss: 0.25859
Val Loss Components:
  |- loss_rot: 0.03679
  |- loss_pos: 0.66208
  |- fk_loss: 1.40277
  |- smoothness_loss: 0.13625
LR: 2.500e-05
Hole frames in this epoch: [4, 16]

Epoch 174 | Train Loss: 0.15655 | Val Loss: 0.42285
Train Loss Components:
  |- loss_rot: 0.03058
  |- loss_pos: 0.18718
  |- fk_loss: 0.73003
  |- smoothness_loss: 0.31135
Val Loss Components:
  |- loss_rot: 0.03673
  |- loss_pos: 0.66308
  |- fk_loss: 1.39827
  |- smoothness_loss: 0.13533
LR: 2.500e-05
Hole frames in this epoch: [4, 16]

Epoch 175 | Train Loss: 0.15625 | Val Loss: 0.42440
Train Loss Components:
  |- loss_rot: 0.04075
  |- loss_pos: 0.38023
  |- fk_loss: 1.22998
  |- smoothness_loss: 0.44221
Val Loss Components:
  |- loss_rot: 0.03676
  |- loss_pos: 0.66955
  |- fk_loss: 1.40522
  |- smoothness_loss: 0.14123
LR: 2.500e-05
Hole frames in this epoch: [4, 16]

Epoch 176 | Train Loss: 0.15473 | Val Loss: 0.42206
Train Loss Components:
  |- loss_rot: 0.04212
  |- loss_pos: 0.34571
  |- fk_loss: 1.25281
  |- smoothness_loss: 0.49653
Val Loss Components:
  |- loss_rot: 0.03665
  |- loss_pos: 0.64702
  |- fk_loss: 1.37991
  |- smoothness_loss: 0.13573
LR: 2.500e-05
Hole frames in this epoch: [4, 16]

Epoch 177 | Train Loss: 0.15609 | Val Loss: 0.42173
Train Loss Components:
  |- loss_rot: 0.02179
  |- loss_pos: 0.14077
  |- fk_loss: 0.51565
  |- smoothness_loss: 0.23051
Val Loss Components:
  |- loss_rot: 0.03656
  |- loss_pos: 0.64688
  |- fk_loss: 1.38406
  |- smoothness_loss: 0.13518
LR: 2.500e-05
Hole frames in this epoch: [4, 16]

Epoch 178 | Train Loss: 0.15432 | Val Loss: 0.42193
Train Loss Components:
  |- loss_rot: 0.01624
  |- loss_pos: 0.12651
  |- fk_loss: 0.39743
  |- smoothness_loss: 0.14967
Val Loss Components:
  |- loss_rot: 0.03673
  |- loss_pos: 0.65028
  |- fk_loss: 1.39196
  |- smoothness_loss: 0.13831
LR: 2.500e-05
Hole frames in this epoch: [4, 16]

Epoch 179 | Train Loss: 0.15574 | Val Loss: 0.42255
Train Loss Components:
  |- loss_rot: 0.02312
  |- loss_pos: 0.15882
  |- fk_loss: 0.57610
  |- smoothness_loss: 0.24462
Val Loss Components:
  |- loss_rot: 0.03661
  |- loss_pos: 0.66362
  |- fk_loss: 1.40183
  |- smoothness_loss: 0.13479
LR: 2.500e-05
Hole frames in this epoch: [4, 16]

Epoch 180 | Train Loss: 0.15466 | Val Loss: 0.42257
Train Loss Components:
  |- loss_rot: 0.04697
  |- loss_pos: 0.35681
  |- fk_loss: 1.39781
  |- smoothness_loss: 0.60669
Val Loss Components:
  |- loss_rot: 0.03669
  |- loss_pos: 0.66738
  |- fk_loss: 1.38811
  |- smoothness_loss: 0.13851
LR: 2.500e-05
Hole frames in this epoch: [4, 16]

Epoch 181 | Train Loss: 0.15612 | Val Loss: 0.42089
Train Loss Components:
  |- loss_rot: 0.02517
  |- loss_pos: 0.16513
  |- fk_loss: 0.63777
  |- smoothness_loss: 0.25912
Val Loss Components:
  |- loss_rot: 0.03658
  |- loss_pos: 0.66917
  |- fk_loss: 1.40065
  |- smoothness_loss: 0.13630
LR: 2.500e-05
Hole frames in this epoch: [4, 16]

Epoch 182 | Train Loss: 0.15177 | Val Loss: 0.42196
Train Loss Components:
  |- loss_rot: 0.02068
  |- loss_pos: 0.14827
  |- fk_loss: 0.48439
  |- smoothness_loss: 0.18377
Val Loss Components:
  |- loss_rot: 0.03656
  |- loss_pos: 0.67373
  |- fk_loss: 1.40696
  |- smoothness_loss: 0.13459
LR: 2.500e-05
Hole frames in this epoch: [4, 16]

Epoch 183 | Train Loss: 0.15458 | Val Loss: 0.42153
Train Loss Components:
  |- loss_rot: 0.02161
  |- loss_pos: 0.14577
  |- fk_loss: 0.54153
  |- smoothness_loss: 0.22310
Val Loss Components:
  |- loss_rot: 0.03674
  |- loss_pos: 0.65982
  |- fk_loss: 1.39324
  |- smoothness_loss: 0.13926
LR: 2.500e-05
Hole frames in this epoch: [4, 16]

Epoch 184 | Train Loss: 0.15287 | Val Loss: 0.42278
Train Loss Components:
  |- loss_rot: 0.02264
  |- loss_pos: 0.13400
  |- fk_loss: 0.53566
  |- smoothness_loss: 0.21933
Val Loss Components:
  |- loss_rot: 0.03669
  |- loss_pos: 0.65233
  |- fk_loss: 1.39143
  |- smoothness_loss: 0.13760
LR: 2.500e-05
Hole frames in this epoch: [4, 16]

Epoch 185 | Train Loss: 0.15533 | Val Loss: 0.42294
Train Loss Components:
  |- loss_rot: 0.02603
  |- loss_pos: 0.15143
  |- fk_loss: 0.62772
  |- smoothness_loss: 0.30521
Val Loss Components:
  |- loss_rot: 0.03665
  |- loss_pos: 0.66333
  |- fk_loss: 1.39281
  |- smoothness_loss: 0.13883
LR: 2.500e-05
Hole frames in this epoch: [4, 16]

Epoch 186 | Train Loss: 0.15442 | Val Loss: 0.41995
Train Loss Components:
  |- loss_rot: 0.03285
  |- loss_pos: 0.21208
  |- fk_loss: 0.85655
  |- smoothness_loss: 0.34951
Val Loss Components:
  |- loss_rot: 0.03656
  |- loss_pos: 0.65140
  |- fk_loss: 1.37550
  |- smoothness_loss: 0.13448
LR: 2.500e-05
Hole frames in this epoch: [4, 16]

Epoch 187 | Train Loss: 0.15473 | Val Loss: 0.42090
Train Loss Components:
  |- loss_rot: 0.02346
  |- loss_pos: 0.15456
  |- fk_loss: 0.56262
  |- smoothness_loss: 0.23909
Val Loss Components:
  |- loss_rot: 0.03642
  |- loss_pos: 0.64718
  |- fk_loss: 1.37599
  |- smoothness_loss: 0.13667
LR: 2.500e-05
Hole frames in this epoch: [4, 16]

Epoch 188 | Train Loss: 0.15643 | Val Loss: 0.42017
Train Loss Components:
  |- loss_rot: 0.03222
  |- loss_pos: 0.21097
  |- fk_loss: 0.83933
  |- smoothness_loss: 0.33514
Val Loss Components:
  |- loss_rot: 0.03642
  |- loss_pos: 0.63608
  |- fk_loss: 1.36750
  |- smoothness_loss: 0.13559
LR: 2.500e-05
Hole frames in this epoch: [4, 16]

Epoch 189 | Train Loss: 0.15569 | Val Loss: 0.41859
Train Loss Components:
  |- loss_rot: 0.01830
  |- loss_pos: 0.11671
  |- fk_loss: 0.43985
  |- smoothness_loss: 0.15481
Val Loss Components:
  |- loss_rot: 0.03653
  |- loss_pos: 0.64730
  |- fk_loss: 1.36667
  |- smoothness_loss: 0.13554
LR: 2.500e-05
Hole frames in this epoch: [4, 16]

Epoch 190 | Train Loss: 0.15653 | Val Loss: 0.42084
Train Loss Components:
  |- loss_rot: 0.01393
  |- loss_pos: 0.09985
  |- fk_loss: 0.32823
  |- smoothness_loss: 0.11933
Val Loss Components:
  |- loss_rot: 0.03669
  |- loss_pos: 0.65539
  |- fk_loss: 1.38816
  |- smoothness_loss: 0.13480
LR: 2.500e-05
Hole frames in this epoch: [4, 16]

Epoch 191 | Train Loss: 0.15296 | Val Loss: 0.41974
Train Loss Components:
  |- loss_rot: 0.01535
  |- loss_pos: 0.10568
  |- fk_loss: 0.36150
  |- smoothness_loss: 0.13007
Val Loss Components:
  |- loss_rot: 0.03653
  |- loss_pos: 0.64144
  |- fk_loss: 1.37080
  |- smoothness_loss: 0.14058
LR: 2.500e-05
Hole frames in this epoch: [4, 16]

Epoch 192 | Train Loss: 0.15796 | Val Loss: 0.41952
Train Loss Components:
  |- loss_rot: 0.01172
  |- loss_pos: 0.10044
  |- fk_loss: 0.27863
  |- smoothness_loss: 0.10268
Val Loss Components:
  |- loss_rot: 0.03646
  |- loss_pos: 0.64572
  |- fk_loss: 1.37126
  |- smoothness_loss: 0.14141
LR: 2.500e-05
Hole frames in this epoch: [4, 16]

Epoch 193 | Train Loss: 0.16259 | Val Loss: 0.41942
Train Loss Components:
  |- loss_rot: 0.03387
  |- loss_pos: 0.22239
  |- fk_loss: 0.87902
  |- smoothness_loss: 0.34345
Val Loss Components:
  |- loss_rot: 0.03653
  |- loss_pos: 0.66060
  |- fk_loss: 1.38651
  |- smoothness_loss: 0.13583
LR: 2.500e-05
Hole frames in this epoch: [4, 16]

Epoch 194 | Train Loss: 0.14815 | Val Loss: 0.41948
Train Loss Components:
  |- loss_rot: 0.02773
  |- loss_pos: 0.17568
  |- fk_loss: 0.68701
  |- smoothness_loss: 0.28940
Val Loss Components:
  |- loss_rot: 0.03655
  |- loss_pos: 0.64952
  |- fk_loss: 1.38087
  |- smoothness_loss: 0.13762
LR: 2.500e-05
Hole frames in this epoch: [4, 16]

Epoch 195 | Train Loss: 0.15355 | Val Loss: 0.42074
Train Loss Components:
  |- loss_rot: 0.02670
  |- loss_pos: 0.15849
  |- fk_loss: 0.63997
  |- smoothness_loss: 0.26766
Val Loss Components:
  |- loss_rot: 0.03657
  |- loss_pos: 0.66045
  |- fk_loss: 1.38847
  |- smoothness_loss: 0.13770
LR: 2.500e-05
Hole frames in this epoch: [4, 16]

Epoch 196 | Train Loss: 0.15279 | Val Loss: 0.41652
Train Loss Components:
  |- loss_rot: 0.01698
  |- loss_pos: 0.10724
  |- fk_loss: 0.39869
  |- smoothness_loss: 0.17253
Val Loss Components:
  |- loss_rot: 0.03653
  |- loss_pos: 0.64754
  |- fk_loss: 1.37045
  |- smoothness_loss: 0.13908
LR: 1.250e-05
Hole frames in this epoch: [4, 16]

Epoch 197 | Train Loss: 0.14232 | Val Loss: 0.41686
Train Loss Components:
  |- loss_rot: 0.02214
  |- loss_pos: 0.12430
  |- fk_loss: 0.51553
  |- smoothness_loss: 0.17747
Val Loss Components:
  |- loss_rot: 0.03652
  |- loss_pos: 0.64836
  |- fk_loss: 1.37110
  |- smoothness_loss: 0.13902
LR: 1.250e-05
Hole frames in this epoch: [4, 16]

Epoch 198 | Train Loss: 0.14645 | Val Loss: 0.41694
Train Loss Components:
  |- loss_rot: 0.02484
  |- loss_pos: 0.14416
  |- fk_loss: 0.56051
  |- smoothness_loss: 0.26735
Val Loss Components:
  |- loss_rot: 0.03650
  |- loss_pos: 0.64702
  |- fk_loss: 1.37153
  |- smoothness_loss: 0.13961
LR: 1.250e-05
Hole frames in this epoch: [4, 16]

Epoch 199 | Train Loss: 0.14662 | Val Loss: 0.41666
Train Loss Components:
  |- loss_rot: 0.02495
  |- loss_pos: 0.13925
  |- fk_loss: 0.58052
  |- smoothness_loss: 0.23923
Val Loss Components:
  |- loss_rot: 0.03649
  |- loss_pos: 0.64246
  |- fk_loss: 1.35769
  |- smoothness_loss: 0.14068
LR: 1.250e-05
Hole frames in this epoch: [4, 16]

Epoch 200 | Train Loss: 0.14619 | Val Loss: 0.41583
Train Loss Components:
  |- loss_rot: 0.03041
  |- loss_pos: 0.16572
  |- fk_loss: 0.71339
  |- smoothness_loss: 0.31882
Val Loss Components:
  |- loss_rot: 0.03646
  |- loss_pos: 0.64194
  |- fk_loss: 1.36202
  |- smoothness_loss: 0.13847
LR: 1.250e-05
Hole frames in this epoch: [4, 16]

Epoch 201 | Train Loss: 0.15159 | Val Loss: 0.41509
Train Loss Components:
  |- loss_rot: 0.03974
  |- loss_pos: 0.25522
  |- fk_loss: 1.09192
  |- smoothness_loss: 0.38475
Val Loss Components:
  |- loss_rot: 0.03639
  |- loss_pos: 0.64216
  |- fk_loss: 1.36276
  |- smoothness_loss: 0.13802
LR: 1.250e-05
Hole frames in this epoch: [4, 16]

Epoch 202 | Train Loss: 0.14451 | Val Loss: 0.41595
Train Loss Components:
  |- loss_rot: 0.01454
  |- loss_pos: 0.10190
  |- fk_loss: 0.35461
  |- smoothness_loss: 0.13749
Val Loss Components:
  |- loss_rot: 0.03639
  |- loss_pos: 0.64861
  |- fk_loss: 1.36083
  |- smoothness_loss: 0.13784
LR: 1.250e-05
Hole frames in this epoch: [4, 16]

Epoch 203 | Train Loss: 0.14358 | Val Loss: 0.41584
Train Loss Components:
  |- loss_rot: 0.03302
  |- loss_pos: 0.18365
  |- fk_loss: 0.79606
  |- smoothness_loss: 0.34575
Val Loss Components:
  |- loss_rot: 0.03647
  |- loss_pos: 0.64599
  |- fk_loss: 1.36728
  |- smoothness_loss: 0.14149
LR: 1.250e-05
Hole frames in this epoch: [4, 16]

Epoch 204 | Train Loss: 0.14632 | Val Loss: 0.41662
Train Loss Components:
  |- loss_rot: 0.02195
  |- loss_pos: 0.12992
  |- fk_loss: 0.51009
  |- smoothness_loss: 0.21183
Val Loss Components:
  |- loss_rot: 0.03649
  |- loss_pos: 0.64767
  |- fk_loss: 1.37273
  |- smoothness_loss: 0.14219
LR: 1.250e-05
Hole frames in this epoch: [4, 16]

Epoch 205 | Train Loss: 0.14783 | Val Loss: 0.41547
Train Loss Components:
  |- loss_rot: 0.03411
  |- loss_pos: 0.20752
  |- fk_loss: 0.86974
  |- smoothness_loss: 0.39321
Val Loss Components:
  |- loss_rot: 0.03650
  |- loss_pos: 0.64320
  |- fk_loss: 1.36422
  |- smoothness_loss: 0.14011
LR: 1.250e-05
Hole frames in this epoch: [4, 16]

Epoch 206 | Train Loss: 0.14471 | Val Loss: 0.41572
Train Loss Components:
  |- loss_rot: 0.01541
  |- loss_pos: 0.10761
  |- fk_loss: 0.37600
  |- smoothness_loss: 0.15740
Val Loss Components:
  |- loss_rot: 0.03651
  |- loss_pos: 0.65635
  |- fk_loss: 1.37491
  |- smoothness_loss: 0.13926
LR: 1.250e-05
Hole frames in this epoch: [4, 16]

Epoch 207 | Train Loss: 0.14567 | Val Loss: 0.41568
Train Loss Components:
  |- loss_rot: 0.03343
  |- loss_pos: 0.17910
  |- fk_loss: 0.83480
  |- smoothness_loss: 0.34411
Val Loss Components:
  |- loss_rot: 0.03641
  |- loss_pos: 0.64731
  |- fk_loss: 1.36737
  |- smoothness_loss: 0.14098
LR: 1.250e-05
Hole frames in this epoch: [4, 16]

Epoch 208 | Train Loss: 0.14708 | Val Loss: 0.41473
Train Loss Components:
  |- loss_rot: 0.03213
  |- loss_pos: 0.16694
  |- fk_loss: 0.83458
  |- smoothness_loss: 0.30209
Val Loss Components:
  |- loss_rot: 0.03640
  |- loss_pos: 0.64201
  |- fk_loss: 1.36335
  |- smoothness_loss: 0.13998
LR: 6.250e-06
Hole frames in this epoch: [4, 16]

Epoch 209 | Train Loss: 0.13972 | Val Loss: 0.41458
Train Loss Components:
  |- loss_rot: 0.03150
  |- loss_pos: 0.17284
  |- fk_loss: 0.74097
  |- smoothness_loss: 0.35127
Val Loss Components:
  |- loss_rot: 0.03642
  |- loss_pos: 0.64235
  |- fk_loss: 1.36215
  |- smoothness_loss: 0.14228
LR: 6.250e-06
Hole frames in this epoch: [4, 16]

Epoch 210 | Train Loss: 0.14419 | Val Loss: 0.41438
Train Loss Components:
  |- loss_rot: 0.03893
  |- loss_pos: 0.21888
  |- fk_loss: 0.97199
  |- smoothness_loss: 0.46173
Val Loss Components:
  |- loss_rot: 0.03650
  |- loss_pos: 0.63892
  |- fk_loss: 1.36318
  |- smoothness_loss: 0.14230
LR: 6.250e-06
Hole frames in this epoch: [4, 16]

Epoch 211 | Train Loss: 0.14351 | Val Loss: 0.41419
Train Loss Components:
  |- loss_rot: 0.01803
  |- loss_pos: 0.11132
  |- fk_loss: 0.41879
  |- smoothness_loss: 0.16319
Val Loss Components:
  |- loss_rot: 0.03650
  |- loss_pos: 0.63948
  |- fk_loss: 1.36300
  |- smoothness_loss: 0.14185
LR: 6.250e-06
Hole frames in this epoch: [4, 16]

Epoch 212 | Train Loss: 0.14142 | Val Loss: 0.41434
Train Loss Components:
  |- loss_rot: 0.02542
  |- loss_pos: 0.13693
  |- fk_loss: 0.56922
  |- smoothness_loss: 0.28066
Val Loss Components:
  |- loss_rot: 0.03648
  |- loss_pos: 0.64010
  |- fk_loss: 1.36091
  |- smoothness_loss: 0.14164
LR: 6.250e-06
Hole frames in this epoch: [4, 16]

Epoch 213 | Train Loss: 0.14232 | Val Loss: 0.41354
Train Loss Components:
  |- loss_rot: 0.03834
  |- loss_pos: 0.21183
  |- fk_loss: 0.98422
  |- smoothness_loss: 0.41373
Val Loss Components:
  |- loss_rot: 0.03645
  |- loss_pos: 0.63916
  |- fk_loss: 1.36357
  |- smoothness_loss: 0.14079
LR: 6.250e-06
Hole frames in this epoch: [4, 16]

Epoch 214 | Train Loss: 0.14416 | Val Loss: 0.41412
Train Loss Components:
  |- loss_rot: 0.01134
  |- loss_pos: 0.08135
  |- fk_loss: 0.25653
  |- smoothness_loss: 0.09067
Val Loss Components:
  |- loss_rot: 0.03643
  |- loss_pos: 0.63940
  |- fk_loss: 1.36031
  |- smoothness_loss: 0.13996
LR: 6.250e-06
Hole frames in this epoch: [4, 16]

Epoch 215 | Train Loss: 0.14052 | Val Loss: 0.41424
Train Loss Components:
  |- loss_rot: 0.02731
  |- loss_pos: 0.14230
  |- fk_loss: 0.61811
  |- smoothness_loss: 0.26133
Val Loss Components:
  |- loss_rot: 0.03654
  |- loss_pos: 0.64071
  |- fk_loss: 1.36185
  |- smoothness_loss: 0.14204
LR: 6.250e-06
Hole frames in this epoch: [4, 16]

Epoch 216 | Train Loss: 0.14032 | Val Loss: 0.41395
Train Loss Components:
  |- loss_rot: 0.02290
  |- loss_pos: 0.12307
  |- fk_loss: 0.50509
  |- smoothness_loss: 0.19421
Val Loss Components:
  |- loss_rot: 0.03650
  |- loss_pos: 0.64668
  |- fk_loss: 1.36411
  |- smoothness_loss: 0.14075
LR: 6.250e-06
Hole frames in this epoch: [4, 16]

Epoch 217 | Train Loss: 0.14447 | Val Loss: 0.41397
Train Loss Components:
  |- loss_rot: 0.01551
  |- loss_pos: 0.09864
  |- fk_loss: 0.35558
  |- smoothness_loss: 0.14094
Val Loss Components:
  |- loss_rot: 0.03652
  |- loss_pos: 0.65069
  |- fk_loss: 1.37227
  |- smoothness_loss: 0.14191
LR: 6.250e-06
Hole frames in this epoch: [4, 16]

Epoch 218 | Train Loss: 0.14216 | Val Loss: 0.41369
Train Loss Components:
  |- loss_rot: 0.01530
  |- loss_pos: 0.10085
  |- fk_loss: 0.35376
  |- smoothness_loss: 0.14668
Val Loss Components:
  |- loss_rot: 0.03646
  |- loss_pos: 0.64526
  |- fk_loss: 1.36285
  |- smoothness_loss: 0.14091
LR: 6.250e-06
Hole frames in this epoch: [4, 16]

Epoch 219 | Train Loss: 0.14100 | Val Loss: 0.41352
Train Loss Components:
  |- loss_rot: 0.02107
  |- loss_pos: 0.12256
  |- fk_loss: 0.49023
  |- smoothness_loss: 0.22962
Val Loss Components:
  |- loss_rot: 0.03644
  |- loss_pos: 0.63889
  |- fk_loss: 1.36024
  |- smoothness_loss: 0.13973
LR: 6.250e-06
Hole frames in this epoch: [4, 16]

Epoch 220 | Train Loss: 0.14243 | Val Loss: 0.41332
Train Loss Components:
  |- loss_rot: 0.02754
  |- loss_pos: 0.14422
  |- fk_loss: 0.65293
  |- smoothness_loss: 0.28210
Val Loss Components:
  |- loss_rot: 0.03642
  |- loss_pos: 0.64158
  |- fk_loss: 1.36109
  |- smoothness_loss: 0.14061
LR: 3.125e-06
Hole frames in this epoch: [4, 16]

Epoch 221 | Train Loss: 0.13850 | Val Loss: 0.41283
Train Loss Components:
  |- loss_rot: 0.02688
  |- loss_pos: 0.13873
  |- fk_loss: 0.60473
  |- smoothness_loss: 0.25189
Val Loss Components:
  |- loss_rot: 0.03643
  |- loss_pos: 0.64407
  |- fk_loss: 1.35562
  |- smoothness_loss: 0.14015
LR: 3.125e-06
Hole frames in this epoch: [4, 16]

Epoch 222 | Train Loss: 0.14289 | Val Loss: 0.41337
Train Loss Components:
  |- loss_rot: 0.03701
  |- loss_pos: 0.22041
  |- fk_loss: 0.97770
  |- smoothness_loss: 0.40371
Val Loss Components:
  |- loss_rot: 0.03643
  |- loss_pos: 0.64685
  |- fk_loss: 1.36034
  |- smoothness_loss: 0.14163
LR: 3.125e-06
Hole frames in this epoch: [4, 16]

Epoch 223 | Train Loss: 0.14187 | Val Loss: 0.41327
Train Loss Components:
  |- loss_rot: 0.03495
  |- loss_pos: 0.20260
  |- fk_loss: 0.90711
  |- smoothness_loss: 0.42274
Val Loss Components:
  |- loss_rot: 0.03644
  |- loss_pos: 0.64748
  |- fk_loss: 1.36173
  |- smoothness_loss: 0.14168
LR: 3.125e-06
Hole frames in this epoch: [4, 16]

Epoch 224 | Train Loss: 0.14381 | Val Loss: 0.41282
Train Loss Components:
  |- loss_rot: 0.02530
  |- loss_pos: 0.12879
  |- fk_loss: 0.57705
  |- smoothness_loss: 0.28592
Val Loss Components:
  |- loss_rot: 0.03642
  |- loss_pos: 0.64282
  |- fk_loss: 1.36016
  |- smoothness_loss: 0.14110
LR: 3.125e-06
Hole frames in this epoch: [4, 16]

Epoch 225 | Train Loss: 0.14162 | Val Loss: 0.41300
Train Loss Components:
  |- loss_rot: 0.03880
  |- loss_pos: 0.22530
  |- fk_loss: 1.16769
  |- smoothness_loss: 0.40192
Val Loss Components:
  |- loss_rot: 0.03646
  |- loss_pos: 0.64427
  |- fk_loss: 1.36160
  |- smoothness_loss: 0.14080
LR: 3.125e-06
Hole frames in this epoch: [4, 16]

Epoch 226 | Train Loss: 0.14133 | Val Loss: 0.41301
Train Loss Components:
  |- loss_rot: 0.02103
  |- loss_pos: 0.11175
  |- fk_loss: 0.48174
  |- smoothness_loss: 0.19434
Val Loss Components:
  |- loss_rot: 0.03640
  |- loss_pos: 0.63966
  |- fk_loss: 1.35764
  |- smoothness_loss: 0.14010
LR: 3.125e-06
Hole frames in this epoch: [4, 16]

Epoch 227 | Train Loss: 0.14376 | Val Loss: 0.41259
Train Loss Components:
  |- loss_rot: 0.02035
  |- loss_pos: 0.12292
  |- fk_loss: 0.46995
  |- smoothness_loss: 0.19502
Val Loss Components:
  |- loss_rot: 0.03640
  |- loss_pos: 0.63595
  |- fk_loss: 1.35354
  |- smoothness_loss: 0.14140
LR: 3.125e-06
Hole frames in this epoch: [4, 16]

Epoch 228 | Train Loss: 0.14278 | Val Loss: 0.41312
Train Loss Components:
  |- loss_rot: 0.03186
  |- loss_pos: 0.16663
  |- fk_loss: 0.76505
  |- smoothness_loss: 0.33414
Val Loss Components:
  |- loss_rot: 0.03640
  |- loss_pos: 0.64352
  |- fk_loss: 1.36059
  |- smoothness_loss: 0.14084
LR: 3.125e-06
Hole frames in this epoch: [4, 16]

Epoch 229 | Train Loss: 0.14196 | Val Loss: 0.41297
Train Loss Components:
  |- loss_rot: 0.01384
  |- loss_pos: 0.09083
  |- fk_loss: 0.33512
  |- smoothness_loss: 0.12030
Val Loss Components:
  |- loss_rot: 0.03645
  |- loss_pos: 0.64544
  |- fk_loss: 1.36433
  |- smoothness_loss: 0.14128
LR: 3.125e-06
Hole frames in this epoch: [4, 16]

Epoch 230 | Train Loss: 0.13841 | Val Loss: 0.41281
Train Loss Components:
  |- loss_rot: 0.02907
  |- loss_pos: 0.15226
  |- fk_loss: 0.66102
  |- smoothness_loss: 0.23427
Val Loss Components:
  |- loss_rot: 0.03640
  |- loss_pos: 0.64035
  |- fk_loss: 1.35796
  |- smoothness_loss: 0.14138
LR: 3.125e-06
Hole frames in this epoch: [4, 16]

Epoch 231 | Train Loss: 0.13871 | Val Loss: 0.41300
Train Loss Components:
  |- loss_rot: 0.02928
  |- loss_pos: 0.15822
  |- fk_loss: 0.66784
  |- smoothness_loss: 0.30364
Val Loss Components:
  |- loss_rot: 0.03643
  |- loss_pos: 0.64200
  |- fk_loss: 1.35734
  |- smoothness_loss: 0.14087
LR: 3.125e-06
Hole frames in this epoch: [4, 16]

Epoch 232 | Train Loss: 0.13439 | Val Loss: 0.41270
Train Loss Components:
  |- loss_rot: 0.02806
  |- loss_pos: 0.14765
  |- fk_loss: 0.63459
  |- smoothness_loss: 0.29598
Val Loss Components:
  |- loss_rot: 0.03641
  |- loss_pos: 0.64226
  |- fk_loss: 1.35756
  |- smoothness_loss: 0.14037
LR: 3.125e-06
Hole frames in this epoch: [4, 16]

Epoch 233 | Train Loss: 0.13827 | Val Loss: 0.41269
Train Loss Components:
  |- loss_rot: 0.02229
  |- loss_pos: 0.11353
  |- fk_loss: 0.50682
  |- smoothness_loss: 0.19778
Val Loss Components:
  |- loss_rot: 0.03642
  |- loss_pos: 0.64431
  |- fk_loss: 1.35755
  |- smoothness_loss: 0.14026
LR: 3.125e-06
Hole frames in this epoch: [4, 16]

Epoch 234 | Train Loss: 0.14064 | Val Loss: 0.41256
Train Loss Components:
  |- loss_rot: 0.02564
  |- loss_pos: 0.13679
  |- fk_loss: 0.59732
  |- smoothness_loss: 0.27134
Val Loss Components:
  |- loss_rot: 0.03643
  |- loss_pos: 0.64174
  |- fk_loss: 1.35664
  |- smoothness_loss: 0.14117
LR: 1.563e-06
Hole frames in this epoch: [4, 16]

Epoch 235 | Train Loss: 0.14081 | Val Loss: 0.41243
Train Loss Components:
  |- loss_rot: 0.02790
  |- loss_pos: 0.15236
  |- fk_loss: 0.66285
  |- smoothness_loss: 0.27907
Val Loss Components:
  |- loss_rot: 0.03639
  |- loss_pos: 0.64043
  |- fk_loss: 1.35779
  |- smoothness_loss: 0.14224
LR: 1.563e-06
Hole frames in this epoch: [4, 16]

Epoch 236 | Train Loss: 0.13885 | Val Loss: 0.41251
Train Loss Components:
  |- loss_rot: 0.01861
  |- loss_pos: 0.10530
  |- fk_loss: 0.41863
  |- smoothness_loss: 0.16498
Val Loss Components:
  |- loss_rot: 0.03642
  |- loss_pos: 0.64140
  |- fk_loss: 1.35829
  |- smoothness_loss: 0.14091
LR: 1.563e-06
Hole frames in this epoch: [4, 16]

Epoch 237 | Train Loss: 0.13931 | Val Loss: 0.41253
Train Loss Components:
  |- loss_rot: 0.01729
  |- loss_pos: 0.10133
  |- fk_loss: 0.38359
  |- smoothness_loss: 0.16955
Val Loss Components:
  |- loss_rot: 0.03640
  |- loss_pos: 0.64200
  |- fk_loss: 1.35811
  |- smoothness_loss: 0.14106
LR: 1.563e-06
Hole frames in this epoch: [4, 16]

Epoch 238 | Train Loss: 0.14145 | Val Loss: 0.41272
Train Loss Components:
  |- loss_rot: 0.02017
  |- loss_pos: 0.11515
  |- fk_loss: 0.45707
  |- smoothness_loss: 0.20495
Val Loss Components:
  |- loss_rot: 0.03642
  |- loss_pos: 0.64369
  |- fk_loss: 1.35994
  |- smoothness_loss: 0.14206
LR: 1.563e-06
Hole frames in this epoch: [4, 16]

Epoch 239 | Train Loss: 0.13916 | Val Loss: 0.41249
Train Loss Components:
  |- loss_rot: 0.02649
  |- loss_pos: 0.14908
  |- fk_loss: 0.62467
  |- smoothness_loss: 0.28897
Val Loss Components:
  |- loss_rot: 0.03638
  |- loss_pos: 0.64297
  |- fk_loss: 1.35959
  |- smoothness_loss: 0.14141
LR: 1.563e-06
Hole frames in this epoch: [4, 16]

Epoch 240 | Train Loss: 0.13500 | Val Loss: 0.41235
Train Loss Components:
  |- loss_rot: 0.02995
  |- loss_pos: 0.16519
  |- fk_loss: 0.70680
  |- smoothness_loss: 0.30437
Val Loss Components:
  |- loss_rot: 0.03641
  |- loss_pos: 0.64363
  |- fk_loss: 1.36008
  |- smoothness_loss: 0.14086
LR: 1.563e-06
Hole frames in this epoch: [4, 16]

Epoch 241 | Train Loss: 0.14032 | Val Loss: 0.41234
Train Loss Components:
  |- loss_rot: 0.01597
  |- loss_pos: 0.09786
  |- fk_loss: 0.36865
  |- smoothness_loss: 0.12957
Val Loss Components:
  |- loss_rot: 0.03641
  |- loss_pos: 0.64193
  |- fk_loss: 1.35920
  |- smoothness_loss: 0.14099
LR: 1.563e-06
Hole frames in this epoch: [4, 16]

Epoch 242 | Train Loss: 0.13628 | Val Loss: 0.41242
Train Loss Components:
  |- loss_rot: 0.02279
  |- loss_pos: 0.11596
  |- fk_loss: 0.51883
  |- smoothness_loss: 0.25101
Val Loss Components:
  |- loss_rot: 0.03640
  |- loss_pos: 0.64114
  |- fk_loss: 1.36119
  |- smoothness_loss: 0.14089
LR: 1.563e-06
Hole frames in this epoch: [4, 16]

Epoch 243 | Train Loss: 0.13584 | Val Loss: 0.41245
Train Loss Components:
  |- loss_rot: 0.02830
  |- loss_pos: 0.14813
  |- fk_loss: 0.65639
  |- smoothness_loss: 0.29888
Val Loss Components:
  |- loss_rot: 0.03640
  |- loss_pos: 0.64035
  |- fk_loss: 1.35671
  |- smoothness_loss: 0.14173
LR: 1.563e-06
Hole frames in this epoch: [4, 16]

Epoch 244 | Train Loss: 0.13916 | Val Loss: 0.41241
Train Loss Components:
  |- loss_rot: 0.01314
  |- loss_pos: 0.08671
  |- fk_loss: 0.30918
  |- smoothness_loss: 0.09551
Val Loss Components:
  |- loss_rot: 0.03640
  |- loss_pos: 0.63984
  |- fk_loss: 1.35869
  |- smoothness_loss: 0.14080
LR: 1.563e-06
Hole frames in this epoch: [4, 16]

Epoch 245 | Train Loss: 0.13857 | Val Loss: 0.41224
Train Loss Components:
  |- loss_rot: 0.03383
  |- loss_pos: 0.18489
  |- fk_loss: 0.86266
  |- smoothness_loss: 0.35055
Val Loss Components:
  |- loss_rot: 0.03638
  |- loss_pos: 0.63926
  |- fk_loss: 1.35634
  |- smoothness_loss: 0.14126
LR: 1.563e-06
Hole frames in this epoch: [4, 16]

Epoch 246 | Train Loss: 0.13530 | Val Loss: 0.41229
Train Loss Components:
  |- loss_rot: 0.01111
  |- loss_pos: 0.08005
  |- fk_loss: 0.26269
  |- smoothness_loss: 0.09514
Val Loss Components:
  |- loss_rot: 0.03637
  |- loss_pos: 0.64049
  |- fk_loss: 1.35450
  |- smoothness_loss: 0.14174
LR: 1.563e-06
Hole frames in this epoch: [4, 16]

Epoch 247 | Train Loss: 0.13420 | Val Loss: 0.41244
Train Loss Components:
  |- loss_rot: 0.03527
  |- loss_pos: 0.18648
  |- fk_loss: 0.83146
  |- smoothness_loss: 0.39927
Val Loss Components:
  |- loss_rot: 0.03640
  |- loss_pos: 0.64031
  |- fk_loss: 1.35735
  |- smoothness_loss: 0.14265
LR: 1.563e-06
Hole frames in this epoch: [4, 16]

Epoch 248 | Train Loss: 0.13738 | Val Loss: 0.41244
Train Loss Components:
  |- loss_rot: 0.03313
  |- loss_pos: 0.19089
  |- fk_loss: 0.82985
  |- smoothness_loss: 0.36205
Val Loss Components:
  |- loss_rot: 0.03641
  |- loss_pos: 0.64051
  |- fk_loss: 1.35705
  |- smoothness_loss: 0.14225
LR: 1.563e-06
Hole frames in this epoch: [4, 16]

Epoch 249 | Train Loss: 0.13688 | Val Loss: 0.41243
Train Loss Components:
  |- loss_rot: 0.03195
  |- loss_pos: 0.15878
  |- fk_loss: 0.72518
  |- smoothness_loss: 0.33090
Val Loss Components:
  |- loss_rot: 0.03642
  |- loss_pos: 0.64188
  |- fk_loss: 1.35838
  |- smoothness_loss: 0.14213
LR: 1.563e-06
Hole frames in this epoch: [4, 16]

Epoch 250 | Train Loss: 0.14158 | Val Loss: 0.41220
Train Loss Components:
  |- loss_rot: 0.03914
  |- loss_pos: 0.25704
  |- fk_loss: 1.05041
  |- smoothness_loss: 0.52042
Val Loss Components:
  |- loss_rot: 0.03640
  |- loss_pos: 0.64473
  |- fk_loss: 1.35836
  |- smoothness_loss: 0.14075
LR: 1.563e-06
Hole frames in this epoch: [4, 16]

Epoch 251 | Train Loss: 0.14183 | Val Loss: 0.41225
Train Loss Components:
  |- loss_rot: 0.01818
  |- loss_pos: 0.10918
  |- fk_loss: 0.41486
  |- smoothness_loss: 0.17383
Val Loss Components:
  |- loss_rot: 0.03639
  |- loss_pos: 0.64208
  |- fk_loss: 1.35637
  |- smoothness_loss: 0.14173
LR: 1.563e-06
Hole frames in this epoch: [4, 16]

Epoch 252 | Train Loss: 0.13400 | Val Loss: 0.41219
Train Loss Components:
  |- loss_rot: 0.02524
  |- loss_pos: 0.13434
  |- fk_loss: 0.57257
  |- smoothness_loss: 0.24051
Val Loss Components:
  |- loss_rot: 0.03638
  |- loss_pos: 0.64364
  |- fk_loss: 1.35754
  |- smoothness_loss: 0.14133
LR: 1.563e-06
Hole frames in this epoch: [4, 16]

Epoch 253 | Train Loss: 0.13878 | Val Loss: 0.41216
Train Loss Components:
  |- loss_rot: 0.01652
  |- loss_pos: 0.10176
  |- fk_loss: 0.38038
  |- smoothness_loss: 0.15431
Val Loss Components:
  |- loss_rot: 0.03638
  |- loss_pos: 0.64362
  |- fk_loss: 1.35948
  |- smoothness_loss: 0.14118
LR: 1.563e-06
Hole frames in this epoch: [4, 16]

Epoch 254 | Train Loss: 0.14031 | Val Loss: 0.41195
Train Loss Components:
  |- loss_rot: 0.01102
  |- loss_pos: 0.08254
  |- fk_loss: 0.26327
  |- smoothness_loss: 0.08890
Val Loss Components:
  |- loss_rot: 0.03637
  |- loss_pos: 0.64266
  |- fk_loss: 1.35749
  |- smoothness_loss: 0.14124
LR: 1.563e-06
Hole frames in this epoch: [4, 16]

Epoch 255 | Train Loss: 0.13400 | Val Loss: 0.41224
Train Loss Components:
  |- loss_rot: 0.03095
  |- loss_pos: 0.16273
  |- fk_loss: 0.74628
  |- smoothness_loss: 0.33323
Val Loss Components:
  |- loss_rot: 0.03639
  |- loss_pos: 0.64469
  |- fk_loss: 1.35980
  |- smoothness_loss: 0.14121
LR: 1.563e-06
Hole frames in this epoch: [4, 16]

Epoch 256 | Train Loss: 0.13621 | Val Loss: 0.41210
Train Loss Components:
  |- loss_rot: 0.03099
  |- loss_pos: 0.17294
  |- fk_loss: 0.82123
  |- smoothness_loss: 0.36623
Val Loss Components:
  |- loss_rot: 0.03639
  |- loss_pos: 0.64000
  |- fk_loss: 1.35579
  |- smoothness_loss: 0.14160
LR: 1.563e-06
Hole frames in this epoch: [4, 16]

Epoch 257 | Train Loss: 0.13622 | Val Loss: 0.41219
Train Loss Components:
  |- loss_rot: 0.02672
  |- loss_pos: 0.14996
  |- fk_loss: 0.62359
  |- smoothness_loss: 0.29436
Val Loss Components:
  |- loss_rot: 0.03638
  |- loss_pos: 0.64572
  |- fk_loss: 1.35828
  |- smoothness_loss: 0.14187
LR: 1.563e-06
Hole frames in this epoch: [4, 16]

Epoch 258 | Train Loss: 0.14229 | Val Loss: 0.41211
Train Loss Components:
  |- loss_rot: 0.02668
  |- loss_pos: 0.13437
  |- fk_loss: 0.62180
  |- smoothness_loss: 0.27403
Val Loss Components:
  |- loss_rot: 0.03637
  |- loss_pos: 0.63940
  |- fk_loss: 1.35673
  |- smoothness_loss: 0.14138
LR: 1.563e-06
Hole frames in this epoch: [4, 16]

Epoch 259 | Train Loss: 0.13873 | Val Loss: 0.41209
Train Loss Components:
  |- loss_rot: 0.02666
  |- loss_pos: 0.15128
  |- fk_loss: 0.63872
  |- smoothness_loss: 0.28519
Val Loss Components:
  |- loss_rot: 0.03637
  |- loss_pos: 0.63699
  |- fk_loss: 1.35621
  |- smoothness_loss: 0.14113
LR: 1.563e-06
Hole frames in this epoch: [4, 16]

Epoch 260 | Train Loss: 0.14337 | Val Loss: 0.41195
Train Loss Components:
  |- loss_rot: 0.02262
  |- loss_pos: 0.12438
  |- fk_loss: 0.49328
  |- smoothness_loss: 0.21296
Val Loss Components:
  |- loss_rot: 0.03635
  |- loss_pos: 0.64256
  |- fk_loss: 1.35607
  |- smoothness_loss: 0.14079
LR: 1.563e-06
Hole frames in this epoch: [4, 16]

Epoch 261 | Train Loss: 0.13965 | Val Loss: 0.41211
Train Loss Components:
  |- loss_rot: 0.01456
  |- loss_pos: 0.09443
  |- fk_loss: 0.33791
  |- smoothness_loss: 0.12551
Val Loss Components:
  |- loss_rot: 0.03637
  |- loss_pos: 0.64071
  |- fk_loss: 1.35655
  |- smoothness_loss: 0.14142
LR: 7.813e-07
Hole frames in this epoch: [4, 16]

Epoch 262 | Train Loss: 0.13822 | Val Loss: 0.41195
Train Loss Components:
  |- loss_rot: 0.03749
  |- loss_pos: 0.21694
  |- fk_loss: 0.97964
  |- smoothness_loss: 0.45468
Val Loss Components:
  |- loss_rot: 0.03639
  |- loss_pos: 0.64270
  |- fk_loss: 1.35749
  |- smoothness_loss: 0.14114
LR: 7.813e-07
Hole frames in this epoch: [4, 16]

Training time: 7547.18 s