Epoch 1 | Train Loss: 1.17361 | Val Loss: 1.03461
Train Loss Components:
  |- loss_rot: 0.07665
  |- loss_pos: 1.83901
  |- fk_loss: 3.35445
  |- smoothness_loss: 0.33289
Val Loss Components:
  |- loss_rot: 0.08018
  |- loss_pos: 2.22325
  |- fk_loss: 3.90320
  |- smoothness_loss: 0.01303
LR: 1.000e-04
Hole frames in this epoch: [15, 15]

Epoch 2 | Train Loss: 1.01640 | Val Loss: 0.97465
Train Loss Components:
  |- loss_rot: 0.06691
  |- loss_pos: 1.69632
  |- fk_loss: 3.11314
  |- smoothness_loss: 0.22505
Val Loss Components:
  |- loss_rot: 0.06980
  |- loss_pos: 2.11246
  |- fk_loss: 3.62885
  |- smoothness_loss: 0.01505
LR: 1.000e-04
Hole frames in this epoch: [15, 15]

Epoch 3 | Train Loss: 0.94575 | Val Loss: 0.90111
Train Loss Components:
  |- loss_rot: 0.06266
  |- loss_pos: 1.71990
  |- fk_loss: 3.08670
  |- smoothness_loss: 0.28252
Val Loss Components:
  |- loss_rot: 0.06558
  |- loss_pos: 1.89527
  |- fk_loss: 3.46413
  |- smoothness_loss: 0.04833
LR: 1.000e-04
Hole frames in this epoch: [15, 15]

Epoch 4 | Train Loss: 0.89982 | Val Loss: 0.86456
Train Loss Components:
  |- loss_rot: 0.05542
  |- loss_pos: 1.59851
  |- fk_loss: 2.82011
  |- smoothness_loss: 0.19740
Val Loss Components:
  |- loss_rot: 0.06041
  |- loss_pos: 1.81306
  |- fk_loss: 3.34861
  |- smoothness_loss: 0.03869
LR: 1.000e-04
Hole frames in this epoch: [15, 15]

Epoch 5 | Train Loss: 0.86768 | Val Loss: 0.84119
Train Loss Components:
  |- loss_rot: 0.05585
  |- loss_pos: 1.59685
  |- fk_loss: 2.95257
  |- smoothness_loss: 0.17971
Val Loss Components:
  |- loss_rot: 0.05808
  |- loss_pos: 1.80698
  |- fk_loss: 3.23931
  |- smoothness_loss: 0.04244
LR: 1.000e-04
Hole frames in this epoch: [15, 15]

Epoch 6 | Train Loss: 0.84235 | Val Loss: 0.81188
Train Loss Components:
  |- loss_rot: 0.05445
  |- loss_pos: 1.66576
  |- fk_loss: 2.90094
  |- smoothness_loss: 0.17767
Val Loss Components:
  |- loss_rot: 0.05688
  |- loss_pos: 1.75469
  |- fk_loss: 3.14096
  |- smoothness_loss: 0.04558
LR: 1.000e-04
Hole frames in this epoch: [15, 15]

Epoch 7 | Train Loss: 0.82185 | Val Loss: 0.80094
Train Loss Components:
  |- loss_rot: 0.04695
  |- loss_pos: 1.37828
  |- fk_loss: 2.41461
  |- smoothness_loss: 0.15535
Val Loss Components:
  |- loss_rot: 0.05539
  |- loss_pos: 1.69684
  |- fk_loss: 3.08948
  |- smoothness_loss: 0.05012
LR: 1.000e-04
Hole frames in this epoch: [15, 15]

Epoch 8 | Train Loss: 0.80094 | Val Loss: 0.77784
Train Loss Components:
  |- loss_rot: 0.05121
  |- loss_pos: 1.36303
  |- fk_loss: 2.52718
  |- smoothness_loss: 0.19871
Val Loss Components:
  |- loss_rot: 0.05447
  |- loss_pos: 1.73152
  |- fk_loss: 2.99891
  |- smoothness_loss: 0.05229
LR: 1.000e-04
Hole frames in this epoch: [15, 15]

Epoch 9 | Train Loss: 0.77995 | Val Loss: 0.74887
Train Loss Components:
  |- loss_rot: 0.04583
  |- loss_pos: 1.31000
  |- fk_loss: 2.34524
  |- smoothness_loss: 0.18950
Val Loss Components:
  |- loss_rot: 0.05361
  |- loss_pos: 1.55944
  |- fk_loss: 2.88873
  |- smoothness_loss: 0.07149
LR: 1.000e-04
Hole frames in this epoch: [15, 15]

Epoch 10 | Train Loss: 0.75513 | Val Loss: 0.72564
Train Loss Components:
  |- loss_rot: 0.05001
  |- loss_pos: 1.28755
  |- fk_loss: 2.46415
  |- smoothness_loss: 0.23874
Val Loss Components:
  |- loss_rot: 0.05311
  |- loss_pos: 1.52819
  |- fk_loss: 2.77272
  |- smoothness_loss: 0.07559
LR: 1.000e-04
Hole frames in this epoch: [15, 15]

Epoch 11 | Train Loss: 0.73152 | Val Loss: 0.69958
Train Loss Components:
  |- loss_rot: 0.05166
  |- loss_pos: 1.27676
  |- fk_loss: 2.65380
  |- smoothness_loss: 0.23686
Val Loss Components:
  |- loss_rot: 0.05240
  |- loss_pos: 1.47032
  |- fk_loss: 2.67115
  |- smoothness_loss: 0.08158
LR: 1.000e-04
Hole frames in this epoch: [15, 15]

Epoch 12 | Train Loss: 0.70727 | Val Loss: 0.68854
Train Loss Components:
  |- loss_rot: 0.04830
  |- loss_pos: 1.18028
  |- fk_loss: 2.33575
  |- smoothness_loss: 0.24888
Val Loss Components:
  |- loss_rot: 0.05154
  |- loss_pos: 1.40605
  |- fk_loss: 2.66053
  |- smoothness_loss: 0.09039
LR: 1.000e-04
Hole frames in this epoch: [15, 15]

Epoch 13 | Train Loss: 0.69075 | Val Loss: 0.66870
Train Loss Components:
  |- loss_rot: 0.04664
  |- loss_pos: 1.10383
  |- fk_loss: 2.13073
  |- smoothness_loss: 0.20549
Val Loss Components:
  |- loss_rot: 0.05153
  |- loss_pos: 1.40258
  |- fk_loss: 2.59549
  |- smoothness_loss: 0.09500
LR: 1.000e-04
Hole frames in this epoch: [15, 15]

Epoch 14 | Train Loss: 0.67329 | Val Loss: 0.64448
Train Loss Components:
  |- loss_rot: 0.04681
  |- loss_pos: 1.16464
  |- fk_loss: 2.20993
  |- smoothness_loss: 0.24805
Val Loss Components:
  |- loss_rot: 0.05067
  |- loss_pos: 1.26426
  |- fk_loss: 2.51148
  |- smoothness_loss: 0.10842
LR: 1.000e-04
Hole frames in this epoch: [15, 15]

Epoch 15 | Train Loss: 0.65536 | Val Loss: 0.63557
Train Loss Components:
  |- loss_rot: 0.04412
  |- loss_pos: 1.11583
  |- fk_loss: 2.11872
  |- smoothness_loss: 0.26808
Val Loss Components:
  |- loss_rot: 0.04982
  |- loss_pos: 1.25524
  |- fk_loss: 2.46431
  |- smoothness_loss: 0.12409
LR: 1.000e-04
Hole frames in this epoch: [15, 15]

Epoch 16 | Train Loss: 0.64056 | Val Loss: 0.62602
Train Loss Components:
  |- loss_rot: 0.04547
  |- loss_pos: 1.17836
  |- fk_loss: 2.31419
  |- smoothness_loss: 0.29766
Val Loss Components:
  |- loss_rot: 0.04726
  |- loss_pos: 1.21497
  |- fk_loss: 2.40817
  |- smoothness_loss: 0.12686
LR: 1.000e-04
Hole frames in this epoch: [15, 15]

Epoch 17 | Train Loss: 0.62468 | Val Loss: 0.62230
Train Loss Components:
  |- loss_rot: 0.04319
  |- loss_pos: 1.03856
  |- fk_loss: 2.06092
  |- smoothness_loss: 0.25792
Val Loss Components:
  |- loss_rot: 0.04651
  |- loss_pos: 1.18896
  |- fk_loss: 2.33404
  |- smoothness_loss: 0.10309
LR: 1.000e-04
Hole frames in this epoch: [15, 15]

Epoch 18 | Train Loss: 0.61118 | Val Loss: 0.61731
Train Loss Components:
  |- loss_rot: 0.04234
  |- loss_pos: 1.07258
  |- fk_loss: 2.17923
  |- smoothness_loss: 0.27505
Val Loss Components:
  |- loss_rot: 0.04627
  |- loss_pos: 1.23625
  |- fk_loss: 2.37283
  |- smoothness_loss: 0.11352
LR: 1.000e-04
Hole frames in this epoch: [15, 15]

Epoch 19 | Train Loss: 0.60016 | Val Loss: 0.59396
Train Loss Components:
  |- loss_rot: 0.04151
  |- loss_pos: 1.02940
  |- fk_loss: 2.03496
  |- smoothness_loss: 0.25063
Val Loss Components:
  |- loss_rot: 0.04613
  |- loss_pos: 1.17824
  |- fk_loss: 2.28647
  |- smoothness_loss: 0.12703
LR: 1.000e-04
Hole frames in this epoch: [15, 15]

Epoch 20 | Train Loss: 0.58641 | Val Loss: 0.58197
Train Loss Components:
  |- loss_rot: 0.04132
  |- loss_pos: 0.87138
  |- fk_loss: 1.92632
  |- smoothness_loss: 0.25406
Val Loss Components:
  |- loss_rot: 0.04618
  |- loss_pos: 1.07498
  |- fk_loss: 2.21538
  |- smoothness_loss: 0.12851
LR: 1.000e-04
Hole frames in this epoch: [15, 15]

Epoch 21 | Train Loss: 0.57587 | Val Loss: 0.57392
Train Loss Components:
  |- loss_rot: 0.04505
  |- loss_pos: 1.13869
  |- fk_loss: 2.33645
  |- smoothness_loss: 0.30426
Val Loss Components:
  |- loss_rot: 0.04539
  |- loss_pos: 1.07271
  |- fk_loss: 2.22278
  |- smoothness_loss: 0.11469
LR: 1.000e-04
Hole frames in this epoch: [15, 15]

Epoch 22 | Train Loss: 0.56430 | Val Loss: 0.57217
Train Loss Components:
  |- loss_rot: 0.04322
  |- loss_pos: 0.96278
  |- fk_loss: 1.99902
  |- smoothness_loss: 0.28803
Val Loss Components:
  |- loss_rot: 0.04531
  |- loss_pos: 1.09137
  |- fk_loss: 2.20574
  |- smoothness_loss: 0.12922
LR: 1.000e-04
Hole frames in this epoch: [15, 15]

Epoch 23 | Train Loss: 0.55289 | Val Loss: 0.56002
Train Loss Components:
  |- loss_rot: 0.03755
  |- loss_pos: 0.87470
  |- fk_loss: 1.76321
  |- smoothness_loss: 0.23437
Val Loss Components:
  |- loss_rot: 0.04521
  |- loss_pos: 1.03831
  |- fk_loss: 2.14685
  |- smoothness_loss: 0.14524
LR: 1.000e-04
Hole frames in this epoch: [15, 15]

Epoch 24 | Train Loss: 0.54205 | Val Loss: 0.55215
Train Loss Components:
  |- loss_rot: 0.04167
  |- loss_pos: 0.90404
  |- fk_loss: 1.87782
  |- smoothness_loss: 0.31311
Val Loss Components:
  |- loss_rot: 0.04480
  |- loss_pos: 1.04073
  |- fk_loss: 2.16313
  |- smoothness_loss: 0.12095
LR: 1.000e-04
Hole frames in this epoch: [15, 15]

Epoch 25 | Train Loss: 0.53182 | Val Loss: 0.54561
Train Loss Components:
  |- loss_rot: 0.04006
  |- loss_pos: 0.86821
  |- fk_loss: 1.84768
  |- smoothness_loss: 0.27945
Val Loss Components:
  |- loss_rot: 0.04487
  |- loss_pos: 1.02956
  |- fk_loss: 2.10048
  |- smoothness_loss: 0.13533
LR: 1.000e-04
Hole frames in this epoch: [15, 15]

Epoch 26 | Train Loss: 0.52105 | Val Loss: 0.54240
Train Loss Components:
  |- loss_rot: 0.04292
  |- loss_pos: 0.92209
  |- fk_loss: 1.94297
  |- smoothness_loss: 0.30701
Val Loss Components:
  |- loss_rot: 0.04445
  |- loss_pos: 1.07118
  |- fk_loss: 2.11330
  |- smoothness_loss: 0.14018
LR: 1.000e-04
Hole frames in this epoch: [15, 15]

Epoch 27 | Train Loss: 0.51305 | Val Loss: 0.53891
Train Loss Components:
  |- loss_rot: 0.03803
  |- loss_pos: 0.80293
  |- fk_loss: 1.77430
  |- smoothness_loss: 0.26489
Val Loss Components:
  |- loss_rot: 0.04440
  |- loss_pos: 1.01686
  |- fk_loss: 2.10044
  |- smoothness_loss: 0.15462
LR: 1.000e-04
Hole frames in this epoch: [15, 15]

Epoch 28 | Train Loss: 0.50161 | Val Loss: 0.53339
Train Loss Components:
  |- loss_rot: 0.04169
  |- loss_pos: 0.86520
  |- fk_loss: 2.01311
  |- smoothness_loss: 0.29085
Val Loss Components:
  |- loss_rot: 0.04405
  |- loss_pos: 1.00557
  |- fk_loss: 2.04334
  |- smoothness_loss: 0.14263
LR: 1.000e-04
Hole frames in this epoch: [15, 15]

Epoch 29 | Train Loss: 0.49217 | Val Loss: 0.52662
Train Loss Components:
  |- loss_rot: 0.04180
  |- loss_pos: 0.84652
  |- fk_loss: 1.83993
  |- smoothness_loss: 0.32002
Val Loss Components:
  |- loss_rot: 0.04418
  |- loss_pos: 1.08564
  |- fk_loss: 2.06896
  |- smoothness_loss: 0.14924
LR: 1.000e-04
Hole frames in this epoch: [15, 15]

Epoch 30 | Train Loss: 0.48258 | Val Loss: 0.52487
Train Loss Components:
  |- loss_rot: 0.03974
  |- loss_pos: 0.88694
  |- fk_loss: 1.77572
  |- smoothness_loss: 0.32431
Val Loss Components:
  |- loss_rot: 0.04405
  |- loss_pos: 1.01752
  |- fk_loss: 2.01899
  |- smoothness_loss: 0.16099
LR: 1.000e-04
Hole frames in this epoch: [15, 15]

Epoch 31 | Train Loss: 0.47437 | Val Loss: 0.51865
Train Loss Components:
  |- loss_rot: 0.04014
  |- loss_pos: 0.80780
  |- fk_loss: 1.78542
  |- smoothness_loss: 0.32603
Val Loss Components:
  |- loss_rot: 0.04426
  |- loss_pos: 1.00189
  |- fk_loss: 2.00605
  |- smoothness_loss: 0.15860
LR: 1.000e-04
Hole frames in this epoch: [15, 15]

Epoch 32 | Train Loss: 0.46660 | Val Loss: 0.51713
Train Loss Components:
  |- loss_rot: 0.03848
  |- loss_pos: 0.78796
  |- fk_loss: 1.73923
  |- smoothness_loss: 0.31553
Val Loss Components:
  |- loss_rot: 0.04392
  |- loss_pos: 0.97337
  |- fk_loss: 1.96874
  |- smoothness_loss: 0.15613
LR: 1.000e-04
Hole frames in this epoch: [15, 15]

Epoch 33 | Train Loss: 0.45669 | Val Loss: 0.50993
Train Loss Components:
  |- loss_rot: 0.03646
  |- loss_pos: 0.73068
  |- fk_loss: 1.53350
  |- smoothness_loss: 0.30152
Val Loss Components:
  |- loss_rot: 0.04371
  |- loss_pos: 1.01661
  |- fk_loss: 1.99445
  |- smoothness_loss: 0.15839
LR: 1.000e-04
Hole frames in this epoch: [15, 15]

Epoch 34 | Train Loss: 0.44919 | Val Loss: 0.50655
Train Loss Components:
  |- loss_rot: 0.03608
  |- loss_pos: 0.66598
  |- fk_loss: 1.43657
  |- smoothness_loss: 0.27168
Val Loss Components:
  |- loss_rot: 0.04369
  |- loss_pos: 0.94016
  |- fk_loss: 1.93483
  |- smoothness_loss: 0.16248
LR: 1.000e-04
Hole frames in this epoch: [15, 15]

Epoch 35 | Train Loss: 0.44111 | Val Loss: 0.50333
Train Loss Components:
  |- loss_rot: 0.03411
  |- loss_pos: 0.66825
  |- fk_loss: 1.47378
  |- smoothness_loss: 0.23660
Val Loss Components:
  |- loss_rot: 0.04339
  |- loss_pos: 0.95613
  |- fk_loss: 1.96065
  |- smoothness_loss: 0.15755
LR: 1.000e-04
Hole frames in this epoch: [15, 15]

Epoch 36 | Train Loss: 0.43382 | Val Loss: 0.49950
Train Loss Components:
  |- loss_rot: 0.04275
  |- loss_pos: 0.78725
  |- fk_loss: 1.81979
  |- smoothness_loss: 0.37610
Val Loss Components:
  |- loss_rot: 0.04350
  |- loss_pos: 0.96425
  |- fk_loss: 1.92103
  |- smoothness_loss: 0.15112
LR: 1.000e-04
Hole frames in this epoch: [15, 15]

Epoch 37 | Train Loss: 0.42743 | Val Loss: 0.49697
Train Loss Components:
  |- loss_rot: 0.03666
  |- loss_pos: 0.62693
  |- fk_loss: 1.49717
  |- smoothness_loss: 0.29854
Val Loss Components:
  |- loss_rot: 0.04341
  |- loss_pos: 0.90384
  |- fk_loss: 1.88992
  |- smoothness_loss: 0.15774
LR: 1.000e-04
Hole frames in this epoch: [15, 15]

Epoch 38 | Train Loss: 0.42104 | Val Loss: 0.49972
Train Loss Components:
  |- loss_rot: 0.03843
  |- loss_pos: 0.60681
  |- fk_loss: 1.49960
  |- smoothness_loss: 0.33970
Val Loss Components:
  |- loss_rot: 0.04324
  |- loss_pos: 0.91932
  |- fk_loss: 1.90453
  |- smoothness_loss: 0.15795
LR: 1.000e-04
Hole frames in this epoch: [15, 15]

Epoch 39 | Train Loss: 0.41538 | Val Loss: 0.49594
Train Loss Components:
  |- loss_rot: 0.04183
  |- loss_pos: 0.68301
  |- fk_loss: 1.74478
  |- smoothness_loss: 0.32502
Val Loss Components:
  |- loss_rot: 0.04330
  |- loss_pos: 0.92551
  |- fk_loss: 1.90651
  |- smoothness_loss: 0.15619
LR: 1.000e-04
Hole frames in this epoch: [15, 15]

Epoch 40 | Train Loss: 0.40730 | Val Loss: 0.49036
Train Loss Components:
  |- loss_rot: 0.03705
  |- loss_pos: 0.54896
  |- fk_loss: 1.37715
  |- smoothness_loss: 0.30498
Val Loss Components:
  |- loss_rot: 0.04301
  |- loss_pos: 0.96506
  |- fk_loss: 1.89671
  |- smoothness_loss: 0.14795
LR: 1.000e-04
Hole frames in this epoch: [15, 15]

Epoch 41 | Train Loss: 0.40322 | Val Loss: 0.48530
Train Loss Components:
  |- loss_rot: 0.03912
  |- loss_pos: 0.62188
  |- fk_loss: 1.62091
  |- smoothness_loss: 0.33287
Val Loss Components:
  |- loss_rot: 0.04290
  |- loss_pos: 0.94197
  |- fk_loss: 1.86489
  |- smoothness_loss: 0.16611
LR: 1.000e-04
Hole frames in this epoch: [15, 15]

Epoch 42 | Train Loss: 0.39650 | Val Loss: 0.48598
Train Loss Components:
  |- loss_rot: 0.03713
  |- loss_pos: 0.56449
  |- fk_loss: 1.39052
  |- smoothness_loss: 0.30888
Val Loss Components:
  |- loss_rot: 0.04281
  |- loss_pos: 0.93414
  |- fk_loss: 1.86531
  |- smoothness_loss: 0.15292
LR: 1.000e-04
Hole frames in this epoch: [15, 15]

Epoch 43 | Train Loss: 0.39288 | Val Loss: 0.48161
Train Loss Components:
  |- loss_rot: 0.03875
  |- loss_pos: 0.59212
  |- fk_loss: 1.47557
  |- smoothness_loss: 0.35166
Val Loss Components:
  |- loss_rot: 0.04322
  |- loss_pos: 0.97201
  |- fk_loss: 1.85772
  |- smoothness_loss: 0.17431
LR: 1.000e-04
Hole frames in this epoch: [15, 15]

Epoch 44 | Train Loss: 0.38755 | Val Loss: 0.48423
Train Loss Components:
  |- loss_rot: 0.03863
  |- loss_pos: 0.57340
  |- fk_loss: 1.44786
  |- smoothness_loss: 0.31175
Val Loss Components:
  |- loss_rot: 0.04280
  |- loss_pos: 0.91974
  |- fk_loss: 1.83154
  |- smoothness_loss: 0.15956
LR: 1.000e-04
Hole frames in this epoch: [15, 15]

Epoch 45 | Train Loss: 0.38111 | Val Loss: 0.47509
Train Loss Components:
  |- loss_rot: 0.03807
  |- loss_pos: 0.59451
  |- fk_loss: 1.48626
  |- smoothness_loss: 0.37449
Val Loss Components:
  |- loss_rot: 0.04285
  |- loss_pos: 0.88709
  |- fk_loss: 1.80316
  |- smoothness_loss: 0.17738
LR: 1.000e-04
Hole frames in this epoch: [15, 15]

Epoch 46 | Train Loss: 0.37606 | Val Loss: 0.47795
Train Loss Components:
  |- loss_rot: 0.03413
  |- loss_pos: 0.50553
  |- fk_loss: 1.26976
  |- smoothness_loss: 0.25198
Val Loss Components:
  |- loss_rot: 0.04287
  |- loss_pos: 0.93192
  |- fk_loss: 1.83176
  |- smoothness_loss: 0.16702
LR: 1.000e-04
Hole frames in this epoch: [15, 15]

Epoch 47 | Train Loss: 0.37143 | Val Loss: 0.47220
Train Loss Components:
  |- loss_rot: 0.03934
  |- loss_pos: 0.54722
  |- fk_loss: 1.47565
  |- smoothness_loss: 0.33898
Val Loss Components:
  |- loss_rot: 0.04268
  |- loss_pos: 0.88810
  |- fk_loss: 1.79434
  |- smoothness_loss: 0.15976
LR: 1.000e-04
Hole frames in this epoch: [15, 15]

Epoch 48 | Train Loss: 0.36836 | Val Loss: 0.46835
Train Loss Components:
  |- loss_rot: 0.04440
  |- loss_pos: 0.59406
  |- fk_loss: 1.71944
  |- smoothness_loss: 0.40023
Val Loss Components:
  |- loss_rot: 0.04238
  |- loss_pos: 0.86125
  |- fk_loss: 1.78310
  |- smoothness_loss: 0.15775
LR: 1.000e-04
Hole frames in this epoch: [15, 15]

Epoch 49 | Train Loss: 0.36315 | Val Loss: 0.46620
Train Loss Components:
  |- loss_rot: 0.03977
  |- loss_pos: 0.56976
  |- fk_loss: 1.52769
  |- smoothness_loss: 0.35811
Val Loss Components:
  |- loss_rot: 0.04257
  |- loss_pos: 0.83121
  |- fk_loss: 1.76110
  |- smoothness_loss: 0.17053
LR: 1.000e-04
Hole frames in this epoch: [15, 15]

Epoch 50 | Train Loss: 0.35857 | Val Loss: 0.46400
Train Loss Components:
  |- loss_rot: 0.03724
  |- loss_pos: 0.52070
  |- fk_loss: 1.41268
  |- smoothness_loss: 0.33180
Val Loss Components:
  |- loss_rot: 0.04267
  |- loss_pos: 0.86728
  |- fk_loss: 1.77860
  |- smoothness_loss: 0.16975
LR: 1.000e-04
Hole frames in this epoch: [15, 15]

Epoch 51 | Train Loss: 0.35595 | Val Loss: 0.46574
Train Loss Components:
  |- loss_rot: 0.03646
  |- loss_pos: 0.52368
  |- fk_loss: 1.36491
  |- smoothness_loss: 0.30971
Val Loss Components:
  |- loss_rot: 0.04221
  |- loss_pos: 0.85263
  |- fk_loss: 1.74063
  |- smoothness_loss: 0.17286
LR: 1.000e-04
Hole frames in this epoch: [15, 15]

Epoch 52 | Train Loss: 0.35281 | Val Loss: 0.46698
Train Loss Components:
  |- loss_rot: 0.03965
  |- loss_pos: 0.53521
  |- fk_loss: 1.44963
  |- smoothness_loss: 0.35681
Val Loss Components:
  |- loss_rot: 0.04255
  |- loss_pos: 0.84546
  |- fk_loss: 1.76707
  |- smoothness_loss: 0.17562
LR: 1.000e-04
Hole frames in this epoch: [15, 15]

Epoch 53 | Train Loss: 0.34805 | Val Loss: 0.45712
Train Loss Components:
  |- loss_rot: 0.03808
  |- loss_pos: 0.47820
  |- fk_loss: 1.38152
  |- smoothness_loss: 0.31067
Val Loss Components:
  |- loss_rot: 0.04205
  |- loss_pos: 0.83642
  |- fk_loss: 1.71651
  |- smoothness_loss: 0.16138
LR: 1.000e-04
Hole frames in this epoch: [15, 15]

Epoch 54 | Train Loss: 0.34397 | Val Loss: 0.45972
Train Loss Components:
  |- loss_rot: 0.03884
  |- loss_pos: 0.52030
  |- fk_loss: 1.36901
  |- smoothness_loss: 0.40787
Val Loss Components:
  |- loss_rot: 0.04242
  |- loss_pos: 0.83235
  |- fk_loss: 1.74438
  |- smoothness_loss: 0.17902
LR: 1.000e-04
Hole frames in this epoch: [15, 15]

Epoch 55 | Train Loss: 0.34096 | Val Loss: 0.45710
Train Loss Components:
  |- loss_rot: 0.03937
  |- loss_pos: 0.52622
  |- fk_loss: 1.50610
  |- smoothness_loss: 0.41160
Val Loss Components:
  |- loss_rot: 0.04207
  |- loss_pos: 0.83455
  |- fk_loss: 1.71703
  |- smoothness_loss: 0.16319
LR: 1.000e-04
Hole frames in this epoch: [15, 15]

Epoch 56 | Train Loss: 0.33770 | Val Loss: 0.45719
Train Loss Components:
  |- loss_rot: 0.03694
  |- loss_pos: 0.48701
  |- fk_loss: 1.33305
  |- smoothness_loss: 0.28574
Val Loss Components:
  |- loss_rot: 0.04217
  |- loss_pos: 0.84369
  |- fk_loss: 1.71833
  |- smoothness_loss: 0.17301
LR: 1.000e-04
Hole frames in this epoch: [15, 15]

Epoch 57 | Train Loss: 0.33513 | Val Loss: 0.45202
Train Loss Components:
  |- loss_rot: 0.03826
  |- loss_pos: 0.47953
  |- fk_loss: 1.38017
  |- smoothness_loss: 0.35414
Val Loss Components:
  |- loss_rot: 0.04185
  |- loss_pos: 0.85327
  |- fk_loss: 1.72511
  |- smoothness_loss: 0.17668
LR: 1.000e-04
Hole frames in this epoch: [15, 15]

Epoch 58 | Train Loss: 0.33147 | Val Loss: 0.45401
Train Loss Components:
  |- loss_rot: 0.03612
  |- loss_pos: 0.47549
  |- fk_loss: 1.26275
  |- smoothness_loss: 0.31772
Val Loss Components:
  |- loss_rot: 0.04216
  |- loss_pos: 0.80346
  |- fk_loss: 1.66908
  |- smoothness_loss: 0.17765
LR: 1.000e-04
Hole frames in this epoch: [15, 15]

Epoch 59 | Train Loss: 0.32829 | Val Loss: 0.45154
Train Loss Components:
  |- loss_rot: 0.03600
  |- loss_pos: 0.47386
  |- fk_loss: 1.26325
  |- smoothness_loss: 0.32954
Val Loss Components:
  |- loss_rot: 0.04184
  |- loss_pos: 0.85156
  |- fk_loss: 1.70446
  |- smoothness_loss: 0.17028
LR: 1.000e-04
Hole frames in this epoch: [15, 15]

Epoch 60 | Train Loss: 0.32480 | Val Loss: 0.45007
Train Loss Components:
  |- loss_rot: 0.03570
  |- loss_pos: 0.42848
  |- fk_loss: 1.24428
  |- smoothness_loss: 0.29293
Val Loss Components:
  |- loss_rot: 0.04187
  |- loss_pos: 0.84274
  |- fk_loss: 1.69998
  |- smoothness_loss: 0.16552
LR: 1.000e-04
Hole frames in this epoch: [15, 15]

Epoch 61 | Train Loss: 0.32221 | Val Loss: 0.44841
Train Loss Components:
  |- loss_rot: 0.03846
  |- loss_pos: 0.47629
  |- fk_loss: 1.35771
  |- smoothness_loss: 0.36365
Val Loss Components:
  |- loss_rot: 0.04173
  |- loss_pos: 0.83610
  |- fk_loss: 1.67588
  |- smoothness_loss: 0.17229
LR: 1.000e-04
Hole frames in this epoch: [15, 15]

Epoch 62 | Train Loss: 0.32041 | Val Loss: 0.44853
Train Loss Components:
  |- loss_rot: 0.03796
  |- loss_pos: 0.44956
  |- fk_loss: 1.27243
  |- smoothness_loss: 0.34212
Val Loss Components:
  |- loss_rot: 0.04172
  |- loss_pos: 0.81748
  |- fk_loss: 1.66059
  |- smoothness_loss: 0.18296
LR: 1.000e-04
Hole frames in this epoch: [15, 15]

Epoch 63 | Train Loss: 0.31722 | Val Loss: 0.44902
Train Loss Components:
  |- loss_rot: 0.03718
  |- loss_pos: 0.47943
  |- fk_loss: 1.27504
  |- smoothness_loss: 0.32740
Val Loss Components:
  |- loss_rot: 0.04180
  |- loss_pos: 0.85232
  |- fk_loss: 1.70793
  |- smoothness_loss: 0.17716
LR: 1.000e-04
Hole frames in this epoch: [15, 15]

Epoch 64 | Train Loss: 0.31564 | Val Loss: 0.44838
Train Loss Components:
  |- loss_rot: 0.03457
  |- loss_pos: 0.40306
  |- fk_loss: 1.19220
  |- smoothness_loss: 0.25576
Val Loss Components:
  |- loss_rot: 0.04155
  |- loss_pos: 0.82600
  |- fk_loss: 1.68971
  |- smoothness_loss: 0.17290
LR: 1.000e-04
Hole frames in this epoch: [15, 15]

Epoch 65 | Train Loss: 0.31179 | Val Loss: 0.44444
Train Loss Components:
  |- loss_rot: 0.03686
  |- loss_pos: 0.45797
  |- fk_loss: 1.25180
  |- smoothness_loss: 0.36937
Val Loss Components:
  |- loss_rot: 0.04154
  |- loss_pos: 0.85022
  |- fk_loss: 1.68972
  |- smoothness_loss: 0.17760
LR: 1.000e-04
Hole frames in this epoch: [15, 15]

Epoch 66 | Train Loss: 0.30942 | Val Loss: 0.44096
Train Loss Components:
  |- loss_rot: 0.03752
  |- loss_pos: 0.45408
  |- fk_loss: 1.28976
  |- smoothness_loss: 0.33705
Val Loss Components:
  |- loss_rot: 0.04130
  |- loss_pos: 0.82330
  |- fk_loss: 1.64181
  |- smoothness_loss: 0.16802
LR: 1.000e-04
Hole frames in this epoch: [15, 15]

Epoch 67 | Train Loss: 0.30688 | Val Loss: 0.44214
Train Loss Components:
  |- loss_rot: 0.03873
  |- loss_pos: 0.46541
  |- fk_loss: 1.31074
  |- smoothness_loss: 0.38315
Val Loss Components:
  |- loss_rot: 0.04133
  |- loss_pos: 0.84295
  |- fk_loss: 1.65227
  |- smoothness_loss: 0.17622
LR: 1.000e-04
Hole frames in this epoch: [15, 15]

Epoch 68 | Train Loss: 0.30464 | Val Loss: 0.43874
Train Loss Components:
  |- loss_rot: 0.03736
  |- loss_pos: 0.43084
  |- fk_loss: 1.26637
  |- smoothness_loss: 0.34380
Val Loss Components:
  |- loss_rot: 0.04148
  |- loss_pos: 0.79568
  |- fk_loss: 1.63626
  |- smoothness_loss: 0.17312
LR: 1.000e-04
Hole frames in this epoch: [15, 15]

Epoch 69 | Train Loss: 0.30216 | Val Loss: 0.43951
Train Loss Components:
  |- loss_rot: 0.03346
  |- loss_pos: 0.42033
  |- fk_loss: 1.17407
  |- smoothness_loss: 0.28726
Val Loss Components:
  |- loss_rot: 0.04150
  |- loss_pos: 0.81064
  |- fk_loss: 1.63960
  |- smoothness_loss: 0.18717
LR: 1.000e-04
Hole frames in this epoch: [15, 15]

Epoch 70 | Train Loss: 0.29995 | Val Loss: 0.43875
Train Loss Components:
  |- loss_rot: 0.03621
  |- loss_pos: 0.40408
  |- fk_loss: 1.17535
  |- smoothness_loss: 0.32595
Val Loss Components:
  |- loss_rot: 0.04104
  |- loss_pos: 0.78755
  |- fk_loss: 1.62395
  |- smoothness_loss: 0.16557
LR: 1.000e-04
Hole frames in this epoch: [15, 15]

Epoch 71 | Train Loss: 0.29783 | Val Loss: 0.43483
Train Loss Components:
  |- loss_rot: 0.04098
  |- loss_pos: 0.43557
  |- fk_loss: 1.29820
  |- smoothness_loss: 0.40073
Val Loss Components:
  |- loss_rot: 0.04126
  |- loss_pos: 0.75692
  |- fk_loss: 1.61372
  |- smoothness_loss: 0.17554
LR: 1.000e-04
Hole frames in this epoch: [15, 15]

Epoch 72 | Train Loss: 0.29531 | Val Loss: 0.43486
Train Loss Components:
  |- loss_rot: 0.03479
  |- loss_pos: 0.43043
  |- fk_loss: 1.20424
  |- smoothness_loss: 0.36093
Val Loss Components:
  |- loss_rot: 0.04111
  |- loss_pos: 0.78804
  |- fk_loss: 1.60430
  |- smoothness_loss: 0.18113
LR: 1.000e-04
Hole frames in this epoch: [15, 15]

Epoch 73 | Train Loss: 0.29339 | Val Loss: 0.43509
Train Loss Components:
  |- loss_rot: 0.03583
  |- loss_pos: 0.39098
  |- fk_loss: 1.20051
  |- smoothness_loss: 0.33915
Val Loss Components:
  |- loss_rot: 0.04108
  |- loss_pos: 0.78826
  |- fk_loss: 1.61547
  |- smoothness_loss: 0.17037
LR: 1.000e-04
Hole frames in this epoch: [15, 15]

Epoch 74 | Train Loss: 0.29137 | Val Loss: 0.43672
Train Loss Components:
  |- loss_rot: 0.03655
  |- loss_pos: 0.41796
  |- fk_loss: 1.23226
  |- smoothness_loss: 0.32948
Val Loss Components:
  |- loss_rot: 0.04101
  |- loss_pos: 0.80614
  |- fk_loss: 1.61724
  |- smoothness_loss: 0.18189
LR: 1.000e-04
Hole frames in this epoch: [15, 15]

Epoch 75 | Train Loss: 0.28938 | Val Loss: 0.43231
Train Loss Components:
  |- loss_rot: 0.03401
  |- loss_pos: 0.37859
  |- fk_loss: 1.06172
  |- smoothness_loss: 0.29028
Val Loss Components:
  |- loss_rot: 0.04107
  |- loss_pos: 0.78425
  |- fk_loss: 1.61263
  |- smoothness_loss: 0.17741
LR: 1.000e-04
Hole frames in this epoch: [15, 15]

Epoch 76 | Train Loss: 0.28826 | Val Loss: 0.43179
Train Loss Components:
  |- loss_rot: 0.03606
  |- loss_pos: 0.36711
  |- fk_loss: 1.14144
  |- smoothness_loss: 0.36648
Val Loss Components:
  |- loss_rot: 0.04095
  |- loss_pos: 0.81188
  |- fk_loss: 1.59269
  |- smoothness_loss: 0.19300
LR: 1.000e-04
Hole frames in this epoch: [15, 15]

Epoch 77 | Train Loss: 0.28554 | Val Loss: 0.42985
Train Loss Components:
  |- loss_rot: 0.03335
  |- loss_pos: 0.35071
  |- fk_loss: 1.06771
  |- smoothness_loss: 0.26878
Val Loss Components:
  |- loss_rot: 0.04099
  |- loss_pos: 0.78049
  |- fk_loss: 1.58104
  |- smoothness_loss: 0.17851
LR: 1.000e-04
Hole frames in this epoch: [15, 15]

Epoch 78 | Train Loss: 0.28340 | Val Loss: 0.43155
Train Loss Components:
  |- loss_rot: 0.03654
  |- loss_pos: 0.38317
  |- fk_loss: 1.15172
  |- smoothness_loss: 0.36773
Val Loss Components:
  |- loss_rot: 0.04089
  |- loss_pos: 0.81034
  |- fk_loss: 1.62713
  |- smoothness_loss: 0.18040
LR: 1.000e-04
Hole frames in this epoch: [15, 15]

Epoch 79 | Train Loss: 0.28174 | Val Loss: 0.43014
Train Loss Components:
  |- loss_rot: 0.03433
  |- loss_pos: 0.35110
  |- fk_loss: 1.09910
  |- smoothness_loss: 0.29741
Val Loss Components:
  |- loss_rot: 0.04091
  |- loss_pos: 0.78979
  |- fk_loss: 1.59036
  |- smoothness_loss: 0.17847
LR: 1.000e-04
Hole frames in this epoch: [15, 15]

Epoch 80 | Train Loss: 0.28045 | Val Loss: 0.42907
Train Loss Components:
  |- loss_rot: 0.03796
  |- loss_pos: 0.36907
  |- fk_loss: 1.17217
  |- smoothness_loss: 0.39589
Val Loss Components:
  |- loss_rot: 0.04079
  |- loss_pos: 0.75975
  |- fk_loss: 1.56768
  |- smoothness_loss: 0.18577
LR: 1.000e-04
Hole frames in this epoch: [15, 15]

Epoch 81 | Train Loss: 0.27837 | Val Loss: 0.42845
Train Loss Components:
  |- loss_rot: 0.03736
  |- loss_pos: 0.38285
  |- fk_loss: 1.23455
  |- smoothness_loss: 0.34664
Val Loss Components:
  |- loss_rot: 0.04065
  |- loss_pos: 0.76960
  |- fk_loss: 1.58879
  |- smoothness_loss: 0.19062
LR: 1.000e-04
Hole frames in this epoch: [15, 15]

Epoch 82 | Train Loss: 0.27622 | Val Loss: 0.42528
Train Loss Components:
  |- loss_rot: 0.03665
  |- loss_pos: 0.38060
  |- fk_loss: 1.14093
  |- smoothness_loss: 0.36494
Val Loss Components:
  |- loss_rot: 0.04053
  |- loss_pos: 0.77542
  |- fk_loss: 1.55248
  |- smoothness_loss: 0.18869
LR: 1.000e-04
Hole frames in this epoch: [15, 15]

Epoch 83 | Train Loss: 0.27448 | Val Loss: 0.42801
Train Loss Components:
  |- loss_rot: 0.03499
  |- loss_pos: 0.37949
  |- fk_loss: 1.07505
  |- smoothness_loss: 0.31982
Val Loss Components:
  |- loss_rot: 0.04084
  |- loss_pos: 0.80617
  |- fk_loss: 1.57323
  |- smoothness_loss: 0.18073
LR: 1.000e-04
Hole frames in this epoch: [15, 15]

Epoch 84 | Train Loss: 0.27345 | Val Loss: 0.42616
Train Loss Components:
  |- loss_rot: 0.03598
  |- loss_pos: 0.37082
  |- fk_loss: 1.07661
  |- smoothness_loss: 0.35926
Val Loss Components:
  |- loss_rot: 0.04046
  |- loss_pos: 0.79086
  |- fk_loss: 1.56244
  |- smoothness_loss: 0.18103
LR: 1.000e-04
Hole frames in this epoch: [15, 15]

Epoch 85 | Train Loss: 0.27207 | Val Loss: 0.42614
Train Loss Components:
  |- loss_rot: 0.03780
  |- loss_pos: 0.38379
  |- fk_loss: 1.16125
  |- smoothness_loss: 0.35823
Val Loss Components:
  |- loss_rot: 0.04045
  |- loss_pos: 0.80378
  |- fk_loss: 1.56159
  |- smoothness_loss: 0.18552
LR: 1.000e-04
Hole frames in this epoch: [15, 15]

Epoch 86 | Train Loss: 0.27064 | Val Loss: 0.42436
Train Loss Components:
  |- loss_rot: 0.03614
  |- loss_pos: 0.37434
  |- fk_loss: 1.13569
  |- smoothness_loss: 0.33670
Val Loss Components:
  |- loss_rot: 0.04047
  |- loss_pos: 0.78922
  |- fk_loss: 1.57081
  |- smoothness_loss: 0.17907
LR: 1.000e-04
Hole frames in this epoch: [15, 15]

Epoch 87 | Train Loss: 0.26829 | Val Loss: 0.42230
Train Loss Components:
  |- loss_rot: 0.03630
  |- loss_pos: 0.36391
  |- fk_loss: 1.13726
  |- smoothness_loss: 0.33849
Val Loss Components:
  |- loss_rot: 0.04051
  |- loss_pos: 0.75633
  |- fk_loss: 1.55584
  |- smoothness_loss: 0.18408
LR: 1.000e-04
Hole frames in this epoch: [15, 15]

Epoch 88 | Train Loss: 0.26720 | Val Loss: 0.42216
Train Loss Components:
  |- loss_rot: 0.03865
  |- loss_pos: 0.38320
  |- fk_loss: 1.18396
  |- smoothness_loss: 0.39657
Val Loss Components:
  |- loss_rot: 0.04033
  |- loss_pos: 0.75696
  |- fk_loss: 1.55456
  |- smoothness_loss: 0.18782
LR: 1.000e-04
Hole frames in this epoch: [15, 15]

Epoch 89 | Train Loss: 0.26536 | Val Loss: 0.42200
Train Loss Components:
  |- loss_rot: 0.03408
  |- loss_pos: 0.32907
  |- fk_loss: 1.07680
  |- smoothness_loss: 0.29566
Val Loss Components:
  |- loss_rot: 0.04013
  |- loss_pos: 0.74027
  |- fk_loss: 1.52952
  |- smoothness_loss: 0.18113
LR: 1.000e-04
Hole frames in this epoch: [15, 15]

Epoch 90 | Train Loss: 0.26471 | Val Loss: 0.42331
Train Loss Components:
  |- loss_rot: 0.03696
  |- loss_pos: 0.34912
  |- fk_loss: 1.08505
  |- smoothness_loss: 0.35102
Val Loss Components:
  |- loss_rot: 0.04038
  |- loss_pos: 0.77564
  |- fk_loss: 1.57202
  |- smoothness_loss: 0.17869
LR: 1.000e-04
Hole frames in this epoch: [15, 15]

Epoch 91 | Train Loss: 0.26258 | Val Loss: 0.42133
Train Loss Components:
  |- loss_rot: 0.03577
  |- loss_pos: 0.36207
  |- fk_loss: 1.05489
  |- smoothness_loss: 0.37465
Val Loss Components:
  |- loss_rot: 0.04033
  |- loss_pos: 0.79595
  |- fk_loss: 1.56135
  |- smoothness_loss: 0.18520
LR: 1.000e-04
Hole frames in this epoch: [15, 15]

Epoch 92 | Train Loss: 0.26103 | Val Loss: 0.41975
Train Loss Components:
  |- loss_rot: 0.03572
  |- loss_pos: 0.34839
  |- fk_loss: 1.08038
  |- smoothness_loss: 0.32495
Val Loss Components:
  |- loss_rot: 0.04032
  |- loss_pos: 0.78645
  |- fk_loss: 1.52918
  |- smoothness_loss: 0.19226
LR: 1.000e-04
Hole frames in this epoch: [15, 15]

Epoch 93 | Train Loss: 0.25983 | Val Loss: 0.42035
Train Loss Components:
  |- loss_rot: 0.03660
  |- loss_pos: 0.33220
  |- fk_loss: 1.08519
  |- smoothness_loss: 0.35911
Val Loss Components:
  |- loss_rot: 0.04026
  |- loss_pos: 0.74998
  |- fk_loss: 1.54636
  |- smoothness_loss: 0.18234
LR: 1.000e-04
Hole frames in this epoch: [15, 15]

Epoch 94 | Train Loss: 0.25858 | Val Loss: 0.41733
Train Loss Components:
  |- loss_rot: 0.03634
  |- loss_pos: 0.32005
  |- fk_loss: 1.04998
  |- smoothness_loss: 0.33209
Val Loss Components:
  |- loss_rot: 0.04002
  |- loss_pos: 0.76134
  |- fk_loss: 1.51823
  |- smoothness_loss: 0.17727
LR: 1.000e-04
Hole frames in this epoch: [15, 15]

Epoch 95 | Train Loss: 0.25725 | Val Loss: 0.41804
Train Loss Components:
  |- loss_rot: 0.03789
  |- loss_pos: 0.36742
  |- fk_loss: 1.14285
  |- smoothness_loss: 0.40772
Val Loss Components:
  |- loss_rot: 0.04016
  |- loss_pos: 0.73839
  |- fk_loss: 1.51933
  |- smoothness_loss: 0.19454
LR: 1.000e-04
Hole frames in this epoch: [15, 15]

Epoch 96 | Train Loss: 0.25591 | Val Loss: 0.41585
Train Loss Components:
  |- loss_rot: 0.03459
  |- loss_pos: 0.33529
  |- fk_loss: 1.05768
  |- smoothness_loss: 0.35689
Val Loss Components:
  |- loss_rot: 0.03995
  |- loss_pos: 0.76259
  |- fk_loss: 1.51123
  |- smoothness_loss: 0.18752
LR: 1.000e-04
Hole frames in this epoch: [15, 15]

Epoch 97 | Train Loss: 0.25468 | Val Loss: 0.41717
Train Loss Components:
  |- loss_rot: 0.03726
  |- loss_pos: 0.35475
  |- fk_loss: 1.15893
  |- smoothness_loss: 0.36542
Val Loss Components:
  |- loss_rot: 0.04002
  |- loss_pos: 0.74742
  |- fk_loss: 1.51258
  |- smoothness_loss: 0.19179
LR: 1.000e-04
Hole frames in this epoch: [15, 15]

Epoch 98 | Train Loss: 0.25391 | Val Loss: 0.41512
Train Loss Components:
  |- loss_rot: 0.03445
  |- loss_pos: 0.31777
  |- fk_loss: 1.03624
  |- smoothness_loss: 0.34369
Val Loss Components:
  |- loss_rot: 0.03988
  |- loss_pos: 0.77527
  |- fk_loss: 1.51984
  |- smoothness_loss: 0.19263
LR: 1.000e-04
Hole frames in this epoch: [15, 15]

Epoch 99 | Train Loss: 0.25194 | Val Loss: 0.41443
Train Loss Components:
  |- loss_rot: 0.03561
  |- loss_pos: 0.33289
  |- fk_loss: 1.04756
  |- smoothness_loss: 0.38509
Val Loss Components:
  |- loss_rot: 0.03986
  |- loss_pos: 0.79446
  |- fk_loss: 1.53901
  |- smoothness_loss: 0.18503
LR: 1.000e-04
Hole frames in this epoch: [15, 15]

Epoch 100 | Train Loss: 0.25055 | Val Loss: 0.41725
Train Loss Components:
  |- loss_rot: 0.03217
  |- loss_pos: 0.30822
  |- fk_loss: 0.92892
  |- smoothness_loss: 0.32293
Val Loss Components:
  |- loss_rot: 0.03986
  |- loss_pos: 0.78103
  |- fk_loss: 1.52601
  |- smoothness_loss: 0.19179
LR: 1.000e-04
Hole frames in this epoch: [15, 15]

Epoch 101 | Train Loss: 0.24962 | Val Loss: 0.41467
Train Loss Components:
  |- loss_rot: 0.03607
  |- loss_pos: 0.32738
  |- fk_loss: 1.00336
  |- smoothness_loss: 0.34635
Val Loss Components:
  |- loss_rot: 0.03949
  |- loss_pos: 0.75846
  |- fk_loss: 1.50486
  |- smoothness_loss: 0.19091
LR: 1.000e-04
Hole frames in this epoch: [15, 15]

Epoch 102 | Train Loss: 0.24872 | Val Loss: 0.41427
Train Loss Components:
  |- loss_rot: 0.03234
  |- loss_pos: 0.34043
  |- fk_loss: 0.97380
  |- smoothness_loss: 0.28685
Val Loss Components:
  |- loss_rot: 0.03950
  |- loss_pos: 0.74148
  |- fk_loss: 1.47779
  |- smoothness_loss: 0.18696
LR: 1.000e-04
Hole frames in this epoch: [15, 15]

Epoch 103 | Train Loss: 0.24659 | Val Loss: 0.41085
Train Loss Components:
  |- loss_rot: 0.03823
  |- loss_pos: 0.38150
  |- fk_loss: 1.16460
  |- smoothness_loss: 0.44631
Val Loss Components:
  |- loss_rot: 0.03965
  |- loss_pos: 0.72407
  |- fk_loss: 1.50242
  |- smoothness_loss: 0.18518
LR: 1.000e-04
Hole frames in this epoch: [15, 15]

Epoch 104 | Train Loss: 0.24592 | Val Loss: 0.41177
Train Loss Components:
  |- loss_rot: 0.03349
  |- loss_pos: 0.31219
  |- fk_loss: 0.94669
  |- smoothness_loss: 0.32047
Val Loss Components:
  |- loss_rot: 0.03950
  |- loss_pos: 0.74258
  |- fk_loss: 1.48823
  |- smoothness_loss: 0.19920
LR: 1.000e-04
Hole frames in this epoch: [15, 15]

Epoch 105 | Train Loss: 0.24491 | Val Loss: 0.41116
Train Loss Components:
  |- loss_rot: 0.03262
  |- loss_pos: 0.29807
  |- fk_loss: 0.94406
  |- smoothness_loss: 0.33277
Val Loss Components:
  |- loss_rot: 0.03948
  |- loss_pos: 0.76826
  |- fk_loss: 1.51034
  |- smoothness_loss: 0.19151
LR: 1.000e-04
Hole frames in this epoch: [15, 15]

Epoch 106 | Train Loss: 0.24379 | Val Loss: 0.41292
Train Loss Components:
  |- loss_rot: 0.03344
  |- loss_pos: 0.29679
  |- fk_loss: 0.95310
  |- smoothness_loss: 0.32836
Val Loss Components:
  |- loss_rot: 0.03956
  |- loss_pos: 0.73175
  |- fk_loss: 1.48734
  |- smoothness_loss: 0.19768
LR: 1.000e-04
Hole frames in this epoch: [15, 15]

Epoch 107 | Train Loss: 0.24282 | Val Loss: 0.41065
Train Loss Components:
  |- loss_rot: 0.03336
  |- loss_pos: 0.32902
  |- fk_loss: 0.96060
  |- smoothness_loss: 0.38121
Val Loss Components:
  |- loss_rot: 0.03921
  |- loss_pos: 0.75079
  |- fk_loss: 1.48233
  |- smoothness_loss: 0.19644
LR: 1.000e-04
Hole frames in this epoch: [15, 15]

Epoch 108 | Train Loss: 0.24187 | Val Loss: 0.41055
Train Loss Components:
  |- loss_rot: 0.03224
  |- loss_pos: 0.27670
  |- fk_loss: 0.91694
  |- smoothness_loss: 0.37996
Val Loss Components:
  |- loss_rot: 0.03933
  |- loss_pos: 0.75192
  |- fk_loss: 1.49569
  |- smoothness_loss: 0.19377
LR: 1.000e-04
Hole frames in this epoch: [15, 15]

Epoch 109 | Train Loss: 0.24030 | Val Loss: 0.40881
Train Loss Components:
  |- loss_rot: 0.02946
  |- loss_pos: 0.27812
  |- fk_loss: 0.84309
  |- smoothness_loss: 0.28319
Val Loss Components:
  |- loss_rot: 0.03911
  |- loss_pos: 0.76052
  |- fk_loss: 1.49747
  |- smoothness_loss: 0.19443
LR: 1.000e-04
Hole frames in this epoch: [15, 15]

Epoch 110 | Train Loss: 0.23988 | Val Loss: 0.40948
Train Loss Components:
  |- loss_rot: 0.03281
  |- loss_pos: 0.29616
  |- fk_loss: 0.93434
  |- smoothness_loss: 0.32942
Val Loss Components:
  |- loss_rot: 0.03909
  |- loss_pos: 0.74256
  |- fk_loss: 1.48085
  |- smoothness_loss: 0.19161
LR: 1.000e-04
Hole frames in this epoch: [15, 15]

Epoch 111 | Train Loss: 0.23861 | Val Loss: 0.40904
Train Loss Components:
  |- loss_rot: 0.03594
  |- loss_pos: 0.31538
  |- fk_loss: 0.99251
  |- smoothness_loss: 0.36822
Val Loss Components:
  |- loss_rot: 0.03913
  |- loss_pos: 0.71444
  |- fk_loss: 1.45839
  |- smoothness_loss: 0.19685
LR: 1.000e-04
Hole frames in this epoch: [15, 15]

Epoch 112 | Train Loss: 0.23753 | Val Loss: 0.40833
Train Loss Components:
  |- loss_rot: 0.03300
  |- loss_pos: 0.29890
  |- fk_loss: 0.91415
  |- smoothness_loss: 0.34732
Val Loss Components:
  |- loss_rot: 0.03886
  |- loss_pos: 0.73710
  |- fk_loss: 1.47757
  |- smoothness_loss: 0.18706
LR: 1.000e-04
Hole frames in this epoch: [15, 15]

Epoch 113 | Train Loss: 0.23646 | Val Loss: 0.40792
Train Loss Components:
  |- loss_rot: 0.03467
  |- loss_pos: 0.29809
  |- fk_loss: 0.97153
  |- smoothness_loss: 0.32377
Val Loss Components:
  |- loss_rot: 0.03891
  |- loss_pos: 0.76579
  |- fk_loss: 1.48535
  |- smoothness_loss: 0.19673
LR: 1.000e-04
Hole frames in this epoch: [15, 15]

Epoch 114 | Train Loss: 0.23532 | Val Loss: 0.40829
Train Loss Components:
  |- loss_rot: 0.03685
  |- loss_pos: 0.32909
  |- fk_loss: 1.05868
  |- smoothness_loss: 0.43430
Val Loss Components:
  |- loss_rot: 0.03908
  |- loss_pos: 0.75275
  |- fk_loss: 1.47143
  |- smoothness_loss: 0.19449
LR: 1.000e-04
Hole frames in this epoch: [15, 15]

Epoch 115 | Train Loss: 0.23427 | Val Loss: 0.40633
Train Loss Components:
  |- loss_rot: 0.03405
  |- loss_pos: 0.28628
  |- fk_loss: 0.93616
  |- smoothness_loss: 0.33146
Val Loss Components:
  |- loss_rot: 0.03890
  |- loss_pos: 0.73239
  |- fk_loss: 1.47414
  |- smoothness_loss: 0.19453
LR: 1.000e-04
Hole frames in this epoch: [15, 15]

Epoch 116 | Train Loss: 0.23337 | Val Loss: 0.40817
Train Loss Components:
  |- loss_rot: 0.03658
  |- loss_pos: 0.30841
  |- fk_loss: 1.01032
  |- smoothness_loss: 0.40667
Val Loss Components:
  |- loss_rot: 0.03902
  |- loss_pos: 0.77431
  |- fk_loss: 1.49362
  |- smoothness_loss: 0.19124
LR: 1.000e-04
Hole frames in this epoch: [15, 15]

Epoch 117 | Train Loss: 0.23253 | Val Loss: 0.40541
Train Loss Components:
  |- loss_rot: 0.03214
  |- loss_pos: 0.29116
  |- fk_loss: 0.89384
  |- smoothness_loss: 0.32341
Val Loss Components:
  |- loss_rot: 0.03883
  |- loss_pos: 0.74864
  |- fk_loss: 1.46292
  |- smoothness_loss: 0.19483
LR: 1.000e-04
Hole frames in this epoch: [15, 15]

Epoch 118 | Train Loss: 0.23207 | Val Loss: 0.40654
Train Loss Components:
  |- loss_rot: 0.03258
  |- loss_pos: 0.26348
  |- fk_loss: 0.88611
  |- smoothness_loss: 0.28693
Val Loss Components:
  |- loss_rot: 0.03883
  |- loss_pos: 0.77147
  |- fk_loss: 1.48602
  |- smoothness_loss: 0.19163
LR: 1.000e-04
Hole frames in this epoch: [15, 15]

Epoch 119 | Train Loss: 0.23123 | Val Loss: 0.40552
Train Loss Components:
  |- loss_rot: 0.03438
  |- loss_pos: 0.30084
  |- fk_loss: 0.94448
  |- smoothness_loss: 0.33357
Val Loss Components:
  |- loss_rot: 0.03901
  |- loss_pos: 0.75072
  |- fk_loss: 1.49037
  |- smoothness_loss: 0.19350
LR: 1.000e-04
Hole frames in this epoch: [15, 15]

Epoch 120 | Train Loss: 0.22994 | Val Loss: 0.40434
Train Loss Components:
  |- loss_rot: 0.03222
  |- loss_pos: 0.27884
  |- fk_loss: 0.92448
  |- smoothness_loss: 0.31927
Val Loss Components:
  |- loss_rot: 0.03889
  |- loss_pos: 0.74995
  |- fk_loss: 1.46711
  |- smoothness_loss: 0.18807
LR: 1.000e-04
Hole frames in this epoch: [15, 15]

Epoch 121 | Train Loss: 0.22934 | Val Loss: 0.40445
Train Loss Components:
  |- loss_rot: 0.03915
  |- loss_pos: 0.30349
  |- fk_loss: 1.05371
  |- smoothness_loss: 0.40827
Val Loss Components:
  |- loss_rot: 0.03863
  |- loss_pos: 0.75960
  |- fk_loss: 1.47049
  |- smoothness_loss: 0.19309
LR: 1.000e-04
Hole frames in this epoch: [15, 15]

Epoch 122 | Train Loss: 0.22785 | Val Loss: 0.40323
Train Loss Components:
  |- loss_rot: 0.03322
  |- loss_pos: 0.30059
  |- fk_loss: 0.91992
  |- smoothness_loss: 0.35170
Val Loss Components:
  |- loss_rot: 0.03892
  |- loss_pos: 0.75888
  |- fk_loss: 1.46931
  |- smoothness_loss: 0.19884
LR: 1.000e-04
Hole frames in this epoch: [15, 15]

Epoch 123 | Train Loss: 0.22687 | Val Loss: 0.40448
Train Loss Components:
  |- loss_rot: 0.03670
  |- loss_pos: 0.28752
  |- fk_loss: 0.97709
  |- smoothness_loss: 0.37110
Val Loss Components:
  |- loss_rot: 0.03879
  |- loss_pos: 0.75880
  |- fk_loss: 1.45638
  |- smoothness_loss: 0.20159
LR: 1.000e-04
Hole frames in this epoch: [15, 15]

Epoch 124 | Train Loss: 0.22663 | Val Loss: 0.40271
Train Loss Components:
  |- loss_rot: 0.03457
  |- loss_pos: 0.29163
  |- fk_loss: 1.00711
  |- smoothness_loss: 0.37812
Val Loss Components:
  |- loss_rot: 0.03837
  |- loss_pos: 0.72119
  |- fk_loss: 1.43524
  |- smoothness_loss: 0.19402
LR: 1.000e-04
Hole frames in this epoch: [15, 15]

Epoch 125 | Train Loss: 0.22564 | Val Loss: 0.40260
Train Loss Components:
  |- loss_rot: 0.03196
  |- loss_pos: 0.26875
  |- fk_loss: 0.87499
  |- smoothness_loss: 0.34758
Val Loss Components:
  |- loss_rot: 0.03877
  |- loss_pos: 0.73453
  |- fk_loss: 1.44974
  |- smoothness_loss: 0.20265
LR: 1.000e-04
Hole frames in this epoch: [15, 15]

Epoch 126 | Train Loss: 0.22454 | Val Loss: 0.40218
Train Loss Components:
  |- loss_rot: 0.03349
  |- loss_pos: 0.27153
  |- fk_loss: 0.91778
  |- smoothness_loss: 0.32498
Val Loss Components:
  |- loss_rot: 0.03847
  |- loss_pos: 0.74828
  |- fk_loss: 1.45846
  |- smoothness_loss: 0.19688
LR: 1.000e-04
Hole frames in this epoch: [15, 15]

Epoch 127 | Train Loss: 0.22407 | Val Loss: 0.40097
Train Loss Components:
  |- loss_rot: 0.03468
  |- loss_pos: 0.28967
  |- fk_loss: 0.92995
  |- smoothness_loss: 0.38769
Val Loss Components:
  |- loss_rot: 0.03835
  |- loss_pos: 0.72270
  |- fk_loss: 1.42537
  |- smoothness_loss: 0.19985
LR: 1.000e-04
Hole frames in this epoch: [15, 15]

Epoch 128 | Train Loss: 0.22317 | Val Loss: 0.40009
Train Loss Components:
  |- loss_rot: 0.03475
  |- loss_pos: 0.29258
  |- fk_loss: 0.94357
  |- smoothness_loss: 0.39149
Val Loss Components:
  |- loss_rot: 0.03841
  |- loss_pos: 0.72767
  |- fk_loss: 1.41931
  |- smoothness_loss: 0.20080
LR: 1.000e-04
Hole frames in this epoch: [15, 15]

Epoch 129 | Train Loss: 0.22257 | Val Loss: 0.40056
Train Loss Components:
  |- loss_rot: 0.03279
  |- loss_pos: 0.26309
  |- fk_loss: 0.88685
  |- smoothness_loss: 0.30888
Val Loss Components:
  |- loss_rot: 0.03852
  |- loss_pos: 0.72877
  |- fk_loss: 1.44500
  |- smoothness_loss: 0.20179
LR: 1.000e-04
Hole frames in this epoch: [15, 15]

Epoch 130 | Train Loss: 0.22163 | Val Loss: 0.40023
Train Loss Components:
  |- loss_rot: 0.03584
  |- loss_pos: 0.30789
  |- fk_loss: 1.00812
  |- smoothness_loss: 0.43336
Val Loss Components:
  |- loss_rot: 0.03828
  |- loss_pos: 0.70327
  |- fk_loss: 1.41582
  |- smoothness_loss: 0.19355
LR: 1.000e-04
Hole frames in this epoch: [15, 15]

Epoch 131 | Train Loss: 0.22079 | Val Loss: 0.40098
Train Loss Components:
  |- loss_rot: 0.03105
  |- loss_pos: 0.25953
  |- fk_loss: 0.82330
  |- smoothness_loss: 0.33853
Val Loss Components:
  |- loss_rot: 0.03854
  |- loss_pos: 0.73745
  |- fk_loss: 1.43830
  |- smoothness_loss: 0.20017
LR: 1.000e-04
Hole frames in this epoch: [15, 15]

Epoch 132 | Train Loss: 0.22020 | Val Loss: 0.40065
Train Loss Components:
  |- loss_rot: 0.02981
  |- loss_pos: 0.26457
  |- fk_loss: 0.81727
  |- smoothness_loss: 0.31194
Val Loss Components:
  |- loss_rot: 0.03833
  |- loss_pos: 0.73936
  |- fk_loss: 1.44608
  |- smoothness_loss: 0.20025
LR: 1.000e-04
Hole frames in this epoch: [15, 15]

Epoch 133 | Train Loss: 0.21916 | Val Loss: 0.39893
Train Loss Components:
  |- loss_rot: 0.03459
  |- loss_pos: 0.26634
  |- fk_loss: 0.89622
  |- smoothness_loss: 0.36953
Val Loss Components:
  |- loss_rot: 0.03848
  |- loss_pos: 0.71587
  |- fk_loss: 1.42771
  |- smoothness_loss: 0.19424
LR: 1.000e-04
Hole frames in this epoch: [15, 15]

Epoch 134 | Train Loss: 0.21861 | Val Loss: 0.39829
Train Loss Components:
  |- loss_rot: 0.03122
  |- loss_pos: 0.27356
  |- fk_loss: 0.85071
  |- smoothness_loss: 0.32612
Val Loss Components:
  |- loss_rot: 0.03836
  |- loss_pos: 0.73229
  |- fk_loss: 1.43955
  |- smoothness_loss: 0.19831
LR: 1.000e-04
Hole frames in this epoch: [15, 15]

Epoch 135 | Train Loss: 0.21791 | Val Loss: 0.39866
Train Loss Components:
  |- loss_rot: 0.03281
  |- loss_pos: 0.26943
  |- fk_loss: 0.85481
  |- smoothness_loss: 0.34615
Val Loss Components:
  |- loss_rot: 0.03827
  |- loss_pos: 0.72574
  |- fk_loss: 1.42013
  |- smoothness_loss: 0.20571
LR: 1.000e-04
Hole frames in this epoch: [15, 15]

Epoch 136 | Train Loss: 0.21710 | Val Loss: 0.39715
Train Loss Components:
  |- loss_rot: 0.03178
  |- loss_pos: 0.27254
  |- fk_loss: 0.83497
  |- smoothness_loss: 0.34430
Val Loss Components:
  |- loss_rot: 0.03818
  |- loss_pos: 0.69701
  |- fk_loss: 1.40474
  |- smoothness_loss: 0.20037
LR: 1.000e-04
Hole frames in this epoch: [15, 15]

Epoch 137 | Train Loss: 0.21681 | Val Loss: 0.39731
Train Loss Components:
  |- loss_rot: 0.03168
  |- loss_pos: 0.26365
  |- fk_loss: 0.81525
  |- smoothness_loss: 0.35532
Val Loss Components:
  |- loss_rot: 0.03836
  |- loss_pos: 0.73205
  |- fk_loss: 1.43920
  |- smoothness_loss: 0.19763
LR: 1.000e-04
Hole frames in this epoch: [15, 15]

Epoch 138 | Train Loss: 0.21578 | Val Loss: 0.39908
Train Loss Components:
  |- loss_rot: 0.03256
  |- loss_pos: 0.27284
  |- fk_loss: 0.85181
  |- smoothness_loss: 0.36547
Val Loss Components:
  |- loss_rot: 0.03822
  |- loss_pos: 0.70601
  |- fk_loss: 1.42726
  |- smoothness_loss: 0.20794
LR: 1.000e-04
Hole frames in this epoch: [15, 15]

Epoch 139 | Train Loss: 0.21506 | Val Loss: 0.39881
Train Loss Components:
  |- loss_rot: 0.03155
  |- loss_pos: 0.25500
  |- fk_loss: 0.81856
  |- smoothness_loss: 0.37791
Val Loss Components:
  |- loss_rot: 0.03816
  |- loss_pos: 0.73979
  |- fk_loss: 1.42549
  |- smoothness_loss: 0.19581
LR: 1.000e-04
Hole frames in this epoch: [15, 15]

Epoch 140 | Train Loss: 0.21459 | Val Loss: 0.39645
Train Loss Components:
  |- loss_rot: 0.03155
  |- loss_pos: 0.24746
  |- fk_loss: 0.84348
  |- smoothness_loss: 0.31954
Val Loss Components:
  |- loss_rot: 0.03828
  |- loss_pos: 0.73152
  |- fk_loss: 1.41398
  |- smoothness_loss: 0.20229
LR: 1.000e-04
Hole frames in this epoch: [15, 15]

Epoch 141 | Train Loss: 0.21348 | Val Loss: 0.39687
Train Loss Components:
  |- loss_rot: 0.03184
  |- loss_pos: 0.26862
  |- fk_loss: 0.82074
  |- smoothness_loss: 0.33792
Val Loss Components:
  |- loss_rot: 0.03789
  |- loss_pos: 0.74229
  |- fk_loss: 1.42211
  |- smoothness_loss: 0.19961
LR: 1.000e-04
Hole frames in this epoch: [15, 15]

Epoch 142 | Train Loss: 0.21283 | Val Loss: 0.39641
Train Loss Components:
  |- loss_rot: 0.03007
  |- loss_pos: 0.24854
  |- fk_loss: 0.81569
  |- smoothness_loss: 0.26240
Val Loss Components:
  |- loss_rot: 0.03795
  |- loss_pos: 0.72821
  |- fk_loss: 1.41830
  |- smoothness_loss: 0.19378
LR: 1.000e-04
Hole frames in this epoch: [15, 15]

Epoch 143 | Train Loss: 0.21200 | Val Loss: 0.39671
Train Loss Components:
  |- loss_rot: 0.03117
  |- loss_pos: 0.25473
  |- fk_loss: 0.81385
  |- smoothness_loss: 0.31221
Val Loss Components:
  |- loss_rot: 0.03799
  |- loss_pos: 0.71592
  |- fk_loss: 1.39869
  |- smoothness_loss: 0.20676
LR: 1.000e-04
Hole frames in this epoch: [15, 15]

Epoch 144 | Train Loss: 0.21154 | Val Loss: 0.39664
Train Loss Components:
  |- loss_rot: 0.03530
  |- loss_pos: 0.28968
  |- fk_loss: 0.96527
  |- smoothness_loss: 0.38306
Val Loss Components:
  |- loss_rot: 0.03801
  |- loss_pos: 0.71709
  |- fk_loss: 1.42036
  |- smoothness_loss: 0.20556
LR: 1.000e-04
Hole frames in this epoch: [15, 15]

Epoch 145 | Train Loss: 0.21139 | Val Loss: 0.39517
Train Loss Components:
  |- loss_rot: 0.02898
  |- loss_pos: 0.23741
  |- fk_loss: 0.76760
  |- smoothness_loss: 0.28407
Val Loss Components:
  |- loss_rot: 0.03798
  |- loss_pos: 0.71383
  |- fk_loss: 1.40293
  |- smoothness_loss: 0.20323
LR: 1.000e-04
Hole frames in this epoch: [15, 15]

Epoch 146 | Train Loss: 0.21043 | Val Loss: 0.39581
Train Loss Components:
  |- loss_rot: 0.03554
  |- loss_pos: 0.28257
  |- fk_loss: 0.99072
  |- smoothness_loss: 0.38775
Val Loss Components:
  |- loss_rot: 0.03800
  |- loss_pos: 0.74547
  |- fk_loss: 1.42732
  |- smoothness_loss: 0.20706
LR: 1.000e-04
Hole frames in this epoch: [15, 15]

Epoch 147 | Train Loss: 0.21022 | Val Loss: 0.39564
Train Loss Components:
  |- loss_rot: 0.03237
  |- loss_pos: 0.26523
  |- fk_loss: 0.84868
  |- smoothness_loss: 0.35763
Val Loss Components:
  |- loss_rot: 0.03806
  |- loss_pos: 0.73003
  |- fk_loss: 1.42680
  |- smoothness_loss: 0.20480
LR: 1.000e-04
Hole frames in this epoch: [15, 15]

Epoch 148 | Train Loss: 0.20932 | Val Loss: 0.39425
Train Loss Components:
  |- loss_rot: 0.03147
  |- loss_pos: 0.25119
  |- fk_loss: 0.78214
  |- smoothness_loss: 0.28387
Val Loss Components:
  |- loss_rot: 0.03796
  |- loss_pos: 0.72737
  |- fk_loss: 1.43345
  |- smoothness_loss: 0.19746
LR: 1.000e-04
Hole frames in this epoch: [15, 15]

Epoch 149 | Train Loss: 0.20862 | Val Loss: 0.39410
Train Loss Components:
  |- loss_rot: 0.03296
  |- loss_pos: 0.27099
  |- fk_loss: 0.86219
  |- smoothness_loss: 0.34079
Val Loss Components:
  |- loss_rot: 0.03777
  |- loss_pos: 0.71637
  |- fk_loss: 1.41691
  |- smoothness_loss: 0.20350
LR: 1.000e-04
Hole frames in this epoch: [15, 15]

Epoch 150 | Train Loss: 0.20810 | Val Loss: 0.39535
Train Loss Components:
  |- loss_rot: 0.03526
  |- loss_pos: 0.26571
  |- fk_loss: 0.89492
  |- smoothness_loss: 0.38647
Val Loss Components:
  |- loss_rot: 0.03792
  |- loss_pos: 0.71835
  |- fk_loss: 1.41947
  |- smoothness_loss: 0.20774
LR: 1.000e-04
Hole frames in this epoch: [15, 15]

Epoch 151 | Train Loss: 0.20743 | Val Loss: 0.39399
Train Loss Components:
  |- loss_rot: 0.02925
  |- loss_pos: 0.24381
  |- fk_loss: 0.75467
  |- smoothness_loss: 0.29827
Val Loss Components:
  |- loss_rot: 0.03775
  |- loss_pos: 0.74355
  |- fk_loss: 1.42321
  |- smoothness_loss: 0.19787
LR: 1.000e-04
Hole frames in this epoch: [15, 15]

Epoch 152 | Train Loss: 0.20705 | Val Loss: 0.39251
Train Loss Components:
  |- loss_rot: 0.03270
  |- loss_pos: 0.26449
  |- fk_loss: 0.85597
  |- smoothness_loss: 0.38812
Val Loss Components:
  |- loss_rot: 0.03762
  |- loss_pos: 0.69685
  |- fk_loss: 1.38237
  |- smoothness_loss: 0.20606
LR: 1.000e-04
Hole frames in this epoch: [15, 15]

Epoch 153 | Train Loss: 0.20606 | Val Loss: 0.39400
Train Loss Components:
  |- loss_rot: 0.03394
  |- loss_pos: 0.24587
  |- fk_loss: 0.85387
  |- smoothness_loss: 0.38428
Val Loss Components:
  |- loss_rot: 0.03758
  |- loss_pos: 0.71200
  |- fk_loss: 1.39913
  |- smoothness_loss: 0.20289
LR: 1.000e-04
Hole frames in this epoch: [15, 15]

Epoch 154 | Train Loss: 0.20554 | Val Loss: 0.39216
Train Loss Components:
  |- loss_rot: 0.03591
  |- loss_pos: 0.25764
  |- fk_loss: 0.88950
  |- smoothness_loss: 0.45444
Val Loss Components:
  |- loss_rot: 0.03768
  |- loss_pos: 0.68754
  |- fk_loss: 1.38289
  |- smoothness_loss: 0.20574
LR: 1.000e-04
Hole frames in this epoch: [15, 15]

Epoch 155 | Train Loss: 0.20552 | Val Loss: 0.39227
Train Loss Components:
  |- loss_rot: 0.03182
  |- loss_pos: 0.25994
  |- fk_loss: 0.80324
  |- smoothness_loss: 0.34617
Val Loss Components:
  |- loss_rot: 0.03762
  |- loss_pos: 0.71135
  |- fk_loss: 1.39928
  |- smoothness_loss: 0.20381
LR: 1.000e-04
Hole frames in this epoch: [15, 15]

Epoch 156 | Train Loss: 0.20466 | Val Loss: 0.39241
Train Loss Components:
  |- loss_rot: 0.03344
  |- loss_pos: 0.25756
  |- fk_loss: 0.83648
  |- smoothness_loss: 0.34164
Val Loss Components:
  |- loss_rot: 0.03782
  |- loss_pos: 0.72376
  |- fk_loss: 1.40760
  |- smoothness_loss: 0.21169
LR: 1.000e-04
Hole frames in this epoch: [15, 15]

Epoch 157 | Train Loss: 0.20373 | Val Loss: 0.39223
Train Loss Components:
  |- loss_rot: 0.03045
  |- loss_pos: 0.23366
  |- fk_loss: 0.76343
  |- smoothness_loss: 0.29944
Val Loss Components:
  |- loss_rot: 0.03753
  |- loss_pos: 0.70626
  |- fk_loss: 1.38431
  |- smoothness_loss: 0.21046
LR: 1.000e-04
Hole frames in this epoch: [15, 15]

Epoch 158 | Train Loss: 0.20348 | Val Loss: 0.39228
Train Loss Components:
  |- loss_rot: 0.03378
  |- loss_pos: 0.24827
  |- fk_loss: 0.82165
  |- smoothness_loss: 0.38542
Val Loss Components:
  |- loss_rot: 0.03753
  |- loss_pos: 0.69687
  |- fk_loss: 1.39159
  |- smoothness_loss: 0.20732
LR: 1.000e-04
Hole frames in this epoch: [15, 15]

Epoch 159 | Train Loss: 0.20298 | Val Loss: 0.39276
Train Loss Components:
  |- loss_rot: 0.02994
  |- loss_pos: 0.24663
  |- fk_loss: 0.75282
  |- smoothness_loss: 0.28102
Val Loss Components:
  |- loss_rot: 0.03757
  |- loss_pos: 0.70528
  |- fk_loss: 1.39367
  |- smoothness_loss: 0.20453
LR: 1.000e-04
Hole frames in this epoch: [15, 15]

Epoch 160 | Train Loss: 0.20191 | Val Loss: 0.39137
Train Loss Components:
  |- loss_rot: 0.03276
  |- loss_pos: 0.27307
  |- fk_loss: 0.84586
  |- smoothness_loss: 0.38227
Val Loss Components:
  |- loss_rot: 0.03746
  |- loss_pos: 0.71082
  |- fk_loss: 1.37688
  |- smoothness_loss: 0.20527
LR: 1.000e-04
Hole frames in this epoch: [15, 15]

Epoch 161 | Train Loss: 0.20180 | Val Loss: 0.39214
Train Loss Components:
  |- loss_rot: 0.03131
  |- loss_pos: 0.24746
  |- fk_loss: 0.79857
  |- smoothness_loss: 0.32049
Val Loss Components:
  |- loss_rot: 0.03755
  |- loss_pos: 0.71638
  |- fk_loss: 1.38757
  |- smoothness_loss: 0.21320
LR: 1.000e-04
Hole frames in this epoch: [15, 15]

Epoch 162 | Train Loss: 0.20129 | Val Loss: 0.39037
Train Loss Components:
  |- loss_rot: 0.03425
  |- loss_pos: 0.26853
  |- fk_loss: 0.84971
  |- smoothness_loss: 0.40135
Val Loss Components:
  |- loss_rot: 0.03743
  |- loss_pos: 0.71333
  |- fk_loss: 1.37606
  |- smoothness_loss: 0.19951
LR: 1.000e-04
Hole frames in this epoch: [15, 15]

Epoch 163 | Train Loss: 0.20061 | Val Loss: 0.39139
Train Loss Components:
  |- loss_rot: 0.02947
  |- loss_pos: 0.22664
  |- fk_loss: 0.73643
  |- smoothness_loss: 0.29079
Val Loss Components:
  |- loss_rot: 0.03761
  |- loss_pos: 0.70868
  |- fk_loss: 1.39067
  |- smoothness_loss: 0.20728
LR: 1.000e-04
Hole frames in this epoch: [15, 15]

Epoch 164 | Train Loss: 0.19973 | Val Loss: 0.39108
Train Loss Components:
  |- loss_rot: 0.03005
  |- loss_pos: 0.21940
  |- fk_loss: 0.72631
  |- smoothness_loss: 0.32731
Val Loss Components:
  |- loss_rot: 0.03738
  |- loss_pos: 0.70920
  |- fk_loss: 1.39040
  |- smoothness_loss: 0.20836
LR: 1.000e-04
Hole frames in this epoch: [15, 15]

Epoch 165 | Train Loss: 0.19984 | Val Loss: 0.39090
Train Loss Components:
  |- loss_rot: 0.03180
  |- loss_pos: 0.25607
  |- fk_loss: 0.78891
  |- smoothness_loss: 0.31085
Val Loss Components:
  |- loss_rot: 0.03751
  |- loss_pos: 0.72466
  |- fk_loss: 1.38927
  |- smoothness_loss: 0.20918
LR: 1.000e-04
Hole frames in this epoch: [15, 15]

Epoch 166 | Train Loss: 0.19912 | Val Loss: 0.38966
Train Loss Components:
  |- loss_rot: 0.03061
  |- loss_pos: 0.25142
  |- fk_loss: 0.75544
  |- smoothness_loss: 0.30866
Val Loss Components:
  |- loss_rot: 0.03744
  |- loss_pos: 0.69661
  |- fk_loss: 1.38681
  |- smoothness_loss: 0.20393
LR: 1.000e-04
Hole frames in this epoch: [15, 15]

Epoch 167 | Train Loss: 0.19933 | Val Loss: 0.39127
Train Loss Components:
  |- loss_rot: 0.03289
  |- loss_pos: 0.25493
  |- fk_loss: 0.82869
  |- smoothness_loss: 0.37978
Val Loss Components:
  |- loss_rot: 0.03743
  |- loss_pos: 0.75181
  |- fk_loss: 1.38375
  |- smoothness_loss: 0.20779
LR: 1.000e-04
Hole frames in this epoch: [15, 15]

Epoch 168 | Train Loss: 0.19827 | Val Loss: 0.38965
Train Loss Components:
  |- loss_rot: 0.03322
  |- loss_pos: 0.24953
  |- fk_loss: 0.82008
  |- smoothness_loss: 0.38325
Val Loss Components:
  |- loss_rot: 0.03735
  |- loss_pos: 0.70176
  |- fk_loss: 1.37174
  |- smoothness_loss: 0.20387
LR: 1.000e-04
Hole frames in this epoch: [15, 15]

Epoch 169 | Train Loss: 0.19748 | Val Loss: 0.39029
Train Loss Components:
  |- loss_rot: 0.03172
  |- loss_pos: 0.25604
  |- fk_loss: 0.78880
  |- smoothness_loss: 0.34737
Val Loss Components:
  |- loss_rot: 0.03722
  |- loss_pos: 0.72239
  |- fk_loss: 1.38391
  |- smoothness_loss: 0.20628
LR: 1.000e-04
Hole frames in this epoch: [15, 15]

Epoch 170 | Train Loss: 0.19744 | Val Loss: 0.38867
Train Loss Components:
  |- loss_rot: 0.03192
  |- loss_pos: 0.24036
  |- fk_loss: 0.80616
  |- smoothness_loss: 0.34283
Val Loss Components:
  |- loss_rot: 0.03713
  |- loss_pos: 0.71994
  |- fk_loss: 1.37669
  |- smoothness_loss: 0.20436
LR: 1.000e-04
Hole frames in this epoch: [15, 15]

Epoch 171 | Train Loss: 0.19655 | Val Loss: 0.39019
Train Loss Components:
  |- loss_rot: 0.02905
  |- loss_pos: 0.21211
  |- fk_loss: 0.70569
  |- smoothness_loss: 0.27311
Val Loss Components:
  |- loss_rot: 0.03728
  |- loss_pos: 0.72199
  |- fk_loss: 1.39737
  |- smoothness_loss: 0.20594
LR: 1.000e-04
Hole frames in this epoch: [15, 15]

Epoch 172 | Train Loss: 0.19611 | Val Loss: 0.38940
Train Loss Components:
  |- loss_rot: 0.03240
  |- loss_pos: 0.24794
  |- fk_loss: 0.78393
  |- smoothness_loss: 0.36355
Val Loss Components:
  |- loss_rot: 0.03718
  |- loss_pos: 0.68166
  |- fk_loss: 1.36535
  |- smoothness_loss: 0.20718
LR: 1.000e-04
Hole frames in this epoch: [15, 15]

Epoch 173 | Train Loss: 0.19575 | Val Loss: 0.38890
Train Loss Components:
  |- loss_rot: 0.03281
  |- loss_pos: 0.23386
  |- fk_loss: 0.82550
  |- smoothness_loss: 0.36712
Val Loss Components:
  |- loss_rot: 0.03717
  |- loss_pos: 0.70231
  |- fk_loss: 1.37012
  |- smoothness_loss: 0.21239
LR: 1.000e-04
Hole frames in this epoch: [15, 15]

Epoch 174 | Train Loss: 0.19559 | Val Loss: 0.38781
Train Loss Components:
  |- loss_rot: 0.03051
  |- loss_pos: 0.22883
  |- fk_loss: 0.76022
  |- smoothness_loss: 0.31189
Val Loss Components:
  |- loss_rot: 0.03731
  |- loss_pos: 0.72311
  |- fk_loss: 1.40328
  |- smoothness_loss: 0.20478
LR: 1.000e-04
Hole frames in this epoch: [15, 15]

Epoch 175 | Train Loss: 0.19519 | Val Loss: 0.38940
Train Loss Components:
  |- loss_rot: 0.02896
  |- loss_pos: 0.22597
  |- fk_loss: 0.76807
  |- smoothness_loss: 0.30809
Val Loss Components:
  |- loss_rot: 0.03717
  |- loss_pos: 0.70809
  |- fk_loss: 1.37917
  |- smoothness_loss: 0.21649
LR: 1.000e-04
Hole frames in this epoch: [15, 15]

Epoch 176 | Train Loss: 0.19504 | Val Loss: 0.38999
Train Loss Components:
  |- loss_rot: 0.03132
  |- loss_pos: 0.22659
  |- fk_loss: 0.76032
  |- smoothness_loss: 0.31729
Val Loss Components:
  |- loss_rot: 0.03732
  |- loss_pos: 0.71448
  |- fk_loss: 1.38868
  |- smoothness_loss: 0.21643
LR: 1.000e-04
Hole frames in this epoch: [15, 15]

Epoch 177 | Train Loss: 0.19434 | Val Loss: 0.38778
Train Loss Components:
  |- loss_rot: 0.03555
  |- loss_pos: 0.24502
  |- fk_loss: 0.84480
  |- smoothness_loss: 0.36708
Val Loss Components:
  |- loss_rot: 0.03716
  |- loss_pos: 0.71577
  |- fk_loss: 1.39375
  |- smoothness_loss: 0.20385
LR: 1.000e-04
Hole frames in this epoch: [15, 15]

Epoch 178 | Train Loss: 0.19373 | Val Loss: 0.38799
Train Loss Components:
  |- loss_rot: 0.03246
  |- loss_pos: 0.24343
  |- fk_loss: 0.78908
  |- smoothness_loss: 0.33854
Val Loss Components:
  |- loss_rot: 0.03706
  |- loss_pos: 0.71737
  |- fk_loss: 1.36553
  |- smoothness_loss: 0.21673
LR: 1.000e-04
Hole frames in this epoch: [15, 15]

Epoch 179 | Train Loss: 0.19279 | Val Loss: 0.38609
Train Loss Components:
  |- loss_rot: 0.02970
  |- loss_pos: 0.23641
  |- fk_loss: 0.74903
  |- smoothness_loss: 0.30619
Val Loss Components:
  |- loss_rot: 0.03705
  |- loss_pos: 0.71167
  |- fk_loss: 1.37924
  |- smoothness_loss: 0.21173
LR: 1.000e-04
Hole frames in this epoch: [15, 15]

Epoch 180 | Train Loss: 0.19220 | Val Loss: 0.38722
Train Loss Components:
  |- loss_rot: 0.03213
  |- loss_pos: 0.22732
  |- fk_loss: 0.76274
  |- smoothness_loss: 0.38121
Val Loss Components:
  |- loss_rot: 0.03720
  |- loss_pos: 0.70946
  |- fk_loss: 1.39178
  |- smoothness_loss: 0.21188
LR: 1.000e-04
Hole frames in this epoch: [15, 15]

Epoch 181 | Train Loss: 0.19256 | Val Loss: 0.38705
Train Loss Components:
  |- loss_rot: 0.03168
  |- loss_pos: 0.24354
  |- fk_loss: 0.78094
  |- smoothness_loss: 0.38765
Val Loss Components:
  |- loss_rot: 0.03693
  |- loss_pos: 0.72077
  |- fk_loss: 1.36960
  |- smoothness_loss: 0.20751
LR: 1.000e-04
Hole frames in this epoch: [15, 15]

Epoch 182 | Train Loss: 0.19190 | Val Loss: 0.38647
Train Loss Components:
  |- loss_rot: 0.02968
  |- loss_pos: 0.22319
  |- fk_loss: 0.73430
  |- smoothness_loss: 0.29575
Val Loss Components:
  |- loss_rot: 0.03705
  |- loss_pos: 0.71399
  |- fk_loss: 1.37357
  |- smoothness_loss: 0.20655
LR: 1.000e-04
Hole frames in this epoch: [15, 15]

Epoch 183 | Train Loss: 0.19185 | Val Loss: 0.38709
Train Loss Components:
  |- loss_rot: 0.03078
  |- loss_pos: 0.22128
  |- fk_loss: 0.72627
  |- smoothness_loss: 0.33881
Val Loss Components:
  |- loss_rot: 0.03696
  |- loss_pos: 0.69471
  |- fk_loss: 1.35914
  |- smoothness_loss: 0.21026
LR: 1.000e-04
Hole frames in this epoch: [15, 15]

Epoch 184 | Train Loss: 0.19108 | Val Loss: 0.38764
Train Loss Components:
  |- loss_rot: 0.03089
  |- loss_pos: 0.23456
  |- fk_loss: 0.75751
  |- smoothness_loss: 0.32278
Val Loss Components:
  |- loss_rot: 0.03686
  |- loss_pos: 0.70034
  |- fk_loss: 1.38568
  |- smoothness_loss: 0.20764
LR: 1.000e-04
Hole frames in this epoch: [15, 15]

Epoch 185 | Train Loss: 0.19044 | Val Loss: 0.38648
Train Loss Components:
  |- loss_rot: 0.03161
  |- loss_pos: 0.23505
  |- fk_loss: 0.76925
  |- smoothness_loss: 0.32589
Val Loss Components:
  |- loss_rot: 0.03674
  |- loss_pos: 0.70985
  |- fk_loss: 1.37036
  |- smoothness_loss: 0.21444
LR: 1.000e-04
Hole frames in this epoch: [15, 15]

Epoch 186 | Train Loss: 0.17672 | Val Loss: 0.37830
Train Loss Components:
  |- loss_rot: 0.03026
  |- loss_pos: 0.19641
  |- fk_loss: 0.69342
  |- smoothness_loss: 0.31133
Val Loss Components:
  |- loss_rot: 0.03659
  |- loss_pos: 0.68210
  |- fk_loss: 1.33034
  |- smoothness_loss: 0.21433
LR: 5.000e-05
Hole frames in this epoch: [15, 15]

Epoch 187 | Train Loss: 0.16663 | Val Loss: 0.37811
Train Loss Components:
  |- loss_rot: 0.03328
  |- loss_pos: 0.19242
  |- fk_loss: 0.73445
  |- smoothness_loss: 0.41731
Val Loss Components:
  |- loss_rot: 0.03664
  |- loss_pos: 0.69542
  |- fk_loss: 1.34144
  |- smoothness_loss: 0.21713
LR: 5.000e-05
Hole frames in this epoch: [15, 15]

Epoch 188 | Train Loss: 0.16449 | Val Loss: 0.37882
Train Loss Components:
  |- loss_rot: 0.02793
  |- loss_pos: 0.16028
  |- fk_loss: 0.61979
  |- smoothness_loss: 0.30786
Val Loss Components:
  |- loss_rot: 0.03671
  |- loss_pos: 0.69530
  |- fk_loss: 1.34498
  |- smoothness_loss: 0.21801
LR: 5.000e-05
Hole frames in this epoch: [15, 15]

Epoch 189 | Train Loss: 0.16365 | Val Loss: 0.37773
Train Loss Components:
  |- loss_rot: 0.03295
  |- loss_pos: 0.18030
  |- fk_loss: 0.72239
  |- smoothness_loss: 0.38694
Val Loss Components:
  |- loss_rot: 0.03660
  |- loss_pos: 0.69877
  |- fk_loss: 1.33556
  |- smoothness_loss: 0.21926
LR: 5.000e-05
Hole frames in this epoch: [15, 15]

Epoch 190 | Train Loss: 0.16377 | Val Loss: 0.37819
Train Loss Components:
  |- loss_rot: 0.03234
  |- loss_pos: 0.18653
  |- fk_loss: 0.72398
  |- smoothness_loss: 0.41603
Val Loss Components:
  |- loss_rot: 0.03659
  |- loss_pos: 0.67823
  |- fk_loss: 1.32276
  |- smoothness_loss: 0.21279
LR: 5.000e-05
Hole frames in this epoch: [15, 15]

Epoch 191 | Train Loss: 0.16319 | Val Loss: 0.37767
Train Loss Components:
  |- loss_rot: 0.02905
  |- loss_pos: 0.17255
  |- fk_loss: 0.63360
  |- smoothness_loss: 0.31985
Val Loss Components:
  |- loss_rot: 0.03660
  |- loss_pos: 0.69253
  |- fk_loss: 1.33557
  |- smoothness_loss: 0.21737
LR: 5.000e-05
Hole frames in this epoch: [15, 15]

Epoch 192 | Train Loss: 0.16298 | Val Loss: 0.37788
Train Loss Components:
  |- loss_rot: 0.03118
  |- loss_pos: 0.17407
  |- fk_loss: 0.70386
  |- smoothness_loss: 0.40296
Val Loss Components:
  |- loss_rot: 0.03645
  |- loss_pos: 0.68814
  |- fk_loss: 1.33631
  |- smoothness_loss: 0.21383
LR: 5.000e-05
Hole frames in this epoch: [15, 15]

Epoch 193 | Train Loss: 0.16274 | Val Loss: 0.37789
Train Loss Components:
  |- loss_rot: 0.02985
  |- loss_pos: 0.17800
  |- fk_loss: 0.63497
  |- smoothness_loss: 0.34197
Val Loss Components:
  |- loss_rot: 0.03650
  |- loss_pos: 0.69465
  |- fk_loss: 1.33188
  |- smoothness_loss: 0.22166
LR: 5.000e-05
Hole frames in this epoch: [15, 15]

Epoch 194 | Train Loss: 0.16244 | Val Loss: 0.37754
Train Loss Components:
  |- loss_rot: 0.02967
  |- loss_pos: 0.16507
  |- fk_loss: 0.63716
  |- smoothness_loss: 0.31303
Val Loss Components:
  |- loss_rot: 0.03660
  |- loss_pos: 0.70818
  |- fk_loss: 1.34715
  |- smoothness_loss: 0.21586
LR: 5.000e-05
Hole frames in this epoch: [15, 15]

Epoch 195 | Train Loss: 0.16222 | Val Loss: 0.37746
Train Loss Components:
  |- loss_rot: 0.03320
  |- loss_pos: 0.18266
  |- fk_loss: 0.72220
  |- smoothness_loss: 0.36298
Val Loss Components:
  |- loss_rot: 0.03667
  |- loss_pos: 0.69140
  |- fk_loss: 1.33405
  |- smoothness_loss: 0.22043
LR: 5.000e-05
Hole frames in this epoch: [15, 15]

Epoch 196 | Train Loss: 0.16169 | Val Loss: 0.37737
Train Loss Components:
  |- loss_rot: 0.03096
  |- loss_pos: 0.18161
  |- fk_loss: 0.67778
  |- smoothness_loss: 0.35703
Val Loss Components:
  |- loss_rot: 0.03657
  |- loss_pos: 0.69622
  |- fk_loss: 1.33802
  |- smoothness_loss: 0.21946
LR: 5.000e-05
Hole frames in this epoch: [15, 15]

Epoch 197 | Train Loss: 0.16155 | Val Loss: 0.37717
Train Loss Components:
  |- loss_rot: 0.03139
  |- loss_pos: 0.18342
  |- fk_loss: 0.70086
  |- smoothness_loss: 0.41524
Val Loss Components:
  |- loss_rot: 0.03680
  |- loss_pos: 0.70045
  |- fk_loss: 1.35946
  |- smoothness_loss: 0.21792
LR: 5.000e-05
Hole frames in this epoch: [15, 15]

Epoch 198 | Train Loss: 0.16127 | Val Loss: 0.37715
Train Loss Components:
  |- loss_rot: 0.03141
  |- loss_pos: 0.17187
  |- fk_loss: 0.72019
  |- smoothness_loss: 0.34303
Val Loss Components:
  |- loss_rot: 0.03657
  |- loss_pos: 0.67960
  |- fk_loss: 1.32679
  |- smoothness_loss: 0.21916
LR: 5.000e-05
Hole frames in this epoch: [15, 15]

Epoch 199 | Train Loss: 0.16100 | Val Loss: 0.37719
Train Loss Components:
  |- loss_rot: 0.03284
  |- loss_pos: 0.18235
  |- fk_loss: 0.72282
  |- smoothness_loss: 0.39412
Val Loss Components:
  |- loss_rot: 0.03658
  |- loss_pos: 0.68499
  |- fk_loss: 1.33027
  |- smoothness_loss: 0.21799
LR: 5.000e-05
Hole frames in this epoch: [15, 15]

Epoch 200 | Train Loss: 0.16066 | Val Loss: 0.37734
Train Loss Components:
  |- loss_rot: 0.03097
  |- loss_pos: 0.18181
  |- fk_loss: 0.68542
  |- smoothness_loss: 0.34639
Val Loss Components:
  |- loss_rot: 0.03648
  |- loss_pos: 0.69045
  |- fk_loss: 1.33271
  |- smoothness_loss: 0.22097
LR: 5.000e-05
Hole frames in this epoch: [15, 15]

Epoch 201 | Train Loss: 0.16057 | Val Loss: 0.37611
Train Loss Components:
  |- loss_rot: 0.03383
  |- loss_pos: 0.18588
  |- fk_loss: 0.72843
  |- smoothness_loss: 0.41961
Val Loss Components:
  |- loss_rot: 0.03647
  |- loss_pos: 0.68659
  |- fk_loss: 1.32961
  |- smoothness_loss: 0.21705
LR: 5.000e-05
Hole frames in this epoch: [15, 15]

Epoch 202 | Train Loss: 0.16009 | Val Loss: 0.37699
Train Loss Components:
  |- loss_rot: 0.03354
  |- loss_pos: 0.18209
  |- fk_loss: 0.78628
  |- smoothness_loss: 0.39587
Val Loss Components:
  |- loss_rot: 0.03655
  |- loss_pos: 0.68986
  |- fk_loss: 1.33792
  |- smoothness_loss: 0.21347
LR: 5.000e-05
Hole frames in this epoch: [15, 15]

Epoch 203 | Train Loss: 0.15978 | Val Loss: 0.37677
Train Loss Components:
  |- loss_rot: 0.03040
  |- loss_pos: 0.17261
  |- fk_loss: 0.66664
  |- smoothness_loss: 0.38336
Val Loss Components:
  |- loss_rot: 0.03645
  |- loss_pos: 0.68678
  |- fk_loss: 1.33561
  |- smoothness_loss: 0.21567
LR: 5.000e-05
Hole frames in this epoch: [15, 15]

Epoch 204 | Train Loss: 0.15947 | Val Loss: 0.37706
Train Loss Components:
  |- loss_rot: 0.02965
  |- loss_pos: 0.17013
  |- fk_loss: 0.65720
  |- smoothness_loss: 0.34176
Val Loss Components:
  |- loss_rot: 0.03639
  |- loss_pos: 0.68799
  |- fk_loss: 1.33798
  |- smoothness_loss: 0.21563
LR: 5.000e-05
Hole frames in this epoch: [15, 15]

Epoch 205 | Train Loss: 0.15938 | Val Loss: 0.37638
Train Loss Components:
  |- loss_rot: 0.02985
  |- loss_pos: 0.17163
  |- fk_loss: 0.64228
  |- smoothness_loss: 0.36864
Val Loss Components:
  |- loss_rot: 0.03633
  |- loss_pos: 0.68985
  |- fk_loss: 1.32064
  |- smoothness_loss: 0.21868
LR: 5.000e-05
Hole frames in this epoch: [15, 15]

Epoch 206 | Train Loss: 0.15921 | Val Loss: 0.37762
Train Loss Components:
  |- loss_rot: 0.02969
  |- loss_pos: 0.17340
  |- fk_loss: 0.64364
  |- smoothness_loss: 0.35280
Val Loss Components:
  |- loss_rot: 0.03652
  |- loss_pos: 0.70408
  |- fk_loss: 1.34337
  |- smoothness_loss: 0.21839
LR: 5.000e-05
Hole frames in this epoch: [15, 15]

Epoch 207 | Train Loss: 0.15899 | Val Loss: 0.37687
Train Loss Components:
  |- loss_rot: 0.03163
  |- loss_pos: 0.17745
  |- fk_loss: 0.67962
  |- smoothness_loss: 0.40254
Val Loss Components:
  |- loss_rot: 0.03640
  |- loss_pos: 0.67745
  |- fk_loss: 1.31760
  |- smoothness_loss: 0.22108
LR: 5.000e-05
Hole frames in this epoch: [15, 15]

Epoch 208 | Train Loss: 0.15265 | Val Loss: 0.37382
Train Loss Components:
  |- loss_rot: 0.03104
  |- loss_pos: 0.15269
  |- fk_loss: 0.64024
  |- smoothness_loss: 0.32192
Val Loss Components:
  |- loss_rot: 0.03628
  |- loss_pos: 0.68276
  |- fk_loss: 1.31866
  |- smoothness_loss: 0.21982
LR: 2.500e-05
Hole frames in this epoch: [15, 15]

Epoch 209 | Train Loss: 0.14876 | Val Loss: 0.37365
Train Loss Components:
  |- loss_rot: 0.03017
  |- loss_pos: 0.14795
  |- fk_loss: 0.61549
  |- smoothness_loss: 0.32768
Val Loss Components:
  |- loss_rot: 0.03629
  |- loss_pos: 0.69054
  |- fk_loss: 1.31575
  |- smoothness_loss: 0.21625
LR: 2.500e-05
Hole frames in this epoch: [15, 15]

Epoch 210 | Train Loss: 0.14767 | Val Loss: 0.37308
Train Loss Components:
  |- loss_rot: 0.02776
  |- loss_pos: 0.14078
  |- fk_loss: 0.57060
  |- smoothness_loss: 0.31737
Val Loss Components:
  |- loss_rot: 0.03625
  |- loss_pos: 0.68190
  |- fk_loss: 1.30920
  |- smoothness_loss: 0.22011
LR: 2.500e-05
Hole frames in this epoch: [15, 15]

Epoch 211 | Train Loss: 0.14731 | Val Loss: 0.37358
Train Loss Components:
  |- loss_rot: 0.02894
  |- loss_pos: 0.14694
  |- fk_loss: 0.59409
  |- smoothness_loss: 0.32190
Val Loss Components:
  |- loss_rot: 0.03623
  |- loss_pos: 0.68512
  |- fk_loss: 1.31216
  |- smoothness_loss: 0.22369
LR: 2.500e-05
Hole frames in this epoch: [15, 15]

Epoch 212 | Train Loss: 0.14706 | Val Loss: 0.37386
Train Loss Components:
  |- loss_rot: 0.03078
  |- loss_pos: 0.15240
  |- fk_loss: 0.63069
  |- smoothness_loss: 0.34390
Val Loss Components:
  |- loss_rot: 0.03626
  |- loss_pos: 0.68102
  |- fk_loss: 1.31633
  |- smoothness_loss: 0.22107
LR: 2.500e-05
Hole frames in this epoch: [15, 15]

Epoch 213 | Train Loss: 0.14690 | Val Loss: 0.37404
Train Loss Components:
  |- loss_rot: 0.03226
  |- loss_pos: 0.15366
  |- fk_loss: 0.63907
  |- smoothness_loss: 0.36487
Val Loss Components:
  |- loss_rot: 0.03629
  |- loss_pos: 0.68401
  |- fk_loss: 1.32379
  |- smoothness_loss: 0.22432
LR: 2.500e-05
Hole frames in this epoch: [15, 15]

Epoch 214 | Train Loss: 0.14657 | Val Loss: 0.37333
Train Loss Components:
  |- loss_rot: 0.02902
  |- loss_pos: 0.14107
  |- fk_loss: 0.59776
  |- smoothness_loss: 0.32395
Val Loss Components:
  |- loss_rot: 0.03618
  |- loss_pos: 0.68983
  |- fk_loss: 1.31464
  |- smoothness_loss: 0.22195
LR: 2.500e-05
Hole frames in this epoch: [15, 15]

Epoch 215 | Train Loss: 0.14647 | Val Loss: 0.37388
Train Loss Components:
  |- loss_rot: 0.03073
  |- loss_pos: 0.15198
  |- fk_loss: 0.61400
  |- smoothness_loss: 0.37445
Val Loss Components:
  |- loss_rot: 0.03620
  |- loss_pos: 0.68430
  |- fk_loss: 1.31401
  |- smoothness_loss: 0.22052
LR: 2.500e-05
Hole frames in this epoch: [15, 15]

Epoch 216 | Train Loss: 0.14632 | Val Loss: 0.37381
Train Loss Components:
  |- loss_rot: 0.02929
  |- loss_pos: 0.14848
  |- fk_loss: 0.58846
  |- smoothness_loss: 0.34955
Val Loss Components:
  |- loss_rot: 0.03626
  |- loss_pos: 0.68519
  |- fk_loss: 1.32336
  |- smoothness_loss: 0.22362
LR: 2.500e-05
Hole frames in this epoch: [15, 15]

Epoch 217 | Train Loss: 0.14377 | Val Loss: 0.37251
Train Loss Components:
  |- loss_rot: 0.03122
  |- loss_pos: 0.14101
  |- fk_loss: 0.61741
  |- smoothness_loss: 0.37647
Val Loss Components:
  |- loss_rot: 0.03625
  |- loss_pos: 0.68277
  |- fk_loss: 1.31612
  |- smoothness_loss: 0.22430
LR: 1.250e-05
Hole frames in this epoch: [15, 15]

Epoch 218 | Train Loss: 0.14220 | Val Loss: 0.37266
Train Loss Components:
  |- loss_rot: 0.03073
  |- loss_pos: 0.13584
  |- fk_loss: 0.60863
  |- smoothness_loss: 0.34379
Val Loss Components:
  |- loss_rot: 0.03622
  |- loss_pos: 0.68740
  |- fk_loss: 1.31966
  |- smoothness_loss: 0.22475
LR: 1.250e-05
Hole frames in this epoch: [15, 15]

Epoch 219 | Train Loss: 0.14175 | Val Loss: 0.37257
Train Loss Components:
  |- loss_rot: 0.03103
  |- loss_pos: 0.14397
  |- fk_loss: 0.63702
  |- smoothness_loss: 0.40910
Val Loss Components:
  |- loss_rot: 0.03620
  |- loss_pos: 0.68736
  |- fk_loss: 1.31726
  |- smoothness_loss: 0.22376
LR: 1.250e-05
Hole frames in this epoch: [15, 15]

Epoch 220 | Train Loss: 0.14141 | Val Loss: 0.37221
Train Loss Components:
  |- loss_rot: 0.03165
  |- loss_pos: 0.14756
  |- fk_loss: 0.63331
  |- smoothness_loss: 0.39573
Val Loss Components:
  |- loss_rot: 0.03615
  |- loss_pos: 0.68344
  |- fk_loss: 1.31524
  |- smoothness_loss: 0.22344
LR: 1.250e-05
Hole frames in this epoch: [15, 15]

Epoch 221 | Train Loss: 0.14127 | Val Loss: 0.37239
Train Loss Components:
  |- loss_rot: 0.03355
  |- loss_pos: 0.14903
  |- fk_loss: 0.69699
  |- smoothness_loss: 0.39971
Val Loss Components:
  |- loss_rot: 0.03615
  |- loss_pos: 0.68041
  |- fk_loss: 1.30990
  |- smoothness_loss: 0.22364
LR: 1.250e-05
Hole frames in this epoch: [15, 15]

Epoch 222 | Train Loss: 0.14116 | Val Loss: 0.37224
Train Loss Components:
  |- loss_rot: 0.03092
  |- loss_pos: 0.14052
  |- fk_loss: 0.62182
  |- smoothness_loss: 0.39342
Val Loss Components:
  |- loss_rot: 0.03619
  |- loss_pos: 0.67948
  |- fk_loss: 1.30767
  |- smoothness_loss: 0.22264
LR: 1.250e-05
Hole frames in this epoch: [15, 15]

Epoch 223 | Train Loss: 0.14093 | Val Loss: 0.37264
Train Loss Components:
  |- loss_rot: 0.03140
  |- loss_pos: 0.14685
  |- fk_loss: 0.66044
  |- smoothness_loss: 0.43080
Val Loss Components:
  |- loss_rot: 0.03622
  |- loss_pos: 0.68486
  |- fk_loss: 1.31472
  |- smoothness_loss: 0.22226
LR: 1.250e-05
Hole frames in this epoch: [15, 15]

Epoch 224 | Train Loss: 0.14076 | Val Loss: 0.37268
Train Loss Components:
  |- loss_rot: 0.03192
  |- loss_pos: 0.13874
  |- fk_loss: 0.65557
  |- smoothness_loss: 0.40139
Val Loss Components:
  |- loss_rot: 0.03622
  |- loss_pos: 0.68664
  |- fk_loss: 1.31400
  |- smoothness_loss: 0.22438
LR: 1.250e-05
Hole frames in this epoch: [15, 15]

Epoch 225 | Train Loss: 0.14068 | Val Loss: 0.37220
Train Loss Components:
  |- loss_rot: 0.03310
  |- loss_pos: 0.14918
  |- fk_loss: 0.67391
  |- smoothness_loss: 0.45607
Val Loss Components:
  |- loss_rot: 0.03613
  |- loss_pos: 0.67788
  |- fk_loss: 1.31033
  |- smoothness_loss: 0.22107
LR: 1.250e-05
Hole frames in this epoch: [15, 15]

Epoch 226 | Train Loss: 0.14059 | Val Loss: 0.37226
Train Loss Components:
  |- loss_rot: 0.03201
  |- loss_pos: 0.14942
  |- fk_loss: 0.65428
  |- smoothness_loss: 0.42758
Val Loss Components:
  |- loss_rot: 0.03616
  |- loss_pos: 0.68224
  |- fk_loss: 1.30849
  |- smoothness_loss: 0.22260
LR: 1.250e-05
Hole frames in this epoch: [15, 15]

Epoch 227 | Train Loss: 0.13942 | Val Loss: 0.37185
Train Loss Components:
  |- loss_rot: 0.03048
  |- loss_pos: 0.13252
  |- fk_loss: 0.66163
  |- smoothness_loss: 0.33341
Val Loss Components:
  |- loss_rot: 0.03611
  |- loss_pos: 0.68027
  |- fk_loss: 1.30601
  |- smoothness_loss: 0.22387
LR: 6.250e-06
Hole frames in this epoch: [15, 15]

Epoch 228 | Train Loss: 0.13875 | Val Loss: 0.37194
Train Loss Components:
  |- loss_rot: 0.03009
  |- loss_pos: 0.13104
  |- fk_loss: 0.60407
  |- smoothness_loss: 0.34135
Val Loss Components:
  |- loss_rot: 0.03616
  |- loss_pos: 0.68068
  |- fk_loss: 1.30760
  |- smoothness_loss: 0.22360
LR: 6.250e-06
Hole frames in this epoch: [15, 15]

Epoch 229 | Train Loss: 0.13850 | Val Loss: 0.37159
Train Loss Components:
  |- loss_rot: 0.03012
  |- loss_pos: 0.12887
  |- fk_loss: 0.60435
  |- smoothness_loss: 0.38279
Val Loss Components:
  |- loss_rot: 0.03612
  |- loss_pos: 0.68132
  |- fk_loss: 1.30780
  |- smoothness_loss: 0.22361
LR: 6.250e-06
Hole frames in this epoch: [15, 15]

Epoch 230 | Train Loss: 0.13841 | Val Loss: 0.37176
Train Loss Components:
  |- loss_rot: 0.02927
  |- loss_pos: 0.12653
  |- fk_loss: 0.66182
  |- smoothness_loss: 0.38234
Val Loss Components:
  |- loss_rot: 0.03616
  |- loss_pos: 0.68201
  |- fk_loss: 1.30943
  |- smoothness_loss: 0.22410
LR: 6.250e-06
Hole frames in this epoch: [15, 15]

Epoch 231 | Train Loss: 0.13822 | Val Loss: 0.37180
Train Loss Components:
  |- loss_rot: 0.02861
  |- loss_pos: 0.12600
  |- fk_loss: 0.56421
  |- smoothness_loss: 0.32035
Val Loss Components:
  |- loss_rot: 0.03617
  |- loss_pos: 0.67939
  |- fk_loss: 1.30626
  |- smoothness_loss: 0.22385
LR: 6.250e-06
Hole frames in this epoch: [15, 15]

Epoch 232 | Train Loss: 0.13820 | Val Loss: 0.37183
Train Loss Components:
  |- loss_rot: 0.02900
  |- loss_pos: 0.12824
  |- fk_loss: 0.57148
  |- smoothness_loss: 0.31427
Val Loss Components:
  |- loss_rot: 0.03615
  |- loss_pos: 0.68323
  |- fk_loss: 1.31049
  |- smoothness_loss: 0.22368
LR: 6.250e-06
Hole frames in this epoch: [15, 15]

Epoch 233 | Train Loss: 0.13812 | Val Loss: 0.37177
Train Loss Components:
  |- loss_rot: 0.02881
  |- loss_pos: 0.12522
  |- fk_loss: 0.56899
  |- smoothness_loss: 0.29188
Val Loss Components:
  |- loss_rot: 0.03613
  |- loss_pos: 0.68379
  |- fk_loss: 1.31108
  |- smoothness_loss: 0.22362
LR: 6.250e-06
Hole frames in this epoch: [15, 15]

Epoch 234 | Train Loss: 0.13798 | Val Loss: 0.37188
Train Loss Components:
  |- loss_rot: 0.02787
  |- loss_pos: 0.12859
  |- fk_loss: 0.55249
  |- smoothness_loss: 0.31221
Val Loss Components:
  |- loss_rot: 0.03612
  |- loss_pos: 0.68245
  |- fk_loss: 1.30907
  |- smoothness_loss: 0.22564
LR: 6.250e-06
Hole frames in this epoch: [15, 15]

Epoch 235 | Train Loss: 0.13790 | Val Loss: 0.37175
Train Loss Components:
  |- loss_rot: 0.03104
  |- loss_pos: 0.13277
  |- fk_loss: 0.63910
  |- smoothness_loss: 0.39157
Val Loss Components:
  |- loss_rot: 0.03613
  |- loss_pos: 0.68139
  |- fk_loss: 1.30928
  |- smoothness_loss: 0.22430
LR: 6.250e-06
Hole frames in this epoch: [15, 15]

Epoch 236 | Train Loss: 0.13737 | Val Loss: 0.37170
Train Loss Components:
  |- loss_rot: 0.02965
  |- loss_pos: 0.13088
  |- fk_loss: 0.60696
  |- smoothness_loss: 0.38536
Val Loss Components:
  |- loss_rot: 0.03614
  |- loss_pos: 0.68068
  |- fk_loss: 1.30781
  |- smoothness_loss: 0.22454
LR: 3.125e-06
Hole frames in this epoch: [15, 15]

Epoch 237 | Train Loss: 0.13715 | Val Loss: 0.37159
Train Loss Components:
  |- loss_rot: 0.03234
  |- loss_pos: 0.13538
  |- fk_loss: 0.64049
  |- smoothness_loss: 0.38617
Val Loss Components:
  |- loss_rot: 0.03612
  |- loss_pos: 0.67959
  |- fk_loss: 1.30725
  |- smoothness_loss: 0.22511
LR: 3.125e-06
Hole frames in this epoch: [15, 15]

Training time: 7983.56 s