Epoch 1 | Train Loss: 0.18389 | Val Loss: 0.28734
Train Loss Components:
  |- loss_rot: 0.09051
  |- loss_pos: 0.13394
  |- fk_loss: 0.63975
  |- smoothness_loss: 0.06288
Val Loss Components:
  |- loss_rot: 0.09805
  |- loss_pos: 0.39648
  |- fk_loss: 0.87069
  |- smoothness_loss: 0.00025
LR: 1.000e-04
Hole frames in this epoch: [4, 6]

Epoch 2 | Train Loss: 0.14917 | Val Loss: 0.27634
Train Loss Components:
  |- loss_rot: 0.08182
  |- loss_pos: 0.18281
  |- fk_loss: 0.50513
  |- smoothness_loss: 0.04403
Val Loss Components:
  |- loss_rot: 0.08837
  |- loss_pos: 0.39432
  |- fk_loss: 0.82404
  |- smoothness_loss: 0.00027
LR: 1.000e-04
Hole frames in this epoch: [4, 8]

Epoch 3 | Train Loss: 0.13949 | Val Loss: 0.26264
Train Loss Components:
  |- loss_rot: 0.07009
  |- loss_pos: 0.14386
  |- fk_loss: 0.40039
  |- smoothness_loss: 0.03593
Val Loss Components:
  |- loss_rot: 0.07638
  |- loss_pos: 0.39478
  |- fk_loss: 0.73999
  |- smoothness_loss: 0.00023
LR: 1.000e-04
Hole frames in this epoch: [4, 10]

Epoch 4 | Train Loss: 0.14452 | Val Loss: 0.25773
Train Loss Components:
  |- loss_rot: 0.06285
  |- loss_pos: 0.14530
  |- fk_loss: 0.35236
  |- smoothness_loss: 0.02668
Val Loss Components:
  |- loss_rot: 0.07104
  |- loss_pos: 0.39399
  |- fk_loss: 0.72334
  |- smoothness_loss: 0.00025
LR: 1.000e-04
Hole frames in this epoch: [4, 12]

Epoch 5 | Train Loss: 0.15943 | Val Loss: 0.25350
Train Loss Components:
  |- loss_rot: 0.07720
  |- loss_pos: 0.35122
  |- fk_loss: 0.75909
  |- smoothness_loss: 0.02484
Val Loss Components:
  |- loss_rot: 0.06607
  |- loss_pos: 0.39537
  |- fk_loss: 0.70352
  |- smoothness_loss: 0.00023
LR: 1.000e-04
Hole frames in this epoch: [4, 14]

Epoch 6 | Train Loss: 0.15895 | Val Loss: 0.24903
Train Loss Components:
  |- loss_rot: 0.04949
  |- loss_pos: 0.14355
  |- fk_loss: 0.30206
  |- smoothness_loss: 0.01961
Val Loss Components:
  |- loss_rot: 0.06092
  |- loss_pos: 0.39410
  |- fk_loss: 0.67919
  |- smoothness_loss: 0.00026
LR: 1.000e-04
Hole frames in this epoch: [4, 16]

Epoch 7 | Train Loss: 0.16469 | Val Loss: 0.24731
Train Loss Components:
  |- loss_rot: 0.04677
  |- loss_pos: 0.15419
  |- fk_loss: 0.29104
  |- smoothness_loss: 0.01945
Val Loss Components:
  |- loss_rot: 0.05769
  |- loss_pos: 0.39463
  |- fk_loss: 0.67509
  |- smoothness_loss: 0.00023
LR: 1.000e-04
Hole frames in this epoch: [4, 16]

Epoch 8 | Train Loss: 0.15530 | Val Loss: 0.24467
Train Loss Components:
  |- loss_rot: 0.05641
  |- loss_pos: 0.47938
  |- fk_loss: 0.77249
  |- smoothness_loss: 0.01507
Val Loss Components:
  |- loss_rot: 0.05315
  |- loss_pos: 0.39501
  |- fk_loss: 0.67110
  |- smoothness_loss: 0.00025
LR: 1.000e-04
Hole frames in this epoch: [4, 16]

Epoch 9 | Train Loss: 0.15537 | Val Loss: 0.24130
Train Loss Components:
  |- loss_rot: 0.04321
  |- loss_pos: 0.21432
  |- fk_loss: 0.39348
  |- smoothness_loss: 0.01430
Val Loss Components:
  |- loss_rot: 0.05005
  |- loss_pos: 0.39586
  |- fk_loss: 0.64996
  |- smoothness_loss: 0.00024
LR: 1.000e-04
Hole frames in this epoch: [4, 16]

Epoch 10 | Train Loss: 0.15682 | Val Loss: 0.23956
Train Loss Components:
  |- loss_rot: 0.04810
  |- loss_pos: 0.35483
  |- fk_loss: 0.58169
  |- smoothness_loss: 0.01239
Val Loss Components:
  |- loss_rot: 0.04904
  |- loss_pos: 0.39302
  |- fk_loss: 0.65060
  |- smoothness_loss: 0.00031
LR: 1.000e-04
Hole frames in this epoch: [4, 16]

Epoch 11 | Train Loss: 0.15548 | Val Loss: 0.23816
Train Loss Components:
  |- loss_rot: 0.04928
  |- loss_pos: 0.31191
  |- fk_loss: 0.55048
  |- smoothness_loss: 0.01455
Val Loss Components:
  |- loss_rot: 0.04821
  |- loss_pos: 0.38967
  |- fk_loss: 0.64465
  |- smoothness_loss: 0.00034
LR: 1.000e-04
Hole frames in this epoch: [4, 16]

Epoch 12 | Train Loss: 0.14732 | Val Loss: 0.23849
Train Loss Components:
  |- loss_rot: 0.03197
  |- loss_pos: 0.11928
  |- fk_loss: 0.20427
  |- smoothness_loss: 0.01200
Val Loss Components:
  |- loss_rot: 0.04784
  |- loss_pos: 0.39005
  |- fk_loss: 0.64615
  |- smoothness_loss: 0.00031
LR: 1.000e-04
Hole frames in this epoch: [4, 16]

Epoch 13 | Train Loss: 0.15435 | Val Loss: 0.23964
Train Loss Components:
  |- loss_rot: 0.04892
  |- loss_pos: 0.32461
  |- fk_loss: 0.61961
  |- smoothness_loss: 0.01174
Val Loss Components:
  |- loss_rot: 0.04688
  |- loss_pos: 0.39455
  |- fk_loss: 0.64264
  |- smoothness_loss: 0.00022
LR: 1.000e-04
Hole frames in this epoch: [4, 16]

Epoch 14 | Train Loss: 0.14603 | Val Loss: 0.23778
Train Loss Components:
  |- loss_rot: 0.03543
  |- loss_pos: 0.22026
  |- fk_loss: 0.33604
  |- smoothness_loss: 0.01001
Val Loss Components:
  |- loss_rot: 0.04613
  |- loss_pos: 0.39357
  |- fk_loss: 0.63843
  |- smoothness_loss: 0.00022
LR: 1.000e-04
Hole frames in this epoch: [4, 16]

Epoch 15 | Train Loss: 0.15996 | Val Loss: 0.23568
Train Loss Components:
  |- loss_rot: 0.04896
  |- loss_pos: 0.42343
  |- fk_loss: 0.63249
  |- smoothness_loss: 0.00953
Val Loss Components:
  |- loss_rot: 0.04582
  |- loss_pos: 0.38834
  |- fk_loss: 0.63664
  |- smoothness_loss: 0.00029
LR: 1.000e-04
Hole frames in this epoch: [4, 16]

Epoch 16 | Train Loss: 0.14655 | Val Loss: 0.23852
Train Loss Components:
  |- loss_rot: 0.04920
  |- loss_pos: 0.48776
  |- fk_loss: 0.68521
  |- smoothness_loss: 0.00877
Val Loss Components:
  |- loss_rot: 0.04547
  |- loss_pos: 0.39227
  |- fk_loss: 0.63832
  |- smoothness_loss: 0.00021
LR: 1.000e-04
Hole frames in this epoch: [4, 16]

Epoch 17 | Train Loss: 0.14252 | Val Loss: 0.23603
Train Loss Components:
  |- loss_rot: 0.04742
  |- loss_pos: 0.36794
  |- fk_loss: 0.59057
  |- smoothness_loss: 0.00743
Val Loss Components:
  |- loss_rot: 0.04497
  |- loss_pos: 0.38971
  |- fk_loss: 0.63899
  |- smoothness_loss: 0.00025
LR: 1.000e-04
Hole frames in this epoch: [4, 16]

Epoch 18 | Train Loss: 0.14511 | Val Loss: 0.23383
Train Loss Components:
  |- loss_rot: 0.03841
  |- loss_pos: 0.26644
  |- fk_loss: 0.47810
  |- smoothness_loss: 0.00826
Val Loss Components:
  |- loss_rot: 0.04451
  |- loss_pos: 0.38237
  |- fk_loss: 0.62624
  |- smoothness_loss: 0.00042
LR: 1.000e-04
Hole frames in this epoch: [4, 16]

Epoch 19 | Train Loss: 0.14836 | Val Loss: 0.23525
Train Loss Components:
  |- loss_rot: 0.02936
  |- loss_pos: 0.08970
  |- fk_loss: 0.19938
  |- smoothness_loss: 0.00805
Val Loss Components:
  |- loss_rot: 0.04424
  |- loss_pos: 0.39174
  |- fk_loss: 0.63270
  |- smoothness_loss: 0.00021
LR: 1.000e-04
Hole frames in this epoch: [4, 16]

Epoch 20 | Train Loss: 0.14397 | Val Loss: 0.23195
Train Loss Components:
  |- loss_rot: 0.04803
  |- loss_pos: 0.38266
  |- fk_loss: 0.57783
  |- smoothness_loss: 0.00902
Val Loss Components:
  |- loss_rot: 0.04357
  |- loss_pos: 0.38387
  |- fk_loss: 0.62670
  |- smoothness_loss: 0.00027
LR: 1.000e-04
Hole frames in this epoch: [4, 16]

Epoch 21 | Train Loss: 0.14594 | Val Loss: 0.23486
Train Loss Components:
  |- loss_rot: 0.03528
  |- loss_pos: 0.21225
  |- fk_loss: 0.38430
  |- smoothness_loss: 0.00844
Val Loss Components:
  |- loss_rot: 0.04319
  |- loss_pos: 0.38525
  |- fk_loss: 0.62816
  |- smoothness_loss: 0.00040
LR: 1.000e-04
Hole frames in this epoch: [4, 16]

Epoch 22 | Train Loss: 0.13228 | Val Loss: 0.22901
Train Loss Components:
  |- loss_rot: 0.03359
  |- loss_pos: 0.25500
  |- fk_loss: 0.38797
  |- smoothness_loss: 0.00811
Val Loss Components:
  |- loss_rot: 0.04292
  |- loss_pos: 0.37050
  |- fk_loss: 0.61608
  |- smoothness_loss: 0.00047
LR: 1.000e-04
Hole frames in this epoch: [4, 16]

Epoch 23 | Train Loss: 0.13011 | Val Loss: 0.22830
Train Loss Components:
  |- loss_rot: 0.04514
  |- loss_pos: 0.31983
  |- fk_loss: 0.61869
  |- smoothness_loss: 0.00748
Val Loss Components:
  |- loss_rot: 0.04216
  |- loss_pos: 0.37159
  |- fk_loss: 0.61826
  |- smoothness_loss: 0.00071
LR: 1.000e-04
Hole frames in this epoch: [4, 16]

Epoch 24 | Train Loss: 0.13305 | Val Loss: 0.22694
Train Loss Components:
  |- loss_rot: 0.04733
  |- loss_pos: 0.46372
  |- fk_loss: 0.71338
  |- smoothness_loss: 0.00850
Val Loss Components:
  |- loss_rot: 0.04193
  |- loss_pos: 0.36574
  |- fk_loss: 0.61351
  |- smoothness_loss: 0.00061
LR: 1.000e-04
Hole frames in this epoch: [4, 16]

Epoch 25 | Train Loss: 0.14565 | Val Loss: 0.22368
Train Loss Components:
  |- loss_rot: 0.03523
  |- loss_pos: 0.25730
  |- fk_loss: 0.41721
  |- smoothness_loss: 0.00617
Val Loss Components:
  |- loss_rot: 0.04182
  |- loss_pos: 0.35523
  |- fk_loss: 0.61546
  |- smoothness_loss: 0.00140
LR: 1.000e-04
Hole frames in this epoch: [4, 16]

Epoch 26 | Train Loss: 0.13493 | Val Loss: 0.23112
Train Loss Components:
  |- loss_rot: 0.02371
  |- loss_pos: 0.10751
  |- fk_loss: 0.21371
  |- smoothness_loss: 0.00603
Val Loss Components:
  |- loss_rot: 0.04168
  |- loss_pos: 0.37852
  |- fk_loss: 0.62122
  |- smoothness_loss: 0.00147
LR: 1.000e-04
Hole frames in this epoch: [4, 16]

Epoch 27 | Train Loss: 0.12824 | Val Loss: 0.22004
Train Loss Components:
  |- loss_rot: 0.02909
  |- loss_pos: 0.17211
  |- fk_loss: 0.28765
  |- smoothness_loss: 0.00674
Val Loss Components:
  |- loss_rot: 0.04132
  |- loss_pos: 0.35445
  |- fk_loss: 0.60080
  |- smoothness_loss: 0.00113
LR: 1.000e-04
Hole frames in this epoch: [4, 16]

Epoch 28 | Train Loss: 0.14172 | Val Loss: 0.22514
Train Loss Components:
  |- loss_rot: 0.02524
  |- loss_pos: 0.11384
  |- fk_loss: 0.20384
  |- smoothness_loss: 0.00647
Val Loss Components:
  |- loss_rot: 0.04117
  |- loss_pos: 0.36886
  |- fk_loss: 0.61288
  |- smoothness_loss: 0.00041
LR: 1.000e-04
Hole frames in this epoch: [4, 16]

Epoch 29 | Train Loss: 0.14580 | Val Loss: 0.22035
Train Loss Components:
  |- loss_rot: 0.03327
  |- loss_pos: 0.24904
  |- fk_loss: 0.39203
  |- smoothness_loss: 0.00755
Val Loss Components:
  |- loss_rot: 0.04124
  |- loss_pos: 0.34306
  |- fk_loss: 0.59798
  |- smoothness_loss: 0.00216
LR: 1.000e-04
Hole frames in this epoch: [4, 16]

Epoch 30 | Train Loss: 0.14480 | Val Loss: 0.21415
Train Loss Components:
  |- loss_rot: 0.02697
  |- loss_pos: 0.12936
  |- fk_loss: 0.24818
  |- smoothness_loss: 0.00613
Val Loss Components:
  |- loss_rot: 0.04090
  |- loss_pos: 0.33740
  |- fk_loss: 0.58598
  |- smoothness_loss: 0.00161
LR: 1.000e-04
Hole frames in this epoch: [4, 16]

Epoch 31 | Train Loss: 0.13168 | Val Loss: 0.21260
Train Loss Components:
  |- loss_rot: 0.03215
  |- loss_pos: 0.24338
  |- fk_loss: 0.37945
  |- smoothness_loss: 0.00532
Val Loss Components:
  |- loss_rot: 0.04038
  |- loss_pos: 0.33423
  |- fk_loss: 0.58276
  |- smoothness_loss: 0.00106
LR: 1.000e-04
Hole frames in this epoch: [4, 16]

Epoch 32 | Train Loss: 0.13018 | Val Loss: 0.20960
Train Loss Components:
  |- loss_rot: 0.03531
  |- loss_pos: 0.25874
  |- fk_loss: 0.44690
  |- smoothness_loss: 0.00607
Val Loss Components:
  |- loss_rot: 0.04024
  |- loss_pos: 0.33149
  |- fk_loss: 0.57429
  |- smoothness_loss: 0.00127
LR: 1.000e-04
Hole frames in this epoch: [4, 16]

Epoch 33 | Train Loss: 0.13334 | Val Loss: 0.20325
Train Loss Components:
  |- loss_rot: 0.02068
  |- loss_pos: 0.08118
  |- fk_loss: 0.16302
  |- smoothness_loss: 0.00552
Val Loss Components:
  |- loss_rot: 0.04026
  |- loss_pos: 0.31918
  |- fk_loss: 0.55720
  |- smoothness_loss: 0.00140
LR: 1.000e-04
Hole frames in this epoch: [4, 16]

Epoch 34 | Train Loss: 0.11480 | Val Loss: 0.20913
Train Loss Components:
  |- loss_rot: 0.03396
  |- loss_pos: 0.24916
  |- fk_loss: 0.42015
  |- smoothness_loss: 0.01222
Val Loss Components:
  |- loss_rot: 0.03992
  |- loss_pos: 0.32103
  |- fk_loss: 0.56996
  |- smoothness_loss: 0.00159
LR: 1.000e-04
Hole frames in this epoch: [4, 16]

Epoch 35 | Train Loss: 0.12269 | Val Loss: 0.20421
Train Loss Components:
  |- loss_rot: 0.02779
  |- loss_pos: 0.16171
  |- fk_loss: 0.28887
  |- smoothness_loss: 0.00867
Val Loss Components:
  |- loss_rot: 0.03965
  |- loss_pos: 0.31406
  |- fk_loss: 0.55130
  |- smoothness_loss: 0.00336
LR: 1.000e-04
Hole frames in this epoch: [4, 16]

Epoch 36 | Train Loss: 0.11637 | Val Loss: 0.19818
Train Loss Components:
  |- loss_rot: 0.02019
  |- loss_pos: 0.10116
  |- fk_loss: 0.18138
  |- smoothness_loss: 0.00666
Val Loss Components:
  |- loss_rot: 0.03972
  |- loss_pos: 0.30003
  |- fk_loss: 0.54538
  |- smoothness_loss: 0.00420
LR: 1.000e-04
Hole frames in this epoch: [4, 16]

Epoch 37 | Train Loss: 0.13316 | Val Loss: 0.21218
Train Loss Components:
  |- loss_rot: 0.03978
  |- loss_pos: 0.31851
  |- fk_loss: 0.60336
  |- smoothness_loss: 0.00729
Val Loss Components:
  |- loss_rot: 0.03882
  |- loss_pos: 0.33489
  |- fk_loss: 0.56913
  |- smoothness_loss: 0.00138
LR: 1.000e-04
Hole frames in this epoch: [4, 16]

Epoch 38 | Train Loss: 0.12866 | Val Loss: 0.21348
Train Loss Components:
  |- loss_rot: 0.03988
  |- loss_pos: 0.26815
  |- fk_loss: 0.50189
  |- smoothness_loss: 0.02200
Val Loss Components:
  |- loss_rot: 0.04066
  |- loss_pos: 0.33037
  |- fk_loss: 0.55974
  |- smoothness_loss: 0.00690
LR: 1.000e-04
Hole frames in this epoch: [4, 16]

Epoch 39 | Train Loss: 0.14621 | Val Loss: 0.23530
Train Loss Components:
  |- loss_rot: 0.03582
  |- loss_pos: 0.24845
  |- fk_loss: 0.49068
  |- smoothness_loss: 0.00624
Val Loss Components:
  |- loss_rot: 0.03948
  |- loss_pos: 0.39518
  |- fk_loss: 0.63365
  |- smoothness_loss: 0.00014
LR: 1.000e-04
Hole frames in this epoch: [4, 16]

Epoch 40 | Train Loss: 0.14380 | Val Loss: 0.23478
Train Loss Components:
  |- loss_rot: 0.03652
  |- loss_pos: 0.34485
  |- fk_loss: 0.53657
  |- smoothness_loss: 0.00464
Val Loss Components:
  |- loss_rot: 0.03853
  |- loss_pos: 0.39490
  |- fk_loss: 0.63345
  |- smoothness_loss: 0.00014
LR: 1.000e-04
Hole frames in this epoch: [4, 16]

Epoch 41 | Train Loss: 0.14357 | Val Loss: 0.23453
Train Loss Components:
  |- loss_rot: 0.01713
  |- loss_pos: 0.06810
  |- fk_loss: 0.13358
  |- smoothness_loss: 0.00500
Val Loss Components:
  |- loss_rot: 0.03811
  |- loss_pos: 0.39476
  |- fk_loss: 0.63277
  |- smoothness_loss: 0.00014
LR: 1.000e-04
Hole frames in this epoch: [4, 16]

Epoch 42 | Train Loss: 0.14433 | Val Loss: 0.23437
Train Loss Components:
  |- loss_rot: 0.04306
  |- loss_pos: 0.44103
  |- fk_loss: 0.72056
  |- smoothness_loss: 0.00413
Val Loss Components:
  |- loss_rot: 0.03790
  |- loss_pos: 0.39497
  |- fk_loss: 0.63205
  |- smoothness_loss: 0.00014
LR: 1.000e-04
Hole frames in this epoch: [4, 16]

Epoch 43 | Train Loss: 0.13478 | Val Loss: 0.23404
Train Loss Components:
  |- loss_rot: 0.01741
  |- loss_pos: 0.09472
  |- fk_loss: 0.16136
  |- smoothness_loss: 0.00392
Val Loss Components:
  |- loss_rot: 0.03750
  |- loss_pos: 0.39508
  |- fk_loss: 0.62975
  |- smoothness_loss: 0.00014
LR: 5.000e-05
Hole frames in this epoch: [4, 16]

Epoch 44 | Train Loss: 0.13254 | Val Loss: 0.23460
Train Loss Components:
  |- loss_rot: 0.03520
  |- loss_pos: 0.30027
  |- fk_loss: 0.55661
  |- smoothness_loss: 0.00325
Val Loss Components:
  |- loss_rot: 0.03769
  |- loss_pos: 0.39523
  |- fk_loss: 0.63092
  |- smoothness_loss: 0.00014
LR: 5.000e-05
Hole frames in this epoch: [4, 16]

Training time: 464.72 s