Epoch 1 | Train Loss: 3.12554 | Val Loss: 5.79613
Train Loss Components:
  |- loss_rot: 0.11071
  |- loss_pos: 2.56120
  |- fk_loss: 4.19967
  |- smoothness_loss: 12.24308
Val Loss Components:
  |- loss_rot: 0.12444
  |- loss_pos: 7.78482
  |- fk_loss: 9.29420
  |- smoothness_loss: 22.37177
LR: 1.000e-04
Hole frames in this epoch: [4, 6]

Epoch 2 | Train Loss: 1.94149 | Val Loss: 4.54753
Train Loss Components:
  |- loss_rot: 0.08829
  |- loss_pos: 1.29223
  |- fk_loss: 3.03257
  |- smoothness_loss: 7.54263
Val Loss Components:
  |- loss_rot: 0.10645
  |- loss_pos: 6.20408
  |- fk_loss: 7.93537
  |- smoothness_loss: 13.80284
LR: 1.000e-04
Hole frames in this epoch: [4, 8]

Epoch 3 | Train Loss: 1.65843 | Val Loss: 3.78596
Train Loss Components:
  |- loss_rot: 0.09407
  |- loss_pos: 3.35672
  |- fk_loss: 5.23635
  |- smoothness_loss: 10.35870
Val Loss Components:
  |- loss_rot: 0.09813
  |- loss_pos: 5.12562
  |- fk_loss: 7.17203
  |- smoothness_loss: 9.61718
LR: 1.000e-04
Hole frames in this epoch: [4, 10]

Epoch 4 | Train Loss: 1.58426 | Val Loss: 3.22103
Train Loss Components:
  |- loss_rot: 0.08472
  |- loss_pos: 1.05690
  |- fk_loss: 2.90439
  |- smoothness_loss: 4.68412
Val Loss Components:
  |- loss_rot: 0.09517
  |- loss_pos: 4.37921
  |- fk_loss: 6.52499
  |- smoothness_loss: 7.00724
LR: 1.000e-04
Hole frames in this epoch: [4, 12]

Epoch 5 | Train Loss: 1.54709 | Val Loss: 2.69214
Train Loss Components:
  |- loss_rot: 0.09709
  |- loss_pos: 3.25913
  |- fk_loss: 5.47909
  |- smoothness_loss: 6.92954
Val Loss Components:
  |- loss_rot: 0.09680
  |- loss_pos: 3.48295
  |- fk_loss: 5.87853
  |- smoothness_loss: 5.32910
LR: 1.000e-04
Hole frames in this epoch: [4, 14]

Epoch 6 | Train Loss: 1.50246 | Val Loss: 2.32565
Train Loss Components:
  |- loss_rot: 0.08733
  |- loss_pos: 2.29410
  |- fk_loss: 4.26565
  |- smoothness_loss: 6.38630
Val Loss Components:
  |- loss_rot: 0.09473
  |- loss_pos: 2.96869
  |- fk_loss: 5.42456
  |- smoothness_loss: 4.20367
LR: 1.000e-04
Hole frames in this epoch: [4, 16]

Epoch 7 | Train Loss: 1.33201 | Val Loss: 2.22399
Train Loss Components:
  |- loss_rot: 0.06669
  |- loss_pos: 0.47872
  |- fk_loss: 1.77861
  |- smoothness_loss: 3.34874
Val Loss Components:
  |- loss_rot: 0.09215
  |- loss_pos: 2.90409
  |- fk_loss: 5.19347
  |- smoothness_loss: 3.86688
LR: 1.000e-04
Hole frames in this epoch: [4, 16]

Epoch 8 | Train Loss: 1.18137 | Val Loss: 1.95876
Train Loss Components:
  |- loss_rot: 0.09558
  |- loss_pos: 2.39371
  |- fk_loss: 4.61680
  |- smoothness_loss: 3.70820
Val Loss Components:
  |- loss_rot: 0.09702
  |- loss_pos: 2.53405
  |- fk_loss: 4.81350
  |- smoothness_loss: 2.79415
LR: 1.000e-04
Hole frames in this epoch: [4, 16]

Epoch 9 | Train Loss: 1.07998 | Val Loss: 1.71112
Train Loss Components:
  |- loss_rot: 0.07658
  |- loss_pos: 1.14596
  |- fk_loss: 2.73837
  |- smoothness_loss: 2.28471
Val Loss Components:
  |- loss_rot: 0.09098
  |- loss_pos: 2.16541
  |- fk_loss: 4.48184
  |- smoothness_loss: 2.20908
LR: 1.000e-04
Hole frames in this epoch: [4, 16]

Epoch 10 | Train Loss: 1.05408 | Val Loss: 1.64468
Train Loss Components:
  |- loss_rot: 0.10141
  |- loss_pos: 2.71181
  |- fk_loss: 5.04071
  |- smoothness_loss: 4.98918
Val Loss Components:
  |- loss_rot: 0.09411
  |- loss_pos: 2.11967
  |- fk_loss: 4.28887
  |- smoothness_loss: 2.85240
LR: 1.000e-04
Hole frames in this epoch: [4, 16]

Epoch 11 | Train Loss: 0.94220 | Val Loss: 1.47689
Train Loss Components:
  |- loss_rot: 0.09094
  |- loss_pos: 2.42425
  |- fk_loss: 4.28306
  |- smoothness_loss: 3.94791
Val Loss Components:
  |- loss_rot: 0.09338
  |- loss_pos: 1.86317
  |- fk_loss: 3.98343
  |- smoothness_loss: 1.49700
LR: 1.000e-04
Hole frames in this epoch: [4, 16]

Epoch 12 | Train Loss: 0.87599 | Val Loss: 1.37250
Train Loss Components:
  |- loss_rot: 0.08818
  |- loss_pos: 2.09060
  |- fk_loss: 3.89817
  |- smoothness_loss: 3.60001
Val Loss Components:
  |- loss_rot: 0.08783
  |- loss_pos: 1.78062
  |- fk_loss: 3.82096
  |- smoothness_loss: 1.36097
LR: 1.000e-04
Hole frames in this epoch: [4, 16]

Epoch 13 | Train Loss: 0.82379 | Val Loss: 1.33304
Train Loss Components:
  |- loss_rot: 0.08604
  |- loss_pos: 1.76935
  |- fk_loss: 3.22821
  |- smoothness_loss: 2.12726
Val Loss Components:
  |- loss_rot: 0.09129
  |- loss_pos: 1.76624
  |- fk_loss: 3.74841
  |- smoothness_loss: 1.11849
LR: 1.000e-04
Hole frames in this epoch: [4, 16]

Epoch 14 | Train Loss: 0.78535 | Val Loss: 1.26014
Train Loss Components:
  |- loss_rot: 0.06202
  |- loss_pos: 0.48646
  |- fk_loss: 1.70082
  |- smoothness_loss: 1.69278
Val Loss Components:
  |- loss_rot: 0.08613
  |- loss_pos: 1.64638
  |- fk_loss: 3.65542
  |- smoothness_loss: 1.06667
LR: 1.000e-04
Hole frames in this epoch: [4, 16]

Epoch 15 | Train Loss: 0.76344 | Val Loss: 1.19724
Train Loss Components:
  |- loss_rot: 0.07162
  |- loss_pos: 1.17913
  |- fk_loss: 2.49370
  |- smoothness_loss: 1.86081
Val Loss Components:
  |- loss_rot: 0.08752
  |- loss_pos: 1.65289
  |- fk_loss: 3.47684
  |- smoothness_loss: 0.92861
LR: 1.000e-04
Hole frames in this epoch: [4, 16]

Epoch 16 | Train Loss: 0.71610 | Val Loss: 1.14419
Train Loss Components:
  |- loss_rot: 0.06776
  |- loss_pos: 0.57496
  |- fk_loss: 1.84356
  |- smoothness_loss: 1.42108
Val Loss Components:
  |- loss_rot: 0.08573
  |- loss_pos: 1.55979
  |- fk_loss: 3.29671
  |- smoothness_loss: 0.78725
LR: 1.000e-04
Hole frames in this epoch: [4, 16]

Epoch 17 | Train Loss: 0.69576 | Val Loss: 1.10463
Train Loss Components:
  |- loss_rot: 0.08777
  |- loss_pos: 1.78320
  |- fk_loss: 3.36813
  |- smoothness_loss: 1.91685
Val Loss Components:
  |- loss_rot: 0.08382
  |- loss_pos: 1.50785
  |- fk_loss: 3.24759
  |- smoothness_loss: 0.70957
LR: 1.000e-04
Hole frames in this epoch: [4, 16]

Epoch 18 | Train Loss: 0.69245 | Val Loss: 1.19432
Train Loss Components:
  |- loss_rot: 0.08840
  |- loss_pos: 1.91328
  |- fk_loss: 3.53275
  |- smoothness_loss: 2.06408
Val Loss Components:
  |- loss_rot: 0.08280
  |- loss_pos: 1.72198
  |- fk_loss: 3.34578
  |- smoothness_loss: 0.98807
LR: 1.000e-04
Hole frames in this epoch: [4, 16]

Epoch 19 | Train Loss: 0.66870 | Val Loss: 1.05318
Train Loss Components:
  |- loss_rot: 0.05456
  |- loss_pos: 0.44115
  |- fk_loss: 1.32797
  |- smoothness_loss: 1.08469
Val Loss Components:
  |- loss_rot: 0.08028
  |- loss_pos: 1.48450
  |- fk_loss: 3.00111
  |- smoothness_loss: 0.62901
LR: 1.000e-04
Hole frames in this epoch: [4, 16]

Epoch 20 | Train Loss: 0.64425 | Val Loss: 1.01773
Train Loss Components:
  |- loss_rot: 0.08108
  |- loss_pos: 1.66024
  |- fk_loss: 3.31564
  |- smoothness_loss: 1.91331
Val Loss Components:
  |- loss_rot: 0.07843
  |- loss_pos: 1.37167
  |- fk_loss: 3.00333
  |- smoothness_loss: 0.61784
LR: 1.000e-04
Hole frames in this epoch: [4, 16]

Epoch 21 | Train Loss: 0.63922 | Val Loss: 0.96575
Train Loss Components:
  |- loss_rot: 0.08148
  |- loss_pos: 1.68146
  |- fk_loss: 2.97011
  |- smoothness_loss: 1.75627
Val Loss Components:
  |- loss_rot: 0.07641
  |- loss_pos: 1.32995
  |- fk_loss: 2.77896
  |- smoothness_loss: 0.61254
LR: 1.000e-04
Hole frames in this epoch: [4, 16]

Epoch 22 | Train Loss: 0.58716 | Val Loss: 0.92481
Train Loss Components:
  |- loss_rot: 0.06097
  |- loss_pos: 0.62157
  |- fk_loss: 1.55233
  |- smoothness_loss: 1.18513
Val Loss Components:
  |- loss_rot: 0.07524
  |- loss_pos: 1.28846
  |- fk_loss: 2.69075
  |- smoothness_loss: 0.55197
LR: 1.000e-04
Hole frames in this epoch: [4, 16]

Epoch 23 | Train Loss: 0.59938 | Val Loss: 0.90134
Train Loss Components:
  |- loss_rot: 0.06559
  |- loss_pos: 0.99718
  |- fk_loss: 1.97322
  |- smoothness_loss: 1.39050
Val Loss Components:
  |- loss_rot: 0.07320
  |- loss_pos: 1.27619
  |- fk_loss: 2.62513
  |- smoothness_loss: 0.44229
LR: 1.000e-04
Hole frames in this epoch: [4, 16]

Epoch 24 | Train Loss: 0.58378 | Val Loss: 0.89205
Train Loss Components:
  |- loss_rot: 0.03992
  |- loss_pos: 0.29989
  |- fk_loss: 0.77702
  |- smoothness_loss: 0.80740
Val Loss Components:
  |- loss_rot: 0.07303
  |- loss_pos: 1.25039
  |- fk_loss: 2.46495
  |- smoothness_loss: 0.49584
LR: 1.000e-04
Hole frames in this epoch: [4, 16]

Epoch 25 | Train Loss: 0.56979 | Val Loss: 0.93769
Train Loss Components:
  |- loss_rot: 0.04989
  |- loss_pos: 0.49893
  |- fk_loss: 1.39854
  |- smoothness_loss: 1.25283
Val Loss Components:
  |- loss_rot: 0.07191
  |- loss_pos: 1.36335
  |- fk_loss: 2.83027
  |- smoothness_loss: 0.63455
LR: 1.000e-04
Hole frames in this epoch: [4, 16]

Epoch 26 | Train Loss: 0.54009 | Val Loss: 0.86950
Train Loss Components:
  |- loss_rot: 0.06510
  |- loss_pos: 0.93250
  |- fk_loss: 1.98437
  |- smoothness_loss: 1.16610
Val Loss Components:
  |- loss_rot: 0.07079
  |- loss_pos: 1.25204
  |- fk_loss: 2.42555
  |- smoothness_loss: 0.53743
LR: 1.000e-04
Hole frames in this epoch: [4, 16]

Epoch 27 | Train Loss: 0.54422 | Val Loss: 0.88511
Train Loss Components:
  |- loss_rot: 0.06193
  |- loss_pos: 0.80716
  |- fk_loss: 1.87384
  |- smoothness_loss: 1.16500
Val Loss Components:
  |- loss_rot: 0.06973
  |- loss_pos: 1.24048
  |- fk_loss: 2.59105
  |- smoothness_loss: 0.54009
LR: 1.000e-04
Hole frames in this epoch: [4, 16]

Epoch 28 | Train Loss: 0.51583 | Val Loss: 0.81524
Train Loss Components:
  |- loss_rot: 0.05939
  |- loss_pos: 0.73722
  |- fk_loss: 1.64032
  |- smoothness_loss: 1.08550
Val Loss Components:
  |- loss_rot: 0.06926
  |- loss_pos: 1.16333
  |- fk_loss: 2.31811
  |- smoothness_loss: 0.42720
LR: 1.000e-04
Hole frames in this epoch: [4, 16]

Epoch 29 | Train Loss: 0.51430 | Val Loss: 0.79077
Train Loss Components:
  |- loss_rot: 0.06450
  |- loss_pos: 0.94145
  |- fk_loss: 1.86289
  |- smoothness_loss: 1.19597
Val Loss Components:
  |- loss_rot: 0.06941
  |- loss_pos: 1.13203
  |- fk_loss: 2.26123
  |- smoothness_loss: 0.44800
LR: 1.000e-04
Hole frames in this epoch: [4, 16]

Epoch 30 | Train Loss: 0.51756 | Val Loss: 0.82621
Train Loss Components:
  |- loss_rot: 0.07300
  |- loss_pos: 1.42995
  |- fk_loss: 2.53300
  |- smoothness_loss: 1.49613
Val Loss Components:
  |- loss_rot: 0.07038
  |- loss_pos: 1.18056
  |- fk_loss: 2.33470
  |- smoothness_loss: 0.50411
LR: 1.000e-04
Hole frames in this epoch: [4, 16]

Epoch 31 | Train Loss: 0.52531 | Val Loss: 0.75830
Train Loss Components:
  |- loss_rot: 0.06531
  |- loss_pos: 0.92707
  |- fk_loss: 1.92946
  |- smoothness_loss: 1.10412
Val Loss Components:
  |- loss_rot: 0.06716
  |- loss_pos: 1.10741
  |- fk_loss: 2.18737
  |- smoothness_loss: 0.43170
LR: 1.000e-04
Hole frames in this epoch: [4, 16]

Epoch 32 | Train Loss: 0.49714 | Val Loss: 0.76584
Train Loss Components:
  |- loss_rot: 0.06264
  |- loss_pos: 0.85002
  |- fk_loss: 1.74876
  |- smoothness_loss: 1.12396
Val Loss Components:
  |- loss_rot: 0.06685
  |- loss_pos: 1.13875
  |- fk_loss: 2.17210
  |- smoothness_loss: 0.45014
LR: 1.000e-04
Hole frames in this epoch: [4, 16]

Epoch 33 | Train Loss: 0.50475 | Val Loss: 0.76885
Train Loss Components:
  |- loss_rot: 0.06257
  |- loss_pos: 0.92095
  |- fk_loss: 1.87085
  |- smoothness_loss: 1.15869
Val Loss Components:
  |- loss_rot: 0.06654
  |- loss_pos: 1.18155
  |- fk_loss: 2.22068
  |- smoothness_loss: 0.41239
LR: 1.000e-04
Hole frames in this epoch: [4, 16]

Epoch 34 | Train Loss: 0.48510 | Val Loss: 0.76626
Train Loss Components:
  |- loss_rot: 0.06625
  |- loss_pos: 1.12200
  |- fk_loss: 2.34943
  |- smoothness_loss: 1.54174
Val Loss Components:
  |- loss_rot: 0.06712
  |- loss_pos: 1.12162
  |- fk_loss: 2.22117
  |- smoothness_loss: 0.42748
LR: 1.000e-04
Hole frames in this epoch: [4, 16]

Epoch 35 | Train Loss: 0.48394 | Val Loss: 0.76841
Train Loss Components:
  |- loss_rot: 0.06002
  |- loss_pos: 0.70338
  |- fk_loss: 1.58228
  |- smoothness_loss: 1.32069
Val Loss Components:
  |- loss_rot: 0.06510
  |- loss_pos: 1.16234
  |- fk_loss: 2.11660
  |- smoothness_loss: 0.44290
LR: 1.000e-04
Hole frames in this epoch: [4, 16]

Epoch 36 | Train Loss: 0.45391 | Val Loss: 0.73879
Train Loss Components:
  |- loss_rot: 0.05727
  |- loss_pos: 0.72636
  |- fk_loss: 1.57948
  |- smoothness_loss: 1.08784
Val Loss Components:
  |- loss_rot: 0.06557
  |- loss_pos: 1.09985
  |- fk_loss: 2.07023
  |- smoothness_loss: 0.44480
LR: 1.000e-04
Hole frames in this epoch: [4, 16]

Epoch 37 | Train Loss: 0.46578 | Val Loss: 0.74200
Train Loss Components:
  |- loss_rot: 0.05025
  |- loss_pos: 0.58735
  |- fk_loss: 1.27310
  |- smoothness_loss: 0.92838
Val Loss Components:
  |- loss_rot: 0.06358
  |- loss_pos: 1.13488
  |- fk_loss: 2.11055
  |- smoothness_loss: 0.44410
LR: 1.000e-04
Hole frames in this epoch: [4, 16]

Epoch 38 | Train Loss: 0.48515 | Val Loss: 0.73325
Train Loss Components:
  |- loss_rot: 0.04533
  |- loss_pos: 0.54739
  |- fk_loss: 1.21172
  |- smoothness_loss: 0.84065
Val Loss Components:
  |- loss_rot: 0.06309
  |- loss_pos: 1.12388
  |- fk_loss: 2.11652
  |- smoothness_loss: 0.44247
LR: 1.000e-04
Hole frames in this epoch: [4, 16]

Epoch 39 | Train Loss: 0.45839 | Val Loss: 0.68677
Train Loss Components:
  |- loss_rot: 0.06442
  |- loss_pos: 0.96131
  |- fk_loss: 1.96183
  |- smoothness_loss: 1.33707
Val Loss Components:
  |- loss_rot: 0.06212
  |- loss_pos: 1.01191
  |- fk_loss: 1.97091
  |- smoothness_loss: 0.32710
LR: 1.000e-04
Hole frames in this epoch: [4, 16]

Epoch 40 | Train Loss: 0.42226 | Val Loss: 0.71977
Train Loss Components:
  |- loss_rot: 0.04321
  |- loss_pos: 0.45305
  |- fk_loss: 1.00576
  |- smoothness_loss: 0.90978
Val Loss Components:
  |- loss_rot: 0.06200
  |- loss_pos: 1.06581
  |- fk_loss: 1.96147
  |- smoothness_loss: 0.46395
LR: 1.000e-04
Hole frames in this epoch: [4, 16]

Epoch 41 | Train Loss: 0.42801 | Val Loss: 0.74788
Train Loss Components:
  |- loss_rot: 0.03060
  |- loss_pos: 0.31093
  |- fk_loss: 0.67394
  |- smoothness_loss: 0.83635
Val Loss Components:
  |- loss_rot: 0.06224
  |- loss_pos: 1.21107
  |- fk_loss: 2.07571
  |- smoothness_loss: 0.52155
LR: 1.000e-04
Hole frames in this epoch: [4, 16]

Epoch 42 | Train Loss: 0.42531 | Val Loss: 0.71150
Train Loss Components:
  |- loss_rot: 0.04263
  |- loss_pos: 0.40718
  |- fk_loss: 0.99546
  |- smoothness_loss: 0.96021
Val Loss Components:
  |- loss_rot: 0.06134
  |- loss_pos: 1.08285
  |- fk_loss: 1.96376
  |- smoothness_loss: 0.38502
LR: 1.000e-04
Hole frames in this epoch: [4, 16]

Epoch 43 | Train Loss: 0.43102 | Val Loss: 0.69380
Train Loss Components:
  |- loss_rot: 0.03418
  |- loss_pos: 0.32497
  |- fk_loss: 0.75295
  |- smoothness_loss: 0.73314
Val Loss Components:
  |- loss_rot: 0.06076
  |- loss_pos: 1.05128
  |- fk_loss: 1.98604
  |- smoothness_loss: 0.31394
LR: 1.000e-04
Hole frames in this epoch: [4, 16]

Epoch 44 | Train Loss: 0.44213 | Val Loss: 0.66181
Train Loss Components:
  |- loss_rot: 0.04385
  |- loss_pos: 0.46935
  |- fk_loss: 1.05725
  |- smoothness_loss: 0.88925
Val Loss Components:
  |- loss_rot: 0.06014
  |- loss_pos: 0.94242
  |- fk_loss: 1.86869
  |- smoothness_loss: 0.32862
LR: 1.000e-04
Hole frames in this epoch: [4, 16]

Epoch 45 | Train Loss: 0.42268 | Val Loss: 0.77486
Train Loss Components:
  |- loss_rot: 0.03773
  |- loss_pos: 0.41843
  |- fk_loss: 0.89421
  |- smoothness_loss: 0.81414
Val Loss Components:
  |- loss_rot: 0.06054
  |- loss_pos: 1.25889
  |- fk_loss: 2.07676
  |- smoothness_loss: 0.51252
LR: 1.000e-04
Hole frames in this epoch: [4, 16]

Epoch 46 | Train Loss: 0.43578 | Val Loss: 0.66141
Train Loss Components:
  |- loss_rot: 0.04196
  |- loss_pos: 0.51822
  |- fk_loss: 1.03877
  |- smoothness_loss: 0.73521
Val Loss Components:
  |- loss_rot: 0.05922
  |- loss_pos: 1.00000
  |- fk_loss: 1.89050
  |- smoothness_loss: 0.35849
LR: 1.000e-04
Hole frames in this epoch: [4, 16]

Epoch 47 | Train Loss: 0.39886 | Val Loss: 0.66216
Train Loss Components:
  |- loss_rot: 0.05712
  |- loss_pos: 0.83725
  |- fk_loss: 1.61790
  |- smoothness_loss: 1.17087
Val Loss Components:
  |- loss_rot: 0.06000
  |- loss_pos: 0.98415
  |- fk_loss: 1.87366
  |- smoothness_loss: 0.40653
LR: 1.000e-04
Hole frames in this epoch: [4, 16]

Epoch 48 | Train Loss: 0.40968 | Val Loss: 0.65364
Train Loss Components:
  |- loss_rot: 0.03808
  |- loss_pos: 0.37405
  |- fk_loss: 0.83539
  |- smoothness_loss: 0.75870
Val Loss Components:
  |- loss_rot: 0.05933
  |- loss_pos: 0.96329
  |- fk_loss: 1.82928
  |- smoothness_loss: 0.32145
LR: 1.000e-04
Hole frames in this epoch: [4, 16]

Epoch 49 | Train Loss: 0.39628 | Val Loss: 0.63109
Train Loss Components:
  |- loss_rot: 0.05667
  |- loss_pos: 0.85598
  |- fk_loss: 1.63018
  |- smoothness_loss: 1.04956
Val Loss Components:
  |- loss_rot: 0.05937
  |- loss_pos: 0.93003
  |- fk_loss: 1.81167
  |- smoothness_loss: 0.35060
LR: 1.000e-04
Hole frames in this epoch: [4, 16]

Epoch 50 | Train Loss: 0.39652 | Val Loss: 0.64792
Train Loss Components:
  |- loss_rot: 0.06214
  |- loss_pos: 0.86891
  |- fk_loss: 1.81629
  |- smoothness_loss: 1.22475
Val Loss Components:
  |- loss_rot: 0.05907
  |- loss_pos: 0.96826
  |- fk_loss: 1.94604
  |- smoothness_loss: 0.37788
LR: 1.000e-04
Hole frames in this epoch: [4, 16]

Epoch 51 | Train Loss: 0.41962 | Val Loss: 0.62841
Train Loss Components:
  |- loss_rot: 0.04506
  |- loss_pos: 0.50066
  |- fk_loss: 1.03075
  |- smoothness_loss: 0.87861
Val Loss Components:
  |- loss_rot: 0.05864
  |- loss_pos: 0.98979
  |- fk_loss: 1.81409
  |- smoothness_loss: 0.32796
LR: 1.000e-04
Hole frames in this epoch: [4, 16]

Epoch 52 | Train Loss: 0.39267 | Val Loss: 0.66049
Train Loss Components:
  |- loss_rot: 0.03675
  |- loss_pos: 0.32318
  |- fk_loss: 0.79157
  |- smoothness_loss: 0.71933
Val Loss Components:
  |- loss_rot: 0.05724
  |- loss_pos: 1.00636
  |- fk_loss: 1.84941
  |- smoothness_loss: 0.33665
LR: 1.000e-04
Hole frames in this epoch: [4, 16]

Epoch 53 | Train Loss: 0.38252 | Val Loss: 0.65032
Train Loss Components:
  |- loss_rot: 0.06167
  |- loss_pos: 0.88700
  |- fk_loss: 1.84074
  |- smoothness_loss: 1.27223
Val Loss Components:
  |- loss_rot: 0.05781
  |- loss_pos: 1.00229
  |- fk_loss: 1.79791
  |- smoothness_loss: 0.37853
LR: 1.000e-04
Hole frames in this epoch: [4, 16]

Epoch 54 | Train Loss: 0.38756 | Val Loss: 0.63273
Train Loss Components:
  |- loss_rot: 0.05897
  |- loss_pos: 0.79442
  |- fk_loss: 1.69520
  |- smoothness_loss: 1.19512
Val Loss Components:
  |- loss_rot: 0.05736
  |- loss_pos: 0.95929
  |- fk_loss: 1.84430
  |- smoothness_loss: 0.35729
LR: 1.000e-04
Hole frames in this epoch: [4, 16]

Epoch 55 | Train Loss: 0.38245 | Val Loss: 0.62704
Train Loss Components:
  |- loss_rot: 0.02855
  |- loss_pos: 0.27814
  |- fk_loss: 0.60098
  |- smoothness_loss: 0.57697
Val Loss Components:
  |- loss_rot: 0.05694
  |- loss_pos: 0.96595
  |- fk_loss: 1.79339
  |- smoothness_loss: 0.34257
LR: 1.000e-04
Hole frames in this epoch: [4, 16]

Epoch 56 | Train Loss: 0.38520 | Val Loss: 0.62203
Train Loss Components:
  |- loss_rot: 0.06022
  |- loss_pos: 0.91637
  |- fk_loss: 1.77889
  |- smoothness_loss: 1.34557
Val Loss Components:
  |- loss_rot: 0.05641
  |- loss_pos: 0.97658
  |- fk_loss: 1.78910
  |- smoothness_loss: 0.33108
LR: 1.000e-04
Hole frames in this epoch: [4, 16]

Epoch 57 | Train Loss: 0.37116 | Val Loss: 0.59212
Train Loss Components:
  |- loss_rot: 0.06143
  |- loss_pos: 1.03837
  |- fk_loss: 1.91862
  |- smoothness_loss: 1.36009
Val Loss Components:
  |- loss_rot: 0.05600
  |- loss_pos: 0.88576
  |- fk_loss: 1.71607
  |- smoothness_loss: 0.30346
LR: 1.000e-04
Hole frames in this epoch: [4, 16]

Epoch 58 | Train Loss: 0.39624 | Val Loss: 0.61113
Train Loss Components:
  |- loss_rot: 0.05581
  |- loss_pos: 0.95477
  |- fk_loss: 1.76518
  |- smoothness_loss: 1.27254
Val Loss Components:
  |- loss_rot: 0.05552
  |- loss_pos: 0.96816
  |- fk_loss: 1.77999
  |- smoothness_loss: 0.30424
LR: 1.000e-04
Hole frames in this epoch: [4, 16]

Epoch 59 | Train Loss: 0.36669 | Val Loss: 0.59855
Train Loss Components:
  |- loss_rot: 0.05645
  |- loss_pos: 0.65385
  |- fk_loss: 1.43959
  |- smoothness_loss: 1.21758
Val Loss Components:
  |- loss_rot: 0.05692
  |- loss_pos: 0.88189
  |- fk_loss: 1.73607
  |- smoothness_loss: 0.29136
LR: 1.000e-04
Hole frames in this epoch: [4, 16]

Epoch 60 | Train Loss: 0.36769 | Val Loss: 0.61212
Train Loss Components:
  |- loss_rot: 0.05801
  |- loss_pos: 0.95038
  |- fk_loss: 1.85468
  |- smoothness_loss: 1.25754
Val Loss Components:
  |- loss_rot: 0.05541
  |- loss_pos: 0.96447
  |- fk_loss: 1.75478
  |- smoothness_loss: 0.31767
LR: 1.000e-04
Hole frames in this epoch: [4, 16]

Epoch 61 | Train Loss: 0.38143 | Val Loss: 0.60603
Train Loss Components:
  |- loss_rot: 0.02898
  |- loss_pos: 0.25264
  |- fk_loss: 0.57888
  |- smoothness_loss: 0.58576
Val Loss Components:
  |- loss_rot: 0.05567
  |- loss_pos: 0.97310
  |- fk_loss: 1.74953
  |- smoothness_loss: 0.31105
LR: 1.000e-04
Hole frames in this epoch: [4, 16]

Epoch 62 | Train Loss: 0.36484 | Val Loss: 0.59476
Train Loss Components:
  |- loss_rot: 0.03196
  |- loss_pos: 0.32423
  |- fk_loss: 0.70173
  |- smoothness_loss: 0.63797
Val Loss Components:
  |- loss_rot: 0.05490
  |- loss_pos: 0.94976
  |- fk_loss: 1.70285
  |- smoothness_loss: 0.36248
LR: 1.000e-04
Hole frames in this epoch: [4, 16]

Epoch 63 | Train Loss: 0.35494 | Val Loss: 0.60543
Train Loss Components:
  |- loss_rot: 0.04649
  |- loss_pos: 0.64149
  |- fk_loss: 1.31382
  |- smoothness_loss: 0.97549
Val Loss Components:
  |- loss_rot: 0.05473
  |- loss_pos: 0.94141
  |- fk_loss: 1.74767
  |- smoothness_loss: 0.35613
LR: 1.000e-04
Hole frames in this epoch: [4, 16]

Epoch 64 | Train Loss: 0.31030 | Val Loss: 0.53683
Train Loss Components:
  |- loss_rot: 0.02674
  |- loss_pos: 0.20957
  |- fk_loss: 0.48824
  |- smoothness_loss: 0.47842
Val Loss Components:
  |- loss_rot: 0.05370
  |- loss_pos: 0.83589
  |- fk_loss: 1.57747
  |- smoothness_loss: 0.26662
LR: 5.000e-05
Hole frames in this epoch: [4, 16]

Epoch 65 | Train Loss: 0.30909 | Val Loss: 0.53876
Train Loss Components:
  |- loss_rot: 0.04700
  |- loss_pos: 0.51313
  |- fk_loss: 1.11654
  |- smoothness_loss: 0.83929
Val Loss Components:
  |- loss_rot: 0.05363
  |- loss_pos: 0.84421
  |- fk_loss: 1.60134
  |- smoothness_loss: 0.25579
LR: 5.000e-05
Hole frames in this epoch: [4, 16]

Epoch 66 | Train Loss: 0.31900 | Val Loss: 0.52913
Train Loss Components:
  |- loss_rot: 0.02304
  |- loss_pos: 0.19077
  |- fk_loss: 0.45024
  |- smoothness_loss: 0.45086
Val Loss Components:
  |- loss_rot: 0.05300
  |- loss_pos: 0.82725
  |- fk_loss: 1.59123
  |- smoothness_loss: 0.23775
LR: 5.000e-05
Hole frames in this epoch: [4, 16]

Epoch 67 | Train Loss: 0.32103 | Val Loss: 0.55702
Train Loss Components:
  |- loss_rot: 0.04863
  |- loss_pos: 0.53540
  |- fk_loss: 1.42925
  |- smoothness_loss: 1.04158
Val Loss Components:
  |- loss_rot: 0.05392
  |- loss_pos: 0.81052
  |- fk_loss: 1.82958
  |- smoothness_loss: 0.36363
LR: 5.000e-05
Hole frames in this epoch: [4, 16]

Epoch 68 | Train Loss: 0.31340 | Val Loss: 0.53398
Train Loss Components:
  |- loss_rot: 0.02849
  |- loss_pos: 0.22920
  |- fk_loss: 0.54903
  |- smoothness_loss: 0.49876
Val Loss Components:
  |- loss_rot: 0.05285
  |- loss_pos: 0.82210
  |- fk_loss: 1.59243
  |- smoothness_loss: 0.26710
LR: 5.000e-05
Hole frames in this epoch: [4, 16]

Epoch 69 | Train Loss: 0.31172 | Val Loss: 0.53457
Train Loss Components:
  |- loss_rot: 0.02864
  |- loss_pos: 0.23408
  |- fk_loss: 0.53914
  |- smoothness_loss: 0.50046
Val Loss Components:
  |- loss_rot: 0.05267
  |- loss_pos: 0.84658
  |- fk_loss: 1.60005
  |- smoothness_loss: 0.28486
LR: 5.000e-05
Hole frames in this epoch: [4, 16]

Epoch 70 | Train Loss: 0.30673 | Val Loss: 0.54795
Train Loss Components:
  |- loss_rot: 0.02970
  |- loss_pos: 0.23909
  |- fk_loss: 0.61273
  |- smoothness_loss: 0.52575
Val Loss Components:
  |- loss_rot: 0.05246
  |- loss_pos: 0.83005
  |- fk_loss: 1.59583
  |- smoothness_loss: 0.27311
LR: 5.000e-05
Hole frames in this epoch: [4, 16]

Epoch 71 | Train Loss: 0.30172 | Val Loss: 0.52944
Train Loss Components:
  |- loss_rot: 0.02976
  |- loss_pos: 0.24000
  |- fk_loss: 0.57902
  |- smoothness_loss: 0.53772
Val Loss Components:
  |- loss_rot: 0.05238
  |- loss_pos: 0.80073
  |- fk_loss: 1.56830
  |- smoothness_loss: 0.24158
LR: 5.000e-05
Hole frames in this epoch: [4, 16]

Epoch 72 | Train Loss: 0.30989 | Val Loss: 0.52858
Train Loss Components:
  |- loss_rot: 0.04652
  |- loss_pos: 0.43994
  |- fk_loss: 1.09296
  |- smoothness_loss: 0.91419
Val Loss Components:
  |- loss_rot: 0.05237
  |- loss_pos: 0.81115
  |- fk_loss: 1.55958
  |- smoothness_loss: 0.24027
LR: 5.000e-05
Hole frames in this epoch: [4, 16]

Epoch 73 | Train Loss: 0.29874 | Val Loss: 0.52159
Train Loss Components:
  |- loss_rot: 0.04700
  |- loss_pos: 0.45409
  |- fk_loss: 1.11636
  |- smoothness_loss: 0.92166
Val Loss Components:
  |- loss_rot: 0.05206
  |- loss_pos: 0.81629
  |- fk_loss: 1.56167
  |- smoothness_loss: 0.24093
LR: 5.000e-05
Hole frames in this epoch: [4, 16]

Epoch 74 | Train Loss: 0.30285 | Val Loss: 0.51434
Train Loss Components:
  |- loss_rot: 0.05170
  |- loss_pos: 0.57794
  |- fk_loss: 1.32507
  |- smoothness_loss: 0.83922
Val Loss Components:
  |- loss_rot: 0.05210
  |- loss_pos: 0.77026
  |- fk_loss: 1.51605
  |- smoothness_loss: 0.24675
LR: 5.000e-05
Hole frames in this epoch: [4, 16]

Epoch 75 | Train Loss: 0.30669 | Val Loss: 0.52638
Train Loss Components:
  |- loss_rot: 0.02331
  |- loss_pos: 0.22518
  |- fk_loss: 0.46505
  |- smoothness_loss: 0.46450
Val Loss Components:
  |- loss_rot: 0.05160
  |- loss_pos: 0.78471
  |- fk_loss: 1.53585
  |- smoothness_loss: 0.24303
LR: 5.000e-05
Hole frames in this epoch: [4, 16]

Epoch 76 | Train Loss: 0.30311 | Val Loss: 0.52474
Train Loss Components:
  |- loss_rot: 0.02399
  |- loss_pos: 0.21721
  |- fk_loss: 0.47146
  |- smoothness_loss: 0.51049
Val Loss Components:
  |- loss_rot: 0.05162
  |- loss_pos: 0.79329
  |- fk_loss: 1.52754
  |- smoothness_loss: 0.24286
LR: 5.000e-05
Hole frames in this epoch: [4, 16]

Epoch 77 | Train Loss: 0.29222 | Val Loss: 0.51890
Train Loss Components:
  |- loss_rot: 0.02216
  |- loss_pos: 0.18197
  |- fk_loss: 0.42670
  |- smoothness_loss: 0.38302
Val Loss Components:
  |- loss_rot: 0.05163
  |- loss_pos: 0.77243
  |- fk_loss: 1.50058
  |- smoothness_loss: 0.25797
LR: 5.000e-05
Hole frames in this epoch: [4, 16]

Epoch 78 | Train Loss: 0.28997 | Val Loss: 0.51007
Train Loss Components:
  |- loss_rot: 0.04085
  |- loss_pos: 0.39249
  |- fk_loss: 0.95271
  |- smoothness_loss: 0.73638
Val Loss Components:
  |- loss_rot: 0.05158
  |- loss_pos: 0.78473
  |- fk_loss: 1.53147
  |- smoothness_loss: 0.28573
LR: 5.000e-05
Hole frames in this epoch: [4, 16]

Epoch 79 | Train Loss: 0.28958 | Val Loss: 0.51581
Train Loss Components:
  |- loss_rot: 0.03039
  |- loss_pos: 0.24175
  |- fk_loss: 0.60603
  |- smoothness_loss: 0.47998
Val Loss Components:
  |- loss_rot: 0.05132
  |- loss_pos: 0.79422
  |- fk_loss: 1.52580
  |- smoothness_loss: 0.28408
LR: 5.000e-05
Hole frames in this epoch: [4, 16]

Epoch 80 | Train Loss: 0.28238 | Val Loss: 0.53685
Train Loss Components:
  |- loss_rot: 0.04296
  |- loss_pos: 0.44379
  |- fk_loss: 1.06371
  |- smoothness_loss: 0.74997
Val Loss Components:
  |- loss_rot: 0.05121
  |- loss_pos: 0.83949
  |- fk_loss: 1.56517
  |- smoothness_loss: 0.29387
LR: 5.000e-05
Hole frames in this epoch: [4, 16]

Epoch 81 | Train Loss: 0.29241 | Val Loss: 0.53190
Train Loss Components:
  |- loss_rot: 0.04260
  |- loss_pos: 0.45518
  |- fk_loss: 0.99536
  |- smoothness_loss: 0.80385
Val Loss Components:
  |- loss_rot: 0.05157
  |- loss_pos: 0.83032
  |- fk_loss: 1.54919
  |- smoothness_loss: 0.28026
LR: 5.000e-05
Hole frames in this epoch: [4, 16]

Epoch 82 | Train Loss: 0.29466 | Val Loss: 0.51194
Train Loss Components:
  |- loss_rot: 0.03749
  |- loss_pos: 0.35011
  |- fk_loss: 0.81254
  |- smoothness_loss: 0.69799
Val Loss Components:
  |- loss_rot: 0.05051
  |- loss_pos: 0.79511
  |- fk_loss: 1.50502
  |- smoothness_loss: 0.30076
LR: 5.000e-05
Hole frames in this epoch: [4, 16]

Epoch 83 | Train Loss: 0.28921 | Val Loss: 0.50240
Train Loss Components:
  |- loss_rot: 0.03925
  |- loss_pos: 0.32830
  |- fk_loss: 0.82378
  |- smoothness_loss: 0.70950
Val Loss Components:
  |- loss_rot: 0.05072
  |- loss_pos: 0.76982
  |- fk_loss: 1.47982
  |- smoothness_loss: 0.24053
LR: 5.000e-05
Hole frames in this epoch: [4, 16]

Epoch 84 | Train Loss: 0.29139 | Val Loss: 0.50678
Train Loss Components:
  |- loss_rot: 0.02736
  |- loss_pos: 0.22997
  |- fk_loss: 0.52214
  |- smoothness_loss: 0.52799
Val Loss Components:
  |- loss_rot: 0.05040
  |- loss_pos: 0.79211
  |- fk_loss: 1.50694
  |- smoothness_loss: 0.23957
LR: 5.000e-05
Hole frames in this epoch: [4, 16]

Epoch 85 | Train Loss: 0.29774 | Val Loss: 0.51528
Train Loss Components:
  |- loss_rot: 0.04426
  |- loss_pos: 0.41511
  |- fk_loss: 1.02416
  |- smoothness_loss: 0.77015
Val Loss Components:
  |- loss_rot: 0.05049
  |- loss_pos: 0.80925
  |- fk_loss: 1.52280
  |- smoothness_loss: 0.23917
LR: 5.000e-05
Hole frames in this epoch: [4, 16]

Epoch 86 | Train Loss: 0.28396 | Val Loss: 0.49808
Train Loss Components:
  |- loss_rot: 0.02654
  |- loss_pos: 0.22370
  |- fk_loss: 0.52177
  |- smoothness_loss: 0.49258
Val Loss Components:
  |- loss_rot: 0.04995
  |- loss_pos: 0.76143
  |- fk_loss: 1.49112
  |- smoothness_loss: 0.25852
LR: 5.000e-05
Hole frames in this epoch: [4, 16]

Epoch 87 | Train Loss: 0.29050 | Val Loss: 0.49744
Train Loss Components:
  |- loss_rot: 0.04363
  |- loss_pos: 0.47298
  |- fk_loss: 1.08778
  |- smoothness_loss: 0.79342
Val Loss Components:
  |- loss_rot: 0.04977
  |- loss_pos: 0.75897
  |- fk_loss: 1.48686
  |- smoothness_loss: 0.24365
LR: 5.000e-05
Hole frames in this epoch: [4, 16]

Epoch 88 | Train Loss: 0.28084 | Val Loss: 0.52264
Train Loss Components:
  |- loss_rot: 0.02244
  |- loss_pos: 0.18679
  |- fk_loss: 0.43354
  |- smoothness_loss: 0.40774
Val Loss Components:
  |- loss_rot: 0.05020
  |- loss_pos: 0.84778
  |- fk_loss: 1.52996
  |- smoothness_loss: 0.29131
LR: 5.000e-05
Hole frames in this epoch: [4, 16]

Epoch 89 | Train Loss: 0.27488 | Val Loss: 0.50249
Train Loss Components:
  |- loss_rot: 0.02679
  |- loss_pos: 0.23451
  |- fk_loss: 0.54497
  |- smoothness_loss: 0.42536
Val Loss Components:
  |- loss_rot: 0.04975
  |- loss_pos: 0.78874
  |- fk_loss: 1.50207
  |- smoothness_loss: 0.25293
LR: 5.000e-05
Hole frames in this epoch: [4, 16]

Epoch 90 | Train Loss: 0.27997 | Val Loss: 0.51544
Train Loss Components:
  |- loss_rot: 0.03477
  |- loss_pos: 0.30675
  |- fk_loss: 0.72128
  |- smoothness_loss: 0.57863
Val Loss Components:
  |- loss_rot: 0.04969
  |- loss_pos: 0.81538
  |- fk_loss: 1.53669
  |- smoothness_loss: 0.26641
LR: 5.000e-05
Hole frames in this epoch: [4, 16]

Epoch 91 | Train Loss: 0.27722 | Val Loss: 0.50504
Train Loss Components:
  |- loss_rot: 0.02737
  |- loss_pos: 0.21036
  |- fk_loss: 0.54084
  |- smoothness_loss: 0.42979
Val Loss Components:
  |- loss_rot: 0.05002
  |- loss_pos: 0.80999
  |- fk_loss: 1.49292
  |- smoothness_loss: 0.26379
LR: 5.000e-05
Hole frames in this epoch: [4, 16]

Epoch 92 | Train Loss: 0.28050 | Val Loss: 0.49722
Train Loss Components:
  |- loss_rot: 0.04415
  |- loss_pos: 0.48587
  |- fk_loss: 1.07966
  |- smoothness_loss: 0.84878
Val Loss Components:
  |- loss_rot: 0.04943
  |- loss_pos: 0.78545
  |- fk_loss: 1.51925
  |- smoothness_loss: 0.25944
LR: 5.000e-05
Hole frames in this epoch: [4, 16]

Epoch 93 | Train Loss: 0.28230 | Val Loss: 0.49178
Train Loss Components:
  |- loss_rot: 0.05976
  |- loss_pos: 0.71998
  |- fk_loss: 1.69255
  |- smoothness_loss: 1.36239
Val Loss Components:
  |- loss_rot: 0.04929
  |- loss_pos: 0.79373
  |- fk_loss: 1.49865
  |- smoothness_loss: 0.24033
LR: 5.000e-05
Hole frames in this epoch: [4, 16]

Epoch 94 | Train Loss: 0.28219 | Val Loss: 0.52577
Train Loss Components:
  |- loss_rot: 0.04347
  |- loss_pos: 0.49557
  |- fk_loss: 1.07386
  |- smoothness_loss: 0.88009
Val Loss Components:
  |- loss_rot: 0.04945
  |- loss_pos: 0.86030
  |- fk_loss: 1.52131
  |- smoothness_loss: 0.27776
LR: 5.000e-05
Hole frames in this epoch: [4, 16]

Epoch 95 | Train Loss: 0.28110 | Val Loss: 0.51727
Train Loss Components:
  |- loss_rot: 0.02769
  |- loss_pos: 0.24398
  |- fk_loss: 0.57130
  |- smoothness_loss: 0.50540
Val Loss Components:
  |- loss_rot: 0.04963
  |- loss_pos: 0.83231
  |- fk_loss: 1.51195
  |- smoothness_loss: 0.31573
LR: 5.000e-05
Hole frames in this epoch: [4, 16]

Epoch 96 | Train Loss: 0.27923 | Val Loss: 0.50294
Train Loss Components:
  |- loss_rot: 0.04245
  |- loss_pos: 0.42802
  |- fk_loss: 1.06237
  |- smoothness_loss: 0.77054
Val Loss Components:
  |- loss_rot: 0.04919
  |- loss_pos: 0.79257
  |- fk_loss: 1.49382
  |- smoothness_loss: 0.25309
LR: 5.000e-05
Hole frames in this epoch: [4, 16]

Epoch 97 | Train Loss: 0.26833 | Val Loss: 0.50320
Train Loss Components:
  |- loss_rot: 0.04298
  |- loss_pos: 0.41557
  |- fk_loss: 1.05757
  |- smoothness_loss: 0.74804
Val Loss Components:
  |- loss_rot: 0.04918
  |- loss_pos: 0.81017
  |- fk_loss: 1.50096
  |- smoothness_loss: 0.25683
LR: 5.000e-05
Hole frames in this epoch: [4, 16]

Epoch 98 | Train Loss: 0.26946 | Val Loss: 0.50091
Train Loss Components:
  |- loss_rot: 0.04586
  |- loss_pos: 0.51480
  |- fk_loss: 1.17129
  |- smoothness_loss: 0.89253
Val Loss Components:
  |- loss_rot: 0.04877
  |- loss_pos: 0.82314
  |- fk_loss: 1.49630
  |- smoothness_loss: 0.25312
LR: 5.000e-05
Hole frames in this epoch: [4, 16]

Epoch 99 | Train Loss: 0.27420 | Val Loss: 0.49969
Train Loss Components:
  |- loss_rot: 0.04137
  |- loss_pos: 0.39263
  |- fk_loss: 0.99430
  |- smoothness_loss: 0.72894
Val Loss Components:
  |- loss_rot: 0.04922
  |- loss_pos: 0.82881
  |- fk_loss: 1.50991
  |- smoothness_loss: 0.24196
LR: 5.000e-05
Hole frames in this epoch: [4, 16]

Epoch 100 | Train Loss: 0.25037 | Val Loss: 0.47672
Train Loss Components:
  |- loss_rot: 0.04022
  |- loss_pos: 0.33035
  |- fk_loss: 0.84188
  |- smoothness_loss: 0.63497
Val Loss Components:
  |- loss_rot: 0.04861
  |- loss_pos: 0.76964
  |- fk_loss: 1.44378
  |- smoothness_loss: 0.21856
LR: 2.500e-05
Hole frames in this epoch: [4, 16]

Epoch 101 | Train Loss: 0.24028 | Val Loss: 0.46870
Train Loss Components:
  |- loss_rot: 0.03916
  |- loss_pos: 0.28492
  |- fk_loss: 0.81698
  |- smoothness_loss: 0.65863
Val Loss Components:
  |- loss_rot: 0.04843
  |- loss_pos: 0.74036
  |- fk_loss: 1.42562
  |- smoothness_loss: 0.22131
LR: 2.500e-05
Hole frames in this epoch: [4, 16]

Epoch 102 | Train Loss: 0.24734 | Val Loss: 0.47178
Train Loss Components:
  |- loss_rot: 0.03005
  |- loss_pos: 0.22256
  |- fk_loss: 0.59673
  |- smoothness_loss: 0.52684
Val Loss Components:
  |- loss_rot: 0.04844
  |- loss_pos: 0.73719
  |- fk_loss: 1.42904
  |- smoothness_loss: 0.22521
LR: 2.500e-05
Hole frames in this epoch: [4, 16]

Epoch 103 | Train Loss: 0.25101 | Val Loss: 0.46772
Train Loss Components:
  |- loss_rot: 0.03402
  |- loss_pos: 0.26169
  |- fk_loss: 0.69216
  |- smoothness_loss: 0.55591
Val Loss Components:
  |- loss_rot: 0.04818
  |- loss_pos: 0.74690
  |- fk_loss: 1.44421
  |- smoothness_loss: 0.22980
LR: 2.500e-05
Hole frames in this epoch: [4, 16]

Epoch 104 | Train Loss: 0.24747 | Val Loss: 0.47023
Train Loss Components:
  |- loss_rot: 0.04657
  |- loss_pos: 0.47405
  |- fk_loss: 1.15559
  |- smoothness_loss: 0.92551
Val Loss Components:
  |- loss_rot: 0.04824
  |- loss_pos: 0.74263
  |- fk_loss: 1.44005
  |- smoothness_loss: 0.22226
LR: 2.500e-05
Hole frames in this epoch: [4, 16]

Epoch 105 | Train Loss: 0.24559 | Val Loss: 0.46709
Train Loss Components:
  |- loss_rot: 0.05123
  |- loss_pos: 0.52122
  |- fk_loss: 1.33757
  |- smoothness_loss: 0.91251
Val Loss Components:
  |- loss_rot: 0.04811
  |- loss_pos: 0.76026
  |- fk_loss: 1.43390
  |- smoothness_loss: 0.22522
LR: 2.500e-05
Hole frames in this epoch: [4, 16]

Epoch 106 | Train Loss: 0.25037 | Val Loss: 0.46451
Train Loss Components:
  |- loss_rot: 0.05389
  |- loss_pos: 0.52467
  |- fk_loss: 1.43218
  |- smoothness_loss: 0.99278
Val Loss Components:
  |- loss_rot: 0.04788
  |- loss_pos: 0.74405
  |- fk_loss: 1.42356
  |- smoothness_loss: 0.23650
LR: 2.500e-05
Hole frames in this epoch: [4, 16]

Epoch 107 | Train Loss: 0.25176 | Val Loss: 0.47590
Train Loss Components:
  |- loss_rot: 0.03184
  |- loss_pos: 0.25063
  |- fk_loss: 0.63093
  |- smoothness_loss: 0.52328
Val Loss Components:
  |- loss_rot: 0.04823
  |- loss_pos: 0.76592
  |- fk_loss: 1.43278
  |- smoothness_loss: 0.24529
LR: 2.500e-05
Hole frames in this epoch: [4, 16]

Epoch 108 | Train Loss: 0.24645 | Val Loss: 0.46821
Train Loss Components:
  |- loss_rot: 0.04652
  |- loss_pos: 0.51726
  |- fk_loss: 1.18540
  |- smoothness_loss: 0.83977
Val Loss Components:
  |- loss_rot: 0.04803
  |- loss_pos: 0.72852
  |- fk_loss: 1.41315
  |- smoothness_loss: 0.23811
LR: 2.500e-05
Hole frames in this epoch: [4, 16]

Epoch 109 | Train Loss: 0.24972 | Val Loss: 0.46215
Train Loss Components:
  |- loss_rot: 0.04279
  |- loss_pos: 0.33345
  |- fk_loss: 0.91925
  |- smoothness_loss: 0.67017
Val Loss Components:
  |- loss_rot: 0.04783
  |- loss_pos: 0.73280
  |- fk_loss: 1.41048
  |- smoothness_loss: 0.23844
LR: 2.500e-05
Hole frames in this epoch: [4, 16]

Epoch 110 | Train Loss: 0.24720 | Val Loss: 0.46837
Train Loss Components:
  |- loss_rot: 0.02577
  |- loss_pos: 0.18125
  |- fk_loss: 0.46775
  |- smoothness_loss: 0.42245
Val Loss Components:
  |- loss_rot: 0.04801
  |- loss_pos: 0.74858
  |- fk_loss: 1.42179
  |- smoothness_loss: 0.22674
LR: 2.500e-05
Hole frames in this epoch: [4, 16]

Epoch 111 | Train Loss: 0.24499 | Val Loss: 0.46664
Train Loss Components:
  |- loss_rot: 0.04964
  |- loss_pos: 0.48863
  |- fk_loss: 1.26256
  |- smoothness_loss: 0.98936
Val Loss Components:
  |- loss_rot: 0.04787
  |- loss_pos: 0.75195
  |- fk_loss: 1.42374
  |- smoothness_loss: 0.22523
LR: 2.500e-05
Hole frames in this epoch: [4, 16]

Epoch 112 | Train Loss: 0.24125 | Val Loss: 0.46870
Train Loss Components:
  |- loss_rot: 0.03634
  |- loss_pos: 0.29933
  |- fk_loss: 0.77613
  |- smoothness_loss: 0.70093
Val Loss Components:
  |- loss_rot: 0.04776
  |- loss_pos: 0.75665
  |- fk_loss: 1.42295
  |- smoothness_loss: 0.23495
LR: 2.500e-05
Hole frames in this epoch: [4, 16]

Epoch 113 | Train Loss: 0.24773 | Val Loss: 0.46403
Train Loss Components:
  |- loss_rot: 0.03745
  |- loss_pos: 0.30117
  |- fk_loss: 0.81537
  |- smoothness_loss: 0.69882
Val Loss Components:
  |- loss_rot: 0.04767
  |- loss_pos: 0.73259
  |- fk_loss: 1.39892
  |- smoothness_loss: 0.22968
LR: 2.500e-05
Hole frames in this epoch: [4, 16]

Epoch 114 | Train Loss: 0.24323 | Val Loss: 0.46430
Train Loss Components:
  |- loss_rot: 0.02621
  |- loss_pos: 0.18101
  |- fk_loss: 0.48851
  |- smoothness_loss: 0.41084
Val Loss Components:
  |- loss_rot: 0.04738
  |- loss_pos: 0.73465
  |- fk_loss: 1.39850
  |- smoothness_loss: 0.23034
LR: 2.500e-05
Hole frames in this epoch: [4, 16]

Epoch 115 | Train Loss: 0.23184 | Val Loss: 0.46045
Train Loss Components:
  |- loss_rot: 0.03997
  |- loss_pos: 0.43862
  |- fk_loss: 1.01427
  |- smoothness_loss: 0.76364
Val Loss Components:
  |- loss_rot: 0.04773
  |- loss_pos: 0.75104
  |- fk_loss: 1.41455
  |- smoothness_loss: 0.22511
LR: 2.500e-05
Hole frames in this epoch: [4, 16]

Epoch 116 | Train Loss: 0.23172 | Val Loss: 0.45840
Train Loss Components:
  |- loss_rot: 0.02449
  |- loss_pos: 0.18908
  |- fk_loss: 0.45029
  |- smoothness_loss: 0.49729
Val Loss Components:
  |- loss_rot: 0.04739
  |- loss_pos: 0.74768
  |- fk_loss: 1.40238
  |- smoothness_loss: 0.21531
LR: 2.500e-05
Hole frames in this epoch: [4, 16]

Epoch 117 | Train Loss: 0.24430 | Val Loss: 0.47088
Train Loss Components:
  |- loss_rot: 0.03361
  |- loss_pos: 0.23446
  |- fk_loss: 0.63677
  |- smoothness_loss: 0.55407
Val Loss Components:
  |- loss_rot: 0.04769
  |- loss_pos: 0.75684
  |- fk_loss: 1.42082
  |- smoothness_loss: 0.23596
LR: 2.500e-05
Hole frames in this epoch: [4, 16]

Epoch 118 | Train Loss: 0.24358 | Val Loss: 0.46103
Train Loss Components:
  |- loss_rot: 0.03307
  |- loss_pos: 0.23448
  |- fk_loss: 0.65459
  |- smoothness_loss: 0.59194
Val Loss Components:
  |- loss_rot: 0.04738
  |- loss_pos: 0.72438
  |- fk_loss: 1.38927
  |- smoothness_loss: 0.24532
LR: 2.500e-05
Hole frames in this epoch: [4, 16]

Epoch 119 | Train Loss: 0.23652 | Val Loss: 0.46246
Train Loss Components:
  |- loss_rot: 0.04143
  |- loss_pos: 0.37322
  |- fk_loss: 0.93956
  |- smoothness_loss: 0.75056
Val Loss Components:
  |- loss_rot: 0.04744
  |- loss_pos: 0.74862
  |- fk_loss: 1.40316
  |- smoothness_loss: 0.23173
LR: 2.500e-05
Hole frames in this epoch: [4, 16]

Epoch 120 | Train Loss: 0.24303 | Val Loss: 0.46161
Train Loss Components:
  |- loss_rot: 0.02914
  |- loss_pos: 0.21526
  |- fk_loss: 0.55583
  |- smoothness_loss: 0.46194
Val Loss Components:
  |- loss_rot: 0.04722
  |- loss_pos: 0.76322
  |- fk_loss: 1.41206
  |- smoothness_loss: 0.23750
LR: 2.500e-05
Hole frames in this epoch: [4, 16]

Epoch 121 | Train Loss: 0.24031 | Val Loss: 0.47161
Train Loss Components:
  |- loss_rot: 0.02810
  |- loss_pos: 0.20729
  |- fk_loss: 0.54689
  |- smoothness_loss: 0.45351
Val Loss Components:
  |- loss_rot: 0.04720
  |- loss_pos: 0.76231
  |- fk_loss: 1.42276
  |- smoothness_loss: 0.22161
LR: 2.500e-05
Hole frames in this epoch: [4, 16]

Epoch 122 | Train Loss: 0.24152 | Val Loss: 0.46223
Train Loss Components:
  |- loss_rot: 0.02457
  |- loss_pos: 0.18064
  |- fk_loss: 0.46270
  |- smoothness_loss: 0.46965
Val Loss Components:
  |- loss_rot: 0.04711
  |- loss_pos: 0.72693
  |- fk_loss: 1.40813
  |- smoothness_loss: 0.23129
LR: 2.500e-05
Hole frames in this epoch: [4, 16]

Epoch 123 | Train Loss: 0.23118 | Val Loss: 0.45001
Train Loss Components:
  |- loss_rot: 0.03612
  |- loss_pos: 0.25078
  |- fk_loss: 0.71790
  |- smoothness_loss: 0.63495
Val Loss Components:
  |- loss_rot: 0.04701
  |- loss_pos: 0.71453
  |- fk_loss: 1.37391
  |- smoothness_loss: 0.21923
LR: 1.250e-05
Hole frames in this epoch: [4, 16]

Epoch 124 | Train Loss: 0.23310 | Val Loss: 0.44907
Train Loss Components:
  |- loss_rot: 0.03645
  |- loss_pos: 0.26608
  |- fk_loss: 0.75477
  |- smoothness_loss: 0.61854
Val Loss Components:
  |- loss_rot: 0.04692
  |- loss_pos: 0.70771
  |- fk_loss: 1.36268
  |- smoothness_loss: 0.22108
LR: 1.250e-05
Hole frames in this epoch: [4, 16]

Epoch 125 | Train Loss: 0.21992 | Val Loss: 0.45144
Train Loss Components:
  |- loss_rot: 0.03228
  |- loss_pos: 0.22978
  |- fk_loss: 0.62784
  |- smoothness_loss: 0.47044
Val Loss Components:
  |- loss_rot: 0.04689
  |- loss_pos: 0.71785
  |- fk_loss: 1.37544
  |- smoothness_loss: 0.22319
LR: 1.250e-05
Hole frames in this epoch: [4, 16]

Epoch 126 | Train Loss: 0.23069 | Val Loss: 0.45386
Train Loss Components:
  |- loss_rot: 0.03300
  |- loss_pos: 0.24366
  |- fk_loss: 0.67451
  |- smoothness_loss: 0.63550
Val Loss Components:
  |- loss_rot: 0.04680
  |- loss_pos: 0.71222
  |- fk_loss: 1.37280
  |- smoothness_loss: 0.23035
LR: 1.250e-05
Hole frames in this epoch: [4, 16]

Epoch 127 | Train Loss: 0.23424 | Val Loss: 0.44700
Train Loss Components:
  |- loss_rot: 0.04166
  |- loss_pos: 0.36132
  |- fk_loss: 1.01707
  |- smoothness_loss: 0.62231
Val Loss Components:
  |- loss_rot: 0.04682
  |- loss_pos: 0.71686
  |- fk_loss: 1.36645
  |- smoothness_loss: 0.21744
LR: 1.250e-05
Hole frames in this epoch: [4, 16]

Epoch 128 | Train Loss: 0.22224 | Val Loss: 0.44789
Train Loss Components:
  |- loss_rot: 0.03247
  |- loss_pos: 0.23179
  |- fk_loss: 0.63456
  |- smoothness_loss: 0.51453
Val Loss Components:
  |- loss_rot: 0.04658
  |- loss_pos: 0.70323
  |- fk_loss: 1.36213
  |- smoothness_loss: 0.21483
LR: 1.250e-05
Hole frames in this epoch: [4, 16]

Epoch 129 | Train Loss: 0.22237 | Val Loss: 0.44757
Train Loss Components:
  |- loss_rot: 0.03751
  |- loss_pos: 0.26714
  |- fk_loss: 0.76442
  |- smoothness_loss: 0.57432
Val Loss Components:
  |- loss_rot: 0.04664
  |- loss_pos: 0.73310
  |- fk_loss: 1.36948
  |- smoothness_loss: 0.22519
LR: 1.250e-05
Hole frames in this epoch: [4, 16]

Epoch 130 | Train Loss: 0.21761 | Val Loss: 0.44561
Train Loss Components:
  |- loss_rot: 0.03704
  |- loss_pos: 0.25517
  |- fk_loss: 0.74779
  |- smoothness_loss: 0.58401
Val Loss Components:
  |- loss_rot: 0.04669
  |- loss_pos: 0.70738
  |- fk_loss: 1.36408
  |- smoothness_loss: 0.22528
LR: 1.250e-05
Hole frames in this epoch: [4, 16]

Epoch 131 | Train Loss: 0.22699 | Val Loss: 0.45212
Train Loss Components:
  |- loss_rot: 0.03640
  |- loss_pos: 0.26199
  |- fk_loss: 0.77924
  |- smoothness_loss: 0.62933
Val Loss Components:
  |- loss_rot: 0.04673
  |- loss_pos: 0.73955
  |- fk_loss: 1.38111
  |- smoothness_loss: 0.22491
LR: 1.250e-05
Hole frames in this epoch: [4, 16]

Epoch 132 | Train Loss: 0.22613 | Val Loss: 0.44690
Train Loss Components:
  |- loss_rot: 0.03343
  |- loss_pos: 0.24263
  |- fk_loss: 0.69569
  |- smoothness_loss: 0.54357
Val Loss Components:
  |- loss_rot: 0.04672
  |- loss_pos: 0.71610
  |- fk_loss: 1.36309
  |- smoothness_loss: 0.22149
LR: 1.250e-05
Hole frames in this epoch: [4, 16]

Epoch 133 | Train Loss: 0.22651 | Val Loss: 0.44713
Train Loss Components:
  |- loss_rot: 0.04538
  |- loss_pos: 0.40465
  |- fk_loss: 1.10612
  |- smoothness_loss: 0.87835
Val Loss Components:
  |- loss_rot: 0.04658
  |- loss_pos: 0.72503
  |- fk_loss: 1.37055
  |- smoothness_loss: 0.22828
LR: 1.250e-05
Hole frames in this epoch: [4, 16]

Epoch 134 | Train Loss: 0.22625 | Val Loss: 0.44427
Train Loss Components:
  |- loss_rot: 0.02390
  |- loss_pos: 0.17048
  |- fk_loss: 0.42939
  |- smoothness_loss: 0.36292
Val Loss Components:
  |- loss_rot: 0.04660
  |- loss_pos: 0.71304
  |- fk_loss: 1.36199
  |- smoothness_loss: 0.21809
LR: 1.250e-05
Hole frames in this epoch: [4, 16]

Epoch 135 | Train Loss: 0.21994 | Val Loss: 0.44595
Train Loss Components:
  |- loss_rot: 0.04766
  |- loss_pos: 0.58313
  |- fk_loss: 1.32445
  |- smoothness_loss: 1.09614
Val Loss Components:
  |- loss_rot: 0.04665
  |- loss_pos: 0.71523
  |- fk_loss: 1.35940
  |- smoothness_loss: 0.22840
LR: 1.250e-05
Hole frames in this epoch: [4, 16]

Epoch 136 | Train Loss: 0.22442 | Val Loss: 0.44941
Train Loss Components:
  |- loss_rot: 0.02458
  |- loss_pos: 0.17595
  |- fk_loss: 0.46405
  |- smoothness_loss: 0.40778
Val Loss Components:
  |- loss_rot: 0.04658
  |- loss_pos: 0.73165
  |- fk_loss: 1.35800
  |- smoothness_loss: 0.22754
LR: 1.250e-05
Hole frames in this epoch: [4, 16]

Epoch 137 | Train Loss: 0.23214 | Val Loss: 0.44267
Train Loss Components:
  |- loss_rot: 0.04218
  |- loss_pos: 0.30366
  |- fk_loss: 0.92898
  |- smoothness_loss: 0.70950
Val Loss Components:
  |- loss_rot: 0.04649
  |- loss_pos: 0.70723
  |- fk_loss: 1.35610
  |- smoothness_loss: 0.21370
LR: 1.250e-05
Hole frames in this epoch: [4, 16]

Epoch 138 | Train Loss: 0.22669 | Val Loss: 0.44488
Train Loss Components:
  |- loss_rot: 0.02945
  |- loss_pos: 0.20022
  |- fk_loss: 0.54810
  |- smoothness_loss: 0.45254
Val Loss Components:
  |- loss_rot: 0.04649
  |- loss_pos: 0.71900
  |- fk_loss: 1.36210
  |- smoothness_loss: 0.22027
LR: 1.250e-05
Hole frames in this epoch: [4, 16]

Epoch 139 | Train Loss: 0.22008 | Val Loss: 0.44463
Train Loss Components:
  |- loss_rot: 0.04934
  |- loss_pos: 0.47842
  |- fk_loss: 1.27377
  |- smoothness_loss: 0.89363
Val Loss Components:
  |- loss_rot: 0.04652
  |- loss_pos: 0.70697
  |- fk_loss: 1.36515
  |- smoothness_loss: 0.21998
LR: 1.250e-05
Hole frames in this epoch: [4, 16]

Epoch 140 | Train Loss: 0.23121 | Val Loss: 0.44408
Train Loss Components:
  |- loss_rot: 0.03114
  |- loss_pos: 0.21772
  |- fk_loss: 0.60902
  |- smoothness_loss: 0.51505
Val Loss Components:
  |- loss_rot: 0.04649
  |- loss_pos: 0.71747
  |- fk_loss: 1.35597
  |- smoothness_loss: 0.21495
LR: 1.250e-05
Hole frames in this epoch: [4, 16]

Epoch 141 | Train Loss: 0.22156 | Val Loss: 0.44385
Train Loss Components:
  |- loss_rot: 0.04061
  |- loss_pos: 0.30486
  |- fk_loss: 0.86068
  |- smoothness_loss: 0.69442
Val Loss Components:
  |- loss_rot: 0.04640
  |- loss_pos: 0.70816
  |- fk_loss: 1.36018
  |- smoothness_loss: 0.21453
LR: 1.250e-05
Hole frames in this epoch: [4, 16]

Epoch 142 | Train Loss: 0.21645 | Val Loss: 0.44090
Train Loss Components:
  |- loss_rot: 0.03279
  |- loss_pos: 0.23556
  |- fk_loss: 0.67864
  |- smoothness_loss: 0.53256
Val Loss Components:
  |- loss_rot: 0.04634
  |- loss_pos: 0.70273
  |- fk_loss: 1.34963
  |- smoothness_loss: 0.22716
LR: 1.250e-05
Hole frames in this epoch: [4, 16]

Epoch 143 | Train Loss: 0.22191 | Val Loss: 0.44308
Train Loss Components:
  |- loss_rot: 0.02633
  |- loss_pos: 0.18109
  |- fk_loss: 0.47666
  |- smoothness_loss: 0.42062
Val Loss Components:
  |- loss_rot: 0.04629
  |- loss_pos: 0.70940
  |- fk_loss: 1.35690
  |- smoothness_loss: 0.22176
LR: 1.250e-05
Hole frames in this epoch: [4, 16]

Epoch 144 | Train Loss: 0.21997 | Val Loss: 0.44290
Train Loss Components:
  |- loss_rot: 0.04682
  |- loss_pos: 0.37253
  |- fk_loss: 1.08805
  |- smoothness_loss: 0.91514
Val Loss Components:
  |- loss_rot: 0.04630
  |- loss_pos: 0.70816
  |- fk_loss: 1.35447
  |- smoothness_loss: 0.21613
LR: 1.250e-05
Hole frames in this epoch: [4, 16]

Epoch 145 | Train Loss: 0.21838 | Val Loss: 0.44665
Train Loss Components:
  |- loss_rot: 0.03998
  |- loss_pos: 0.29871
  |- fk_loss: 0.85786
  |- smoothness_loss: 0.70915
Val Loss Components:
  |- loss_rot: 0.04637
  |- loss_pos: 0.72875
  |- fk_loss: 1.37069
  |- smoothness_loss: 0.22688
LR: 1.250e-05
Hole frames in this epoch: [4, 16]

Epoch 146 | Train Loss: 0.22168 | Val Loss: 0.44891
Train Loss Components:
  |- loss_rot: 0.03935
  |- loss_pos: 0.26636
  |- fk_loss: 0.81619
  |- smoothness_loss: 0.66887
Val Loss Components:
  |- loss_rot: 0.04644
  |- loss_pos: 0.73600
  |- fk_loss: 1.36740
  |- smoothness_loss: 0.22969
LR: 1.250e-05
Hole frames in this epoch: [4, 16]

Epoch 147 | Train Loss: 0.22293 | Val Loss: 0.44048
Train Loss Components:
  |- loss_rot: 0.02822
  |- loss_pos: 0.19478
  |- fk_loss: 0.53191
  |- smoothness_loss: 0.44428
Val Loss Components:
  |- loss_rot: 0.04617
  |- loss_pos: 0.69278
  |- fk_loss: 1.34608
  |- smoothness_loss: 0.22216
LR: 1.250e-05
Hole frames in this epoch: [4, 16]

Epoch 148 | Train Loss: 0.22149 | Val Loss: 0.44257
Train Loss Components:
  |- loss_rot: 0.05072
  |- loss_pos: 0.43331
  |- fk_loss: 1.25380
  |- smoothness_loss: 0.90920
Val Loss Components:
  |- loss_rot: 0.04607
  |- loss_pos: 0.71047
  |- fk_loss: 1.35577
  |- smoothness_loss: 0.21912
LR: 1.250e-05
Hole frames in this epoch: [4, 16]

Epoch 149 | Train Loss: 0.21702 | Val Loss: 0.44223
Train Loss Components:
  |- loss_rot: 0.04629
  |- loss_pos: 0.45993
  |- fk_loss: 1.13774
  |- smoothness_loss: 0.84132
Val Loss Components:
  |- loss_rot: 0.04605
  |- loss_pos: 0.70675
  |- fk_loss: 1.35435
  |- smoothness_loss: 0.22198
LR: 1.250e-05
Hole frames in this epoch: [4, 16]

Epoch 150 | Train Loss: 0.21480 | Val Loss: 0.44354
Train Loss Components:
  |- loss_rot: 0.03681
  |- loss_pos: 0.28122
  |- fk_loss: 0.79226
  |- smoothness_loss: 0.69266
Val Loss Components:
  |- loss_rot: 0.04612
  |- loss_pos: 0.70367
  |- fk_loss: 1.35271
  |- smoothness_loss: 0.21768
LR: 1.250e-05
Hole frames in this epoch: [4, 16]

Epoch 151 | Train Loss: 0.21728 | Val Loss: 0.44165
Train Loss Components:
  |- loss_rot: 0.02582
  |- loss_pos: 0.17139
  |- fk_loss: 0.47128
  |- smoothness_loss: 0.37885
Val Loss Components:
  |- loss_rot: 0.04601
  |- loss_pos: 0.69969
  |- fk_loss: 1.35262
  |- smoothness_loss: 0.21879
LR: 1.250e-05
Hole frames in this epoch: [4, 16]

Epoch 152 | Train Loss: 0.22296 | Val Loss: 0.44146
Train Loss Components:
  |- loss_rot: 0.02898
  |- loss_pos: 0.19852
  |- fk_loss: 0.51824
  |- smoothness_loss: 0.42015
Val Loss Components:
  |- loss_rot: 0.04612
  |- loss_pos: 0.71062
  |- fk_loss: 1.35623
  |- smoothness_loss: 0.21986
LR: 1.250e-05
Hole frames in this epoch: [4, 16]

Epoch 153 | Train Loss: 0.22833 | Val Loss: 0.44174
Train Loss Components:
  |- loss_rot: 0.02922
  |- loss_pos: 0.19522
  |- fk_loss: 0.56059
  |- smoothness_loss: 0.48255
Val Loss Components:
  |- loss_rot: 0.04615
  |- loss_pos: 0.71412
  |- fk_loss: 1.34737
  |- smoothness_loss: 0.22114
LR: 1.250e-05
Hole frames in this epoch: [4, 16]

Epoch 154 | Train Loss: 0.21868 | Val Loss: 0.43941
Train Loss Components:
  |- loss_rot: 0.02029
  |- loss_pos: 0.14744
  |- fk_loss: 0.35906
  |- smoothness_loss: 0.35783
Val Loss Components:
  |- loss_rot: 0.04603
  |- loss_pos: 0.72072
  |- fk_loss: 1.35297
  |- smoothness_loss: 0.21979
LR: 6.250e-06
Hole frames in this epoch: [4, 16]

Epoch 155 | Train Loss: 0.21287 | Val Loss: 0.44067
Train Loss Components:
  |- loss_rot: 0.03052
  |- loss_pos: 0.20543
  |- fk_loss: 0.59182
  |- smoothness_loss: 0.46792
Val Loss Components:
  |- loss_rot: 0.04596
  |- loss_pos: 0.71758
  |- fk_loss: 1.35117
  |- smoothness_loss: 0.21711
LR: 6.250e-06
Hole frames in this epoch: [4, 16]

Epoch 156 | Train Loss: 0.20951 | Val Loss: 0.43890
Train Loss Components:
  |- loss_rot: 0.04326
  |- loss_pos: 0.29174
  |- fk_loss: 0.88641
  |- smoothness_loss: 0.71485
Val Loss Components:
  |- loss_rot: 0.04596
  |- loss_pos: 0.71153
  |- fk_loss: 1.34661
  |- smoothness_loss: 0.21937
LR: 6.250e-06
Hole frames in this epoch: [4, 16]

Epoch 157 | Train Loss: 0.21198 | Val Loss: 0.43773
Train Loss Components:
  |- loss_rot: 0.02548
  |- loss_pos: 0.19004
  |- fk_loss: 0.49548
  |- smoothness_loss: 0.41001
Val Loss Components:
  |- loss_rot: 0.04597
  |- loss_pos: 0.70800
  |- fk_loss: 1.33671
  |- smoothness_loss: 0.21650
LR: 6.250e-06
Hole frames in this epoch: [4, 16]

Epoch 158 | Train Loss: 0.21835 | Val Loss: 0.43848
Train Loss Components:
  |- loss_rot: 0.04376
  |- loss_pos: 0.32360
  |- fk_loss: 0.98955
  |- smoothness_loss: 0.70983
Val Loss Components:
  |- loss_rot: 0.04593
  |- loss_pos: 0.71762
  |- fk_loss: 1.34531
  |- smoothness_loss: 0.21824
LR: 6.250e-06
Hole frames in this epoch: [4, 16]

Epoch 159 | Train Loss: 0.21342 | Val Loss: 0.43724
Train Loss Components:
  |- loss_rot: 0.03880
  |- loss_pos: 0.26463
  |- fk_loss: 0.78653
  |- smoothness_loss: 0.67891
Val Loss Components:
  |- loss_rot: 0.04588
  |- loss_pos: 0.71542
  |- fk_loss: 1.34042
  |- smoothness_loss: 0.21779
LR: 6.250e-06
Hole frames in this epoch: [4, 16]

Epoch 160 | Train Loss: 0.21549 | Val Loss: 0.43916
Train Loss Components:
  |- loss_rot: 0.03461
  |- loss_pos: 0.22150
  |- fk_loss: 0.69723
  |- smoothness_loss: 0.56600
Val Loss Components:
  |- loss_rot: 0.04589
  |- loss_pos: 0.71963
  |- fk_loss: 1.33944
  |- smoothness_loss: 0.22076
LR: 6.250e-06
Hole frames in this epoch: [4, 16]

Epoch 161 | Train Loss: 0.21891 | Val Loss: 0.43752
Train Loss Components:
  |- loss_rot: 0.04409
  |- loss_pos: 0.29086
  |- fk_loss: 0.92386
  |- smoothness_loss: 0.73637
Val Loss Components:
  |- loss_rot: 0.04583
  |- loss_pos: 0.70634
  |- fk_loss: 1.33857
  |- smoothness_loss: 0.21895
LR: 6.250e-06
Hole frames in this epoch: [4, 16]

Epoch 162 | Train Loss: 0.21163 | Val Loss: 0.43686
Train Loss Components:
  |- loss_rot: 0.03169
  |- loss_pos: 0.21313
  |- fk_loss: 0.62425
  |- smoothness_loss: 0.55430
Val Loss Components:
  |- loss_rot: 0.04576
  |- loss_pos: 0.70955
  |- fk_loss: 1.34216
  |- smoothness_loss: 0.21541
LR: 6.250e-06
Hole frames in this epoch: [4, 16]

Epoch 163 | Train Loss: 0.21905 | Val Loss: 0.43500
Train Loss Components:
  |- loss_rot: 0.04939
  |- loss_pos: 0.40773
  |- fk_loss: 1.18070
  |- smoothness_loss: 0.89073
Val Loss Components:
  |- loss_rot: 0.04580
  |- loss_pos: 0.70899
  |- fk_loss: 1.33927
  |- smoothness_loss: 0.22226
LR: 6.250e-06
Hole frames in this epoch: [4, 16]

Epoch 164 | Train Loss: 0.20828 | Val Loss: 0.43741
Train Loss Components:
  |- loss_rot: 0.04885
  |- loss_pos: 0.41140
  |- fk_loss: 1.20963
  |- smoothness_loss: 0.91802
Val Loss Components:
  |- loss_rot: 0.04580
  |- loss_pos: 0.70281
  |- fk_loss: 1.33578
  |- smoothness_loss: 0.22147
LR: 6.250e-06
Hole frames in this epoch: [4, 16]

Epoch 165 | Train Loss: 0.21916 | Val Loss: 0.43703
Train Loss Components:
  |- loss_rot: 0.03637
  |- loss_pos: 0.26959
  |- fk_loss: 0.76747
  |- smoothness_loss: 0.60287
Val Loss Components:
  |- loss_rot: 0.04581
  |- loss_pos: 0.71599
  |- fk_loss: 1.34474
  |- smoothness_loss: 0.21946
LR: 6.250e-06
Hole frames in this epoch: [4, 16]

Epoch 166 | Train Loss: 0.20798 | Val Loss: 0.43766
Train Loss Components:
  |- loss_rot: 0.04868
  |- loss_pos: 0.46179
  |- fk_loss: 1.24272
  |- smoothness_loss: 0.94523
Val Loss Components:
  |- loss_rot: 0.04579
  |- loss_pos: 0.71969
  |- fk_loss: 1.34640
  |- smoothness_loss: 0.22569
LR: 6.250e-06
Hole frames in this epoch: [4, 16]

Epoch 167 | Train Loss: 0.21412 | Val Loss: 0.43380
Train Loss Components:
  |- loss_rot: 0.04245
  |- loss_pos: 0.31630
  |- fk_loss: 0.94782
  |- smoothness_loss: 0.71190
Val Loss Components:
  |- loss_rot: 0.04576
  |- loss_pos: 0.69938
  |- fk_loss: 1.33712
  |- smoothness_loss: 0.22028
LR: 6.250e-06
Hole frames in this epoch: [4, 16]

Epoch 168 | Train Loss: 0.21159 | Val Loss: 0.43511
Train Loss Components:
  |- loss_rot: 0.02156
  |- loss_pos: 0.14522
  |- fk_loss: 0.38674
  |- smoothness_loss: 0.38034
Val Loss Components:
  |- loss_rot: 0.04574
  |- loss_pos: 0.70078
  |- fk_loss: 1.32940
  |- smoothness_loss: 0.21915
LR: 6.250e-06
Hole frames in this epoch: [4, 16]

Epoch 169 | Train Loss: 0.21224 | Val Loss: 0.43827
Train Loss Components:
  |- loss_rot: 0.03978
  |- loss_pos: 0.25565
  |- fk_loss: 0.80260
  |- smoothness_loss: 0.70121
Val Loss Components:
  |- loss_rot: 0.04569
  |- loss_pos: 0.70085
  |- fk_loss: 1.33230
  |- smoothness_loss: 0.21798
LR: 6.250e-06
Hole frames in this epoch: [4, 16]

Epoch 170 | Train Loss: 0.21643 | Val Loss: 0.43342
Train Loss Components:
  |- loss_rot: 0.02126
  |- loss_pos: 0.12973
  |- fk_loss: 0.36435
  |- smoothness_loss: 0.33137
Val Loss Components:
  |- loss_rot: 0.04575
  |- loss_pos: 0.69411
  |- fk_loss: 1.33272
  |- smoothness_loss: 0.22006
LR: 6.250e-06
Hole frames in this epoch: [4, 16]

Epoch 171 | Train Loss: 0.21513 | Val Loss: 0.43854
Train Loss Components:
  |- loss_rot: 0.03178
  |- loss_pos: 0.21431
  |- fk_loss: 0.62239
  |- smoothness_loss: 0.50628
Val Loss Components:
  |- loss_rot: 0.04572
  |- loss_pos: 0.72167
  |- fk_loss: 1.34155
  |- smoothness_loss: 0.22493
LR: 6.250e-06
Hole frames in this epoch: [4, 16]

Epoch 172 | Train Loss: 0.20866 | Val Loss: 0.43635
Train Loss Components:
  |- loss_rot: 0.04202
  |- loss_pos: 0.33339
  |- fk_loss: 0.96282
  |- smoothness_loss: 0.84109
Val Loss Components:
  |- loss_rot: 0.04570
  |- loss_pos: 0.70987
  |- fk_loss: 1.34168
  |- smoothness_loss: 0.22173
LR: 6.250e-06
Hole frames in this epoch: [4, 16]

Epoch 173 | Train Loss: 0.21156 | Val Loss: 0.43412
Train Loss Components:
  |- loss_rot: 0.03338
  |- loss_pos: 0.22095
  |- fk_loss: 0.63665
  |- smoothness_loss: 0.51910
Val Loss Components:
  |- loss_rot: 0.04565
  |- loss_pos: 0.71205
  |- fk_loss: 1.33477
  |- smoothness_loss: 0.23024
LR: 6.250e-06
Hole frames in this epoch: [4, 16]

Epoch 174 | Train Loss: 0.21511 | Val Loss: 0.43693
Train Loss Components:
  |- loss_rot: 0.05189
  |- loss_pos: 0.58003
  |- fk_loss: 1.42317
  |- smoothness_loss: 1.03817
Val Loss Components:
  |- loss_rot: 0.04576
  |- loss_pos: 0.70873
  |- fk_loss: 1.33553
  |- smoothness_loss: 0.22277
LR: 6.250e-06
Hole frames in this epoch: [4, 16]

Epoch 175 | Train Loss: 0.21339 | Val Loss: 0.43402
Train Loss Components:
  |- loss_rot: 0.02977
  |- loss_pos: 0.21290
  |- fk_loss: 0.56731
  |- smoothness_loss: 0.53448
Val Loss Components:
  |- loss_rot: 0.04571
  |- loss_pos: 0.70780
  |- fk_loss: 1.33412
  |- smoothness_loss: 0.22450
LR: 6.250e-06
Hole frames in this epoch: [4, 16]

Epoch 176 | Train Loss: 0.20894 | Val Loss: 0.43464
Train Loss Components:
  |- loss_rot: 0.03403
  |- loss_pos: 0.24107
  |- fk_loss: 0.66663
  |- smoothness_loss: 0.56497
Val Loss Components:
  |- loss_rot: 0.04570
  |- loss_pos: 0.70557
  |- fk_loss: 1.33135
  |- smoothness_loss: 0.21809
LR: 6.250e-06
Hole frames in this epoch: [4, 16]

Epoch 177 | Train Loss: 0.20946 | Val Loss: 0.43353
Train Loss Components:
  |- loss_rot: 0.02687
  |- loss_pos: 0.17441
  |- fk_loss: 0.51598
  |- smoothness_loss: 0.44739
Val Loss Components:
  |- loss_rot: 0.04562
  |- loss_pos: 0.69712
  |- fk_loss: 1.32831
  |- smoothness_loss: 0.21041
LR: 3.125e-06
Hole frames in this epoch: [4, 16]

Epoch 178 | Train Loss: 0.20835 | Val Loss: 0.43297
Train Loss Components:
  |- loss_rot: 0.04306
  |- loss_pos: 0.35954
  |- fk_loss: 1.02537
  |- smoothness_loss: 0.82300
Val Loss Components:
  |- loss_rot: 0.04563
  |- loss_pos: 0.70021
  |- fk_loss: 1.32894
  |- smoothness_loss: 0.21475
LR: 3.125e-06
Hole frames in this epoch: [4, 16]

Epoch 179 | Train Loss: 0.21332 | Val Loss: 0.43207
Train Loss Components:
  |- loss_rot: 0.03612
  |- loss_pos: 0.24932
  |- fk_loss: 0.75582
  |- smoothness_loss: 0.57402
Val Loss Components:
  |- loss_rot: 0.04572
  |- loss_pos: 0.70815
  |- fk_loss: 1.33264
  |- smoothness_loss: 0.21731
LR: 3.125e-06
Hole frames in this epoch: [4, 16]

Epoch 180 | Train Loss: 0.21020 | Val Loss: 0.43230
Train Loss Components:
  |- loss_rot: 0.02570
  |- loss_pos: 0.16269
  |- fk_loss: 0.46727
  |- smoothness_loss: 0.38770
Val Loss Components:
  |- loss_rot: 0.04561
  |- loss_pos: 0.69737
  |- fk_loss: 1.32811
  |- smoothness_loss: 0.21805
LR: 3.125e-06
Hole frames in this epoch: [4, 16]

Epoch 181 | Train Loss: 0.20480 | Val Loss: 0.43229
Train Loss Components:
  |- loss_rot: 0.03536
  |- loss_pos: 0.21223
  |- fk_loss: 0.70470
  |- smoothness_loss: 0.57112
Val Loss Components:
  |- loss_rot: 0.04564
  |- loss_pos: 0.69757
  |- fk_loss: 1.32607
  |- smoothness_loss: 0.22313
LR: 3.125e-06
Hole frames in this epoch: [4, 16]

Epoch 182 | Train Loss: 0.20414 | Val Loss: 0.43246
Train Loss Components:
  |- loss_rot: 0.03206
  |- loss_pos: 0.21185
  |- fk_loss: 0.61347
  |- smoothness_loss: 0.53608
Val Loss Components:
  |- loss_rot: 0.04565
  |- loss_pos: 0.70122
  |- fk_loss: 1.32993
  |- smoothness_loss: 0.21617
LR: 3.125e-06
Hole frames in this epoch: [4, 16]

Epoch 183 | Train Loss: 0.20632 | Val Loss: 0.43364
Train Loss Components:
  |- loss_rot: 0.04668
  |- loss_pos: 0.52239
  |- fk_loss: 1.28871
  |- smoothness_loss: 0.83112
Val Loss Components:
  |- loss_rot: 0.04565
  |- loss_pos: 0.70445
  |- fk_loss: 1.33347
  |- smoothness_loss: 0.21649
LR: 3.125e-06
Hole frames in this epoch: [4, 16]

Epoch 184 | Train Loss: 0.20580 | Val Loss: 0.43266
Train Loss Components:
  |- loss_rot: 0.04454
  |- loss_pos: 0.28972
  |- fk_loss: 0.97911
  |- smoothness_loss: 0.80273
Val Loss Components:
  |- loss_rot: 0.04555
  |- loss_pos: 0.70317
  |- fk_loss: 1.32924
  |- smoothness_loss: 0.21906
LR: 3.125e-06
Hole frames in this epoch: [4, 16]

Epoch 185 | Train Loss: 0.20118 | Val Loss: 0.43146
Train Loss Components:
  |- loss_rot: 0.04674
  |- loss_pos: 0.44393
  |- fk_loss: 1.19071
  |- smoothness_loss: 0.85350
Val Loss Components:
  |- loss_rot: 0.04558
  |- loss_pos: 0.70091
  |- fk_loss: 1.32710
  |- smoothness_loss: 0.22061
LR: 3.125e-06
Hole frames in this epoch: [4, 16]

Epoch 186 | Train Loss: 0.20861 | Val Loss: 0.43098
Train Loss Components:
  |- loss_rot: 0.03849
  |- loss_pos: 0.23730
  |- fk_loss: 0.78554
  |- smoothness_loss: 0.59941
Val Loss Components:
  |- loss_rot: 0.04555
  |- loss_pos: 0.70246
  |- fk_loss: 1.32816
  |- smoothness_loss: 0.21255
LR: 3.125e-06
Hole frames in this epoch: [4, 16]

Epoch 187 | Train Loss: 0.20450 | Val Loss: 0.43160
Train Loss Components:
  |- loss_rot: 0.02940
  |- loss_pos: 0.19820
  |- fk_loss: 0.56534
  |- smoothness_loss: 0.47296
Val Loss Components:
  |- loss_rot: 0.04551
  |- loss_pos: 0.69782
  |- fk_loss: 1.32994
  |- smoothness_loss: 0.22007
LR: 3.125e-06
Hole frames in this epoch: [4, 16]

Epoch 188 | Train Loss: 0.20784 | Val Loss: 0.43170
Train Loss Components:
  |- loss_rot: 0.03674
  |- loss_pos: 0.23708
  |- fk_loss: 0.69312
  |- smoothness_loss: 0.61217
Val Loss Components:
  |- loss_rot: 0.04553
  |- loss_pos: 0.69379
  |- fk_loss: 1.32611
  |- smoothness_loss: 0.21510
LR: 3.125e-06
Hole frames in this epoch: [4, 16]

Epoch 189 | Train Loss: 0.20656 | Val Loss: 0.42992
Train Loss Components:
  |- loss_rot: 0.04809
  |- loss_pos: 0.39574
  |- fk_loss: 1.14718
  |- smoothness_loss: 0.97817
Val Loss Components:
  |- loss_rot: 0.04552
  |- loss_pos: 0.68721
  |- fk_loss: 1.32528
  |- smoothness_loss: 0.21664
LR: 3.125e-06
Hole frames in this epoch: [4, 16]

Epoch 190 | Train Loss: 0.20766 | Val Loss: 0.43403
Train Loss Components:
  |- loss_rot: 0.04376
  |- loss_pos: 0.36463
  |- fk_loss: 1.04546
  |- smoothness_loss: 0.78582
Val Loss Components:
  |- loss_rot: 0.04553
  |- loss_pos: 0.69351
  |- fk_loss: 1.32609
  |- smoothness_loss: 0.21697
LR: 3.125e-06
Hole frames in this epoch: [4, 16]

Epoch 191 | Train Loss: 0.20651 | Val Loss: 0.43261
Train Loss Components:
  |- loss_rot: 0.02717
  |- loss_pos: 0.18231
  |- fk_loss: 0.51819
  |- smoothness_loss: 0.40307
Val Loss Components:
  |- loss_rot: 0.04552
  |- loss_pos: 0.69604
  |- fk_loss: 1.32675
  |- smoothness_loss: 0.21963
LR: 3.125e-06
Hole frames in this epoch: [4, 16]

Epoch 192 | Train Loss: 0.20885 | Val Loss: 0.43059
Train Loss Components:
  |- loss_rot: 0.04364
  |- loss_pos: 0.29727
  |- fk_loss: 0.97115
  |- smoothness_loss: 0.71768
Val Loss Components:
  |- loss_rot: 0.04549
  |- loss_pos: 0.68926
  |- fk_loss: 1.31540
  |- smoothness_loss: 0.21776
LR: 3.125e-06
Hole frames in this epoch: [4, 16]

Epoch 193 | Train Loss: 0.21626 | Val Loss: 0.43209
Train Loss Components:
  |- loss_rot: 0.01898
  |- loss_pos: 0.13154
  |- fk_loss: 0.31929
  |- smoothness_loss: 0.30022
Val Loss Components:
  |- loss_rot: 0.04552
  |- loss_pos: 0.69582
  |- fk_loss: 1.32641
  |- smoothness_loss: 0.21604
LR: 3.125e-06
Hole frames in this epoch: [4, 16]

Epoch 194 | Train Loss: 0.20942 | Val Loss: 0.43136
Train Loss Components:
  |- loss_rot: 0.03325
  |- loss_pos: 0.19437
  |- fk_loss: 0.59841
  |- smoothness_loss: 0.50788
Val Loss Components:
  |- loss_rot: 0.04558
  |- loss_pos: 0.69705
  |- fk_loss: 1.32805
  |- smoothness_loss: 0.22063
LR: 3.125e-06
Hole frames in this epoch: [4, 16]

Epoch 195 | Train Loss: 0.21615 | Val Loss: 0.43132
Train Loss Components:
  |- loss_rot: 0.04007
  |- loss_pos: 0.31976
  |- fk_loss: 0.98078
  |- smoothness_loss: 0.57828
Val Loss Components:
  |- loss_rot: 0.04553
  |- loss_pos: 0.69085
  |- fk_loss: 1.32108
  |- smoothness_loss: 0.21631
LR: 3.125e-06
Hole frames in this epoch: [4, 16]

Epoch 196 | Train Loss: 0.21399 | Val Loss: 0.43057
Train Loss Components:
  |- loss_rot: 0.02493
  |- loss_pos: 0.16870
  |- fk_loss: 0.44993
  |- smoothness_loss: 0.42239
Val Loss Components:
  |- loss_rot: 0.04549
  |- loss_pos: 0.69776
  |- fk_loss: 1.32210
  |- smoothness_loss: 0.22052
LR: 1.563e-06
Hole frames in this epoch: [4, 16]

Epoch 197 | Train Loss: 0.20713 | Val Loss: 0.43167
Train Loss Components:
  |- loss_rot: 0.02811
  |- loss_pos: 0.17557
  |- fk_loss: 0.48605
  |- smoothness_loss: 0.45711
Val Loss Components:
  |- loss_rot: 0.04549
  |- loss_pos: 0.69807
  |- fk_loss: 1.32348
  |- smoothness_loss: 0.21434
LR: 1.563e-06
Hole frames in this epoch: [4, 16]

Training time: 6084.13 s