Epoch 1 | Train Loss: 0.18388 | Val Loss: 0.29405
Train Loss Components:
  |- loss_rot: 0.09963
  |- loss_pos: 0.12742
  |- fk_loss: 0.46508
  |- smoothness_loss: 0.07540
Val Loss Components:
  |- loss_rot: 0.11048
  |- loss_pos: 0.48696
  |- fk_loss: 0.96282
  |- smoothness_loss: 0.00101
LR: 1.000e-04
Hole frames in this epoch: [4, 6]

Epoch 2 | Train Loss: 0.14341 | Val Loss: 0.28530
Train Loss Components:
  |- loss_rot: 0.09291
  |- loss_pos: 0.25225
  |- fk_loss: 0.56972
  |- smoothness_loss: 0.04042
Val Loss Components:
  |- loss_rot: 0.09972
  |- loss_pos: 0.48575
  |- fk_loss: 0.91916
  |- smoothness_loss: 0.00082
LR: 1.000e-04
Hole frames in this epoch: [4, 8]

Epoch 3 | Train Loss: 0.14162 | Val Loss: 0.27967
Train Loss Components:
  |- loss_rot: 0.07730
  |- loss_pos: 0.11475
  |- fk_loss: 0.41045
  |- smoothness_loss: 0.02786
Val Loss Components:
  |- loss_rot: 0.09109
  |- loss_pos: 0.48500
  |- fk_loss: 0.91068
  |- smoothness_loss: 0.00081
LR: 1.000e-04
Hole frames in this epoch: [4, 10]

Epoch 4 | Train Loss: 0.15602 | Val Loss: 0.27515
Train Loss Components:
  |- loss_rot: 0.08129
  |- loss_pos: 0.31250
  |- fk_loss: 0.63348
  |- smoothness_loss: 0.02531
Val Loss Components:
  |- loss_rot: 0.08503
  |- loss_pos: 0.48480
  |- fk_loss: 0.88985
  |- smoothness_loss: 0.00074
LR: 1.000e-04
Hole frames in this epoch: [4, 12]

Epoch 5 | Train Loss: 0.15964 | Val Loss: 0.26759
Train Loss Components:
  |- loss_rot: 0.06211
  |- loss_pos: 0.07370
  |- fk_loss: 0.29784
  |- smoothness_loss: 0.02464
Val Loss Components:
  |- loss_rot: 0.07734
  |- loss_pos: 0.48394
  |- fk_loss: 0.86928
  |- smoothness_loss: 0.00069
LR: 1.000e-04
Hole frames in this epoch: [4, 14]

Epoch 6 | Train Loss: 0.17206 | Val Loss: 0.26150
Train Loss Components:
  |- loss_rot: 0.05452
  |- loss_pos: 0.09567
  |- fk_loss: 0.22388
  |- smoothness_loss: 0.02607
Val Loss Components:
  |- loss_rot: 0.07180
  |- loss_pos: 0.48404
  |- fk_loss: 0.84077
  |- smoothness_loss: 0.00062
LR: 1.000e-04
Hole frames in this epoch: [4, 16]

Epoch 7 | Train Loss: 0.16323 | Val Loss: 0.25864
Train Loss Components:
  |- loss_rot: 0.05174
  |- loss_pos: 0.12018
  |- fk_loss: 0.26038
  |- smoothness_loss: 0.02063
Val Loss Components:
  |- loss_rot: 0.06897
  |- loss_pos: 0.48290
  |- fk_loss: 0.83306
  |- smoothness_loss: 0.00071
LR: 1.000e-04
Hole frames in this epoch: [4, 16]

Epoch 8 | Train Loss: 0.16781 | Val Loss: 0.25561
Train Loss Components:
  |- loss_rot: 0.07063
  |- loss_pos: 0.35071
  |- fk_loss: 0.65801
  |- smoothness_loss: 0.01800
Val Loss Components:
  |- loss_rot: 0.06692
  |- loss_pos: 0.48076
  |- fk_loss: 0.82036
  |- smoothness_loss: 0.00076
LR: 1.000e-04
Hole frames in this epoch: [4, 16]

Epoch 9 | Train Loss: 0.16643 | Val Loss: 0.25344
Train Loss Components:
  |- loss_rot: 0.06223
  |- loss_pos: 0.40238
  |- fk_loss: 0.68123
  |- smoothness_loss: 0.01872
Val Loss Components:
  |- loss_rot: 0.06565
  |- loss_pos: 0.47828
  |- fk_loss: 0.81069
  |- smoothness_loss: 0.00080
LR: 1.000e-04
Hole frames in this epoch: [4, 16]

Epoch 10 | Train Loss: 0.15265 | Val Loss: 0.25251
Train Loss Components:
  |- loss_rot: 0.04988
  |- loss_pos: 0.15241
  |- fk_loss: 0.32448
  |- smoothness_loss: 0.01520
Val Loss Components:
  |- loss_rot: 0.06298
  |- loss_pos: 0.47411
  |- fk_loss: 0.81245
  |- smoothness_loss: 0.00071
LR: 1.000e-04
Hole frames in this epoch: [4, 16]

Epoch 11 | Train Loss: 0.13921 | Val Loss: 0.25071
Train Loss Components:
  |- loss_rot: 0.04584
  |- loss_pos: 0.17676
  |- fk_loss: 0.31779
  |- smoothness_loss: 0.01060
Val Loss Components:
  |- loss_rot: 0.06123
  |- loss_pos: 0.47556
  |- fk_loss: 0.80707
  |- smoothness_loss: 0.00064
LR: 1.000e-04
Hole frames in this epoch: [4, 16]

Epoch 12 | Train Loss: 0.14756 | Val Loss: 0.24685
Train Loss Components:
  |- loss_rot: 0.05890
  |- loss_pos: 0.34451
  |- fk_loss: 0.57981
  |- smoothness_loss: 0.01271
Val Loss Components:
  |- loss_rot: 0.05991
  |- loss_pos: 0.47131
  |- fk_loss: 0.79835
  |- smoothness_loss: 0.00076
LR: 1.000e-04
Hole frames in this epoch: [4, 16]

Epoch 13 | Train Loss: 0.15501 | Val Loss: 0.24530
Train Loss Components:
  |- loss_rot: 0.03938
  |- loss_pos: 0.12679
  |- fk_loss: 0.23924
  |- smoothness_loss: 0.01048
Val Loss Components:
  |- loss_rot: 0.05770
  |- loss_pos: 0.46829
  |- fk_loss: 0.79847
  |- smoothness_loss: 0.00074
LR: 1.000e-04
Hole frames in this epoch: [4, 16]

Epoch 14 | Train Loss: 0.15185 | Val Loss: 0.24567
Train Loss Components:
  |- loss_rot: 0.04609
  |- loss_pos: 0.23377
  |- fk_loss: 0.41893
  |- smoothness_loss: 0.00807
Val Loss Components:
  |- loss_rot: 0.05562
  |- loss_pos: 0.47177
  |- fk_loss: 0.79577
  |- smoothness_loss: 0.00066
LR: 1.000e-04
Hole frames in this epoch: [4, 16]

Epoch 15 | Train Loss: 0.15311 | Val Loss: 0.24397
Train Loss Components:
  |- loss_rot: 0.04629
  |- loss_pos: 0.27548
  |- fk_loss: 0.43420
  |- smoothness_loss: 0.00939
Val Loss Components:
  |- loss_rot: 0.05453
  |- loss_pos: 0.47245
  |- fk_loss: 0.79191
  |- smoothness_loss: 0.00065
LR: 1.000e-04
Hole frames in this epoch: [4, 16]

Epoch 16 | Train Loss: 0.15541 | Val Loss: 0.24520
Train Loss Components:
  |- loss_rot: 0.04539
  |- loss_pos: 0.33270
  |- fk_loss: 0.54048
  |- smoothness_loss: 0.00704
Val Loss Components:
  |- loss_rot: 0.05289
  |- loss_pos: 0.47820
  |- fk_loss: 0.79577
  |- smoothness_loss: 0.00062
LR: 1.000e-04
Hole frames in this epoch: [4, 16]

Epoch 17 | Train Loss: 0.15104 | Val Loss: 0.24000
Train Loss Components:
  |- loss_rot: 0.03616
  |- loss_pos: 0.11872
  |- fk_loss: 0.23144
  |- smoothness_loss: 0.00807
Val Loss Components:
  |- loss_rot: 0.05180
  |- loss_pos: 0.46683
  |- fk_loss: 0.78352
  |- smoothness_loss: 0.00102
LR: 1.000e-04
Hole frames in this epoch: [4, 16]

Epoch 18 | Train Loss: 0.13219 | Val Loss: 0.24163
Train Loss Components:
  |- loss_rot: 0.02937
  |- loss_pos: 0.07167
  |- fk_loss: 0.15882
  |- smoothness_loss: 0.00705
Val Loss Components:
  |- loss_rot: 0.05075
  |- loss_pos: 0.47289
  |- fk_loss: 0.78750
  |- smoothness_loss: 0.00086
LR: 1.000e-04
Hole frames in this epoch: [4, 16]

Epoch 19 | Train Loss: 0.14450 | Val Loss: 0.23425
Train Loss Components:
  |- loss_rot: 0.04416
  |- loss_pos: 0.35420
  |- fk_loss: 0.57713
  |- smoothness_loss: 0.00884
Val Loss Components:
  |- loss_rot: 0.05018
  |- loss_pos: 0.46463
  |- fk_loss: 0.77359
  |- smoothness_loss: 0.00135
LR: 1.000e-04
Hole frames in this epoch: [4, 16]

Epoch 20 | Train Loss: 0.13592 | Val Loss: 0.23500
Train Loss Components:
  |- loss_rot: 0.03047
  |- loss_pos: 0.12429
  |- fk_loss: 0.22791
  |- smoothness_loss: 0.00627
Val Loss Components:
  |- loss_rot: 0.05074
  |- loss_pos: 0.46204
  |- fk_loss: 0.77698
  |- smoothness_loss: 0.00298
LR: 1.000e-04
Hole frames in this epoch: [4, 16]

Epoch 21 | Train Loss: 0.13819 | Val Loss: 0.22554
Train Loss Components:
  |- loss_rot: 0.03921
  |- loss_pos: 0.26841
  |- fk_loss: 0.41409
  |- smoothness_loss: 0.00722
Val Loss Components:
  |- loss_rot: 0.04852
  |- loss_pos: 0.45041
  |- fk_loss: 0.75981
  |- smoothness_loss: 0.00147
LR: 1.000e-04
Hole frames in this epoch: [4, 16]

Epoch 22 | Train Loss: 0.13556 | Val Loss: 0.22780
Train Loss Components:
  |- loss_rot: 0.02889
  |- loss_pos: 0.15046
  |- fk_loss: 0.23299
  |- smoothness_loss: 0.00548
Val Loss Components:
  |- loss_rot: 0.04828
  |- loss_pos: 0.45220
  |- fk_loss: 0.76151
  |- smoothness_loss: 0.00153
LR: 1.000e-04
Hole frames in this epoch: [4, 16]

Epoch 23 | Train Loss: 0.13466 | Val Loss: 0.21928
Train Loss Components:
  |- loss_rot: 0.02178
  |- loss_pos: 0.05404
  |- fk_loss: 0.12915
  |- smoothness_loss: 0.00553
Val Loss Components:
  |- loss_rot: 0.04739
  |- loss_pos: 0.42772
  |- fk_loss: 0.74790
  |- smoothness_loss: 0.00153
LR: 1.000e-04
Hole frames in this epoch: [4, 16]

Epoch 24 | Train Loss: 0.12757 | Val Loss: 0.21696
Train Loss Components:
  |- loss_rot: 0.04004
  |- loss_pos: 0.26580
  |- fk_loss: 0.44158
  |- smoothness_loss: 0.00757
Val Loss Components:
  |- loss_rot: 0.04681
  |- loss_pos: 0.43659
  |- fk_loss: 0.74761
  |- smoothness_loss: 0.00138
LR: 1.000e-04
Hole frames in this epoch: [4, 16]

Epoch 25 | Train Loss: 0.12365 | Val Loss: 0.20775
Train Loss Components:
  |- loss_rot: 0.03453
  |- loss_pos: 0.20083
  |- fk_loss: 0.38935
  |- smoothness_loss: 0.00549
Val Loss Components:
  |- loss_rot: 0.04647
  |- loss_pos: 0.40896
  |- fk_loss: 0.73102
  |- smoothness_loss: 0.00217
LR: 1.000e-04
Hole frames in this epoch: [4, 16]

Epoch 26 | Train Loss: 0.12945 | Val Loss: 0.21033
Train Loss Components:
  |- loss_rot: 0.02437
  |- loss_pos: 0.09670
  |- fk_loss: 0.19515
  |- smoothness_loss: 0.00412
Val Loss Components:
  |- loss_rot: 0.04595
  |- loss_pos: 0.42225
  |- fk_loss: 0.73501
  |- smoothness_loss: 0.00198
LR: 1.000e-04
Hole frames in this epoch: [4, 16]

Epoch 27 | Train Loss: 0.12809 | Val Loss: 0.20667
Train Loss Components:
  |- loss_rot: 0.02335
  |- loss_pos: 0.11439
  |- fk_loss: 0.18771
  |- smoothness_loss: 0.00358
Val Loss Components:
  |- loss_rot: 0.04535
  |- loss_pos: 0.40607
  |- fk_loss: 0.72376
  |- smoothness_loss: 0.00165
LR: 1.000e-04
Hole frames in this epoch: [4, 16]

Epoch 28 | Train Loss: 0.12152 | Val Loss: 0.20585
Train Loss Components:
  |- loss_rot: 0.04065
  |- loss_pos: 0.22694
  |- fk_loss: 0.45542
  |- smoothness_loss: 0.00597
Val Loss Components:
  |- loss_rot: 0.04484
  |- loss_pos: 0.40713
  |- fk_loss: 0.72467
  |- smoothness_loss: 0.00150
LR: 1.000e-04
Hole frames in this epoch: [4, 16]

Epoch 29 | Train Loss: 0.12983 | Val Loss: 0.20678
Train Loss Components:
  |- loss_rot: 0.02801
  |- loss_pos: 0.14452
  |- fk_loss: 0.28748
  |- smoothness_loss: 0.00513
Val Loss Components:
  |- loss_rot: 0.04438
  |- loss_pos: 0.40491
  |- fk_loss: 0.72122
  |- smoothness_loss: 0.00141
LR: 1.000e-04
Hole frames in this epoch: [4, 16]

Epoch 30 | Train Loss: 0.12087 | Val Loss: 0.20165
Train Loss Components:
  |- loss_rot: 0.02230
  |- loss_pos: 0.12328
  |- fk_loss: 0.18736
  |- smoothness_loss: 0.00369
Val Loss Components:
  |- loss_rot: 0.04407
  |- loss_pos: 0.40044
  |- fk_loss: 0.72212
  |- smoothness_loss: 0.00174
LR: 1.000e-04
Hole frames in this epoch: [4, 16]

Epoch 31 | Train Loss: 0.11534 | Val Loss: 0.20122
Train Loss Components:
  |- loss_rot: 0.03880
  |- loss_pos: 0.22677
  |- fk_loss: 0.49093
  |- smoothness_loss: 0.00821
Val Loss Components:
  |- loss_rot: 0.04366
  |- loss_pos: 0.40026
  |- fk_loss: 0.72070
  |- smoothness_loss: 0.00176
LR: 1.000e-04
Hole frames in this epoch: [4, 16]

Epoch 32 | Train Loss: 0.12355 | Val Loss: 0.20148
Train Loss Components:
  |- loss_rot: 0.02669
  |- loss_pos: 0.19715
  |- fk_loss: 0.30998
  |- smoothness_loss: 0.00620
Val Loss Components:
  |- loss_rot: 0.04343
  |- loss_pos: 0.40349
  |- fk_loss: 0.71618
  |- smoothness_loss: 0.00229
LR: 1.000e-04
Hole frames in this epoch: [4, 16]

Epoch 33 | Train Loss: 0.12015 | Val Loss: 0.20261
Train Loss Components:
  |- loss_rot: 0.03348
  |- loss_pos: 0.24494
  |- fk_loss: 0.45433
  |- smoothness_loss: 0.00523
Val Loss Components:
  |- loss_rot: 0.04283
  |- loss_pos: 0.40308
  |- fk_loss: 0.71720
  |- smoothness_loss: 0.00177
LR: 1.000e-04
Hole frames in this epoch: [4, 16]

Epoch 34 | Train Loss: 0.11161 | Val Loss: 0.20415
Train Loss Components:
  |- loss_rot: 0.03962
  |- loss_pos: 0.27474
  |- fk_loss: 0.51753
  |- smoothness_loss: 0.01031
Val Loss Components:
  |- loss_rot: 0.04366
  |- loss_pos: 0.40067
  |- fk_loss: 0.73908
  |- smoothness_loss: 0.00316
LR: 1.000e-04
Hole frames in this epoch: [4, 16]

Epoch 35 | Train Loss: 0.11381 | Val Loss: 0.19774
Train Loss Components:
  |- loss_rot: 0.02229
  |- loss_pos: 0.12756
  |- fk_loss: 0.20537
  |- smoothness_loss: 0.00313
Val Loss Components:
  |- loss_rot: 0.04206
  |- loss_pos: 0.38743
  |- fk_loss: 0.69545
  |- smoothness_loss: 0.00201
LR: 1.000e-04
Hole frames in this epoch: [4, 16]

Epoch 36 | Train Loss: 0.11351 | Val Loss: 0.19707
Train Loss Components:
  |- loss_rot: 0.02308
  |- loss_pos: 0.12375
  |- fk_loss: 0.23134
  |- smoothness_loss: 0.00399
Val Loss Components:
  |- loss_rot: 0.04171
  |- loss_pos: 0.38374
  |- fk_loss: 0.69265
  |- smoothness_loss: 0.00182
LR: 1.000e-04
Hole frames in this epoch: [4, 16]

Epoch 37 | Train Loss: 0.12276 | Val Loss: 0.18987
Train Loss Components:
  |- loss_rot: 0.03479
  |- loss_pos: 0.21553
  |- fk_loss: 0.44447
  |- smoothness_loss: 0.00802
Val Loss Components:
  |- loss_rot: 0.04157
  |- loss_pos: 0.38338
  |- fk_loss: 0.67533
  |- smoothness_loss: 0.00318
LR: 1.000e-04
Hole frames in this epoch: [4, 16]

Epoch 38 | Train Loss: 0.10773 | Val Loss: 0.18415
Train Loss Components:
  |- loss_rot: 0.04424
  |- loss_pos: 0.27133
  |- fk_loss: 0.53107
  |- smoothness_loss: 0.01283
Val Loss Components:
  |- loss_rot: 0.04119
  |- loss_pos: 0.37092
  |- fk_loss: 0.65405
  |- smoothness_loss: 0.00351
LR: 1.000e-04
Hole frames in this epoch: [4, 16]

Epoch 39 | Train Loss: 0.11236 | Val Loss: 0.18029
Train Loss Components:
  |- loss_rot: 0.03395
  |- loss_pos: 0.20610
  |- fk_loss: 0.41016
  |- smoothness_loss: 0.01387
Val Loss Components:
  |- loss_rot: 0.04099
  |- loss_pos: 0.36263
  |- fk_loss: 0.64419
  |- smoothness_loss: 0.00358
LR: 1.000e-04
Hole frames in this epoch: [4, 16]

Epoch 40 | Train Loss: 0.10311 | Val Loss: 0.17913
Train Loss Components:
  |- loss_rot: 0.01729
  |- loss_pos: 0.07713
  |- fk_loss: 0.15117
  |- smoothness_loss: 0.00563
Val Loss Components:
  |- loss_rot: 0.04096
  |- loss_pos: 0.36592
  |- fk_loss: 0.62653
  |- smoothness_loss: 0.00544
LR: 1.000e-04
Hole frames in this epoch: [4, 16]

Epoch 41 | Train Loss: 0.10616 | Val Loss: 0.17839
Train Loss Components:
  |- loss_rot: 0.04135
  |- loss_pos: 0.21744
  |- fk_loss: 0.46806
  |- smoothness_loss: 0.01837
Val Loss Components:
  |- loss_rot: 0.04049
  |- loss_pos: 0.36017
  |- fk_loss: 0.61496
  |- smoothness_loss: 0.00496
LR: 1.000e-04
Hole frames in this epoch: [4, 16]

Epoch 42 | Train Loss: 0.10071 | Val Loss: 0.17279
Train Loss Components:
  |- loss_rot: 0.03261
  |- loss_pos: 0.15958
  |- fk_loss: 0.33272
  |- smoothness_loss: 0.01936
Val Loss Components:
  |- loss_rot: 0.04006
  |- loss_pos: 0.34525
  |- fk_loss: 0.61025
  |- smoothness_loss: 0.00897
LR: 1.000e-04
Hole frames in this epoch: [4, 16]

Epoch 43 | Train Loss: 0.10130 | Val Loss: 0.17612
Train Loss Components:
  |- loss_rot: 0.02778
  |- loss_pos: 0.13689
  |- fk_loss: 0.26705
  |- smoothness_loss: 0.00660
Val Loss Components:
  |- loss_rot: 0.03979
  |- loss_pos: 0.33676
  |- fk_loss: 0.60323
  |- smoothness_loss: 0.01012
LR: 1.000e-04
Hole frames in this epoch: [4, 16]

Epoch 44 | Train Loss: 0.10040 | Val Loss: 0.16762
Train Loss Components:
  |- loss_rot: 0.03953
  |- loss_pos: 0.20550
  |- fk_loss: 0.46867
  |- smoothness_loss: 0.01613
Val Loss Components:
  |- loss_rot: 0.03933
  |- loss_pos: 0.32572
  |- fk_loss: 0.58158
  |- smoothness_loss: 0.00564
LR: 1.000e-04
Hole frames in this epoch: [4, 16]

Epoch 45 | Train Loss: 0.09898 | Val Loss: 0.16922
Train Loss Components:
  |- loss_rot: 0.02615
  |- loss_pos: 0.13619
  |- fk_loss: 0.27136
  |- smoothness_loss: 0.01600
Val Loss Components:
  |- loss_rot: 0.03911
  |- loss_pos: 0.33878
  |- fk_loss: 0.58351
  |- smoothness_loss: 0.00651
LR: 1.000e-04
Hole frames in this epoch: [4, 16]

Epoch 46 | Train Loss: 0.09671 | Val Loss: 0.16349
Train Loss Components:
  |- loss_rot: 0.04183
  |- loss_pos: 0.23624
  |- fk_loss: 0.45403
  |- smoothness_loss: 0.04196
Val Loss Components:
  |- loss_rot: 0.03981
  |- loss_pos: 0.34016
  |- fk_loss: 0.58030
  |- smoothness_loss: 0.00689
LR: 1.000e-04
Hole frames in this epoch: [4, 16]

Epoch 47 | Train Loss: 0.08541 | Val Loss: 0.16097
Train Loss Components:
  |- loss_rot: 0.01511
  |- loss_pos: 0.04242
  |- fk_loss: 0.08670
  |- smoothness_loss: 0.00514
Val Loss Components:
  |- loss_rot: 0.03850
  |- loss_pos: 0.33010
  |- fk_loss: 0.56932
  |- smoothness_loss: 0.00583
LR: 1.000e-04
Hole frames in this epoch: [4, 16]

Epoch 48 | Train Loss: 0.09022 | Val Loss: 0.16043
Train Loss Components:
  |- loss_rot: 0.04653
  |- loss_pos: 0.27540
  |- fk_loss: 0.54364
  |- smoothness_loss: 0.04416
Val Loss Components:
  |- loss_rot: 0.03874
  |- loss_pos: 0.33971
  |- fk_loss: 0.56821
  |- smoothness_loss: 0.00837
LR: 1.000e-04
Hole frames in this epoch: [4, 16]

Epoch 49 | Train Loss: 0.08697 | Val Loss: 0.15416
Train Loss Components:
  |- loss_rot: 0.02298
  |- loss_pos: 0.11363
  |- fk_loss: 0.20726
  |- smoothness_loss: 0.01505
Val Loss Components:
  |- loss_rot: 0.03850
  |- loss_pos: 0.32359
  |- fk_loss: 0.55278
  |- smoothness_loss: 0.01224
LR: 1.000e-04
Hole frames in this epoch: [4, 16]

Epoch 50 | Train Loss: 0.08709 | Val Loss: 0.15402
Train Loss Components:
  |- loss_rot: 0.03534
  |- loss_pos: 0.21218
  |- fk_loss: 0.40268
  |- smoothness_loss: 0.02660
Val Loss Components:
  |- loss_rot: 0.03756
  |- loss_pos: 0.32707
  |- fk_loss: 0.56331
  |- smoothness_loss: 0.00550
LR: 1.000e-04
Hole frames in this epoch: [4, 16]

Epoch 51 | Train Loss: 0.09069 | Val Loss: 0.15082
Train Loss Components:
  |- loss_rot: 0.01588
  |- loss_pos: 0.05680
  |- fk_loss: 0.12001
  |- smoothness_loss: 0.00815
Val Loss Components:
  |- loss_rot: 0.03801
  |- loss_pos: 0.31319
  |- fk_loss: 0.54108
  |- smoothness_loss: 0.01085
LR: 1.000e-04
Hole frames in this epoch: [4, 16]

Epoch 52 | Train Loss: 0.08782 | Val Loss: 0.15231
Train Loss Components:
  |- loss_rot: 0.03341
  |- loss_pos: 0.21213
  |- fk_loss: 0.38443
  |- smoothness_loss: 0.03250
Val Loss Components:
  |- loss_rot: 0.03789
  |- loss_pos: 0.32494
  |- fk_loss: 0.55097
  |- smoothness_loss: 0.00984
LR: 1.000e-04
Hole frames in this epoch: [4, 16]

Epoch 53 | Train Loss: 0.07899 | Val Loss: 0.14936
Train Loss Components:
  |- loss_rot: 0.02984
  |- loss_pos: 0.17678
  |- fk_loss: 0.32353
  |- smoothness_loss: 0.02670
Val Loss Components:
  |- loss_rot: 0.03744
  |- loss_pos: 0.32477
  |- fk_loss: 0.54621
  |- smoothness_loss: 0.01000
LR: 1.000e-04
Hole frames in this epoch: [4, 16]

Epoch 54 | Train Loss: 0.08006 | Val Loss: 0.14369
Train Loss Components:
  |- loss_rot: 0.01759
  |- loss_pos: 0.05982
  |- fk_loss: 0.12954
  |- smoothness_loss: 0.01037
Val Loss Components:
  |- loss_rot: 0.03702
  |- loss_pos: 0.28416
  |- fk_loss: 0.51821
  |- smoothness_loss: 0.01004
LR: 1.000e-04
Hole frames in this epoch: [4, 16]

Epoch 55 | Train Loss: 0.07472 | Val Loss: 0.14350
Train Loss Components:
  |- loss_rot: 0.02828
  |- loss_pos: 0.14944
  |- fk_loss: 0.29236
  |- smoothness_loss: 0.02392
Val Loss Components:
  |- loss_rot: 0.03708
  |- loss_pos: 0.28756
  |- fk_loss: 0.51005
  |- smoothness_loss: 0.01139
LR: 1.000e-04
Hole frames in this epoch: [4, 16]

Epoch 56 | Train Loss: 0.08457 | Val Loss: 0.14426
Train Loss Components:
  |- loss_rot: 0.01919
  |- loss_pos: 0.09610
  |- fk_loss: 0.18788
  |- smoothness_loss: 0.01445
Val Loss Components:
  |- loss_rot: 0.03686
  |- loss_pos: 0.31347
  |- fk_loss: 0.52597
  |- smoothness_loss: 0.00807
LR: 1.000e-04
Hole frames in this epoch: [4, 16]

Epoch 57 | Train Loss: 0.08476 | Val Loss: 0.14433
Train Loss Components:
  |- loss_rot: 0.02871
  |- loss_pos: 0.15721
  |- fk_loss: 0.26437
  |- smoothness_loss: 0.02032
Val Loss Components:
  |- loss_rot: 0.03688
  |- loss_pos: 0.30354
  |- fk_loss: 0.52871
  |- smoothness_loss: 0.00839
LR: 1.000e-04
Hole frames in this epoch: [4, 16]

Epoch 58 | Train Loss: 0.08172 | Val Loss: 0.14305
Train Loss Components:
  |- loss_rot: 0.03015
  |- loss_pos: 0.14805
  |- fk_loss: 0.31773
  |- smoothness_loss: 0.02091
Val Loss Components:
  |- loss_rot: 0.03677
  |- loss_pos: 0.30563
  |- fk_loss: 0.52976
  |- smoothness_loss: 0.00937
LR: 1.000e-04
Hole frames in this epoch: [4, 16]

Epoch 59 | Train Loss: 0.07398 | Val Loss: 0.14070
Train Loss Components:
  |- loss_rot: 0.01443
  |- loss_pos: 0.06978
  |- fk_loss: 0.11020
  |- smoothness_loss: 0.00848
Val Loss Components:
  |- loss_rot: 0.03662
  |- loss_pos: 0.29951
  |- fk_loss: 0.51268
  |- smoothness_loss: 0.00856
LR: 1.000e-04
Hole frames in this epoch: [4, 16]

Epoch 60 | Train Loss: 0.07689 | Val Loss: 0.13738
Train Loss Components:
  |- loss_rot: 0.01852
  |- loss_pos: 0.06929
  |- fk_loss: 0.11999
  |- smoothness_loss: 0.01098
Val Loss Components:
  |- loss_rot: 0.03664
  |- loss_pos: 0.30107
  |- fk_loss: 0.50995
  |- smoothness_loss: 0.01095
LR: 1.000e-04
Hole frames in this epoch: [4, 16]

Epoch 61 | Train Loss: 0.07652 | Val Loss: 0.13776
Train Loss Components:
  |- loss_rot: 0.01197
  |- loss_pos: 0.04735
  |- fk_loss: 0.08763
  |- smoothness_loss: 0.00686
Val Loss Components:
  |- loss_rot: 0.03610
  |- loss_pos: 0.29408
  |- fk_loss: 0.51793
  |- smoothness_loss: 0.01200
LR: 1.000e-04
Hole frames in this epoch: [4, 16]

Epoch 62 | Train Loss: 0.07499 | Val Loss: 0.13399
Train Loss Components:
  |- loss_rot: 0.03635
  |- loss_pos: 0.18978
  |- fk_loss: 0.34372
  |- smoothness_loss: 0.03753
Val Loss Components:
  |- loss_rot: 0.03589
  |- loss_pos: 0.28154
  |- fk_loss: 0.48550
  |- smoothness_loss: 0.01488
LR: 1.000e-04
Hole frames in this epoch: [4, 16]

Epoch 63 | Train Loss: 0.07449 | Val Loss: 0.13411
Train Loss Components:
  |- loss_rot: 0.02748
  |- loss_pos: 0.10892
  |- fk_loss: 0.26044
  |- smoothness_loss: 0.02079
Val Loss Components:
  |- loss_rot: 0.03604
  |- loss_pos: 0.29221
  |- fk_loss: 0.49874
  |- smoothness_loss: 0.01007
LR: 1.000e-04
Hole frames in this epoch: [4, 16]

Epoch 64 | Train Loss: 0.07415 | Val Loss: 0.13226
Train Loss Components:
  |- loss_rot: 0.02440
  |- loss_pos: 0.11494
  |- fk_loss: 0.25528
  |- smoothness_loss: 0.01812
Val Loss Components:
  |- loss_rot: 0.03591
  |- loss_pos: 0.29406
  |- fk_loss: 0.49782
  |- smoothness_loss: 0.00950
LR: 1.000e-04
Hole frames in this epoch: [4, 16]

Epoch 65 | Train Loss: 0.08144 | Val Loss: 0.13448
Train Loss Components:
  |- loss_rot: 0.03509
  |- loss_pos: 0.16504
  |- fk_loss: 0.36513
  |- smoothness_loss: 0.04079
Val Loss Components:
  |- loss_rot: 0.03557
  |- loss_pos: 0.29315
  |- fk_loss: 0.50310
  |- smoothness_loss: 0.01409
LR: 1.000e-04
Hole frames in this epoch: [4, 16]

Epoch 66 | Train Loss: 0.07691 | Val Loss: 0.13175
Train Loss Components:
  |- loss_rot: 0.03404
  |- loss_pos: 0.15042
  |- fk_loss: 0.35987
  |- smoothness_loss: 0.03286
Val Loss Components:
  |- loss_rot: 0.03580
  |- loss_pos: 0.28417
  |- fk_loss: 0.48916
  |- smoothness_loss: 0.01256
LR: 1.000e-04
Hole frames in this epoch: [4, 16]

Epoch 67 | Train Loss: 0.08045 | Val Loss: 0.13516
Train Loss Components:
  |- loss_rot: 0.03648
  |- loss_pos: 0.18000
  |- fk_loss: 0.37370
  |- smoothness_loss: 0.02687
Val Loss Components:
  |- loss_rot: 0.03518
  |- loss_pos: 0.28641
  |- fk_loss: 0.48757
  |- smoothness_loss: 0.01027
LR: 1.000e-04
Hole frames in this epoch: [4, 16]

Epoch 68 | Train Loss: 0.07398 | Val Loss: 0.13090
Train Loss Components:
  |- loss_rot: 0.01831
  |- loss_pos: 0.06108
  |- fk_loss: 0.13712
  |- smoothness_loss: 0.00782
Val Loss Components:
  |- loss_rot: 0.03527
  |- loss_pos: 0.27603
  |- fk_loss: 0.47710
  |- smoothness_loss: 0.01412
LR: 1.000e-04
Hole frames in this epoch: [4, 16]

Epoch 69 | Train Loss: 0.07172 | Val Loss: 0.13049
Train Loss Components:
  |- loss_rot: 0.02098
  |- loss_pos: 0.08010
  |- fk_loss: 0.18626
  |- smoothness_loss: 0.01315
Val Loss Components:
  |- loss_rot: 0.03508
  |- loss_pos: 0.28280
  |- fk_loss: 0.49250
  |- smoothness_loss: 0.00662
LR: 1.000e-04
Hole frames in this epoch: [4, 16]

Epoch 70 | Train Loss: 0.07597 | Val Loss: 0.12715
Train Loss Components:
  |- loss_rot: 0.03049
  |- loss_pos: 0.15627
  |- fk_loss: 0.28749
  |- smoothness_loss: 0.02408
Val Loss Components:
  |- loss_rot: 0.03505
  |- loss_pos: 0.26949
  |- fk_loss: 0.46378
  |- smoothness_loss: 0.00918
LR: 1.000e-04
Hole frames in this epoch: [4, 16]

Epoch 71 | Train Loss: 0.07147 | Val Loss: 0.12707
Train Loss Components:
  |- loss_rot: 0.03019
  |- loss_pos: 0.12464
  |- fk_loss: 0.28255
  |- smoothness_loss: 0.02023
Val Loss Components:
  |- loss_rot: 0.03546
  |- loss_pos: 0.27631
  |- fk_loss: 0.47482
  |- smoothness_loss: 0.01051
LR: 1.000e-04
Hole frames in this epoch: [4, 16]

Epoch 72 | Train Loss: 0.07240 | Val Loss: 0.12439
Train Loss Components:
  |- loss_rot: 0.01578
  |- loss_pos: 0.05158
  |- fk_loss: 0.12374
  |- smoothness_loss: 0.01485
Val Loss Components:
  |- loss_rot: 0.03482
  |- loss_pos: 0.28425
  |- fk_loss: 0.47739
  |- smoothness_loss: 0.01027
LR: 1.000e-04
Hole frames in this epoch: [4, 16]

Epoch 73 | Train Loss: 0.06791 | Val Loss: 0.12813
Train Loss Components:
  |- loss_rot: 0.02898
  |- loss_pos: 0.11761
  |- fk_loss: 0.27044
  |- smoothness_loss: 0.02143
Val Loss Components:
  |- loss_rot: 0.03473
  |- loss_pos: 0.29037
  |- fk_loss: 0.49594
  |- smoothness_loss: 0.00666
LR: 1.000e-04
Hole frames in this epoch: [4, 16]

Epoch 74 | Train Loss: 0.07176 | Val Loss: 0.12427
Train Loss Components:
  |- loss_rot: 0.01552
  |- loss_pos: 0.04530
  |- fk_loss: 0.08986
  |- smoothness_loss: 0.00883
Val Loss Components:
  |- loss_rot: 0.03509
  |- loss_pos: 0.28650
  |- fk_loss: 0.47816
  |- smoothness_loss: 0.01060
LR: 1.000e-04
Hole frames in this epoch: [4, 16]

Epoch 75 | Train Loss: 0.06827 | Val Loss: 0.12666
Train Loss Components:
  |- loss_rot: 0.03584
  |- loss_pos: 0.16975
  |- fk_loss: 0.39129
  |- smoothness_loss: 0.03405
Val Loss Components:
  |- loss_rot: 0.03531
  |- loss_pos: 0.30015
  |- fk_loss: 0.49160
  |- smoothness_loss: 0.00836
LR: 1.000e-04
Hole frames in this epoch: [4, 16]

Epoch 76 | Train Loss: 0.06749 | Val Loss: 0.12871
Train Loss Components:
  |- loss_rot: 0.03176
  |- loss_pos: 0.19933
  |- fk_loss: 0.36073
  |- smoothness_loss: 0.02970
Val Loss Components:
  |- loss_rot: 0.03504
  |- loss_pos: 0.28445
  |- fk_loss: 0.47790
  |- smoothness_loss: 0.01045
LR: 1.000e-04
Hole frames in this epoch: [4, 16]

Epoch 77 | Train Loss: 0.07209 | Val Loss: 0.13106
Train Loss Components:
  |- loss_rot: 0.02821
  |- loss_pos: 0.18073
  |- fk_loss: 0.31660
  |- smoothness_loss: 0.02849
Val Loss Components:
  |- loss_rot: 0.03516
  |- loss_pos: 0.29681
  |- fk_loss: 0.49199
  |- smoothness_loss: 0.00773
LR: 1.000e-04
Hole frames in this epoch: [4, 16]

Epoch 78 | Train Loss: 0.07481 | Val Loss: 0.12850
Train Loss Components:
  |- loss_rot: 0.03102
  |- loss_pos: 0.13896
  |- fk_loss: 0.27377
  |- smoothness_loss: 0.02102
Val Loss Components:
  |- loss_rot: 0.03478
  |- loss_pos: 0.29250
  |- fk_loss: 0.48346
  |- smoothness_loss: 0.00841
LR: 1.000e-04
Hole frames in this epoch: [4, 16]

Epoch 79 | Train Loss: 0.08059 | Val Loss: 0.13173
Train Loss Components:
  |- loss_rot: 0.02807
  |- loss_pos: 0.13082
  |- fk_loss: 0.32068
  |- smoothness_loss: 0.02554
Val Loss Components:
  |- loss_rot: 0.03490
  |- loss_pos: 0.28020
  |- fk_loss: 0.48016
  |- smoothness_loss: 0.00953
LR: 1.000e-04
Hole frames in this epoch: [4, 16]

Epoch 80 | Train Loss: 0.06701 | Val Loss: 0.13243
Train Loss Components:
  |- loss_rot: 0.02662
  |- loss_pos: 0.12298
  |- fk_loss: 0.25667
  |- smoothness_loss: 0.02430
Val Loss Components:
  |- loss_rot: 0.03471
  |- loss_pos: 0.28855
  |- fk_loss: 0.48624
  |- smoothness_loss: 0.00814
LR: 1.000e-04
Hole frames in this epoch: [4, 16]

Epoch 81 | Train Loss: 0.06754 | Val Loss: 0.11994
Train Loss Components:
  |- loss_rot: 0.03360
  |- loss_pos: 0.12356
  |- fk_loss: 0.29116
  |- smoothness_loss: 0.02052
Val Loss Components:
  |- loss_rot: 0.03440
  |- loss_pos: 0.26629
  |- fk_loss: 0.45513
  |- smoothness_loss: 0.00859
LR: 5.000e-05
Hole frames in this epoch: [4, 16]

Epoch 82 | Train Loss: 0.06451 | Val Loss: 0.11844
Train Loss Components:
  |- loss_rot: 0.01055
  |- loss_pos: 0.03612
  |- fk_loss: 0.07514
  |- smoothness_loss: 0.00844
Val Loss Components:
  |- loss_rot: 0.03445
  |- loss_pos: 0.25870
  |- fk_loss: 0.44179
  |- smoothness_loss: 0.00932
LR: 5.000e-05
Hole frames in this epoch: [4, 16]

Epoch 83 | Train Loss: 0.06490 | Val Loss: 0.11967
Train Loss Components:
  |- loss_rot: 0.01748
  |- loss_pos: 0.04836
  |- fk_loss: 0.10820
  |- smoothness_loss: 0.00914
Val Loss Components:
  |- loss_rot: 0.03451
  |- loss_pos: 0.26173
  |- fk_loss: 0.44645
  |- smoothness_loss: 0.01118
LR: 5.000e-05
Hole frames in this epoch: [4, 16]

Epoch 84 | Train Loss: 0.06237 | Val Loss: 0.11948
Train Loss Components:
  |- loss_rot: 0.02834
  |- loss_pos: 0.12204
  |- fk_loss: 0.27518
  |- smoothness_loss: 0.02494
Val Loss Components:
  |- loss_rot: 0.03455
  |- loss_pos: 0.27552
  |- fk_loss: 0.46172
  |- smoothness_loss: 0.00948
LR: 5.000e-05
Hole frames in this epoch: [4, 16]

Epoch 85 | Train Loss: 0.06760 | Val Loss: 0.11878
Train Loss Components:
  |- loss_rot: 0.01670
  |- loss_pos: 0.06165
  |- fk_loss: 0.14173
  |- smoothness_loss: 0.01288
Val Loss Components:
  |- loss_rot: 0.03399
  |- loss_pos: 0.27076
  |- fk_loss: 0.45805
  |- smoothness_loss: 0.00744
LR: 5.000e-05
Hole frames in this epoch: [4, 16]

Epoch 86 | Train Loss: 0.06339 | Val Loss: 0.11705
Train Loss Components:
  |- loss_rot: 0.02876
  |- loss_pos: 0.12354
  |- fk_loss: 0.26218
  |- smoothness_loss: 0.03283
Val Loss Components:
  |- loss_rot: 0.03424
  |- loss_pos: 0.26622
  |- fk_loss: 0.45402
  |- smoothness_loss: 0.00928
LR: 5.000e-05
Hole frames in this epoch: [4, 16]

Epoch 87 | Train Loss: 0.06433 | Val Loss: 0.11715
Train Loss Components:
  |- loss_rot: 0.01713
  |- loss_pos: 0.05810
  |- fk_loss: 0.13785
  |- smoothness_loss: 0.00844
Val Loss Components:
  |- loss_rot: 0.03423
  |- loss_pos: 0.26383
  |- fk_loss: 0.44742
  |- smoothness_loss: 0.01010
LR: 5.000e-05
Hole frames in this epoch: [4, 16]

Epoch 88 | Train Loss: 0.06631 | Val Loss: 0.11536
Train Loss Components:
  |- loss_rot: 0.01270
  |- loss_pos: 0.04454
  |- fk_loss: 0.09413
  |- smoothness_loss: 0.00727
Val Loss Components:
  |- loss_rot: 0.03399
  |- loss_pos: 0.26080
  |- fk_loss: 0.44512
  |- smoothness_loss: 0.01472
LR: 5.000e-05
Hole frames in this epoch: [4, 16]

Epoch 89 | Train Loss: 0.06118 | Val Loss: 0.11709
Train Loss Components:
  |- loss_rot: 0.02848
  |- loss_pos: 0.15118
  |- fk_loss: 0.29453
  |- smoothness_loss: 0.02136
Val Loss Components:
  |- loss_rot: 0.03409
  |- loss_pos: 0.26124
  |- fk_loss: 0.44111
  |- smoothness_loss: 0.01058
LR: 5.000e-05
Hole frames in this epoch: [4, 16]

Epoch 90 | Train Loss: 0.05982 | Val Loss: 0.11505
Train Loss Components:
  |- loss_rot: 0.02137
  |- loss_pos: 0.07217
  |- fk_loss: 0.17235
  |- smoothness_loss: 0.02056
Val Loss Components:
  |- loss_rot: 0.03404
  |- loss_pos: 0.26410
  |- fk_loss: 0.44515
  |- smoothness_loss: 0.01050
LR: 5.000e-05
Hole frames in this epoch: [4, 16]

Epoch 91 | Train Loss: 0.06808 | Val Loss: 0.11524
Train Loss Components:
  |- loss_rot: 0.02410
  |- loss_pos: 0.08288
  |- fk_loss: 0.21404
  |- smoothness_loss: 0.01543
Val Loss Components:
  |- loss_rot: 0.03391
  |- loss_pos: 0.26658
  |- fk_loss: 0.43934
  |- smoothness_loss: 0.01556
LR: 5.000e-05
Hole frames in this epoch: [4, 16]

Epoch 92 | Train Loss: 0.06298 | Val Loss: 0.11478
Train Loss Components:
  |- loss_rot: 0.02100
  |- loss_pos: 0.07715
  |- fk_loss: 0.15951
  |- smoothness_loss: 0.01772
Val Loss Components:
  |- loss_rot: 0.03389
  |- loss_pos: 0.25913
  |- fk_loss: 0.43728
  |- smoothness_loss: 0.01125
LR: 5.000e-05
Hole frames in this epoch: [4, 16]

Epoch 93 | Train Loss: 0.06593 | Val Loss: 0.11416
Train Loss Components:
  |- loss_rot: 0.01937
  |- loss_pos: 0.06091
  |- fk_loss: 0.15311
  |- smoothness_loss: 0.00912
Val Loss Components:
  |- loss_rot: 0.03382
  |- loss_pos: 0.25215
  |- fk_loss: 0.43657
  |- smoothness_loss: 0.00875
LR: 5.000e-05
Hole frames in this epoch: [4, 16]

Epoch 94 | Train Loss: 0.05979 | Val Loss: 0.11414
Train Loss Components:
  |- loss_rot: 0.02288
  |- loss_pos: 0.08615
  |- fk_loss: 0.20078
  |- smoothness_loss: 0.02409
Val Loss Components:
  |- loss_rot: 0.03361
  |- loss_pos: 0.24673
  |- fk_loss: 0.42521
  |- smoothness_loss: 0.01040
LR: 5.000e-05
Hole frames in this epoch: [4, 16]

Epoch 95 | Train Loss: 0.06165 | Val Loss: 0.11445
Train Loss Components:
  |- loss_rot: 0.01112
  |- loss_pos: 0.03703
  |- fk_loss: 0.07464
  |- smoothness_loss: 0.00456
Val Loss Components:
  |- loss_rot: 0.03382
  |- loss_pos: 0.26493
  |- fk_loss: 0.44569
  |- smoothness_loss: 0.00980
LR: 5.000e-05
Hole frames in this epoch: [4, 16]

Epoch 96 | Train Loss: 0.05743 | Val Loss: 0.11249
Train Loss Components:
  |- loss_rot: 0.02042
  |- loss_pos: 0.06906
  |- fk_loss: 0.15934
  |- smoothness_loss: 0.01304
Val Loss Components:
  |- loss_rot: 0.03341
  |- loss_pos: 0.24768
  |- fk_loss: 0.43126
  |- smoothness_loss: 0.01179
LR: 5.000e-05
Hole frames in this epoch: [4, 16]

Epoch 97 | Train Loss: 0.06284 | Val Loss: 0.11222
Train Loss Components:
  |- loss_rot: 0.00947
  |- loss_pos: 0.02860
  |- fk_loss: 0.06562
  |- smoothness_loss: 0.00672
Val Loss Components:
  |- loss_rot: 0.03343
  |- loss_pos: 0.25099
  |- fk_loss: 0.43285
  |- smoothness_loss: 0.01096
LR: 5.000e-05
Hole frames in this epoch: [4, 16]

Epoch 98 | Train Loss: 0.05976 | Val Loss: 0.11324
Train Loss Components:
  |- loss_rot: 0.01592
  |- loss_pos: 0.05200
  |- fk_loss: 0.12016
  |- smoothness_loss: 0.01115
Val Loss Components:
  |- loss_rot: 0.03389
  |- loss_pos: 0.26822
  |- fk_loss: 0.45074
  |- smoothness_loss: 0.00932
LR: 5.000e-05
Hole frames in this epoch: [4, 16]

Epoch 99 | Train Loss: 0.05594 | Val Loss: 0.11262
Train Loss Components:
  |- loss_rot: 0.01077
  |- loss_pos: 0.03628
  |- fk_loss: 0.07650
  |- smoothness_loss: 0.00779
Val Loss Components:
  |- loss_rot: 0.03364
  |- loss_pos: 0.25878
  |- fk_loss: 0.44385
  |- smoothness_loss: 0.00967
LR: 5.000e-05
Hole frames in this epoch: [4, 16]

Epoch 100 | Train Loss: 0.06246 | Val Loss: 0.11811
Train Loss Components:
  |- loss_rot: 0.02670
  |- loss_pos: 0.09172
  |- fk_loss: 0.23387
  |- smoothness_loss: 0.02253
Val Loss Components:
  |- loss_rot: 0.03383
  |- loss_pos: 0.27251
  |- fk_loss: 0.45621
  |- smoothness_loss: 0.00993
LR: 5.000e-05
Hole frames in this epoch: [4, 16]

Epoch 101 | Train Loss: 0.06277 | Val Loss: 0.11330
Train Loss Components:
  |- loss_rot: 0.02057
  |- loss_pos: 0.06846
  |- fk_loss: 0.14828
  |- smoothness_loss: 0.01656
Val Loss Components:
  |- loss_rot: 0.03365
  |- loss_pos: 0.26128
  |- fk_loss: 0.44067
  |- smoothness_loss: 0.00994
LR: 5.000e-05
Hole frames in this epoch: [4, 16]

Epoch 102 | Train Loss: 0.06227 | Val Loss: 0.11487
Train Loss Components:
  |- loss_rot: 0.02859
  |- loss_pos: 0.08828
  |- fk_loss: 0.22029
  |- smoothness_loss: 0.02243
Val Loss Components:
  |- loss_rot: 0.03373
  |- loss_pos: 0.26745
  |- fk_loss: 0.44086
  |- smoothness_loss: 0.00897
LR: 5.000e-05
Hole frames in this epoch: [4, 16]

Epoch 103 | Train Loss: 0.05723 | Val Loss: 0.12027
Train Loss Components:
  |- loss_rot: 0.03074
  |- loss_pos: 0.10719
  |- fk_loss: 0.26125
  |- smoothness_loss: 0.02713
Val Loss Components:
  |- loss_rot: 0.03394
  |- loss_pos: 0.26871
  |- fk_loss: 0.44646
  |- smoothness_loss: 0.00973
LR: 5.000e-05
Hole frames in this epoch: [4, 16]

Epoch 104 | Train Loss: 0.06355 | Val Loss: 0.10974
Train Loss Components:
  |- loss_rot: 0.01475
  |- loss_pos: 0.04960
  |- fk_loss: 0.09802
  |- smoothness_loss: 0.00877
Val Loss Components:
  |- loss_rot: 0.03330
  |- loss_pos: 0.24455
  |- fk_loss: 0.42002
  |- smoothness_loss: 0.01043
LR: 2.500e-05
Hole frames in this epoch: [4, 16]

Epoch 105 | Train Loss: 0.05799 | Val Loss: 0.10848
Train Loss Components:
  |- loss_rot: 0.02018
  |- loss_pos: 0.06958
  |- fk_loss: 0.17012
  |- smoothness_loss: 0.01542
Val Loss Components:
  |- loss_rot: 0.03338
  |- loss_pos: 0.24867
  |- fk_loss: 0.42184
  |- smoothness_loss: 0.01077
LR: 2.500e-05
Hole frames in this epoch: [4, 16]

Epoch 106 | Train Loss: 0.05547 | Val Loss: 0.10999
Train Loss Components:
  |- loss_rot: 0.02363
  |- loss_pos: 0.09164
  |- fk_loss: 0.19792
  |- smoothness_loss: 0.02213
Val Loss Components:
  |- loss_rot: 0.03359
  |- loss_pos: 0.25355
  |- fk_loss: 0.42855
  |- smoothness_loss: 0.01079
LR: 2.500e-05
Hole frames in this epoch: [4, 16]

Epoch 107 | Train Loss: 0.05631 | Val Loss: 0.11060
Train Loss Components:
  |- loss_rot: 0.02402
  |- loss_pos: 0.09000
  |- fk_loss: 0.20217
  |- smoothness_loss: 0.02653
Val Loss Components:
  |- loss_rot: 0.03330
  |- loss_pos: 0.25625
  |- fk_loss: 0.42452
  |- smoothness_loss: 0.00971
LR: 2.500e-05
Hole frames in this epoch: [4, 16]

Epoch 108 | Train Loss: 0.05556 | Val Loss: 0.11192
Train Loss Components:
  |- loss_rot: 0.01594
  |- loss_pos: 0.06101
  |- fk_loss: 0.11475
  |- smoothness_loss: 0.01207
Val Loss Components:
  |- loss_rot: 0.03336
  |- loss_pos: 0.25692
  |- fk_loss: 0.42441
  |- smoothness_loss: 0.01019
LR: 2.500e-05
Hole frames in this epoch: [4, 16]

Epoch 109 | Train Loss: 0.05233 | Val Loss: 0.10856
Train Loss Components:
  |- loss_rot: 0.01763
  |- loss_pos: 0.04339
  |- fk_loss: 0.11231
  |- smoothness_loss: 0.01526
Val Loss Components:
  |- loss_rot: 0.03342
  |- loss_pos: 0.25147
  |- fk_loss: 0.42100
  |- smoothness_loss: 0.01017
LR: 2.500e-05
Hole frames in this epoch: [4, 16]

Epoch 110 | Train Loss: 0.05494 | Val Loss: 0.10821
Train Loss Components:
  |- loss_rot: 0.02777
  |- loss_pos: 0.10574
  |- fk_loss: 0.23335
  |- smoothness_loss: 0.02139
Val Loss Components:
  |- loss_rot: 0.03322
  |- loss_pos: 0.24426
  |- fk_loss: 0.41634
  |- smoothness_loss: 0.01177
LR: 2.500e-05
Hole frames in this epoch: [4, 16]

Epoch 111 | Train Loss: 0.06115 | Val Loss: 0.10756
Train Loss Components:
  |- loss_rot: 0.02702
  |- loss_pos: 0.12206
  |- fk_loss: 0.25148
  |- smoothness_loss: 0.02558
Val Loss Components:
  |- loss_rot: 0.03317
  |- loss_pos: 0.24443
  |- fk_loss: 0.41399
  |- smoothness_loss: 0.01288
LR: 2.500e-05
Hole frames in this epoch: [4, 16]

Epoch 112 | Train Loss: 0.06017 | Val Loss: 0.10658
Train Loss Components:
  |- loss_rot: 0.01183
  |- loss_pos: 0.02691
  |- fk_loss: 0.06725
  |- smoothness_loss: 0.00771
Val Loss Components:
  |- loss_rot: 0.03317
  |- loss_pos: 0.23915
  |- fk_loss: 0.40896
  |- smoothness_loss: 0.01056
LR: 2.500e-05
Hole frames in this epoch: [4, 16]

Epoch 113 | Train Loss: 0.05293 | Val Loss: 0.10830
Train Loss Components:
  |- loss_rot: 0.01742
  |- loss_pos: 0.05543
  |- fk_loss: 0.14640
  |- smoothness_loss: 0.01268
Val Loss Components:
  |- loss_rot: 0.03313
  |- loss_pos: 0.23868
  |- fk_loss: 0.41001
  |- smoothness_loss: 0.01140
LR: 2.500e-05
Hole frames in this epoch: [4, 16]

Epoch 114 | Train Loss: 0.05921 | Val Loss: 0.10840
Train Loss Components:
  |- loss_rot: 0.01251
  |- loss_pos: 0.04230
  |- fk_loss: 0.08977
  |- smoothness_loss: 0.00766
Val Loss Components:
  |- loss_rot: 0.03304
  |- loss_pos: 0.24412
  |- fk_loss: 0.41298
  |- smoothness_loss: 0.01099
LR: 2.500e-05
Hole frames in this epoch: [4, 16]

Epoch 115 | Train Loss: 0.05669 | Val Loss: 0.10776
Train Loss Components:
  |- loss_rot: 0.02266
  |- loss_pos: 0.10236
  |- fk_loss: 0.22294
  |- smoothness_loss: 0.01839
Val Loss Components:
  |- loss_rot: 0.03313
  |- loss_pos: 0.24818
  |- fk_loss: 0.41653
  |- smoothness_loss: 0.01079
LR: 2.500e-05
Hole frames in this epoch: [4, 16]

Epoch 116 | Train Loss: 0.05400 | Val Loss: 0.10727
Train Loss Components:
  |- loss_rot: 0.02384
  |- loss_pos: 0.08082
  |- fk_loss: 0.21285
  |- smoothness_loss: 0.02176
Val Loss Components:
  |- loss_rot: 0.03302
  |- loss_pos: 0.23150
  |- fk_loss: 0.40490
  |- smoothness_loss: 0.01124
LR: 2.500e-05
Hole frames in this epoch: [4, 16]

Epoch 117 | Train Loss: 0.05599 | Val Loss: 0.10616
Train Loss Components:
  |- loss_rot: 0.00836
  |- loss_pos: 0.02623
  |- fk_loss: 0.05144
  |- smoothness_loss: 0.00378
Val Loss Components:
  |- loss_rot: 0.03335
  |- loss_pos: 0.24094
  |- fk_loss: 0.41068
  |- smoothness_loss: 0.01110
LR: 2.500e-05
Hole frames in this epoch: [4, 16]

Epoch 118 | Train Loss: 0.05609 | Val Loss: 0.10453
Train Loss Components:
  |- loss_rot: 0.01398
  |- loss_pos: 0.04101
  |- fk_loss: 0.09695
  |- smoothness_loss: 0.00989
Val Loss Components:
  |- loss_rot: 0.03298
  |- loss_pos: 0.23363
  |- fk_loss: 0.40004
  |- smoothness_loss: 0.01167
LR: 2.500e-05
Hole frames in this epoch: [4, 16]

Epoch 119 | Train Loss: 0.05255 | Val Loss: 0.10601
Train Loss Components:
  |- loss_rot: 0.01117
  |- loss_pos: 0.03039
  |- fk_loss: 0.08153
  |- smoothness_loss: 0.00811
Val Loss Components:
  |- loss_rot: 0.03330
  |- loss_pos: 0.24452
  |- fk_loss: 0.41596
  |- smoothness_loss: 0.01142
LR: 2.500e-05
Hole frames in this epoch: [4, 16]

Epoch 120 | Train Loss: 0.05593 | Val Loss: 0.10636
Train Loss Components:
  |- loss_rot: 0.01564
  |- loss_pos: 0.03918
  |- fk_loss: 0.09163
  |- smoothness_loss: 0.00913
Val Loss Components:
  |- loss_rot: 0.03313
  |- loss_pos: 0.23338
  |- fk_loss: 0.40403
  |- smoothness_loss: 0.01351
LR: 2.500e-05
Hole frames in this epoch: [4, 16]

Epoch 121 | Train Loss: 0.05713 | Val Loss: 0.10534
Train Loss Components:
  |- loss_rot: 0.02481
  |- loss_pos: 0.08528
  |- fk_loss: 0.18739
  |- smoothness_loss: 0.01893
Val Loss Components:
  |- loss_rot: 0.03292
  |- loss_pos: 0.24153
  |- fk_loss: 0.41197
  |- smoothness_loss: 0.01179
LR: 2.500e-05
Hole frames in this epoch: [4, 16]

Epoch 122 | Train Loss: 0.05522 | Val Loss: 0.10623
Train Loss Components:
  |- loss_rot: 0.02673
  |- loss_pos: 0.11103
  |- fk_loss: 0.26081
  |- smoothness_loss: 0.02468
Val Loss Components:
  |- loss_rot: 0.03301
  |- loss_pos: 0.24144
  |- fk_loss: 0.41285
  |- smoothness_loss: 0.01093
LR: 2.500e-05
Hole frames in this epoch: [4, 16]

Epoch 123 | Train Loss: 0.05743 | Val Loss: 0.10803
Train Loss Components:
  |- loss_rot: 0.02963
  |- loss_pos: 0.12260
  |- fk_loss: 0.26667
  |- smoothness_loss: 0.03994
Val Loss Components:
  |- loss_rot: 0.03303
  |- loss_pos: 0.23492
  |- fk_loss: 0.40153
  |- smoothness_loss: 0.01165
LR: 2.500e-05
Hole frames in this epoch: [4, 16]

Epoch 124 | Train Loss: 0.05229 | Val Loss: 0.10467
Train Loss Components:
  |- loss_rot: 0.01871
  |- loss_pos: 0.05043
  |- fk_loss: 0.14204
  |- smoothness_loss: 0.01307
Val Loss Components:
  |- loss_rot: 0.03287
  |- loss_pos: 0.23009
  |- fk_loss: 0.40278
  |- smoothness_loss: 0.01432
LR: 2.500e-05
Hole frames in this epoch: [4, 16]

Epoch 125 | Train Loss: 0.05134 | Val Loss: 0.10369
Train Loss Components:
  |- loss_rot: 0.02153
  |- loss_pos: 0.05230
  |- fk_loss: 0.15608
  |- smoothness_loss: 0.01699
Val Loss Components:
  |- loss_rot: 0.03281
  |- loss_pos: 0.24464
  |- fk_loss: 0.41100
  |- smoothness_loss: 0.01250
LR: 1.250e-05
Hole frames in this epoch: [4, 16]

Epoch 126 | Train Loss: 0.04570 | Val Loss: 0.10318
Train Loss Components:
  |- loss_rot: 0.01668
  |- loss_pos: 0.04934
  |- fk_loss: 0.11853
  |- smoothness_loss: 0.01184
Val Loss Components:
  |- loss_rot: 0.03282
  |- loss_pos: 0.23938
  |- fk_loss: 0.40874
  |- smoothness_loss: 0.01137
LR: 1.250e-05
Hole frames in this epoch: [4, 16]

Epoch 127 | Train Loss: 0.05033 | Val Loss: 0.10324
Train Loss Components:
  |- loss_rot: 0.02902
  |- loss_pos: 0.08843
  |- fk_loss: 0.21798
  |- smoothness_loss: 0.04334
Val Loss Components:
  |- loss_rot: 0.03284
  |- loss_pos: 0.24222
  |- fk_loss: 0.40930
  |- smoothness_loss: 0.01035
LR: 1.250e-05
Hole frames in this epoch: [4, 16]

Epoch 128 | Train Loss: 0.05321 | Val Loss: 0.10178
Train Loss Components:
  |- loss_rot: 0.03088
  |- loss_pos: 0.11971
  |- fk_loss: 0.25530
  |- smoothness_loss: 0.03125
Val Loss Components:
  |- loss_rot: 0.03279
  |- loss_pos: 0.22882
  |- fk_loss: 0.39354
  |- smoothness_loss: 0.01147
LR: 1.250e-05
Hole frames in this epoch: [4, 16]

Epoch 129 | Train Loss: 0.05422 | Val Loss: 0.10378
Train Loss Components:
  |- loss_rot: 0.03485
  |- loss_pos: 0.32189
  |- fk_loss: 0.50534
  |- smoothness_loss: 0.07491
Val Loss Components:
  |- loss_rot: 0.03281
  |- loss_pos: 0.23654
  |- fk_loss: 0.40072
  |- smoothness_loss: 0.01171
LR: 1.250e-05
Hole frames in this epoch: [4, 16]

Epoch 130 | Train Loss: 0.05104 | Val Loss: 0.10291
Train Loss Components:
  |- loss_rot: 0.02235
  |- loss_pos: 0.07017
  |- fk_loss: 0.19741
  |- smoothness_loss: 0.02248
Val Loss Components:
  |- loss_rot: 0.03275
  |- loss_pos: 0.23540
  |- fk_loss: 0.39928
  |- smoothness_loss: 0.01304
LR: 1.250e-05
Hole frames in this epoch: [4, 16]

Epoch 131 | Train Loss: 0.04836 | Val Loss: 0.10284
Train Loss Components:
  |- loss_rot: 0.03052
  |- loss_pos: 0.08691
  |- fk_loss: 0.23725
  |- smoothness_loss: 0.02671
Val Loss Components:
  |- loss_rot: 0.03266
  |- loss_pos: 0.23015
  |- fk_loss: 0.39296
  |- smoothness_loss: 0.01193
LR: 1.250e-05
Hole frames in this epoch: [4, 16]

Epoch 132 | Train Loss: 0.05347 | Val Loss: 0.10241
Train Loss Components:
  |- loss_rot: 0.02817
  |- loss_pos: 0.10081
  |- fk_loss: 0.24558
  |- smoothness_loss: 0.03302
Val Loss Components:
  |- loss_rot: 0.03266
  |- loss_pos: 0.22423
  |- fk_loss: 0.38806
  |- smoothness_loss: 0.01223
LR: 1.250e-05
Hole frames in this epoch: [4, 16]

Epoch 133 | Train Loss: 0.05104 | Val Loss: 0.10141
Train Loss Components:
  |- loss_rot: 0.02433
  |- loss_pos: 0.06868
  |- fk_loss: 0.18098
  |- smoothness_loss: 0.02382
Val Loss Components:
  |- loss_rot: 0.03256
  |- loss_pos: 0.22641
  |- fk_loss: 0.38984
  |- smoothness_loss: 0.01208
LR: 1.250e-05
Hole frames in this epoch: [4, 16]

Epoch 134 | Train Loss: 0.04923 | Val Loss: 0.10249
Train Loss Components:
  |- loss_rot: 0.02613
  |- loss_pos: 0.09273
  |- fk_loss: 0.21804
  |- smoothness_loss: 0.03154
Val Loss Components:
  |- loss_rot: 0.03273
  |- loss_pos: 0.22823
  |- fk_loss: 0.38910
  |- smoothness_loss: 0.01344
LR: 1.250e-05
Hole frames in this epoch: [4, 16]

Epoch 135 | Train Loss: 0.05454 | Val Loss: 0.10443
Train Loss Components:
  |- loss_rot: 0.03766
  |- loss_pos: 0.10202
  |- fk_loss: 0.25300
  |- smoothness_loss: 0.04054
Val Loss Components:
  |- loss_rot: 0.03273
  |- loss_pos: 0.23457
  |- fk_loss: 0.39521
  |- smoothness_loss: 0.01281
LR: 1.250e-05
Hole frames in this epoch: [4, 16]

Epoch 136 | Train Loss: 0.05090 | Val Loss: 0.10411
Train Loss Components:
  |- loss_rot: 0.01121
  |- loss_pos: 0.04251
  |- fk_loss: 0.08250
  |- smoothness_loss: 0.00675
Val Loss Components:
  |- loss_rot: 0.03277
  |- loss_pos: 0.23854
  |- fk_loss: 0.40338
  |- smoothness_loss: 0.01175
LR: 1.250e-05
Hole frames in this epoch: [4, 16]

Epoch 137 | Train Loss: 0.05190 | Val Loss: 0.10391
Train Loss Components:
  |- loss_rot: 0.02968
  |- loss_pos: 0.07032
  |- fk_loss: 0.19355
  |- smoothness_loss: 0.02707
Val Loss Components:
  |- loss_rot: 0.03271
  |- loss_pos: 0.23477
  |- fk_loss: 0.39833
  |- smoothness_loss: 0.01188
LR: 1.250e-05
Hole frames in this epoch: [4, 16]

Epoch 138 | Train Loss: 0.05283 | Val Loss: 0.10328
Train Loss Components:
  |- loss_rot: 0.01207
  |- loss_pos: 0.02357
  |- fk_loss: 0.06779
  |- smoothness_loss: 0.00533
Val Loss Components:
  |- loss_rot: 0.03269
  |- loss_pos: 0.23055
  |- fk_loss: 0.39402
  |- smoothness_loss: 0.01180
LR: 1.250e-05
Hole frames in this epoch: [4, 16]

Epoch 139 | Train Loss: 0.04938 | Val Loss: 0.10262
Train Loss Components:
  |- loss_rot: 0.01699
  |- loss_pos: 0.04111
  |- fk_loss: 0.11523
  |- smoothness_loss: 0.01440
Val Loss Components:
  |- loss_rot: 0.03261
  |- loss_pos: 0.22771
  |- fk_loss: 0.38904
  |- smoothness_loss: 0.01280
LR: 1.250e-05
Hole frames in this epoch: [4, 16]

Epoch 140 | Train Loss: 0.05352 | Val Loss: 0.10106
Train Loss Components:
  |- loss_rot: 0.01245
  |- loss_pos: 0.03351
  |- fk_loss: 0.07466
  |- smoothness_loss: 0.00870
Val Loss Components:
  |- loss_rot: 0.03261
  |- loss_pos: 0.22461
  |- fk_loss: 0.38660
  |- smoothness_loss: 0.01300
LR: 6.250e-06
Hole frames in this epoch: [4, 16]

Epoch 141 | Train Loss: 0.05255 | Val Loss: 0.10111
Train Loss Components:
  |- loss_rot: 0.02031
  |- loss_pos: 0.04183
  |- fk_loss: 0.13047
  |- smoothness_loss: 0.01158
Val Loss Components:
  |- loss_rot: 0.03257
  |- loss_pos: 0.23019
  |- fk_loss: 0.39061
  |- smoothness_loss: 0.01364
LR: 6.250e-06
Hole frames in this epoch: [4, 16]

Epoch 142 | Train Loss: 0.05034 | Val Loss: 0.10135
Train Loss Components:
  |- loss_rot: 0.03103
  |- loss_pos: 0.12997
  |- fk_loss: 0.28580
  |- smoothness_loss: 0.03839
Val Loss Components:
  |- loss_rot: 0.03267
  |- loss_pos: 0.22887
  |- fk_loss: 0.38991
  |- smoothness_loss: 0.01333
LR: 6.250e-06
Hole frames in this epoch: [4, 16]

Epoch 143 | Train Loss: 0.04708 | Val Loss: 0.10141
Train Loss Components:
  |- loss_rot: 0.03433
  |- loss_pos: 0.10043
  |- fk_loss: 0.26475
  |- smoothness_loss: 0.03876
Val Loss Components:
  |- loss_rot: 0.03255
  |- loss_pos: 0.22589
  |- fk_loss: 0.38496
  |- smoothness_loss: 0.01422
LR: 6.250e-06
Hole frames in this epoch: [4, 16]

Epoch 144 | Train Loss: 0.05101 | Val Loss: 0.10063
Train Loss Components:
  |- loss_rot: 0.01156
  |- loss_pos: 0.03511
  |- fk_loss: 0.07765
  |- smoothness_loss: 0.00874
Val Loss Components:
  |- loss_rot: 0.03261
  |- loss_pos: 0.22415
  |- fk_loss: 0.38427
  |- smoothness_loss: 0.01422
LR: 6.250e-06
Hole frames in this epoch: [4, 16]

Epoch 145 | Train Loss: 0.04881 | Val Loss: 0.10030
Train Loss Components:
  |- loss_rot: 0.02518
  |- loss_pos: 0.07459
  |- fk_loss: 0.20827
  |- smoothness_loss: 0.03568
Val Loss Components:
  |- loss_rot: 0.03257
  |- loss_pos: 0.22160
  |- fk_loss: 0.38167
  |- smoothness_loss: 0.01411
LR: 6.250e-06
Hole frames in this epoch: [4, 16]

Epoch 146 | Train Loss: 0.04911 | Val Loss: 0.10047
Train Loss Components:
  |- loss_rot: 0.01900
  |- loss_pos: 0.04975
  |- fk_loss: 0.12170
  |- smoothness_loss: 0.01395
Val Loss Components:
  |- loss_rot: 0.03253
  |- loss_pos: 0.22516
  |- fk_loss: 0.38241
  |- smoothness_loss: 0.01383
LR: 6.250e-06
Hole frames in this epoch: [4, 16]

Epoch 147 | Train Loss: 0.05063 | Val Loss: 0.10092
Train Loss Components:
  |- loss_rot: 0.01518
  |- loss_pos: 0.03517
  |- fk_loss: 0.08750
  |- smoothness_loss: 0.01079
Val Loss Components:
  |- loss_rot: 0.03257
  |- loss_pos: 0.22636
  |- fk_loss: 0.38537
  |- smoothness_loss: 0.01389
LR: 6.250e-06
Hole frames in this epoch: [4, 16]

Epoch 148 | Train Loss: 0.04970 | Val Loss: 0.10060
Train Loss Components:
  |- loss_rot: 0.01873
  |- loss_pos: 0.04749
  |- fk_loss: 0.11667
  |- smoothness_loss: 0.01336
Val Loss Components:
  |- loss_rot: 0.03256
  |- loss_pos: 0.22733
  |- fk_loss: 0.38530
  |- smoothness_loss: 0.01389
LR: 6.250e-06
Hole frames in this epoch: [4, 16]

Epoch 149 | Train Loss: 0.05241 | Val Loss: 0.10032
Train Loss Components:
  |- loss_rot: 0.01586
  |- loss_pos: 0.04248
  |- fk_loss: 0.12010
  |- smoothness_loss: 0.01639
Val Loss Components:
  |- loss_rot: 0.03263
  |- loss_pos: 0.22939
  |- fk_loss: 0.38984
  |- smoothness_loss: 0.01502
LR: 6.250e-06
Hole frames in this epoch: [4, 16]

Epoch 150 | Train Loss: 0.04571 | Val Loss: 0.09973
Train Loss Components:
  |- loss_rot: 0.03013
  |- loss_pos: 0.08731
  |- fk_loss: 0.25484
  |- smoothness_loss: 0.03225
Val Loss Components:
  |- loss_rot: 0.03257
  |- loss_pos: 0.22300
  |- fk_loss: 0.38107
  |- smoothness_loss: 0.01386
LR: 6.250e-06
Hole frames in this epoch: [4, 16]

Epoch 151 | Train Loss: 0.04721 | Val Loss: 0.10046
Train Loss Components:
  |- loss_rot: 0.02492
  |- loss_pos: 0.09595
  |- fk_loss: 0.21132
  |- smoothness_loss: 0.02530
Val Loss Components:
  |- loss_rot: 0.03261
  |- loss_pos: 0.22850
  |- fk_loss: 0.38954
  |- smoothness_loss: 0.01419
LR: 6.250e-06
Hole frames in this epoch: [4, 16]

Epoch 152 | Train Loss: 0.05018 | Val Loss: 0.10147
Train Loss Components:
  |- loss_rot: 0.01777
  |- loss_pos: 0.04609
  |- fk_loss: 0.11845
  |- smoothness_loss: 0.01089
Val Loss Components:
  |- loss_rot: 0.03266
  |- loss_pos: 0.23144
  |- fk_loss: 0.39041
  |- smoothness_loss: 0.01520
LR: 6.250e-06
Hole frames in this epoch: [4, 16]

Epoch 153 | Train Loss: 0.04927 | Val Loss: 0.10053
Train Loss Components:
  |- loss_rot: 0.01324
  |- loss_pos: 0.03195
  |- fk_loss: 0.06784
  |- smoothness_loss: 0.00870
Val Loss Components:
  |- loss_rot: 0.03267
  |- loss_pos: 0.23750
  |- fk_loss: 0.39711
  |- smoothness_loss: 0.01445
LR: 6.250e-06
Hole frames in this epoch: [4, 16]

Epoch 154 | Train Loss: 0.05137 | Val Loss: 0.10063
Train Loss Components:
  |- loss_rot: 0.01654
  |- loss_pos: 0.03863
  |- fk_loss: 0.08893
  |- smoothness_loss: 0.00976
Val Loss Components:
  |- loss_rot: 0.03258
  |- loss_pos: 0.24044
  |- fk_loss: 0.40284
  |- smoothness_loss: 0.01298
LR: 6.250e-06
Hole frames in this epoch: [4, 16]

Epoch 155 | Train Loss: 0.05070 | Val Loss: 0.09989
Train Loss Components:
  |- loss_rot: 0.01636
  |- loss_pos: 0.04590
  |- fk_loss: 0.10356
  |- smoothness_loss: 0.00937
Val Loss Components:
  |- loss_rot: 0.03257
  |- loss_pos: 0.23480
  |- fk_loss: 0.39757
  |- smoothness_loss: 0.01443
LR: 6.250e-06
Hole frames in this epoch: [4, 16]

Epoch 156 | Train Loss: 0.04561 | Val Loss: 0.10009
Train Loss Components:
  |- loss_rot: 0.00987
  |- loss_pos: 0.02507
  |- fk_loss: 0.06364
  |- smoothness_loss: 0.00693
Val Loss Components:
  |- loss_rot: 0.03254
  |- loss_pos: 0.22950
  |- fk_loss: 0.39102
  |- smoothness_loss: 0.01463
LR: 6.250e-06
Hole frames in this epoch: [4, 16]

Epoch 157 | Train Loss: 0.04874 | Val Loss: 0.09942
Train Loss Components:
  |- loss_rot: 0.02044
  |- loss_pos: 0.04289
  |- fk_loss: 0.12829
  |- smoothness_loss: 0.01907
Val Loss Components:
  |- loss_rot: 0.03254
  |- loss_pos: 0.22395
  |- fk_loss: 0.38595
  |- smoothness_loss: 0.01405
LR: 3.125e-06
Hole frames in this epoch: [4, 16]

Epoch 158 | Train Loss: 0.05047 | Val Loss: 0.09942
Train Loss Components:
  |- loss_rot: 0.01747
  |- loss_pos: 0.03560
  |- fk_loss: 0.09396
  |- smoothness_loss: 0.01435
Val Loss Components:
  |- loss_rot: 0.03255
  |- loss_pos: 0.22831
  |- fk_loss: 0.38907
  |- smoothness_loss: 0.01456
LR: 3.125e-06
Hole frames in this epoch: [4, 16]

Epoch 159 | Train Loss: 0.05050 | Val Loss: 0.09956
Train Loss Components:
  |- loss_rot: 0.01975
  |- loss_pos: 0.03831
  |- fk_loss: 0.10433
  |- smoothness_loss: 0.01116
Val Loss Components:
  |- loss_rot: 0.03259
  |- loss_pos: 0.22942
  |- fk_loss: 0.38831
  |- smoothness_loss: 0.01461
LR: 3.125e-06
Hole frames in this epoch: [4, 16]

Epoch 160 | Train Loss: 0.04631 | Val Loss: 0.09919
Train Loss Components:
  |- loss_rot: 0.01401
  |- loss_pos: 0.03619
  |- fk_loss: 0.09776
  |- smoothness_loss: 0.01092
Val Loss Components:
  |- loss_rot: 0.03254
  |- loss_pos: 0.22819
  |- fk_loss: 0.38683
  |- smoothness_loss: 0.01403
LR: 3.125e-06
Hole frames in this epoch: [4, 16]

Epoch 161 | Train Loss: 0.04992 | Val Loss: 0.09909
Train Loss Components:
  |- loss_rot: 0.02271
  |- loss_pos: 0.05129
  |- fk_loss: 0.15968
  |- smoothness_loss: 0.01891
Val Loss Components:
  |- loss_rot: 0.03251
  |- loss_pos: 0.22457
  |- fk_loss: 0.38551
  |- smoothness_loss: 0.01488
LR: 3.125e-06
Hole frames in this epoch: [4, 16]

Epoch 162 | Train Loss: 0.05085 | Val Loss: 0.09893
Train Loss Components:
  |- loss_rot: 0.02091
  |- loss_pos: 0.06247
  |- fk_loss: 0.12766
  |- smoothness_loss: 0.01617
Val Loss Components:
  |- loss_rot: 0.03251
  |- loss_pos: 0.22487
  |- fk_loss: 0.38369
  |- smoothness_loss: 0.01478
LR: 3.125e-06
Hole frames in this epoch: [4, 16]

Epoch 163 | Train Loss: 0.05075 | Val Loss: 0.09907
Train Loss Components:
  |- loss_rot: 0.02785
  |- loss_pos: 0.06237
  |- fk_loss: 0.20200
  |- smoothness_loss: 0.03136
Val Loss Components:
  |- loss_rot: 0.03256
  |- loss_pos: 0.22400
  |- fk_loss: 0.38422
  |- smoothness_loss: 0.01494
LR: 3.125e-06
Hole frames in this epoch: [4, 16]

Epoch 164 | Train Loss: 0.05252 | Val Loss: 0.09850
Train Loss Components:
  |- loss_rot: 0.03002
  |- loss_pos: 0.07236
  |- fk_loss: 0.23885
  |- smoothness_loss: 0.04504
Val Loss Components:
  |- loss_rot: 0.03245
  |- loss_pos: 0.22105
  |- fk_loss: 0.38014
  |- smoothness_loss: 0.01360
LR: 3.125e-06
Hole frames in this epoch: [4, 16]

Epoch 165 | Train Loss: 0.04878 | Val Loss: 0.09863
Train Loss Components:
  |- loss_rot: 0.02363
  |- loss_pos: 0.05766
  |- fk_loss: 0.16450
  |- smoothness_loss: 0.01795
Val Loss Components:
  |- loss_rot: 0.03243
  |- loss_pos: 0.22508
  |- fk_loss: 0.38248
  |- smoothness_loss: 0.01394
LR: 3.125e-06
Hole frames in this epoch: [4, 16]

Epoch 166 | Train Loss: 0.04731 | Val Loss: 0.09868
Train Loss Components:
  |- loss_rot: 0.02784
  |- loss_pos: 0.09389
  |- fk_loss: 0.24026
  |- smoothness_loss: 0.03733
Val Loss Components:
  |- loss_rot: 0.03248
  |- loss_pos: 0.22513
  |- fk_loss: 0.38328
  |- smoothness_loss: 0.01473
LR: 3.125e-06
Hole frames in this epoch: [4, 16]

Epoch 167 | Train Loss: 0.04717 | Val Loss: 0.09875
Train Loss Components:
  |- loss_rot: 0.01039
  |- loss_pos: 0.02986
  |- fk_loss: 0.05865
  |- smoothness_loss: 0.00611
Val Loss Components:
  |- loss_rot: 0.03250
  |- loss_pos: 0.22551
  |- fk_loss: 0.38416
  |- smoothness_loss: 0.01448
LR: 3.125e-06
Hole frames in this epoch: [4, 16]

Epoch 168 | Train Loss: 0.04671 | Val Loss: 0.09850
Train Loss Components:
  |- loss_rot: 0.01077
  |- loss_pos: 0.02959
  |- fk_loss: 0.06783
  |- smoothness_loss: 0.00874
Val Loss Components:
  |- loss_rot: 0.03246
  |- loss_pos: 0.22407
  |- fk_loss: 0.38218
  |- smoothness_loss: 0.01409
LR: 3.125e-06
Hole frames in this epoch: [4, 16]

Epoch 169 | Train Loss: 0.04929 | Val Loss: 0.09836
Train Loss Components:
  |- loss_rot: 0.02400
  |- loss_pos: 0.06886
  |- fk_loss: 0.20113
  |- smoothness_loss: 0.02321
Val Loss Components:
  |- loss_rot: 0.03245
  |- loss_pos: 0.22036
  |- fk_loss: 0.37958
  |- smoothness_loss: 0.01396
LR: 3.125e-06
Hole frames in this epoch: [4, 16]

Epoch 170 | Train Loss: 0.04710 | Val Loss: 0.09853
Train Loss Components:
  |- loss_rot: 0.01046
  |- loss_pos: 0.02603
  |- fk_loss: 0.06330
  |- smoothness_loss: 0.00670
Val Loss Components:
  |- loss_rot: 0.03243
  |- loss_pos: 0.22120
  |- fk_loss: 0.37910
  |- smoothness_loss: 0.01355
LR: 3.125e-06
Hole frames in this epoch: [4, 16]

Epoch 171 | Train Loss: 0.05284 | Val Loss: 0.09855
Train Loss Components:
  |- loss_rot: 0.03597
  |- loss_pos: 0.11417
  |- fk_loss: 0.28087
  |- smoothness_loss: 0.06238
Val Loss Components:
  |- loss_rot: 0.03245
  |- loss_pos: 0.22200
  |- fk_loss: 0.38078
  |- smoothness_loss: 0.01368
LR: 3.125e-06
Hole frames in this epoch: [4, 16]

Epoch 172 | Train Loss: 0.04851 | Val Loss: 0.09848
Train Loss Components:
  |- loss_rot: 0.01632
  |- loss_pos: 0.05271
  |- fk_loss: 0.11515
  |- smoothness_loss: 0.01108
Val Loss Components:
  |- loss_rot: 0.03242
  |- loss_pos: 0.22127
  |- fk_loss: 0.38106
  |- smoothness_loss: 0.01337
LR: 3.125e-06
Hole frames in this epoch: [4, 16]

Epoch 173 | Train Loss: 0.04909 | Val Loss: 0.09843
Train Loss Components:
  |- loss_rot: 0.02358
  |- loss_pos: 0.05880
  |- fk_loss: 0.13433
  |- smoothness_loss: 0.01535
Val Loss Components:
  |- loss_rot: 0.03246
  |- loss_pos: 0.22143
  |- fk_loss: 0.37908
  |- smoothness_loss: 0.01318
LR: 3.125e-06
Hole frames in this epoch: [4, 16]

Epoch 174 | Train Loss: 0.04442 | Val Loss: 0.09855
Train Loss Components:
  |- loss_rot: 0.03177
  |- loss_pos: 0.10974
  |- fk_loss: 0.26672
  |- smoothness_loss: 0.03630
Val Loss Components:
  |- loss_rot: 0.03245
  |- loss_pos: 0.21842
  |- fk_loss: 0.37698
  |- smoothness_loss: 0.01315
LR: 3.125e-06
Hole frames in this epoch: [4, 16]

Epoch 175 | Train Loss: 0.04826 | Val Loss: 0.09838
Train Loss Components:
  |- loss_rot: 0.01001
  |- loss_pos: 0.02622
  |- fk_loss: 0.06187
  |- smoothness_loss: 0.00761
Val Loss Components:
  |- loss_rot: 0.03238
  |- loss_pos: 0.21771
  |- fk_loss: 0.37606
  |- smoothness_loss: 0.01283
LR: 3.125e-06
Hole frames in this epoch: [4, 16]

Epoch 176 | Train Loss: 0.04850 | Val Loss: 0.09835
Train Loss Components:
  |- loss_rot: 0.01804
  |- loss_pos: 0.04634
  |- fk_loss: 0.11497
  |- smoothness_loss: 0.01544
Val Loss Components:
  |- loss_rot: 0.03246
  |- loss_pos: 0.21985
  |- fk_loss: 0.37774
  |- smoothness_loss: 0.01338
LR: 1.563e-06
Hole frames in this epoch: [4, 16]

Epoch 177 | Train Loss: 0.04587 | Val Loss: 0.09829
Train Loss Components:
  |- loss_rot: 0.02583
  |- loss_pos: 0.06773
  |- fk_loss: 0.17197
  |- smoothness_loss: 0.02903
Val Loss Components:
  |- loss_rot: 0.03246
  |- loss_pos: 0.22292
  |- fk_loss: 0.38190
  |- smoothness_loss: 0.01309
LR: 1.563e-06
Hole frames in this epoch: [4, 16]

Epoch 178 | Train Loss: 0.04792 | Val Loss: 0.09819
Train Loss Components:
  |- loss_rot: 0.01224
  |- loss_pos: 0.02886
  |- fk_loss: 0.09163
  |- smoothness_loss: 0.00830
Val Loss Components:
  |- loss_rot: 0.03242
  |- loss_pos: 0.22009
  |- fk_loss: 0.37883
  |- smoothness_loss: 0.01335
LR: 1.563e-06
Hole frames in this epoch: [4, 16]

Epoch 179 | Train Loss: 0.04447 | Val Loss: 0.09824
Train Loss Components:
  |- loss_rot: 0.02215
  |- loss_pos: 0.05314
  |- fk_loss: 0.13903
  |- smoothness_loss: 0.01976
Val Loss Components:
  |- loss_rot: 0.03244
  |- loss_pos: 0.22066
  |- fk_loss: 0.37899
  |- smoothness_loss: 0.01342
LR: 1.563e-06
Hole frames in this epoch: [4, 16]

Epoch 180 | Train Loss: 0.04865 | Val Loss: 0.09839
Train Loss Components:
  |- loss_rot: 0.02403
  |- loss_pos: 0.06348
  |- fk_loss: 0.17313
  |- smoothness_loss: 0.03219
Val Loss Components:
  |- loss_rot: 0.03243
  |- loss_pos: 0.22046
  |- fk_loss: 0.37822
  |- smoothness_loss: 0.01371
LR: 1.563e-06
Hole frames in this epoch: [4, 16]

Epoch 181 | Train Loss: 0.04833 | Val Loss: 0.09832
Train Loss Components:
  |- loss_rot: 0.01992
  |- loss_pos: 0.05038
  |- fk_loss: 0.15301
  |- smoothness_loss: 0.01807
Val Loss Components:
  |- loss_rot: 0.03246
  |- loss_pos: 0.22099
  |- fk_loss: 0.37797
  |- smoothness_loss: 0.01342
LR: 1.563e-06
Hole frames in this epoch: [4, 16]

Epoch 182 | Train Loss: 0.04599 | Val Loss: 0.09817
Train Loss Components:
  |- loss_rot: 0.01965
  |- loss_pos: 0.05022
  |- fk_loss: 0.14726
  |- smoothness_loss: 0.01421
Val Loss Components:
  |- loss_rot: 0.03239
  |- loss_pos: 0.22103
  |- fk_loss: 0.37896
  |- smoothness_loss: 0.01325
LR: 1.563e-06
Hole frames in this epoch: [4, 16]

Epoch 183 | Train Loss: 0.04885 | Val Loss: 0.09827
Train Loss Components:
  |- loss_rot: 0.01554
  |- loss_pos: 0.03958
  |- fk_loss: 0.11532
  |- smoothness_loss: 0.01098
Val Loss Components:
  |- loss_rot: 0.03243
  |- loss_pos: 0.22213
  |- fk_loss: 0.38024
  |- smoothness_loss: 0.01332
LR: 1.563e-06
Hole frames in this epoch: [4, 16]

Epoch 184 | Train Loss: 0.04705 | Val Loss: 0.09826
Train Loss Components:
  |- loss_rot: 0.02042
  |- loss_pos: 0.04469
  |- fk_loss: 0.13485
  |- smoothness_loss: 0.01675
Val Loss Components:
  |- loss_rot: 0.03240
  |- loss_pos: 0.21840
  |- fk_loss: 0.37532
  |- smoothness_loss: 0.01297
LR: 1.563e-06
Hole frames in this epoch: [4, 16]

Epoch 185 | Train Loss: 0.04695 | Val Loss: 0.09814
Train Loss Components:
  |- loss_rot: 0.01739
  |- loss_pos: 0.04414
  |- fk_loss: 0.11700
  |- smoothness_loss: 0.01504
Val Loss Components:
  |- loss_rot: 0.03239
  |- loss_pos: 0.21828
  |- fk_loss: 0.37597
  |- smoothness_loss: 0.01321
LR: 1.563e-06
Hole frames in this epoch: [4, 16]

Epoch 186 | Train Loss: 0.04658 | Val Loss: 0.09803
Train Loss Components:
  |- loss_rot: 0.02465
  |- loss_pos: 0.07625
  |- fk_loss: 0.21555
  |- smoothness_loss: 0.02927
Val Loss Components:
  |- loss_rot: 0.03238
  |- loss_pos: 0.21747
  |- fk_loss: 0.37609
  |- smoothness_loss: 0.01304
LR: 1.563e-06
Hole frames in this epoch: [4, 16]

Epoch 187 | Train Loss: 0.04904 | Val Loss: 0.09813
Train Loss Components:
  |- loss_rot: 0.01110
  |- loss_pos: 0.02846
  |- fk_loss: 0.06014
  |- smoothness_loss: 0.00516
Val Loss Components:
  |- loss_rot: 0.03240
  |- loss_pos: 0.22114
  |- fk_loss: 0.37749
  |- smoothness_loss: 0.01353
LR: 1.563e-06
Hole frames in this epoch: [4, 16]

Epoch 188 | Train Loss: 0.04857 | Val Loss: 0.09821
Train Loss Components:
  |- loss_rot: 0.03403
  |- loss_pos: 0.09937
  |- fk_loss: 0.28665
  |- smoothness_loss: 0.04146
Val Loss Components:
  |- loss_rot: 0.03244
  |- loss_pos: 0.22478
  |- fk_loss: 0.38054
  |- smoothness_loss: 0.01312
LR: 1.563e-06
Hole frames in this epoch: [4, 16]

Epoch 189 | Train Loss: 0.04946 | Val Loss: 0.09833
Train Loss Components:
  |- loss_rot: 0.02421
  |- loss_pos: 0.06744
  |- fk_loss: 0.16635
  |- smoothness_loss: 0.02739
Val Loss Components:
  |- loss_rot: 0.03243
  |- loss_pos: 0.22554
  |- fk_loss: 0.38188
  |- smoothness_loss: 0.01301
LR: 1.563e-06
Hole frames in this epoch: [4, 16]

Epoch 190 | Train Loss: 0.04938 | Val Loss: 0.09795
Train Loss Components:
  |- loss_rot: 0.02669
  |- loss_pos: 0.07580
  |- fk_loss: 0.20282
  |- smoothness_loss: 0.03185
Val Loss Components:
  |- loss_rot: 0.03244
  |- loss_pos: 0.22071
  |- fk_loss: 0.37811
  |- smoothness_loss: 0.01354
LR: 1.563e-06
Hole frames in this epoch: [4, 16]

Epoch 191 | Train Loss: 0.04819 | Val Loss: 0.09810
Train Loss Components:
  |- loss_rot: 0.02506
  |- loss_pos: 0.08581
  |- fk_loss: 0.18981
  |- smoothness_loss: 0.02863
Val Loss Components:
  |- loss_rot: 0.03241
  |- loss_pos: 0.22129
  |- fk_loss: 0.37896
  |- smoothness_loss: 0.01336
LR: 1.563e-06
Hole frames in this epoch: [4, 16]

Epoch 192 | Train Loss: 0.04923 | Val Loss: 0.09786
Train Loss Components:
  |- loss_rot: 0.02716
  |- loss_pos: 0.07804
  |- fk_loss: 0.20377
  |- smoothness_loss: 0.04222
Val Loss Components:
  |- loss_rot: 0.03237
  |- loss_pos: 0.21880
  |- fk_loss: 0.37676
  |- smoothness_loss: 0.01338
LR: 1.563e-06
Hole frames in this epoch: [4, 16]

Epoch 193 | Train Loss: 0.04754 | Val Loss: 0.09814
Train Loss Components:
  |- loss_rot: 0.01596
  |- loss_pos: 0.03878
  |- fk_loss: 0.10253
  |- smoothness_loss: 0.01144
Val Loss Components:
  |- loss_rot: 0.03242
  |- loss_pos: 0.22028
  |- fk_loss: 0.37734
  |- smoothness_loss: 0.01348
LR: 1.563e-06
Hole frames in this epoch: [4, 16]

Epoch 194 | Train Loss: 0.04627 | Val Loss: 0.09789
Train Loss Components:
  |- loss_rot: 0.02783
  |- loss_pos: 0.06522
  |- fk_loss: 0.18052
  |- smoothness_loss: 0.02686
Val Loss Components:
  |- loss_rot: 0.03238
  |- loss_pos: 0.21749
  |- fk_loss: 0.37529
  |- smoothness_loss: 0.01335
LR: 1.563e-06
Hole frames in this epoch: [4, 16]

Epoch 195 | Train Loss: 0.04843 | Val Loss: 0.09809
Train Loss Components:
  |- loss_rot: 0.01340
  |- loss_pos: 0.03435
  |- fk_loss: 0.07188
  |- smoothness_loss: 0.00703
Val Loss Components:
  |- loss_rot: 0.03236
  |- loss_pos: 0.22083
  |- fk_loss: 0.37844
  |- smoothness_loss: 0.01314
LR: 1.563e-06
Hole frames in this epoch: [4, 16]

Epoch 196 | Train Loss: 0.04835 | Val Loss: 0.09811
Train Loss Components:
  |- loss_rot: 0.02661
  |- loss_pos: 0.06769
  |- fk_loss: 0.18729
  |- smoothness_loss: 0.02766
Val Loss Components:
  |- loss_rot: 0.03242
  |- loss_pos: 0.22222
  |- fk_loss: 0.37910
  |- smoothness_loss: 0.01329
LR: 1.563e-06
Hole frames in this epoch: [4, 16]

Epoch 197 | Train Loss: 0.04552 | Val Loss: 0.09802
Train Loss Components:
  |- loss_rot: 0.01629
  |- loss_pos: 0.04461
  |- fk_loss: 0.10180
  |- smoothness_loss: 0.01203
Val Loss Components:
  |- loss_rot: 0.03241
  |- loss_pos: 0.22147
  |- fk_loss: 0.37845
  |- smoothness_loss: 0.01326
LR: 1.563e-06
Hole frames in this epoch: [4, 16]

Epoch 198 | Train Loss: 0.04537 | Val Loss: 0.09797
Train Loss Components:
  |- loss_rot: 0.01630
  |- loss_pos: 0.04458
  |- fk_loss: 0.10823
  |- smoothness_loss: 0.01483
Val Loss Components:
  |- loss_rot: 0.03239
  |- loss_pos: 0.21997
  |- fk_loss: 0.37705
  |- smoothness_loss: 0.01356
LR: 1.563e-06
Hole frames in this epoch: [4, 16]

Epoch 199 | Train Loss: 0.04533 | Val Loss: 0.09789
Train Loss Components:
  |- loss_rot: 0.02496
  |- loss_pos: 0.07492
  |- fk_loss: 0.17718
  |- smoothness_loss: 0.02866
Val Loss Components:
  |- loss_rot: 0.03238
  |- loss_pos: 0.21832
  |- fk_loss: 0.37563
  |- smoothness_loss: 0.01348
LR: 7.813e-07
Hole frames in this epoch: [4, 16]

Epoch 200 | Train Loss: 0.04366 | Val Loss: 0.09781
Train Loss Components:
  |- loss_rot: 0.01778
  |- loss_pos: 0.05038
  |- fk_loss: 0.12988
  |- smoothness_loss: 0.01544
Val Loss Components:
  |- loss_rot: 0.03238
  |- loss_pos: 0.21713
  |- fk_loss: 0.37437
  |- smoothness_loss: 0.01351
LR: 7.813e-07
Hole frames in this epoch: [4, 16]

Epoch 201 | Train Loss: 0.04638 | Val Loss: 0.09776
Train Loss Components:
  |- loss_rot: 0.01289
  |- loss_pos: 0.03338
  |- fk_loss: 0.09511
  |- smoothness_loss: 0.00960
Val Loss Components:
  |- loss_rot: 0.03236
  |- loss_pos: 0.21661
  |- fk_loss: 0.37336
  |- smoothness_loss: 0.01349
LR: 7.813e-07
Hole frames in this epoch: [4, 16]

Epoch 202 | Train Loss: 0.04918 | Val Loss: 0.09774
Train Loss Components:
  |- loss_rot: 0.01797
  |- loss_pos: 0.04214
  |- fk_loss: 0.10329
  |- smoothness_loss: 0.01712
Val Loss Components:
  |- loss_rot: 0.03239
  |- loss_pos: 0.21686
  |- fk_loss: 0.37451
  |- smoothness_loss: 0.01364
LR: 7.813e-07
Hole frames in this epoch: [4, 16]

Epoch 203 | Train Loss: 0.05014 | Val Loss: 0.09788
Train Loss Components:
  |- loss_rot: 0.01747
  |- loss_pos: 0.04586
  |- fk_loss: 0.11236
  |- smoothness_loss: 0.01318
Val Loss Components:
  |- loss_rot: 0.03241
  |- loss_pos: 0.22084
  |- fk_loss: 0.37798
  |- smoothness_loss: 0.01317
LR: 7.813e-07
Hole frames in this epoch: [4, 16]

Epoch 204 | Train Loss: 0.04689 | Val Loss: 0.09774
Train Loss Components:
  |- loss_rot: 0.02813
  |- loss_pos: 0.07642
  |- fk_loss: 0.22585
  |- smoothness_loss: 0.03576
Val Loss Components:
  |- loss_rot: 0.03239
  |- loss_pos: 0.21916
  |- fk_loss: 0.37591
  |- smoothness_loss: 0.01345
LR: 7.813e-07
Hole frames in this epoch: [4, 16]

Epoch 205 | Train Loss: 0.04633 | Val Loss: 0.09779
Train Loss Components:
  |- loss_rot: 0.00890
  |- loss_pos: 0.02543
  |- fk_loss: 0.04971
  |- smoothness_loss: 0.00410
Val Loss Components:
  |- loss_rot: 0.03238
  |- loss_pos: 0.21943
  |- fk_loss: 0.37667
  |- smoothness_loss: 0.01336
LR: 7.813e-07
Hole frames in this epoch: [4, 16]

Epoch 206 | Train Loss: 0.04920 | Val Loss: 0.09772
Train Loss Components:
  |- loss_rot: 0.01021
  |- loss_pos: 0.02186
  |- fk_loss: 0.05699
  |- smoothness_loss: 0.00629
Val Loss Components:
  |- loss_rot: 0.03239
  |- loss_pos: 0.21800
  |- fk_loss: 0.37480
  |- smoothness_loss: 0.01357
LR: 7.813e-07
Hole frames in this epoch: [4, 16]

Epoch 207 | Train Loss: 0.05044 | Val Loss: 0.09761
Train Loss Components:
  |- loss_rot: 0.03339
  |- loss_pos: 0.09093
  |- fk_loss: 0.27073
  |- smoothness_loss: 0.04598
Val Loss Components:
  |- loss_rot: 0.03238
  |- loss_pos: 0.21685
  |- fk_loss: 0.37380
  |- smoothness_loss: 0.01346
LR: 7.813e-07
Hole frames in this epoch: [4, 16]

Epoch 208 | Train Loss: 0.04459 | Val Loss: 0.09757
Train Loss Components:
  |- loss_rot: 0.02314
  |- loss_pos: 0.06149
  |- fk_loss: 0.17876
  |- smoothness_loss: 0.02626
Val Loss Components:
  |- loss_rot: 0.03238
  |- loss_pos: 0.21782
  |- fk_loss: 0.37464
  |- smoothness_loss: 0.01339
LR: 7.813e-07
Hole frames in this epoch: [4, 16]

Epoch 209 | Train Loss: 0.04497 | Val Loss: 0.09757
Train Loss Components:
  |- loss_rot: 0.01184
  |- loss_pos: 0.02855
  |- fk_loss: 0.07102
  |- smoothness_loss: 0.00602
Val Loss Components:
  |- loss_rot: 0.03237
  |- loss_pos: 0.21685
  |- fk_loss: 0.37411
  |- smoothness_loss: 0.01326
LR: 7.813e-07
Hole frames in this epoch: [4, 16]

Epoch 210 | Train Loss: 0.04851 | Val Loss: 0.09762
Train Loss Components:
  |- loss_rot: 0.02496
  |- loss_pos: 0.07049
  |- fk_loss: 0.19552
  |- smoothness_loss: 0.02726
Val Loss Components:
  |- loss_rot: 0.03238
  |- loss_pos: 0.21588
  |- fk_loss: 0.37285
  |- smoothness_loss: 0.01324
LR: 7.813e-07
Hole frames in this epoch: [4, 16]

Epoch 211 | Train Loss: 0.04553 | Val Loss: 0.09757
Train Loss Components:
  |- loss_rot: 0.02040
  |- loss_pos: 0.04883
  |- fk_loss: 0.14931
  |- smoothness_loss: 0.01450
Val Loss Components:
  |- loss_rot: 0.03239
  |- loss_pos: 0.21746
  |- fk_loss: 0.37473
  |- smoothness_loss: 0.01335
LR: 7.813e-07
Hole frames in this epoch: [4, 16]

Epoch 212 | Train Loss: 0.05114 | Val Loss: 0.09762
Train Loss Components:
  |- loss_rot: 0.02920
  |- loss_pos: 0.09325
  |- fk_loss: 0.23910
  |- smoothness_loss: 0.03606
Val Loss Components:
  |- loss_rot: 0.03238
  |- loss_pos: 0.21684
  |- fk_loss: 0.37372
  |- smoothness_loss: 0.01326
LR: 7.813e-07
Hole frames in this epoch: [4, 16]

Epoch 213 | Train Loss: 0.04700 | Val Loss: 0.09761
Train Loss Components:
  |- loss_rot: 0.03025
  |- loss_pos: 0.06691
  |- fk_loss: 0.21031
  |- smoothness_loss: 0.03592
Val Loss Components:
  |- loss_rot: 0.03240
  |- loss_pos: 0.21769
  |- fk_loss: 0.37425
  |- smoothness_loss: 0.01347
LR: 7.813e-07
Hole frames in this epoch: [4, 16]

Epoch 214 | Train Loss: 0.04668 | Val Loss: 0.09754
Train Loss Components:
  |- loss_rot: 0.01298
  |- loss_pos: 0.03463
  |- fk_loss: 0.08824
  |- smoothness_loss: 0.00945
Val Loss Components:
  |- loss_rot: 0.03238
  |- loss_pos: 0.21831
  |- fk_loss: 0.37555
  |- smoothness_loss: 0.01340
LR: 7.813e-07
Hole frames in this epoch: [4, 16]

Epoch 215 | Train Loss: 0.05053 | Val Loss: 0.09757
Train Loss Components:
  |- loss_rot: 0.02029
  |- loss_pos: 0.04413
  |- fk_loss: 0.13523
  |- smoothness_loss: 0.01336
Val Loss Components:
  |- loss_rot: 0.03242
  |- loss_pos: 0.21978
  |- fk_loss: 0.37622
  |- smoothness_loss: 0.01349
LR: 7.813e-07
Hole frames in this epoch: [4, 16]

Epoch 216 | Train Loss: 0.04797 | Val Loss: 0.09756
Train Loss Components:
  |- loss_rot: 0.02389
  |- loss_pos: 0.05914
  |- fk_loss: 0.17189
  |- smoothness_loss: 0.02223
Val Loss Components:
  |- loss_rot: 0.03239
  |- loss_pos: 0.22012
  |- fk_loss: 0.37734
  |- smoothness_loss: 0.01344
LR: 7.813e-07
Hole frames in this epoch: [4, 16]

Epoch 217 | Train Loss: 0.04814 | Val Loss: 0.09759
Train Loss Components:
  |- loss_rot: 0.02841
  |- loss_pos: 0.08717
  |- fk_loss: 0.22520
  |- smoothness_loss: 0.03543
Val Loss Components:
  |- loss_rot: 0.03242
  |- loss_pos: 0.22088
  |- fk_loss: 0.37771
  |- smoothness_loss: 0.01347
LR: 7.813e-07
Hole frames in this epoch: [4, 16]

Epoch 218 | Train Loss: 0.04624 | Val Loss: 0.09759
Train Loss Components:
  |- loss_rot: 0.00921
  |- loss_pos: 0.02596
  |- fk_loss: 0.05858
  |- smoothness_loss: 0.00627
Val Loss Components:
  |- loss_rot: 0.03240
  |- loss_pos: 0.22111
  |- fk_loss: 0.37760
  |- smoothness_loss: 0.01332
LR: 7.813e-07
Hole frames in this epoch: [4, 16]

Epoch 219 | Train Loss: 0.04985 | Val Loss: 0.09747
Train Loss Components:
  |- loss_rot: 0.01678
  |- loss_pos: 0.04390
  |- fk_loss: 0.12043
  |- smoothness_loss: 0.01500
Val Loss Components:
  |- loss_rot: 0.03240
  |- loss_pos: 0.21827
  |- fk_loss: 0.37506
  |- smoothness_loss: 0.01331
LR: 7.813e-07
Hole frames in this epoch: [4, 16]

Epoch 220 | Train Loss: 0.04821 | Val Loss: 0.09749
Train Loss Components:
  |- loss_rot: 0.01268
  |- loss_pos: 0.03755
  |- fk_loss: 0.08671
  |- smoothness_loss: 0.00810
Val Loss Components:
  |- loss_rot: 0.03238
  |- loss_pos: 0.21834
  |- fk_loss: 0.37371
  |- smoothness_loss: 0.01339
LR: 7.813e-07
Hole frames in this epoch: [4, 16]

Epoch 221 | Train Loss: 0.04457 | Val Loss: 0.09758
Train Loss Components:
  |- loss_rot: 0.02359
  |- loss_pos: 0.06689
  |- fk_loss: 0.18051
  |- smoothness_loss: 0.02460
Val Loss Components:
  |- loss_rot: 0.03239
  |- loss_pos: 0.22037
  |- fk_loss: 0.37588
  |- smoothness_loss: 0.01335
LR: 7.813e-07
Hole frames in this epoch: [4, 16]

Epoch 222 | Train Loss: 0.04728 | Val Loss: 0.09765
Train Loss Components:
  |- loss_rot: 0.02207
  |- loss_pos: 0.05565
  |- fk_loss: 0.17057
  |- smoothness_loss: 0.01964
Val Loss Components:
  |- loss_rot: 0.03240
  |- loss_pos: 0.22160
  |- fk_loss: 0.37707
  |- smoothness_loss: 0.01326
LR: 7.813e-07
Hole frames in this epoch: [4, 16]

Epoch 223 | Train Loss: 0.04847 | Val Loss: 0.09743
Train Loss Components:
  |- loss_rot: 0.01779
  |- loss_pos: 0.03752
  |- fk_loss: 0.10226
  |- smoothness_loss: 0.01380
Val Loss Components:
  |- loss_rot: 0.03239
  |- loss_pos: 0.22003
  |- fk_loss: 0.37599
  |- smoothness_loss: 0.01332
LR: 7.813e-07
Hole frames in this epoch: [4, 16]

Epoch 224 | Train Loss: 0.04772 | Val Loss: 0.09737
Train Loss Components:
  |- loss_rot: 0.02134
  |- loss_pos: 0.04732
  |- fk_loss: 0.16324
  |- smoothness_loss: 0.03056
Val Loss Components:
  |- loss_rot: 0.03239
  |- loss_pos: 0.21927
  |- fk_loss: 0.37525
  |- smoothness_loss: 0.01348
LR: 7.813e-07
Hole frames in this epoch: [4, 16]

Epoch 225 | Train Loss: 0.04935 | Val Loss: 0.09741
Train Loss Components:
  |- loss_rot: 0.01802
  |- loss_pos: 0.04720
  |- fk_loss: 0.11696
  |- smoothness_loss: 0.01426
Val Loss Components:
  |- loss_rot: 0.03239
  |- loss_pos: 0.22206
  |- fk_loss: 0.37809
  |- smoothness_loss: 0.01313
LR: 7.813e-07
Hole frames in this epoch: [4, 16]

Epoch 226 | Train Loss: 0.05137 | Val Loss: 0.09751
Train Loss Components:
  |- loss_rot: 0.01005
  |- loss_pos: 0.02033
  |- fk_loss: 0.05721
  |- smoothness_loss: 0.00679
Val Loss Components:
  |- loss_rot: 0.03243
  |- loss_pos: 0.22085
  |- fk_loss: 0.37778
  |- smoothness_loss: 0.01346
LR: 7.813e-07
Hole frames in this epoch: [4, 16]

Epoch 227 | Train Loss: 0.04738 | Val Loss: 0.09737
Train Loss Components:
  |- loss_rot: 0.02249
  |- loss_pos: 0.05461
  |- fk_loss: 0.16907
  |- smoothness_loss: 0.02310
Val Loss Components:
  |- loss_rot: 0.03242
  |- loss_pos: 0.22116
  |- fk_loss: 0.37807
  |- smoothness_loss: 0.01320
LR: 7.813e-07
Hole frames in this epoch: [4, 16]

Epoch 228 | Train Loss: 0.04799 | Val Loss: 0.09736
Train Loss Components:
  |- loss_rot: 0.02335
  |- loss_pos: 0.05815
  |- fk_loss: 0.18389
  |- smoothness_loss: 0.02222
Val Loss Components:
  |- loss_rot: 0.03239
  |- loss_pos: 0.21941
  |- fk_loss: 0.37689
  |- smoothness_loss: 0.01342
LR: 7.813e-07
Hole frames in this epoch: [4, 16]

Epoch 229 | Train Loss: 0.04819 | Val Loss: 0.09731
Train Loss Components:
  |- loss_rot: 0.02968
  |- loss_pos: 0.08639
  |- fk_loss: 0.21819
  |- smoothness_loss: 0.03956
Val Loss Components:
  |- loss_rot: 0.03235
  |- loss_pos: 0.21851
  |- fk_loss: 0.37562
  |- smoothness_loss: 0.01346
LR: 7.813e-07
Hole frames in this epoch: [4, 16]

Epoch 230 | Train Loss: 0.04631 | Val Loss: 0.09728
Train Loss Components:
  |- loss_rot: 0.01590
  |- loss_pos: 0.03772
  |- fk_loss: 0.10595
  |- smoothness_loss: 0.01235
Val Loss Components:
  |- loss_rot: 0.03236
  |- loss_pos: 0.21759
  |- fk_loss: 0.37470
  |- smoothness_loss: 0.01332
LR: 7.813e-07
Hole frames in this epoch: [4, 16]

Epoch 231 | Train Loss: 0.04902 | Val Loss: 0.09754
Train Loss Components:
  |- loss_rot: 0.01567
  |- loss_pos: 0.03702
  |- fk_loss: 0.11328
  |- smoothness_loss: 0.01147
Val Loss Components:
  |- loss_rot: 0.03241
  |- loss_pos: 0.22328
  |- fk_loss: 0.38076
  |- smoothness_loss: 0.01280
LR: 7.813e-07
Hole frames in this epoch: [4, 16]

Epoch 232 | Train Loss: 0.04698 | Val Loss: 0.09729
Train Loss Components:
  |- loss_rot: 0.01980
  |- loss_pos: 0.04376
  |- fk_loss: 0.12376
  |- smoothness_loss: 0.01156
Val Loss Components:
  |- loss_rot: 0.03239
  |- loss_pos: 0.22026
  |- fk_loss: 0.37783
  |- smoothness_loss: 0.01329
LR: 7.813e-07
Hole frames in this epoch: [4, 16]

Epoch 233 | Train Loss: 0.04884 | Val Loss: 0.09730
Train Loss Components:
  |- loss_rot: 0.03498
  |- loss_pos: 0.13569
  |- fk_loss: 0.27767
  |- smoothness_loss: 0.05268
Val Loss Components:
  |- loss_rot: 0.03242
  |- loss_pos: 0.22011
  |- fk_loss: 0.37801
  |- smoothness_loss: 0.01322
LR: 7.813e-07
Hole frames in this epoch: [4, 16]

Epoch 234 | Train Loss: 0.04967 | Val Loss: 0.09725
Train Loss Components:
  |- loss_rot: 0.03116
  |- loss_pos: 0.07935
  |- fk_loss: 0.21786
  |- smoothness_loss: 0.04889
Val Loss Components:
  |- loss_rot: 0.03242
  |- loss_pos: 0.22005
  |- fk_loss: 0.37640
  |- smoothness_loss: 0.01338
LR: 7.813e-07
Hole frames in this epoch: [4, 16]

Epoch 235 | Train Loss: 0.04596 | Val Loss: 0.09720
Train Loss Components:
  |- loss_rot: 0.02880
  |- loss_pos: 0.08810
  |- fk_loss: 0.22911
  |- smoothness_loss: 0.03237
Val Loss Components:
  |- loss_rot: 0.03238
  |- loss_pos: 0.22045
  |- fk_loss: 0.37675
  |- smoothness_loss: 0.01331
LR: 7.813e-07
Hole frames in this epoch: [4, 16]

Epoch 236 | Train Loss: 0.04738 | Val Loss: 0.09714
Train Loss Components:
  |- loss_rot: 0.02186
  |- loss_pos: 0.05706
  |- fk_loss: 0.16887
  |- smoothness_loss: 0.01842
Val Loss Components:
  |- loss_rot: 0.03240
  |- loss_pos: 0.21717
  |- fk_loss: 0.37399
  |- smoothness_loss: 0.01291
LR: 7.813e-07
Hole frames in this epoch: [4, 16]

Epoch 237 | Train Loss: 0.04697 | Val Loss: 0.09738
Train Loss Components:
  |- loss_rot: 0.01511
  |- loss_pos: 0.03848
  |- fk_loss: 0.09231
  |- smoothness_loss: 0.00775
Val Loss Components:
  |- loss_rot: 0.03244
  |- loss_pos: 0.22043
  |- fk_loss: 0.37707
  |- smoothness_loss: 0.01327
LR: 7.813e-07
Hole frames in this epoch: [4, 16]

Epoch 238 | Train Loss: 0.04868 | Val Loss: 0.09721
Train Loss Components:
  |- loss_rot: 0.03287
  |- loss_pos: 0.09809
  |- fk_loss: 0.22379
  |- smoothness_loss: 0.03448
Val Loss Components:
  |- loss_rot: 0.03241
  |- loss_pos: 0.21886
  |- fk_loss: 0.37536
  |- smoothness_loss: 0.01314
LR: 7.813e-07
Hole frames in this epoch: [4, 16]

Epoch 239 | Train Loss: 0.04718 | Val Loss: 0.09718
Train Loss Components:
  |- loss_rot: 0.01918
  |- loss_pos: 0.03996
  |- fk_loss: 0.11130
  |- smoothness_loss: 0.01396
Val Loss Components:
  |- loss_rot: 0.03238
  |- loss_pos: 0.21662
  |- fk_loss: 0.37346
  |- smoothness_loss: 0.01301
LR: 7.813e-07
Hole frames in this epoch: [4, 16]

Epoch 240 | Train Loss: 0.04775 | Val Loss: 0.09729
Train Loss Components:
  |- loss_rot: 0.01345
  |- loss_pos: 0.03172
  |- fk_loss: 0.08078
  |- smoothness_loss: 0.00849
Val Loss Components:
  |- loss_rot: 0.03244
  |- loss_pos: 0.22079
  |- fk_loss: 0.37668
  |- smoothness_loss: 0.01360
LR: 7.813e-07
Hole frames in this epoch: [4, 16]

Epoch 241 | Train Loss: 0.04770 | Val Loss: 0.09721
Train Loss Components:
  |- loss_rot: 0.02231
  |- loss_pos: 0.05925
  |- fk_loss: 0.19701
  |- smoothness_loss: 0.08829
Val Loss Components:
  |- loss_rot: 0.03242
  |- loss_pos: 0.21876
  |- fk_loss: 0.37495
  |- smoothness_loss: 0.01307
LR: 7.813e-07
Hole frames in this epoch: [4, 16]

Epoch 242 | Train Loss: 0.04553 | Val Loss: 0.09717
Train Loss Components:
  |- loss_rot: 0.02660
  |- loss_pos: 0.07934
  |- fk_loss: 0.21882
  |- smoothness_loss: 0.02760
Val Loss Components:
  |- loss_rot: 0.03240
  |- loss_pos: 0.21810
  |- fk_loss: 0.37430
  |- smoothness_loss: 0.01299
LR: 7.813e-07
Hole frames in this epoch: [4, 16]

Epoch 243 | Train Loss: 0.04212 | Val Loss: 0.09708
Train Loss Components:
  |- loss_rot: 0.02296
  |- loss_pos: 0.08352
  |- fk_loss: 0.19009
  |- smoothness_loss: 0.02835
Val Loss Components:
  |- loss_rot: 0.03238
  |- loss_pos: 0.21661
  |- fk_loss: 0.37320
  |- smoothness_loss: 0.01313
LR: 3.906e-07
Hole frames in this epoch: [4, 16]

Epoch 244 | Train Loss: 0.04882 | Val Loss: 0.09711
Train Loss Components:
  |- loss_rot: 0.01929
  |- loss_pos: 0.03752
  |- fk_loss: 0.10623
  |- smoothness_loss: 0.01608
Val Loss Components:
  |- loss_rot: 0.03238
  |- loss_pos: 0.21798
  |- fk_loss: 0.37385
  |- smoothness_loss: 0.01304
LR: 3.906e-07
Hole frames in this epoch: [4, 16]

Epoch 245 | Train Loss: 0.04504 | Val Loss: 0.09716
Train Loss Components:
  |- loss_rot: 0.01935
  |- loss_pos: 0.04380
  |- fk_loss: 0.11605
  |- smoothness_loss: 0.00938
Val Loss Components:
  |- loss_rot: 0.03239
  |- loss_pos: 0.21859
  |- fk_loss: 0.37445
  |- smoothness_loss: 0.01356
LR: 3.906e-07
Hole frames in this epoch: [4, 16]

Epoch 246 | Train Loss: 0.04633 | Val Loss: 0.09718
Train Loss Components:
  |- loss_rot: 0.03801
  |- loss_pos: 0.11962
  |- fk_loss: 0.32402
  |- smoothness_loss: 0.05923
Val Loss Components:
  |- loss_rot: 0.03240
  |- loss_pos: 0.21881
  |- fk_loss: 0.37473
  |- smoothness_loss: 0.01362
LR: 3.906e-07
Hole frames in this epoch: [4, 16]

Epoch 247 | Train Loss: 0.04795 | Val Loss: 0.09714
Train Loss Components:
  |- loss_rot: 0.01664
  |- loss_pos: 0.04104
  |- fk_loss: 0.11323
  |- smoothness_loss: 0.01234
Val Loss Components:
  |- loss_rot: 0.03239
  |- loss_pos: 0.21919
  |- fk_loss: 0.37474
  |- smoothness_loss: 0.01361
LR: 3.906e-07
Hole frames in this epoch: [4, 16]

Epoch 248 | Train Loss: 0.04675 | Val Loss: 0.09725
Train Loss Components:
  |- loss_rot: 0.01861
  |- loss_pos: 0.07292
  |- fk_loss: 0.11141
  |- smoothness_loss: 0.01137
Val Loss Components:
  |- loss_rot: 0.03243
  |- loss_pos: 0.22012
  |- fk_loss: 0.37590
  |- smoothness_loss: 0.01366
LR: 3.906e-07
Hole frames in this epoch: [4, 16]

Epoch 249 | Train Loss: 0.05100 | Val Loss: 0.09718
Train Loss Components:
  |- loss_rot: 0.02902
  |- loss_pos: 0.09434
  |- fk_loss: 0.24586
  |- smoothness_loss: 0.03856
Val Loss Components:
  |- loss_rot: 0.03239
  |- loss_pos: 0.21834
  |- fk_loss: 0.37370
  |- smoothness_loss: 0.01328
LR: 3.906e-07
Hole frames in this epoch: [4, 16]

Epoch 250 | Train Loss: 0.04721 | Val Loss: 0.09717
Train Loss Components:
  |- loss_rot: 0.02801
  |- loss_pos: 0.08741
  |- fk_loss: 0.22829
  |- smoothness_loss: 0.03946
Val Loss Components:
  |- loss_rot: 0.03239
  |- loss_pos: 0.21873
  |- fk_loss: 0.37446
  |- smoothness_loss: 0.01354
LR: 1.953e-07
Hole frames in this epoch: [4, 16]

Epoch 251 | Train Loss: 0.04439 | Val Loss: 0.09715
Train Loss Components:
  |- loss_rot: 0.01460
  |- loss_pos: 0.03698
  |- fk_loss: 0.09105
  |- smoothness_loss: 0.01218
Val Loss Components:
  |- loss_rot: 0.03239
  |- loss_pos: 0.21930
  |- fk_loss: 0.37495
  |- smoothness_loss: 0.01370
LR: 1.953e-07
Hole frames in this epoch: [4, 16]

Training time: 2659.63 s