Epoch 1 | Train Loss: 1.19803 | Val Loss: 1.06391
Train Loss Components:
  |- loss_rot: 0.09001
  |- loss_pos: 2.06685
  |- fk_loss: 3.86989
  |- smoothness_loss: 0.20292
Val Loss Components:
  |- loss_rot: 0.08642
  |- loss_pos: 1.98158
  |- fk_loss: 3.68961
  |- smoothness_loss: 0.00741
LR: 1.000e-04
Hole frames in this epoch: [15, 15]

Epoch 2 | Train Loss: 1.05057 | Val Loss: 1.02899
Train Loss Components:
  |- loss_rot: 0.07421
  |- loss_pos: 1.75902
  |- fk_loss: 3.37177
  |- smoothness_loss: 0.11408
Val Loss Components:
  |- loss_rot: 0.07275
  |- loss_pos: 1.95733
  |- fk_loss: 3.48480
  |- smoothness_loss: 0.00799
LR: 1.000e-04
Hole frames in this epoch: [15, 15]

Epoch 3 | Train Loss: 0.98951 | Val Loss: 0.95918
Train Loss Components:
  |- loss_rot: 0.06131
  |- loss_pos: 1.47413
  |- fk_loss: 2.74168
  |- smoothness_loss: 0.13199
Val Loss Components:
  |- loss_rot: 0.06535
  |- loss_pos: 1.82546
  |- fk_loss: 3.31205
  |- smoothness_loss: 0.00795
LR: 1.000e-04
Hole frames in this epoch: [15, 15]

Epoch 4 | Train Loss: 0.93370 | Val Loss: 0.91284
Train Loss Components:
  |- loss_rot: 0.06168
  |- loss_pos: 1.79238
  |- fk_loss: 3.34271
  |- smoothness_loss: 0.13923
Val Loss Components:
  |- loss_rot: 0.05816
  |- loss_pos: 1.73013
  |- fk_loss: 3.15962
  |- smoothness_loss: 0.02056
LR: 1.000e-04
Hole frames in this epoch: [15, 15]

Epoch 5 | Train Loss: 0.90403 | Val Loss: 0.88500
Train Loss Components:
  |- loss_rot: 0.05526
  |- loss_pos: 1.72197
  |- fk_loss: 3.10415
  |- smoothness_loss: 0.11976
Val Loss Components:
  |- loss_rot: 0.05433
  |- loss_pos: 1.64950
  |- fk_loss: 3.08742
  |- smoothness_loss: 0.02330
LR: 1.000e-04
Hole frames in this epoch: [15, 15]

Epoch 6 | Train Loss: 0.87986 | Val Loss: 0.88003
Train Loss Components:
  |- loss_rot: 0.05008
  |- loss_pos: 1.55038
  |- fk_loss: 2.78546
  |- smoothness_loss: 0.08071
Val Loss Components:
  |- loss_rot: 0.05170
  |- loss_pos: 1.64124
  |- fk_loss: 3.07061
  |- smoothness_loss: 0.01599
LR: 1.000e-04
Hole frames in this epoch: [15, 15]

Epoch 7 | Train Loss: 0.86050 | Val Loss: 0.85217
Train Loss Components:
  |- loss_rot: 0.04747
  |- loss_pos: 1.55326
  |- fk_loss: 2.89454
  |- smoothness_loss: 0.07036
Val Loss Components:
  |- loss_rot: 0.04953
  |- loss_pos: 1.58371
  |- fk_loss: 2.98789
  |- smoothness_loss: 0.01775
LR: 1.000e-04
Hole frames in this epoch: [15, 15]

Epoch 8 | Train Loss: 0.84766 | Val Loss: 0.83643
Train Loss Components:
  |- loss_rot: 0.04899
  |- loss_pos: 1.63651
  |- fk_loss: 3.03192
  |- smoothness_loss: 0.08305
Val Loss Components:
  |- loss_rot: 0.04887
  |- loss_pos: 1.56994
  |- fk_loss: 2.97547
  |- smoothness_loss: 0.01654
LR: 1.000e-04
Hole frames in this epoch: [15, 15]

Epoch 9 | Train Loss: 0.82925 | Val Loss: 0.81001
Train Loss Components:
  |- loss_rot: 0.04707
  |- loss_pos: 1.54681
  |- fk_loss: 2.79252
  |- smoothness_loss: 0.10075
Val Loss Components:
  |- loss_rot: 0.04811
  |- loss_pos: 1.56084
  |- fk_loss: 2.86951
  |- smoothness_loss: 0.02049
LR: 1.000e-04
Hole frames in this epoch: [15, 15]

Epoch 10 | Train Loss: 0.80817 | Val Loss: 0.79746
Train Loss Components:
  |- loss_rot: 0.05312
  |- loss_pos: 1.51263
  |- fk_loss: 2.99903
  |- smoothness_loss: 0.11717
Val Loss Components:
  |- loss_rot: 0.04722
  |- loss_pos: 1.48847
  |- fk_loss: 2.76853
  |- smoothness_loss: 0.02607
LR: 1.000e-04
Hole frames in this epoch: [15, 15]

Epoch 11 | Train Loss: 0.78107 | Val Loss: 0.76151
Train Loss Components:
  |- loss_rot: 0.04543
  |- loss_pos: 1.38779
  |- fk_loss: 2.62299
  |- smoothness_loss: 0.16011
Val Loss Components:
  |- loss_rot: 0.04676
  |- loss_pos: 1.43495
  |- fk_loss: 2.68257
  |- smoothness_loss: 0.04339
LR: 1.000e-04
Hole frames in this epoch: [15, 15]

Epoch 12 | Train Loss: 0.75061 | Val Loss: 0.72819
Train Loss Components:
  |- loss_rot: 0.04315
  |- loss_pos: 1.22700
  |- fk_loss: 2.37331
  |- smoothness_loss: 0.19076
Val Loss Components:
  |- loss_rot: 0.04683
  |- loss_pos: 1.38569
  |- fk_loss: 2.58708
  |- smoothness_loss: 0.06833
LR: 1.000e-04
Hole frames in this epoch: [15, 15]

Epoch 13 | Train Loss: 0.72605 | Val Loss: 0.70669
Train Loss Components:
  |- loss_rot: 0.04562
  |- loss_pos: 1.24808
  |- fk_loss: 2.52220
  |- smoothness_loss: 0.17538
Val Loss Components:
  |- loss_rot: 0.04568
  |- loss_pos: 1.37242
  |- fk_loss: 2.56222
  |- smoothness_loss: 0.05099
LR: 1.000e-04
Hole frames in this epoch: [15, 15]

Epoch 14 | Train Loss: 0.70171 | Val Loss: 0.69206
Train Loss Components:
  |- loss_rot: 0.04566
  |- loss_pos: 1.24306
  |- fk_loss: 2.49649
  |- smoothness_loss: 0.21750
Val Loss Components:
  |- loss_rot: 0.04626
  |- loss_pos: 1.33112
  |- fk_loss: 2.49444
  |- smoothness_loss: 0.07861
LR: 1.000e-04
Hole frames in this epoch: [15, 15]

Epoch 15 | Train Loss: 0.68350 | Val Loss: 0.68529
Train Loss Components:
  |- loss_rot: 0.04596
  |- loss_pos: 1.16198
  |- fk_loss: 2.38300
  |- smoothness_loss: 0.23197
Val Loss Components:
  |- loss_rot: 0.04529
  |- loss_pos: 1.32082
  |- fk_loss: 2.44319
  |- smoothness_loss: 0.07782
LR: 1.000e-04
Hole frames in this epoch: [15, 15]

Epoch 16 | Train Loss: 0.66677 | Val Loss: 0.66687
Train Loss Components:
  |- loss_rot: 0.04328
  |- loss_pos: 1.12788
  |- fk_loss: 2.30723
  |- smoothness_loss: 0.23251
Val Loss Components:
  |- loss_rot: 0.04504
  |- loss_pos: 1.22992
  |- fk_loss: 2.33167
  |- smoothness_loss: 0.08050
LR: 1.000e-04
Hole frames in this epoch: [15, 15]

Epoch 17 | Train Loss: 0.65178 | Val Loss: 0.65223
Train Loss Components:
  |- loss_rot: 0.04310
  |- loss_pos: 1.04136
  |- fk_loss: 2.26452
  |- smoothness_loss: 0.25027
Val Loss Components:
  |- loss_rot: 0.04449
  |- loss_pos: 1.28419
  |- fk_loss: 2.34721
  |- smoothness_loss: 0.08204
LR: 1.000e-04
Hole frames in this epoch: [15, 15]

Epoch 18 | Train Loss: 0.64075 | Val Loss: 0.63235
Train Loss Components:
  |- loss_rot: 0.04660
  |- loss_pos: 1.22312
  |- fk_loss: 2.46581
  |- smoothness_loss: 0.23388
Val Loss Components:
  |- loss_rot: 0.04416
  |- loss_pos: 1.19526
  |- fk_loss: 2.29568
  |- smoothness_loss: 0.06681
LR: 1.000e-04
Hole frames in this epoch: [15, 15]

Epoch 19 | Train Loss: 0.62695 | Val Loss: 0.63225
Train Loss Components:
  |- loss_rot: 0.04141
  |- loss_pos: 1.00127
  |- fk_loss: 2.10272
  |- smoothness_loss: 0.19779
Val Loss Components:
  |- loss_rot: 0.04373
  |- loss_pos: 1.16925
  |- fk_loss: 2.23535
  |- smoothness_loss: 0.09234
LR: 1.000e-04
Hole frames in this epoch: [15, 15]

Epoch 20 | Train Loss: 0.61638 | Val Loss: 0.62249
Train Loss Components:
  |- loss_rot: 0.04526
  |- loss_pos: 1.09316
  |- fk_loss: 2.31166
  |- smoothness_loss: 0.23315
Val Loss Components:
  |- loss_rot: 0.04366
  |- loss_pos: 1.13021
  |- fk_loss: 2.19423
  |- smoothness_loss: 0.09196
LR: 1.000e-04
Hole frames in this epoch: [15, 15]

Epoch 21 | Train Loss: 0.60521 | Val Loss: 0.61216
Train Loss Components:
  |- loss_rot: 0.04578
  |- loss_pos: 1.05788
  |- fk_loss: 2.27423
  |- smoothness_loss: 0.28994
Val Loss Components:
  |- loss_rot: 0.04342
  |- loss_pos: 1.06473
  |- fk_loss: 2.17768
  |- smoothness_loss: 0.09145
LR: 1.000e-04
Hole frames in this epoch: [15, 15]

Epoch 22 | Train Loss: 0.59184 | Val Loss: 0.60044
Train Loss Components:
  |- loss_rot: 0.04357
  |- loss_pos: 1.06309
  |- fk_loss: 2.15399
  |- smoothness_loss: 0.27280
Val Loss Components:
  |- loss_rot: 0.04340
  |- loss_pos: 1.10280
  |- fk_loss: 2.13327
  |- smoothness_loss: 0.09717
LR: 1.000e-04
Hole frames in this epoch: [15, 15]

Epoch 23 | Train Loss: 0.58263 | Val Loss: 0.59188
Train Loss Components:
  |- loss_rot: 0.04126
  |- loss_pos: 0.90190
  |- fk_loss: 2.02346
  |- smoothness_loss: 0.22019
Val Loss Components:
  |- loss_rot: 0.04303
  |- loss_pos: 1.04301
  |- fk_loss: 2.09262
  |- smoothness_loss: 0.08619
LR: 1.000e-04
Hole frames in this epoch: [15, 15]

Epoch 24 | Train Loss: 0.57378 | Val Loss: 0.58645
Train Loss Components:
  |- loss_rot: 0.04441
  |- loss_pos: 0.96380
  |- fk_loss: 2.10818
  |- smoothness_loss: 0.26790
Val Loss Components:
  |- loss_rot: 0.04306
  |- loss_pos: 1.06002
  |- fk_loss: 2.09814
  |- smoothness_loss: 0.09508
LR: 1.000e-04
Hole frames in this epoch: [15, 15]

Epoch 25 | Train Loss: 0.56278 | Val Loss: 0.59329
Train Loss Components:
  |- loss_rot: 0.04210
  |- loss_pos: 1.03831
  |- fk_loss: 2.06108
  |- smoothness_loss: 0.26634
Val Loss Components:
  |- loss_rot: 0.04288
  |- loss_pos: 1.02143
  |- fk_loss: 2.08226
  |- smoothness_loss: 0.09462
LR: 1.000e-04
Hole frames in this epoch: [15, 15]

Epoch 26 | Train Loss: 0.55272 | Val Loss: 0.58337
Train Loss Components:
  |- loss_rot: 0.04097
  |- loss_pos: 0.98009
  |- fk_loss: 2.02460
  |- smoothness_loss: 0.25022
Val Loss Components:
  |- loss_rot: 0.04257
  |- loss_pos: 1.00869
  |- fk_loss: 2.04518
  |- smoothness_loss: 0.10059
LR: 1.000e-04
Hole frames in this epoch: [15, 15]

Epoch 27 | Train Loss: 0.54444 | Val Loss: 0.57087
Train Loss Components:
  |- loss_rot: 0.04131
  |- loss_pos: 0.90128
  |- fk_loss: 1.92733
  |- smoothness_loss: 0.28786
Val Loss Components:
  |- loss_rot: 0.04235
  |- loss_pos: 0.98262
  |- fk_loss: 2.01542
  |- smoothness_loss: 0.10297
LR: 1.000e-04
Hole frames in this epoch: [15, 15]

Epoch 28 | Train Loss: 0.53218 | Val Loss: 0.56104
Train Loss Components:
  |- loss_rot: 0.04132
  |- loss_pos: 0.84267
  |- fk_loss: 1.95933
  |- smoothness_loss: 0.31619
Val Loss Components:
  |- loss_rot: 0.04249
  |- loss_pos: 0.95828
  |- fk_loss: 1.98699
  |- smoothness_loss: 0.11532
LR: 1.000e-04
Hole frames in this epoch: [15, 15]

Epoch 29 | Train Loss: 0.52096 | Val Loss: 0.55547
Train Loss Components:
  |- loss_rot: 0.04112
  |- loss_pos: 0.78249
  |- fk_loss: 1.85633
  |- smoothness_loss: 0.26926
Val Loss Components:
  |- loss_rot: 0.04234
  |- loss_pos: 0.96893
  |- fk_loss: 1.92406
  |- smoothness_loss: 0.11784
LR: 1.000e-04
Hole frames in this epoch: [15, 15]

Epoch 30 | Train Loss: 0.51131 | Val Loss: 0.55077
Train Loss Components:
  |- loss_rot: 0.04438
  |- loss_pos: 0.81882
  |- fk_loss: 1.91682
  |- smoothness_loss: 0.30217
Val Loss Components:
  |- loss_rot: 0.04200
  |- loss_pos: 0.95338
  |- fk_loss: 1.91440
  |- smoothness_loss: 0.11975
LR: 1.000e-04
Hole frames in this epoch: [15, 15]

Epoch 31 | Train Loss: 0.50157 | Val Loss: 0.55315
Train Loss Components:
  |- loss_rot: 0.04062
  |- loss_pos: 0.84409
  |- fk_loss: 1.88063
  |- smoothness_loss: 0.28776
Val Loss Components:
  |- loss_rot: 0.04179
  |- loss_pos: 0.95559
  |- fk_loss: 1.91683
  |- smoothness_loss: 0.11407
LR: 1.000e-04
Hole frames in this epoch: [15, 15]

Epoch 32 | Train Loss: 0.49388 | Val Loss: 0.55129
Train Loss Components:
  |- loss_rot: 0.04017
  |- loss_pos: 0.82448
  |- fk_loss: 1.84366
  |- smoothness_loss: 0.33126
Val Loss Components:
  |- loss_rot: 0.04174
  |- loss_pos: 0.92094
  |- fk_loss: 1.88760
  |- smoothness_loss: 0.12654
LR: 1.000e-04
Hole frames in this epoch: [15, 15]

Epoch 33 | Train Loss: 0.48395 | Val Loss: 0.54228
Train Loss Components:
  |- loss_rot: 0.04187
  |- loss_pos: 0.83026
  |- fk_loss: 1.93780
  |- smoothness_loss: 0.33193
Val Loss Components:
  |- loss_rot: 0.04128
  |- loss_pos: 0.92663
  |- fk_loss: 1.83948
  |- smoothness_loss: 0.12389
LR: 1.000e-04
Hole frames in this epoch: [15, 15]

Epoch 34 | Train Loss: 0.47683 | Val Loss: 0.54968
Train Loss Components:
  |- loss_rot: 0.04127
  |- loss_pos: 0.78986
  |- fk_loss: 1.88692
  |- smoothness_loss: 0.31695
Val Loss Components:
  |- loss_rot: 0.04122
  |- loss_pos: 0.93687
  |- fk_loss: 1.87433
  |- smoothness_loss: 0.11322
LR: 1.000e-04
Hole frames in this epoch: [15, 15]

Epoch 35 | Train Loss: 0.46795 | Val Loss: 0.53611
Train Loss Components:
  |- loss_rot: 0.03857
  |- loss_pos: 0.73167
  |- fk_loss: 1.80681
  |- smoothness_loss: 0.30710
Val Loss Components:
  |- loss_rot: 0.04102
  |- loss_pos: 0.93588
  |- fk_loss: 1.86672
  |- smoothness_loss: 0.12654
LR: 1.000e-04
Hole frames in this epoch: [15, 15]

Epoch 36 | Train Loss: 0.46074 | Val Loss: 0.52543
Train Loss Components:
  |- loss_rot: 0.04329
  |- loss_pos: 0.81861
  |- fk_loss: 1.86402
  |- smoothness_loss: 0.38327
Val Loss Components:
  |- loss_rot: 0.04113
  |- loss_pos: 0.88340
  |- fk_loss: 1.80481
  |- smoothness_loss: 0.12908
LR: 1.000e-04
Hole frames in this epoch: [15, 15]

Epoch 37 | Train Loss: 0.45282 | Val Loss: 0.52635
Train Loss Components:
  |- loss_rot: 0.04059
  |- loss_pos: 0.69619
  |- fk_loss: 1.74720
  |- smoothness_loss: 0.33058
Val Loss Components:
  |- loss_rot: 0.04076
  |- loss_pos: 0.89344
  |- fk_loss: 1.82092
  |- smoothness_loss: 0.14358
LR: 1.000e-04
Hole frames in this epoch: [15, 15]

Epoch 38 | Train Loss: 0.44662 | Val Loss: 0.53541
Train Loss Components:
  |- loss_rot: 0.04025
  |- loss_pos: 0.69772
  |- fk_loss: 1.70253
  |- smoothness_loss: 0.36001
Val Loss Components:
  |- loss_rot: 0.04094
  |- loss_pos: 0.89524
  |- fk_loss: 1.78511
  |- smoothness_loss: 0.12853
LR: 1.000e-04
Hole frames in this epoch: [15, 15]

Epoch 39 | Train Loss: 0.43981 | Val Loss: 0.52470
Train Loss Components:
  |- loss_rot: 0.04048
  |- loss_pos: 0.67771
  |- fk_loss: 1.74908
  |- smoothness_loss: 0.35981
Val Loss Components:
  |- loss_rot: 0.04075
  |- loss_pos: 0.87478
  |- fk_loss: 1.75900
  |- smoothness_loss: 0.13347
LR: 1.000e-04
Hole frames in this epoch: [15, 15]

Epoch 40 | Train Loss: 0.43262 | Val Loss: 0.52561
Train Loss Components:
  |- loss_rot: 0.03854
  |- loss_pos: 0.64046
  |- fk_loss: 1.64126
  |- smoothness_loss: 0.29054
Val Loss Components:
  |- loss_rot: 0.04058
  |- loss_pos: 0.89443
  |- fk_loss: 1.77381
  |- smoothness_loss: 0.13008
LR: 1.000e-04
Hole frames in this epoch: [15, 15]

Epoch 41 | Train Loss: 0.42707 | Val Loss: 0.52488
Train Loss Components:
  |- loss_rot: 0.04143
  |- loss_pos: 0.61178
  |- fk_loss: 1.64571
  |- smoothness_loss: 0.35326
Val Loss Components:
  |- loss_rot: 0.04065
  |- loss_pos: 0.85837
  |- fk_loss: 1.76279
  |- smoothness_loss: 0.13295
LR: 1.000e-04
Hole frames in this epoch: [15, 15]

Epoch 42 | Train Loss: 0.42088 | Val Loss: 0.51557
Train Loss Components:
  |- loss_rot: 0.04213
  |- loss_pos: 0.65163
  |- fk_loss: 1.77534
  |- smoothness_loss: 0.34574
Val Loss Components:
  |- loss_rot: 0.04046
  |- loss_pos: 0.84721
  |- fk_loss: 1.72651
  |- smoothness_loss: 0.14133
LR: 1.000e-04
Hole frames in this epoch: [15, 15]

Epoch 43 | Train Loss: 0.41463 | Val Loss: 0.51462
Train Loss Components:
  |- loss_rot: 0.04204
  |- loss_pos: 0.61674
  |- fk_loss: 1.61849
  |- smoothness_loss: 0.39751
Val Loss Components:
  |- loss_rot: 0.04054
  |- loss_pos: 0.86227
  |- fk_loss: 1.75919
  |- smoothness_loss: 0.15244
LR: 1.000e-04
Hole frames in this epoch: [15, 15]

Epoch 44 | Train Loss: 0.40927 | Val Loss: 0.50941
Train Loss Components:
  |- loss_rot: 0.04015
  |- loss_pos: 0.59453
  |- fk_loss: 1.56282
  |- smoothness_loss: 0.34031
Val Loss Components:
  |- loss_rot: 0.04054
  |- loss_pos: 0.81891
  |- fk_loss: 1.73365
  |- smoothness_loss: 0.13934
LR: 1.000e-04
Hole frames in this epoch: [15, 15]

Epoch 45 | Train Loss: 0.40270 | Val Loss: 0.50600
Train Loss Components:
  |- loss_rot: 0.03874
  |- loss_pos: 0.61808
  |- fk_loss: 1.57262
  |- smoothness_loss: 0.33574
Val Loss Components:
  |- loss_rot: 0.04064
  |- loss_pos: 0.81598
  |- fk_loss: 1.68370
  |- smoothness_loss: 0.14690
LR: 1.000e-04
Hole frames in this epoch: [15, 15]

Epoch 46 | Train Loss: 0.39802 | Val Loss: 0.50569
Train Loss Components:
  |- loss_rot: 0.04101
  |- loss_pos: 0.58861
  |- fk_loss: 1.61471
  |- smoothness_loss: 0.37141
Val Loss Components:
  |- loss_rot: 0.04031
  |- loss_pos: 0.82999
  |- fk_loss: 1.68945
  |- smoothness_loss: 0.14326
LR: 1.000e-04
Hole frames in this epoch: [15, 15]

Epoch 47 | Train Loss: 0.39525 | Val Loss: 0.49975
Train Loss Components:
  |- loss_rot: 0.03816
  |- loss_pos: 0.53191
  |- fk_loss: 1.50101
  |- smoothness_loss: 0.32915
Val Loss Components:
  |- loss_rot: 0.04032
  |- loss_pos: 0.81177
  |- fk_loss: 1.66805
  |- smoothness_loss: 0.14966
LR: 1.000e-04
Hole frames in this epoch: [15, 15]

Epoch 48 | Train Loss: 0.38848 | Val Loss: 0.50167
Train Loss Components:
  |- loss_rot: 0.04051
  |- loss_pos: 0.58598
  |- fk_loss: 1.57006
  |- smoothness_loss: 0.36101
Val Loss Components:
  |- loss_rot: 0.04031
  |- loss_pos: 0.83375
  |- fk_loss: 1.67355
  |- smoothness_loss: 0.15082
LR: 1.000e-04
Hole frames in this epoch: [15, 15]

Epoch 49 | Train Loss: 0.38545 | Val Loss: 0.50024
Train Loss Components:
  |- loss_rot: 0.04243
  |- loss_pos: 0.60809
  |- fk_loss: 1.64341
  |- smoothness_loss: 0.38880
Val Loss Components:
  |- loss_rot: 0.04022
  |- loss_pos: 0.82558
  |- fk_loss: 1.67265
  |- smoothness_loss: 0.14810
LR: 1.000e-04
Hole frames in this epoch: [15, 15]

Epoch 50 | Train Loss: 0.37893 | Val Loss: 0.49104
Train Loss Components:
  |- loss_rot: 0.03927
  |- loss_pos: 0.59042
  |- fk_loss: 1.53243
  |- smoothness_loss: 0.29401
Val Loss Components:
  |- loss_rot: 0.04007
  |- loss_pos: 0.82469
  |- fk_loss: 1.65718
  |- smoothness_loss: 0.14032
LR: 1.000e-04
Hole frames in this epoch: [15, 15]

Epoch 51 | Train Loss: 0.37591 | Val Loss: 0.49482
Train Loss Components:
  |- loss_rot: 0.03937
  |- loss_pos: 0.49388
  |- fk_loss: 1.44691
  |- smoothness_loss: 0.36498
Val Loss Components:
  |- loss_rot: 0.03999
  |- loss_pos: 0.83108
  |- fk_loss: 1.66386
  |- smoothness_loss: 0.14755
LR: 1.000e-04
Hole frames in this epoch: [15, 15]

Epoch 52 | Train Loss: 0.37158 | Val Loss: 0.49062
Train Loss Components:
  |- loss_rot: 0.04304
  |- loss_pos: 0.55476
  |- fk_loss: 1.70735
  |- smoothness_loss: 0.38718
Val Loss Components:
  |- loss_rot: 0.04000
  |- loss_pos: 0.80838
  |- fk_loss: 1.63177
  |- smoothness_loss: 0.15616
LR: 1.000e-04
Hole frames in this epoch: [15, 15]

Epoch 53 | Train Loss: 0.36685 | Val Loss: 0.49385
Train Loss Components:
  |- loss_rot: 0.04100
  |- loss_pos: 0.52663
  |- fk_loss: 1.52325
  |- smoothness_loss: 0.41870
Val Loss Components:
  |- loss_rot: 0.04004
  |- loss_pos: 0.81639
  |- fk_loss: 1.66253
  |- smoothness_loss: 0.15196
LR: 1.000e-04
Hole frames in this epoch: [15, 15]

Epoch 54 | Train Loss: 0.36409 | Val Loss: 0.48802
Train Loss Components:
  |- loss_rot: 0.03916
  |- loss_pos: 0.50638
  |- fk_loss: 1.48770
  |- smoothness_loss: 0.37001
Val Loss Components:
  |- loss_rot: 0.03985
  |- loss_pos: 0.78745
  |- fk_loss: 1.62702
  |- smoothness_loss: 0.15136
LR: 1.000e-04
Hole frames in this epoch: [15, 15]

Epoch 55 | Train Loss: 0.35968 | Val Loss: 0.49413
Train Loss Components:
  |- loss_rot: 0.03996
  |- loss_pos: 0.48104
  |- fk_loss: 1.41619
  |- smoothness_loss: 0.34403
Val Loss Components:
  |- loss_rot: 0.04028
  |- loss_pos: 0.82148
  |- fk_loss: 1.61619
  |- smoothness_loss: 0.15937
LR: 1.000e-04
Hole frames in this epoch: [15, 15]

Epoch 56 | Train Loss: 0.35816 | Val Loss: 0.48870
Train Loss Components:
  |- loss_rot: 0.04161
  |- loss_pos: 0.52162
  |- fk_loss: 1.50832
  |- smoothness_loss: 0.39449
Val Loss Components:
  |- loss_rot: 0.03993
  |- loss_pos: 0.78736
  |- fk_loss: 1.60010
  |- smoothness_loss: 0.16315
LR: 1.000e-04
Hole frames in this epoch: [15, 15]

Epoch 57 | Train Loss: 0.35414 | Val Loss: 0.48275
Train Loss Components:
  |- loss_rot: 0.03827
  |- loss_pos: 0.50440
  |- fk_loss: 1.38943
  |- smoothness_loss: 0.41796
Val Loss Components:
  |- loss_rot: 0.04004
  |- loss_pos: 0.77821
  |- fk_loss: 1.61747
  |- smoothness_loss: 0.15066
LR: 1.000e-04
Hole frames in this epoch: [15, 15]

Epoch 58 | Train Loss: 0.35013 | Val Loss: 0.48344
Train Loss Components:
  |- loss_rot: 0.03845
  |- loss_pos: 0.48396
  |- fk_loss: 1.41996
  |- smoothness_loss: 0.35280
Val Loss Components:
  |- loss_rot: 0.03989
  |- loss_pos: 0.82414
  |- fk_loss: 1.63474
  |- smoothness_loss: 0.15417
LR: 1.000e-04
Hole frames in this epoch: [15, 15]

Epoch 59 | Train Loss: 0.34724 | Val Loss: 0.48343
Train Loss Components:
  |- loss_rot: 0.04078
  |- loss_pos: 0.50691
  |- fk_loss: 1.51907
  |- smoothness_loss: 0.41563
Val Loss Components:
  |- loss_rot: 0.03997
  |- loss_pos: 0.81520
  |- fk_loss: 1.63688
  |- smoothness_loss: 0.15133
LR: 1.000e-04
Hole frames in this epoch: [15, 15]

Epoch 60 | Train Loss: 0.34466 | Val Loss: 0.48000
Train Loss Components:
  |- loss_rot: 0.03835
  |- loss_pos: 0.50010
  |- fk_loss: 1.46453
  |- smoothness_loss: 0.35059
Val Loss Components:
  |- loss_rot: 0.03961
  |- loss_pos: 0.73776
  |- fk_loss: 1.56395
  |- smoothness_loss: 0.16024
LR: 1.000e-04
Hole frames in this epoch: [15, 15]

Epoch 61 | Train Loss: 0.34112 | Val Loss: 0.48121
Train Loss Components:
  |- loss_rot: 0.03664
  |- loss_pos: 0.45154
  |- fk_loss: 1.32896
  |- smoothness_loss: 0.35081
Val Loss Components:
  |- loss_rot: 0.03994
  |- loss_pos: 0.78839
  |- fk_loss: 1.60636
  |- smoothness_loss: 0.16289
LR: 1.000e-04
Hole frames in this epoch: [15, 15]

Epoch 62 | Train Loss: 0.33752 | Val Loss: 0.47361
Train Loss Components:
  |- loss_rot: 0.03818
  |- loss_pos: 0.44716
  |- fk_loss: 1.40249
  |- smoothness_loss: 0.35896
Val Loss Components:
  |- loss_rot: 0.03968
  |- loss_pos: 0.79380
  |- fk_loss: 1.59121
  |- smoothness_loss: 0.16252
LR: 1.000e-04
Hole frames in this epoch: [15, 15]

Epoch 63 | Train Loss: 0.33583 | Val Loss: 0.48039
Train Loss Components:
  |- loss_rot: 0.03788
  |- loss_pos: 0.42361
  |- fk_loss: 1.31595
  |- smoothness_loss: 0.38949
Val Loss Components:
  |- loss_rot: 0.03996
  |- loss_pos: 0.79063
  |- fk_loss: 1.58631
  |- smoothness_loss: 0.16329
LR: 1.000e-04
Hole frames in this epoch: [15, 15]

Epoch 64 | Train Loss: 0.33256 | Val Loss: 0.47234
Train Loss Components:
  |- loss_rot: 0.03821
  |- loss_pos: 0.44738
  |- fk_loss: 1.35244
  |- smoothness_loss: 0.35925
Val Loss Components:
  |- loss_rot: 0.03980
  |- loss_pos: 0.73835
  |- fk_loss: 1.56268
  |- smoothness_loss: 0.16113
LR: 1.000e-04
Hole frames in this epoch: [15, 15]

Epoch 65 | Train Loss: 0.33033 | Val Loss: 0.47388
Train Loss Components:
  |- loss_rot: 0.03760
  |- loss_pos: 0.49402
  |- fk_loss: 1.37663
  |- smoothness_loss: 0.39333
Val Loss Components:
  |- loss_rot: 0.03970
  |- loss_pos: 0.76272
  |- fk_loss: 1.56156
  |- smoothness_loss: 0.15929
LR: 1.000e-04
Hole frames in this epoch: [15, 15]

Epoch 66 | Train Loss: 0.32750 | Val Loss: 0.47410
Train Loss Components:
  |- loss_rot: 0.03940
  |- loss_pos: 0.42979
  |- fk_loss: 1.35225
  |- smoothness_loss: 0.39516
Val Loss Components:
  |- loss_rot: 0.03985
  |- loss_pos: 0.79667
  |- fk_loss: 1.60578
  |- smoothness_loss: 0.16051
LR: 1.000e-04
Hole frames in this epoch: [15, 15]

Epoch 67 | Train Loss: 0.32486 | Val Loss: 0.46977
Train Loss Components:
  |- loss_rot: 0.04179
  |- loss_pos: 0.44574
  |- fk_loss: 1.51613
  |- smoothness_loss: 0.41175
Val Loss Components:
  |- loss_rot: 0.03980
  |- loss_pos: 0.73925
  |- fk_loss: 1.56393
  |- smoothness_loss: 0.16274
LR: 1.000e-04
Hole frames in this epoch: [15, 15]

Epoch 68 | Train Loss: 0.32231 | Val Loss: 0.47275
Train Loss Components:
  |- loss_rot: 0.03681
  |- loss_pos: 0.39316
  |- fk_loss: 1.22080
  |- smoothness_loss: 0.37518
Val Loss Components:
  |- loss_rot: 0.03991
  |- loss_pos: 0.76269
  |- fk_loss: 1.57910
  |- smoothness_loss: 0.16000
LR: 1.000e-04
Hole frames in this epoch: [15, 15]

Epoch 69 | Train Loss: 0.32059 | Val Loss: 0.46955
Train Loss Components:
  |- loss_rot: 0.04100
  |- loss_pos: 0.44252
  |- fk_loss: 1.44068
  |- smoothness_loss: 0.41580
Val Loss Components:
  |- loss_rot: 0.03947
  |- loss_pos: 0.77905
  |- fk_loss: 1.56523
  |- smoothness_loss: 0.15518
LR: 1.000e-04
Hole frames in this epoch: [15, 15]

Epoch 70 | Train Loss: 0.31834 | Val Loss: 0.46854
Train Loss Components:
  |- loss_rot: 0.03938
  |- loss_pos: 0.46093
  |- fk_loss: 1.36613
  |- smoothness_loss: 0.44494
Val Loss Components:
  |- loss_rot: 0.03967
  |- loss_pos: 0.74739
  |- fk_loss: 1.53559
  |- smoothness_loss: 0.16604
LR: 1.000e-04
Hole frames in this epoch: [15, 15]

Epoch 71 | Train Loss: 0.31593 | Val Loss: 0.46503
Train Loss Components:
  |- loss_rot: 0.04146
  |- loss_pos: 0.44524
  |- fk_loss: 1.44270
  |- smoothness_loss: 0.39992
Val Loss Components:
  |- loss_rot: 0.03974
  |- loss_pos: 0.79505
  |- fk_loss: 1.57756
  |- smoothness_loss: 0.15681
LR: 1.000e-04
Hole frames in this epoch: [15, 15]

Epoch 72 | Train Loss: 0.31315 | Val Loss: 0.46775
Train Loss Components:
  |- loss_rot: 0.03813
  |- loss_pos: 0.40444
  |- fk_loss: 1.30364
  |- smoothness_loss: 0.38002
Val Loss Components:
  |- loss_rot: 0.03957
  |- loss_pos: 0.73644
  |- fk_loss: 1.53979
  |- smoothness_loss: 0.16186
LR: 1.000e-04
Hole frames in this epoch: [15, 15]

Epoch 73 | Train Loss: 0.31151 | Val Loss: 0.46838
Train Loss Components:
  |- loss_rot: 0.03743
  |- loss_pos: 0.37783
  |- fk_loss: 1.24319
  |- smoothness_loss: 0.37954
Val Loss Components:
  |- loss_rot: 0.03952
  |- loss_pos: 0.76811
  |- fk_loss: 1.55197
  |- smoothness_loss: 0.15837
LR: 1.000e-04
Hole frames in this epoch: [15, 15]

Epoch 74 | Train Loss: 0.30958 | Val Loss: 0.46590
Train Loss Components:
  |- loss_rot: 0.03893
  |- loss_pos: 0.40377
  |- fk_loss: 1.36112
  |- smoothness_loss: 0.35824
Val Loss Components:
  |- loss_rot: 0.03940
  |- loss_pos: 0.77880
  |- fk_loss: 1.55372
  |- smoothness_loss: 0.16827
LR: 1.000e-04
Hole frames in this epoch: [15, 15]

Epoch 75 | Train Loss: 0.30667 | Val Loss: 0.46586
Train Loss Components:
  |- loss_rot: 0.03910
  |- loss_pos: 0.36801
  |- fk_loss: 1.29780
  |- smoothness_loss: 0.41223
Val Loss Components:
  |- loss_rot: 0.03941
  |- loss_pos: 0.77841
  |- fk_loss: 1.54820
  |- smoothness_loss: 0.17018
LR: 1.000e-04
Hole frames in this epoch: [15, 15]

Epoch 76 | Train Loss: 0.30563 | Val Loss: 0.46193
Train Loss Components:
  |- loss_rot: 0.03836
  |- loss_pos: 0.37375
  |- fk_loss: 1.27890
  |- smoothness_loss: 0.40511
Val Loss Components:
  |- loss_rot: 0.03956
  |- loss_pos: 0.76809
  |- fk_loss: 1.54776
  |- smoothness_loss: 0.15318
LR: 1.000e-04
Hole frames in this epoch: [15, 15]

Epoch 77 | Train Loss: 0.30381 | Val Loss: 0.46315
Train Loss Components:
  |- loss_rot: 0.03716
  |- loss_pos: 0.37741
  |- fk_loss: 1.25912
  |- smoothness_loss: 0.36785
Val Loss Components:
  |- loss_rot: 0.03940
  |- loss_pos: 0.75553
  |- fk_loss: 1.52432
  |- smoothness_loss: 0.16672
LR: 1.000e-04
Hole frames in this epoch: [15, 15]

Epoch 78 | Train Loss: 0.30220 | Val Loss: 0.46023
Train Loss Components:
  |- loss_rot: 0.03876
  |- loss_pos: 0.40420
  |- fk_loss: 1.27368
  |- smoothness_loss: 0.39367
Val Loss Components:
  |- loss_rot: 0.03935
  |- loss_pos: 0.76872
  |- fk_loss: 1.54051
  |- smoothness_loss: 0.16272
LR: 1.000e-04
Hole frames in this epoch: [15, 15]

Epoch 79 | Train Loss: 0.29929 | Val Loss: 0.45963
Train Loss Components:
  |- loss_rot: 0.03548
  |- loss_pos: 0.36914
  |- fk_loss: 1.22150
  |- smoothness_loss: 0.33485
Val Loss Components:
  |- loss_rot: 0.03919
  |- loss_pos: 0.74885
  |- fk_loss: 1.51572
  |- smoothness_loss: 0.17179
LR: 1.000e-04
Hole frames in this epoch: [15, 15]

Epoch 80 | Train Loss: 0.29833 | Val Loss: 0.45923
Train Loss Components:
  |- loss_rot: 0.03695
  |- loss_pos: 0.37279
  |- fk_loss: 1.25415
  |- smoothness_loss: 0.31602
Val Loss Components:
  |- loss_rot: 0.03939
  |- loss_pos: 0.71910
  |- fk_loss: 1.51089
  |- smoothness_loss: 0.16976
LR: 1.000e-04
Hole frames in this epoch: [15, 15]

Epoch 81 | Train Loss: 0.29614 | Val Loss: 0.45726
Train Loss Components:
  |- loss_rot: 0.03838
  |- loss_pos: 0.38877
  |- fk_loss: 1.25044
  |- smoothness_loss: 0.33841
Val Loss Components:
  |- loss_rot: 0.03953
  |- loss_pos: 0.75923
  |- fk_loss: 1.52814
  |- smoothness_loss: 0.16933
LR: 1.000e-04
Hole frames in this epoch: [15, 15]

Epoch 82 | Train Loss: 0.29517 | Val Loss: 0.46127
Train Loss Components:
  |- loss_rot: 0.03679
  |- loss_pos: 0.35293
  |- fk_loss: 1.15629
  |- smoothness_loss: 0.39843
Val Loss Components:
  |- loss_rot: 0.03950
  |- loss_pos: 0.74756
  |- fk_loss: 1.51239
  |- smoothness_loss: 0.17315
LR: 1.000e-04
Hole frames in this epoch: [15, 15]

Epoch 83 | Train Loss: 0.29214 | Val Loss: 0.45736
Train Loss Components:
  |- loss_rot: 0.04172
  |- loss_pos: 0.40852
  |- fk_loss: 1.44935
  |- smoothness_loss: 0.47372
Val Loss Components:
  |- loss_rot: 0.03941
  |- loss_pos: 0.75898
  |- fk_loss: 1.52691
  |- smoothness_loss: 0.16833
LR: 1.000e-04
Hole frames in this epoch: [15, 15]

Epoch 84 | Train Loss: 0.29072 | Val Loss: 0.45703
Train Loss Components:
  |- loss_rot: 0.03690
  |- loss_pos: 0.37228
  |- fk_loss: 1.22376
  |- smoothness_loss: 0.34368
Val Loss Components:
  |- loss_rot: 0.03930
  |- loss_pos: 0.75666
  |- fk_loss: 1.53056
  |- smoothness_loss: 0.16937
LR: 1.000e-04
Hole frames in this epoch: [15, 15]

Epoch 85 | Train Loss: 0.28904 | Val Loss: 0.45529
Train Loss Components:
  |- loss_rot: 0.03531
  |- loss_pos: 0.33078
  |- fk_loss: 1.09069
  |- smoothness_loss: 0.32539
Val Loss Components:
  |- loss_rot: 0.03924
  |- loss_pos: 0.72573
  |- fk_loss: 1.48464
  |- smoothness_loss: 0.17509
LR: 1.000e-04
Hole frames in this epoch: [15, 15]

Epoch 86 | Train Loss: 0.28842 | Val Loss: 0.45975
Train Loss Components:
  |- loss_rot: 0.03672
  |- loss_pos: 0.32594
  |- fk_loss: 1.11872
  |- smoothness_loss: 0.37434
Val Loss Components:
  |- loss_rot: 0.03908
  |- loss_pos: 0.74529
  |- fk_loss: 1.51500
  |- smoothness_loss: 0.16878
LR: 1.000e-04
Hole frames in this epoch: [15, 15]

Epoch 87 | Train Loss: 0.28602 | Val Loss: 0.45448
Train Loss Components:
  |- loss_rot: 0.03761
  |- loss_pos: 0.34315
  |- fk_loss: 1.19339
  |- smoothness_loss: 0.36383
Val Loss Components:
  |- loss_rot: 0.03923
  |- loss_pos: 0.74860
  |- fk_loss: 1.50719
  |- smoothness_loss: 0.17246
LR: 1.000e-04
Hole frames in this epoch: [15, 15]

Epoch 88 | Train Loss: 0.28424 | Val Loss: 0.45214
Train Loss Components:
  |- loss_rot: 0.04181
  |- loss_pos: 0.37082
  |- fk_loss: 1.35146
  |- smoothness_loss: 0.43064
Val Loss Components:
  |- loss_rot: 0.03921
  |- loss_pos: 0.71487
  |- fk_loss: 1.49671
  |- smoothness_loss: 0.17091
LR: 1.000e-04
Hole frames in this epoch: [15, 15]

Epoch 89 | Train Loss: 0.28296 | Val Loss: 0.45368
Train Loss Components:
  |- loss_rot: 0.04073
  |- loss_pos: 0.37946
  |- fk_loss: 1.32002
  |- smoothness_loss: 0.47141
Val Loss Components:
  |- loss_rot: 0.03902
  |- loss_pos: 0.71420
  |- fk_loss: 1.47637
  |- smoothness_loss: 0.17244
LR: 1.000e-04
Hole frames in this epoch: [15, 15]

Epoch 90 | Train Loss: 0.28239 | Val Loss: 0.45254
Train Loss Components:
  |- loss_rot: 0.04081
  |- loss_pos: 0.35720
  |- fk_loss: 1.32177
  |- smoothness_loss: 0.41968
Val Loss Components:
  |- loss_rot: 0.03907
  |- loss_pos: 0.73141
  |- fk_loss: 1.49403
  |- smoothness_loss: 0.17289
LR: 1.000e-04
Hole frames in this epoch: [15, 15]

Epoch 91 | Train Loss: 0.28005 | Val Loss: 0.45184
Train Loss Components:
  |- loss_rot: 0.03972
  |- loss_pos: 0.37494
  |- fk_loss: 1.29861
  |- smoothness_loss: 0.42472
Val Loss Components:
  |- loss_rot: 0.03901
  |- loss_pos: 0.73021
  |- fk_loss: 1.49445
  |- smoothness_loss: 0.17267
LR: 1.000e-04
Hole frames in this epoch: [15, 15]

Epoch 92 | Train Loss: 0.27910 | Val Loss: 0.45221
Train Loss Components:
  |- loss_rot: 0.04003
  |- loss_pos: 0.34003
  |- fk_loss: 1.21635
  |- smoothness_loss: 0.40767
Val Loss Components:
  |- loss_rot: 0.03916
  |- loss_pos: 0.72161
  |- fk_loss: 1.48142
  |- smoothness_loss: 0.17382
LR: 1.000e-04
Hole frames in this epoch: [15, 15]

Epoch 93 | Train Loss: 0.27811 | Val Loss: 0.44825
Train Loss Components:
  |- loss_rot: 0.03996
  |- loss_pos: 0.36864
  |- fk_loss: 1.22826
  |- smoothness_loss: 0.42572
Val Loss Components:
  |- loss_rot: 0.03933
  |- loss_pos: 0.71005
  |- fk_loss: 1.48394
  |- smoothness_loss: 0.17472
LR: 1.000e-04
Hole frames in this epoch: [15, 15]

Epoch 94 | Train Loss: 0.27561 | Val Loss: 0.45113
Train Loss Components:
  |- loss_rot: 0.03624
  |- loss_pos: 0.32498
  |- fk_loss: 1.09416
  |- smoothness_loss: 0.35872
Val Loss Components:
  |- loss_rot: 0.03897
  |- loss_pos: 0.73505
  |- fk_loss: 1.48720
  |- smoothness_loss: 0.16918
LR: 1.000e-04
Hole frames in this epoch: [15, 15]

Epoch 95 | Train Loss: 0.27504 | Val Loss: 0.44845
Train Loss Components:
  |- loss_rot: 0.04016
  |- loss_pos: 0.36632
  |- fk_loss: 1.25905
  |- smoothness_loss: 0.46635
Val Loss Components:
  |- loss_rot: 0.03917
  |- loss_pos: 0.73678
  |- fk_loss: 1.46975
  |- smoothness_loss: 0.17965
LR: 1.000e-04
Hole frames in this epoch: [15, 15]

Epoch 96 | Train Loss: 0.27317 | Val Loss: 0.45046
Train Loss Components:
  |- loss_rot: 0.03604
  |- loss_pos: 0.30902
  |- fk_loss: 1.10969
  |- smoothness_loss: 0.34203
Val Loss Components:
  |- loss_rot: 0.03910
  |- loss_pos: 0.74329
  |- fk_loss: 1.47294
  |- smoothness_loss: 0.17655
LR: 1.000e-04
Hole frames in this epoch: [15, 15]

Epoch 97 | Train Loss: 0.27169 | Val Loss: 0.45119
Train Loss Components:
  |- loss_rot: 0.03683
  |- loss_pos: 0.35068
  |- fk_loss: 1.13204
  |- smoothness_loss: 0.43994
Val Loss Components:
  |- loss_rot: 0.03885
  |- loss_pos: 0.76474
  |- fk_loss: 1.48145
  |- smoothness_loss: 0.17303
LR: 1.000e-04
Hole frames in this epoch: [15, 15]

Epoch 98 | Train Loss: 0.27141 | Val Loss: 0.44804
Train Loss Components:
  |- loss_rot: 0.03881
  |- loss_pos: 0.32786
  |- fk_loss: 1.13863
  |- smoothness_loss: 0.38888
Val Loss Components:
  |- loss_rot: 0.03886
  |- loss_pos: 0.70759
  |- fk_loss: 1.46761
  |- smoothness_loss: 0.16893
LR: 1.000e-04
Hole frames in this epoch: [15, 15]

Epoch 99 | Train Loss: 0.26927 | Val Loss: 0.44767
Train Loss Components:
  |- loss_rot: 0.03819
  |- loss_pos: 0.31996
  |- fk_loss: 1.18831
  |- smoothness_loss: 0.37361
Val Loss Components:
  |- loss_rot: 0.03923
  |- loss_pos: 0.70645
  |- fk_loss: 1.46387
  |- smoothness_loss: 0.17378
LR: 1.000e-04
Hole frames in this epoch: [15, 15]

Epoch 100 | Train Loss: 0.26827 | Val Loss: 0.44474
Train Loss Components:
  |- loss_rot: 0.03955
  |- loss_pos: 0.33633
  |- fk_loss: 1.29104
  |- smoothness_loss: 0.43985
Val Loss Components:
  |- loss_rot: 0.03900
  |- loss_pos: 0.74174
  |- fk_loss: 1.46664
  |- smoothness_loss: 0.18406
LR: 1.000e-04
Hole frames in this epoch: [15, 15]

Epoch 101 | Train Loss: 0.26710 | Val Loss: 0.44446
Train Loss Components:
  |- loss_rot: 0.03428
  |- loss_pos: 0.30111
  |- fk_loss: 1.01088
  |- smoothness_loss: 0.32890
Val Loss Components:
  |- loss_rot: 0.03891
  |- loss_pos: 0.73442
  |- fk_loss: 1.46120
  |- smoothness_loss: 0.18288
LR: 1.000e-04
Hole frames in this epoch: [15, 15]

Epoch 102 | Train Loss: 0.26570 | Val Loss: 0.44599
Train Loss Components:
  |- loss_rot: 0.03965
  |- loss_pos: 0.31034
  |- fk_loss: 1.17361
  |- smoothness_loss: 0.39418
Val Loss Components:
  |- loss_rot: 0.03911
  |- loss_pos: 0.71461
  |- fk_loss: 1.46717
  |- smoothness_loss: 0.18309
LR: 1.000e-04
Hole frames in this epoch: [15, 15]

Epoch 103 | Train Loss: 0.26505 | Val Loss: 0.44398
Train Loss Components:
  |- loss_rot: 0.04156
  |- loss_pos: 0.33098
  |- fk_loss: 1.23517
  |- smoothness_loss: 0.43956
Val Loss Components:
  |- loss_rot: 0.03891
  |- loss_pos: 0.71225
  |- fk_loss: 1.45980
  |- smoothness_loss: 0.18397
LR: 1.000e-04
Hole frames in this epoch: [15, 15]

Epoch 104 | Train Loss: 0.26413 | Val Loss: 0.44711
Train Loss Components:
  |- loss_rot: 0.03984
  |- loss_pos: 0.33434
  |- fk_loss: 1.20783
  |- smoothness_loss: 0.40391
Val Loss Components:
  |- loss_rot: 0.03896
  |- loss_pos: 0.73124
  |- fk_loss: 1.46668
  |- smoothness_loss: 0.18245
LR: 1.000e-04
Hole frames in this epoch: [15, 15]

Epoch 105 | Train Loss: 0.26174 | Val Loss: 0.44430
Train Loss Components:
  |- loss_rot: 0.03835
  |- loss_pos: 0.29693
  |- fk_loss: 1.17290
  |- smoothness_loss: 0.38591
Val Loss Components:
  |- loss_rot: 0.03887
  |- loss_pos: 0.73686
  |- fk_loss: 1.46103
  |- smoothness_loss: 0.18063
LR: 1.000e-04
Hole frames in this epoch: [15, 15]

Epoch 106 | Train Loss: 0.26155 | Val Loss: 0.44618
Train Loss Components:
  |- loss_rot: 0.03736
  |- loss_pos: 0.30549
  |- fk_loss: 1.06536
  |- smoothness_loss: 0.38930
Val Loss Components:
  |- loss_rot: 0.03901
  |- loss_pos: 0.71458
  |- fk_loss: 1.44882
  |- smoothness_loss: 0.17821
LR: 1.000e-04
Hole frames in this epoch: [15, 15]

Epoch 107 | Train Loss: 0.25994 | Val Loss: 0.44434
Train Loss Components:
  |- loss_rot: 0.04021
  |- loss_pos: 0.33914
  |- fk_loss: 1.21855
  |- smoothness_loss: 0.41266
Val Loss Components:
  |- loss_rot: 0.03875
  |- loss_pos: 0.72750
  |- fk_loss: 1.44361
  |- smoothness_loss: 0.17962
LR: 1.000e-04
Hole frames in this epoch: [15, 15]

Epoch 108 | Train Loss: 0.25907 | Val Loss: 0.44385
Train Loss Components:
  |- loss_rot: 0.03421
  |- loss_pos: 0.29938
  |- fk_loss: 1.02159
  |- smoothness_loss: 0.34641
Val Loss Components:
  |- loss_rot: 0.03878
  |- loss_pos: 0.75813
  |- fk_loss: 1.47104
  |- smoothness_loss: 0.17969
LR: 1.000e-04
Hole frames in this epoch: [15, 15]

Epoch 109 | Train Loss: 0.25843 | Val Loss: 0.44325
Train Loss Components:
  |- loss_rot: 0.03935
  |- loss_pos: 0.32420
  |- fk_loss: 1.13876
  |- smoothness_loss: 0.42277
Val Loss Components:
  |- loss_rot: 0.03876
  |- loss_pos: 0.71628
  |- fk_loss: 1.44754
  |- smoothness_loss: 0.18272
LR: 1.000e-04
Hole frames in this epoch: [15, 15]

Epoch 110 | Train Loss: 0.25706 | Val Loss: 0.44216
Train Loss Components:
  |- loss_rot: 0.03998
  |- loss_pos: 0.31096
  |- fk_loss: 1.13761
  |- smoothness_loss: 0.40135
Val Loss Components:
  |- loss_rot: 0.03862
  |- loss_pos: 0.70075
  |- fk_loss: 1.43410
  |- smoothness_loss: 0.17925
LR: 1.000e-04
Hole frames in this epoch: [15, 15]

Epoch 111 | Train Loss: 0.25597 | Val Loss: 0.44161
Train Loss Components:
  |- loss_rot: 0.03771
  |- loss_pos: 0.31647
  |- fk_loss: 1.07258
  |- smoothness_loss: 0.37988
Val Loss Components:
  |- loss_rot: 0.03863
  |- loss_pos: 0.71193
  |- fk_loss: 1.44294
  |- smoothness_loss: 0.17496
LR: 1.000e-04
Hole frames in this epoch: [15, 15]

Epoch 112 | Train Loss: 0.25467 | Val Loss: 0.44113
Train Loss Components:
  |- loss_rot: 0.03611
  |- loss_pos: 0.28607
  |- fk_loss: 1.06833
  |- smoothness_loss: 0.35421
Val Loss Components:
  |- loss_rot: 0.03853
  |- loss_pos: 0.72739
  |- fk_loss: 1.44881
  |- smoothness_loss: 0.17848
LR: 1.000e-04
Hole frames in this epoch: [15, 15]

Epoch 113 | Train Loss: 0.25346 | Val Loss: 0.44371
Train Loss Components:
  |- loss_rot: 0.03720
  |- loss_pos: 0.29888
  |- fk_loss: 1.17307
  |- smoothness_loss: 0.39374
Val Loss Components:
  |- loss_rot: 0.03860
  |- loss_pos: 0.75065
  |- fk_loss: 1.43477
  |- smoothness_loss: 0.18258
LR: 1.000e-04
Hole frames in this epoch: [15, 15]

Epoch 114 | Train Loss: 0.25362 | Val Loss: 0.43732
Train Loss Components:
  |- loss_rot: 0.03811
  |- loss_pos: 0.28893
  |- fk_loss: 1.06810
  |- smoothness_loss: 0.38794
Val Loss Components:
  |- loss_rot: 0.03871
  |- loss_pos: 0.71472
  |- fk_loss: 1.43736
  |- smoothness_loss: 0.18791
LR: 1.000e-04
Hole frames in this epoch: [15, 15]

Epoch 115 | Train Loss: 0.25146 | Val Loss: 0.43995
Train Loss Components:
  |- loss_rot: 0.03824
  |- loss_pos: 0.31001
  |- fk_loss: 1.09406
  |- smoothness_loss: 0.48422
Val Loss Components:
  |- loss_rot: 0.03885
  |- loss_pos: 0.72448
  |- fk_loss: 1.42866
  |- smoothness_loss: 0.18884
LR: 1.000e-04
Hole frames in this epoch: [15, 15]

Epoch 116 | Train Loss: 0.25115 | Val Loss: 0.43660
Train Loss Components:
  |- loss_rot: 0.03909
  |- loss_pos: 0.30737
  |- fk_loss: 1.10946
  |- smoothness_loss: 0.42797
Val Loss Components:
  |- loss_rot: 0.03844
  |- loss_pos: 0.69774
  |- fk_loss: 1.41401
  |- smoothness_loss: 0.17969
LR: 1.000e-04
Hole frames in this epoch: [15, 15]

Epoch 117 | Train Loss: 0.24939 | Val Loss: 0.43749
Train Loss Components:
  |- loss_rot: 0.03779
  |- loss_pos: 0.28785
  |- fk_loss: 1.04595
  |- smoothness_loss: 0.42813
Val Loss Components:
  |- loss_rot: 0.03880
  |- loss_pos: 0.74129
  |- fk_loss: 1.42183
  |- smoothness_loss: 0.19188
LR: 1.000e-04
Hole frames in this epoch: [15, 15]

Epoch 118 | Train Loss: 0.24838 | Val Loss: 0.43491
Train Loss Components:
  |- loss_rot: 0.03608
  |- loss_pos: 0.31070
  |- fk_loss: 1.05172
  |- smoothness_loss: 0.42415
Val Loss Components:
  |- loss_rot: 0.03853
  |- loss_pos: 0.72324
  |- fk_loss: 1.44057
  |- smoothness_loss: 0.18511
LR: 1.000e-04
Hole frames in this epoch: [15, 15]

Epoch 119 | Train Loss: 0.24736 | Val Loss: 0.43778
Train Loss Components:
  |- loss_rot: 0.03814
  |- loss_pos: 0.28560
  |- fk_loss: 1.05315
  |- smoothness_loss: 0.42114
Val Loss Components:
  |- loss_rot: 0.03860
  |- loss_pos: 0.70903
  |- fk_loss: 1.41710
  |- smoothness_loss: 0.18983
LR: 1.000e-04
Hole frames in this epoch: [15, 15]

Epoch 120 | Train Loss: 0.24656 | Val Loss: 0.43523
Train Loss Components:
  |- loss_rot: 0.03889
  |- loss_pos: 0.30683
  |- fk_loss: 1.05456
  |- smoothness_loss: 0.44159
Val Loss Components:
  |- loss_rot: 0.03857
  |- loss_pos: 0.69782
  |- fk_loss: 1.41818
  |- smoothness_loss: 0.19738
LR: 1.000e-04
Hole frames in this epoch: [15, 15]

Epoch 121 | Train Loss: 0.24520 | Val Loss: 0.43522
Train Loss Components:
  |- loss_rot: 0.03709
  |- loss_pos: 0.29940
  |- fk_loss: 0.99148
  |- smoothness_loss: 0.45440
Val Loss Components:
  |- loss_rot: 0.03856
  |- loss_pos: 0.72101
  |- fk_loss: 1.42356
  |- smoothness_loss: 0.18846
LR: 1.000e-04
Hole frames in this epoch: [15, 15]

Epoch 122 | Train Loss: 0.24416 | Val Loss: 0.43537
Train Loss Components:
  |- loss_rot: 0.03480
  |- loss_pos: 0.27113
  |- fk_loss: 0.95320
  |- smoothness_loss: 0.32211
Val Loss Components:
  |- loss_rot: 0.03855
  |- loss_pos: 0.72631
  |- fk_loss: 1.42013
  |- smoothness_loss: 0.17686
LR: 1.000e-04
Hole frames in this epoch: [15, 15]

Epoch 123 | Train Loss: 0.24291 | Val Loss: 0.43310
Train Loss Components:
  |- loss_rot: 0.03848
  |- loss_pos: 0.29012
  |- fk_loss: 1.04995
  |- smoothness_loss: 0.43273
Val Loss Components:
  |- loss_rot: 0.03830
  |- loss_pos: 0.70474
  |- fk_loss: 1.41786
  |- smoothness_loss: 0.18671
LR: 1.000e-04
Hole frames in this epoch: [15, 15]

Epoch 124 | Train Loss: 0.24208 | Val Loss: 0.43307
Train Loss Components:
  |- loss_rot: 0.03888
  |- loss_pos: 0.29780
  |- fk_loss: 1.05744
  |- smoothness_loss: 0.44613
Val Loss Components:
  |- loss_rot: 0.03817
  |- loss_pos: 0.71087
  |- fk_loss: 1.39867
  |- smoothness_loss: 0.19147
LR: 1.000e-04
Hole frames in this epoch: [15, 15]

Epoch 125 | Train Loss: 0.24156 | Val Loss: 0.43417
Train Loss Components:
  |- loss_rot: 0.03720
  |- loss_pos: 0.30733
  |- fk_loss: 1.02596
  |- smoothness_loss: 0.43993
Val Loss Components:
  |- loss_rot: 0.03823
  |- loss_pos: 0.74692
  |- fk_loss: 1.42231
  |- smoothness_loss: 0.18521
LR: 1.000e-04
Hole frames in this epoch: [15, 15]

Epoch 126 | Train Loss: 0.24079 | Val Loss: 0.43303
Train Loss Components:
  |- loss_rot: 0.03669
  |- loss_pos: 0.28779
  |- fk_loss: 1.04109
  |- smoothness_loss: 0.38451
Val Loss Components:
  |- loss_rot: 0.03788
  |- loss_pos: 0.72085
  |- fk_loss: 1.40877
  |- smoothness_loss: 0.18474
LR: 1.000e-04
Hole frames in this epoch: [15, 15]

Epoch 127 | Train Loss: 0.23942 | Val Loss: 0.43486
Train Loss Components:
  |- loss_rot: 0.03494
  |- loss_pos: 0.28054
  |- fk_loss: 0.95904
  |- smoothness_loss: 0.40694
Val Loss Components:
  |- loss_rot: 0.03825
  |- loss_pos: 0.73356
  |- fk_loss: 1.41229
  |- smoothness_loss: 0.18922
LR: 1.000e-04
Hole frames in this epoch: [15, 15]

Epoch 128 | Train Loss: 0.23817 | Val Loss: 0.43147
Train Loss Components:
  |- loss_rot: 0.03758
  |- loss_pos: 0.27067
  |- fk_loss: 0.97963
  |- smoothness_loss: 0.35772
Val Loss Components:
  |- loss_rot: 0.03803
  |- loss_pos: 0.72426
  |- fk_loss: 1.41392
  |- smoothness_loss: 0.18419
LR: 1.000e-04
Hole frames in this epoch: [15, 15]

Epoch 129 | Train Loss: 0.23745 | Val Loss: 0.43096
Train Loss Components:
  |- loss_rot: 0.03924
  |- loss_pos: 0.29846
  |- fk_loss: 1.05642
  |- smoothness_loss: 0.45529
Val Loss Components:
  |- loss_rot: 0.03795
  |- loss_pos: 0.74391
  |- fk_loss: 1.40248
  |- smoothness_loss: 0.19108
LR: 1.000e-04
Hole frames in this epoch: [15, 15]

Epoch 130 | Train Loss: 0.23670 | Val Loss: 0.43244
Train Loss Components:
  |- loss_rot: 0.03746
  |- loss_pos: 0.30668
  |- fk_loss: 1.02522
  |- smoothness_loss: 0.41423
Val Loss Components:
  |- loss_rot: 0.03798
  |- loss_pos: 0.73502
  |- fk_loss: 1.41363
  |- smoothness_loss: 0.19223
LR: 1.000e-04
Hole frames in this epoch: [15, 15]

Epoch 131 | Train Loss: 0.23600 | Val Loss: 0.43077
Train Loss Components:
  |- loss_rot: 0.03611
  |- loss_pos: 0.27713
  |- fk_loss: 0.98259
  |- smoothness_loss: 0.41973
Val Loss Components:
  |- loss_rot: 0.03787
  |- loss_pos: 0.71300
  |- fk_loss: 1.37806
  |- smoothness_loss: 0.19094
LR: 1.000e-04
Hole frames in this epoch: [15, 15]

Epoch 132 | Train Loss: 0.23504 | Val Loss: 0.42896
Train Loss Components:
  |- loss_rot: 0.03662
  |- loss_pos: 0.27818
  |- fk_loss: 0.99185
  |- smoothness_loss: 0.40436
Val Loss Components:
  |- loss_rot: 0.03798
  |- loss_pos: 0.71397
  |- fk_loss: 1.37796
  |- smoothness_loss: 0.19390
LR: 1.000e-04
Hole frames in this epoch: [15, 15]

Epoch 133 | Train Loss: 0.23440 | Val Loss: 0.42954
Train Loss Components:
  |- loss_rot: 0.03742
  |- loss_pos: 0.28466
  |- fk_loss: 0.97879
  |- smoothness_loss: 0.42047
Val Loss Components:
  |- loss_rot: 0.03781
  |- loss_pos: 0.71133
  |- fk_loss: 1.39062
  |- smoothness_loss: 0.19804
LR: 1.000e-04
Hole frames in this epoch: [15, 15]

Epoch 134 | Train Loss: 0.23297 | Val Loss: 0.42989
Train Loss Components:
  |- loss_rot: 0.03754
  |- loss_pos: 0.25671
  |- fk_loss: 1.01057
  |- smoothness_loss: 0.43860
Val Loss Components:
  |- loss_rot: 0.03758
  |- loss_pos: 0.71916
  |- fk_loss: 1.38943
  |- smoothness_loss: 0.18688
LR: 1.000e-04
Hole frames in this epoch: [15, 15]

Epoch 135 | Train Loss: 0.23265 | Val Loss: 0.42744
Train Loss Components:
  |- loss_rot: 0.03587
  |- loss_pos: 0.27506
  |- fk_loss: 0.96318
  |- smoothness_loss: 0.42579
Val Loss Components:
  |- loss_rot: 0.03776
  |- loss_pos: 0.71190
  |- fk_loss: 1.38161
  |- smoothness_loss: 0.18794
LR: 1.000e-04
Hole frames in this epoch: [15, 15]

Epoch 136 | Train Loss: 0.23200 | Val Loss: 0.42761
Train Loss Components:
  |- loss_rot: 0.03734
  |- loss_pos: 0.27300
  |- fk_loss: 0.99805
  |- smoothness_loss: 0.44440
Val Loss Components:
  |- loss_rot: 0.03764
  |- loss_pos: 0.71019
  |- fk_loss: 1.37587
  |- smoothness_loss: 0.18952
LR: 1.000e-04
Hole frames in this epoch: [15, 15]

Epoch 137 | Train Loss: 0.23113 | Val Loss: 0.42955
Train Loss Components:
  |- loss_rot: 0.03468
  |- loss_pos: 0.25804
  |- fk_loss: 0.93322
  |- smoothness_loss: 0.37515
Val Loss Components:
  |- loss_rot: 0.03740
  |- loss_pos: 0.71627
  |- fk_loss: 1.37943
  |- smoothness_loss: 0.19166
LR: 1.000e-04
Hole frames in this epoch: [15, 15]

Epoch 138 | Train Loss: 0.23026 | Val Loss: 0.42879
Train Loss Components:
  |- loss_rot: 0.03655
  |- loss_pos: 0.27228
  |- fk_loss: 0.95201
  |- smoothness_loss: 0.38594
Val Loss Components:
  |- loss_rot: 0.03735
  |- loss_pos: 0.73733
  |- fk_loss: 1.40362
  |- smoothness_loss: 0.18900
LR: 1.000e-04
Hole frames in this epoch: [15, 15]

Epoch 139 | Train Loss: 0.22986 | Val Loss: 0.42741
Train Loss Components:
  |- loss_rot: 0.03651
  |- loss_pos: 0.26333
  |- fk_loss: 0.96607
  |- smoothness_loss: 0.40310
Val Loss Components:
  |- loss_rot: 0.03735
  |- loss_pos: 0.70400
  |- fk_loss: 1.36279
  |- smoothness_loss: 0.18947
LR: 1.000e-04
Hole frames in this epoch: [15, 15]

Epoch 140 | Train Loss: 0.22907 | Val Loss: 0.42777
Train Loss Components:
  |- loss_rot: 0.03819
  |- loss_pos: 0.28808
  |- fk_loss: 1.02574
  |- smoothness_loss: 0.44603
Val Loss Components:
  |- loss_rot: 0.03759
  |- loss_pos: 0.71404
  |- fk_loss: 1.37980
  |- smoothness_loss: 0.19381
LR: 1.000e-04
Hole frames in this epoch: [15, 15]

Epoch 141 | Train Loss: 0.22853 | Val Loss: 0.42821
Train Loss Components:
  |- loss_rot: 0.03592
  |- loss_pos: 0.27667
  |- fk_loss: 0.91552
  |- smoothness_loss: 0.37344
Val Loss Components:
  |- loss_rot: 0.03738
  |- loss_pos: 0.73896
  |- fk_loss: 1.39272
  |- smoothness_loss: 0.19213
LR: 1.000e-04
Hole frames in this epoch: [15, 15]

Epoch 142 | Train Loss: 0.21109 | Val Loss: 0.41663
Train Loss Components:
  |- loss_rot: 0.03565
  |- loss_pos: 0.22763
  |- fk_loss: 0.88632
  |- smoothness_loss: 0.39047
Val Loss Components:
  |- loss_rot: 0.03725
  |- loss_pos: 0.72317
  |- fk_loss: 1.35656
  |- smoothness_loss: 0.19551
LR: 5.000e-05
Hole frames in this epoch: [15, 15]

Epoch 143 | Train Loss: 0.20057 | Val Loss: 0.41722
Train Loss Components:
  |- loss_rot: 0.03562
  |- loss_pos: 0.21162
  |- fk_loss: 0.88664
  |- smoothness_loss: 0.43527
Val Loss Components:
  |- loss_rot: 0.03712
  |- loss_pos: 0.69514
  |- fk_loss: 1.34051
  |- smoothness_loss: 0.19407
LR: 5.000e-05
Hole frames in this epoch: [15, 15]

Epoch 144 | Train Loss: 0.19833 | Val Loss: 0.41659
Train Loss Components:
  |- loss_rot: 0.03439
  |- loss_pos: 0.20298
  |- fk_loss: 0.84202
  |- smoothness_loss: 0.37874
Val Loss Components:
  |- loss_rot: 0.03712
  |- loss_pos: 0.69502
  |- fk_loss: 1.33589
  |- smoothness_loss: 0.19601
LR: 5.000e-05
Hole frames in this epoch: [15, 15]

Epoch 145 | Train Loss: 0.19738 | Val Loss: 0.41709
Train Loss Components:
  |- loss_rot: 0.03462
  |- loss_pos: 0.19639
  |- fk_loss: 0.82994
  |- smoothness_loss: 0.33421
Val Loss Components:
  |- loss_rot: 0.03727
  |- loss_pos: 0.69955
  |- fk_loss: 1.33820
  |- smoothness_loss: 0.19847
LR: 5.000e-05
Hole frames in this epoch: [15, 15]

Epoch 146 | Train Loss: 0.19695 | Val Loss: 0.41720
Train Loss Components:
  |- loss_rot: 0.03533
  |- loss_pos: 0.19052
  |- fk_loss: 0.87420
  |- smoothness_loss: 0.39663
Val Loss Components:
  |- loss_rot: 0.03714
  |- loss_pos: 0.70206
  |- fk_loss: 1.34669
  |- smoothness_loss: 0.19700
LR: 5.000e-05
Hole frames in this epoch: [15, 15]

Epoch 147 | Train Loss: 0.19669 | Val Loss: 0.41651
Train Loss Components:
  |- loss_rot: 0.03944
  |- loss_pos: 0.21858
  |- fk_loss: 0.94607
  |- smoothness_loss: 0.48835
Val Loss Components:
  |- loss_rot: 0.03722
  |- loss_pos: 0.70857
  |- fk_loss: 1.35398
  |- smoothness_loss: 0.19928
LR: 5.000e-05
Hole frames in this epoch: [15, 15]

Epoch 148 | Train Loss: 0.19607 | Val Loss: 0.41568
Train Loss Components:
  |- loss_rot: 0.03873
  |- loss_pos: 0.20795
  |- fk_loss: 0.93571
  |- smoothness_loss: 0.46743
Val Loss Components:
  |- loss_rot: 0.03704
  |- loss_pos: 0.68996
  |- fk_loss: 1.33463
  |- smoothness_loss: 0.19332
LR: 5.000e-05
Hole frames in this epoch: [15, 15]

Epoch 149 | Train Loss: 0.19573 | Val Loss: 0.41686
Train Loss Components:
  |- loss_rot: 0.03440
  |- loss_pos: 0.21635
  |- fk_loss: 0.82360
  |- smoothness_loss: 0.34849
Val Loss Components:
  |- loss_rot: 0.03720
  |- loss_pos: 0.69783
  |- fk_loss: 1.34729
  |- smoothness_loss: 0.20124
LR: 5.000e-05
Hole frames in this epoch: [15, 15]

Epoch 150 | Train Loss: 0.19518 | Val Loss: 0.41566
Train Loss Components:
  |- loss_rot: 0.03904
  |- loss_pos: 0.21122
  |- fk_loss: 0.93432
  |- smoothness_loss: 0.47468
Val Loss Components:
  |- loss_rot: 0.03695
  |- loss_pos: 0.69097
  |- fk_loss: 1.32702
  |- smoothness_loss: 0.20031
LR: 5.000e-05
Hole frames in this epoch: [15, 15]

Epoch 151 | Train Loss: 0.19464 | Val Loss: 0.41705
Train Loss Components:
  |- loss_rot: 0.03861
  |- loss_pos: 0.20861
  |- fk_loss: 0.91818
  |- smoothness_loss: 0.45994
Val Loss Components:
  |- loss_rot: 0.03704
  |- loss_pos: 0.69485
  |- fk_loss: 1.32499
  |- smoothness_loss: 0.19878
LR: 5.000e-05
Hole frames in this epoch: [15, 15]

Epoch 152 | Train Loss: 0.19401 | Val Loss: 0.41722
Train Loss Components:
  |- loss_rot: 0.03394
  |- loss_pos: 0.19069
  |- fk_loss: 0.79904
  |- smoothness_loss: 0.35065
Val Loss Components:
  |- loss_rot: 0.03695
  |- loss_pos: 0.70677
  |- fk_loss: 1.32229
  |- smoothness_loss: 0.20124
LR: 5.000e-05
Hole frames in this epoch: [15, 15]

Epoch 153 | Train Loss: 0.19362 | Val Loss: 0.41681
Train Loss Components:
  |- loss_rot: 0.03290
  |- loss_pos: 0.18735
  |- fk_loss: 0.78660
  |- smoothness_loss: 0.35322
Val Loss Components:
  |- loss_rot: 0.03705
  |- loss_pos: 0.68274
  |- fk_loss: 1.31583
  |- smoothness_loss: 0.20010
LR: 5.000e-05
Hole frames in this epoch: [15, 15]

Epoch 154 | Train Loss: 0.19312 | Val Loss: 0.41537
Train Loss Components:
  |- loss_rot: 0.03515
  |- loss_pos: 0.20286
  |- fk_loss: 0.85481
  |- smoothness_loss: 0.40338
Val Loss Components:
  |- loss_rot: 0.03697
  |- loss_pos: 0.69882
  |- fk_loss: 1.32902
  |- smoothness_loss: 0.19626
LR: 5.000e-05
Hole frames in this epoch: [15, 15]

Epoch 155 | Train Loss: 0.19291 | Val Loss: 0.41541
Train Loss Components:
  |- loss_rot: 0.03837
  |- loss_pos: 0.20550
  |- fk_loss: 0.88732
  |- smoothness_loss: 0.41153
Val Loss Components:
  |- loss_rot: 0.03700
  |- loss_pos: 0.68534
  |- fk_loss: 1.32047
  |- smoothness_loss: 0.20390
LR: 5.000e-05
Hole frames in this epoch: [15, 15]

Epoch 156 | Train Loss: 0.19252 | Val Loss: 0.41468
Train Loss Components:
  |- loss_rot: 0.03852
  |- loss_pos: 0.21661
  |- fk_loss: 0.93067
  |- smoothness_loss: 0.51930
Val Loss Components:
  |- loss_rot: 0.03704
  |- loss_pos: 0.69648
  |- fk_loss: 1.32528
  |- smoothness_loss: 0.20030
LR: 5.000e-05
Hole frames in this epoch: [15, 15]

Epoch 157 | Train Loss: 0.19165 | Val Loss: 0.41383
Train Loss Components:
  |- loss_rot: 0.03650
  |- loss_pos: 0.19455
  |- fk_loss: 0.86725
  |- smoothness_loss: 0.41921
Val Loss Components:
  |- loss_rot: 0.03689
  |- loss_pos: 0.68795
  |- fk_loss: 1.32417
  |- smoothness_loss: 0.20590
LR: 5.000e-05
Hole frames in this epoch: [15, 15]

Epoch 158 | Train Loss: 0.19120 | Val Loss: 0.41479
Train Loss Components:
  |- loss_rot: 0.03389
  |- loss_pos: 0.19273
  |- fk_loss: 0.80676
  |- smoothness_loss: 0.35290
Val Loss Components:
  |- loss_rot: 0.03696
  |- loss_pos: 0.69028
  |- fk_loss: 1.32653
  |- smoothness_loss: 0.20153
LR: 5.000e-05
Hole frames in this epoch: [15, 15]

Epoch 159 | Train Loss: 0.19091 | Val Loss: 0.41390
Train Loss Components:
  |- loss_rot: 0.03373
  |- loss_pos: 0.19652
  |- fk_loss: 0.83263
  |- smoothness_loss: 0.36949
Val Loss Components:
  |- loss_rot: 0.03690
  |- loss_pos: 0.68696
  |- fk_loss: 1.31520
  |- smoothness_loss: 0.19979
LR: 5.000e-05
Hole frames in this epoch: [15, 15]

Epoch 160 | Train Loss: 0.19060 | Val Loss: 0.41439
Train Loss Components:
  |- loss_rot: 0.03388
  |- loss_pos: 0.19506
  |- fk_loss: 0.80597
  |- smoothness_loss: 0.38329
Val Loss Components:
  |- loss_rot: 0.03687
  |- loss_pos: 0.69585
  |- fk_loss: 1.30739
  |- smoothness_loss: 0.20467
LR: 5.000e-05
Hole frames in this epoch: [15, 15]

Epoch 161 | Train Loss: 0.19040 | Val Loss: 0.41429
Train Loss Components:
  |- loss_rot: 0.03589
  |- loss_pos: 0.22275
  |- fk_loss: 0.89296
  |- smoothness_loss: 0.47294
Val Loss Components:
  |- loss_rot: 0.03674
  |- loss_pos: 0.67997
  |- fk_loss: 1.31121
  |- smoothness_loss: 0.20017
LR: 5.000e-05
Hole frames in this epoch: [15, 15]

Epoch 162 | Train Loss: 0.18993 | Val Loss: 0.41465
Train Loss Components:
  |- loss_rot: 0.03387
  |- loss_pos: 0.20483
  |- fk_loss: 0.83507
  |- smoothness_loss: 0.37462
Val Loss Components:
  |- loss_rot: 0.03680
  |- loss_pos: 0.68913
  |- fk_loss: 1.31864
  |- smoothness_loss: 0.20596
LR: 5.000e-05
Hole frames in this epoch: [15, 15]

Epoch 163 | Train Loss: 0.18941 | Val Loss: 0.41449
Train Loss Components:
  |- loss_rot: 0.03559
  |- loss_pos: 0.20222
  |- fk_loss: 0.82725
  |- smoothness_loss: 0.40665
Val Loss Components:
  |- loss_rot: 0.03688
  |- loss_pos: 0.68016
  |- fk_loss: 1.31266
  |- smoothness_loss: 0.20059
LR: 5.000e-05
Hole frames in this epoch: [15, 15]

Epoch 164 | Train Loss: 0.18178 | Val Loss: 0.41130
Train Loss Components:
  |- loss_rot: 0.03476
  |- loss_pos: 0.17744
  |- fk_loss: 0.78723
  |- smoothness_loss: 0.37418
Val Loss Components:
  |- loss_rot: 0.03675
  |- loss_pos: 0.68392
  |- fk_loss: 1.29523
  |- smoothness_loss: 0.20661
LR: 2.500e-05
Hole frames in this epoch: [15, 15]

Epoch 165 | Train Loss: 0.17760 | Val Loss: 0.41089
Train Loss Components:
  |- loss_rot: 0.03658
  |- loss_pos: 0.17011
  |- fk_loss: 0.79372
  |- smoothness_loss: 0.37944
Val Loss Components:
  |- loss_rot: 0.03677
  |- loss_pos: 0.67978
  |- fk_loss: 1.30197
  |- smoothness_loss: 0.20565
LR: 2.500e-05
Hole frames in this epoch: [15, 15]

Epoch 166 | Train Loss: 0.17638 | Val Loss: 0.41023
Train Loss Components:
  |- loss_rot: 0.03349
  |- loss_pos: 0.19283
  |- fk_loss: 0.77146
  |- smoothness_loss: 0.43739
Val Loss Components:
  |- loss_rot: 0.03676
  |- loss_pos: 0.67556
  |- fk_loss: 1.29575
  |- smoothness_loss: 0.20649
LR: 2.500e-05
Hole frames in this epoch: [15, 15]

Epoch 167 | Train Loss: 0.17592 | Val Loss: 0.41058
Train Loss Components:
  |- loss_rot: 0.03735
  |- loss_pos: 0.17373
  |- fk_loss: 0.82595
  |- smoothness_loss: 0.46165
Val Loss Components:
  |- loss_rot: 0.03680
  |- loss_pos: 0.67629
  |- fk_loss: 1.29617
  |- smoothness_loss: 0.20731
LR: 2.500e-05
Hole frames in this epoch: [15, 15]

Epoch 168 | Train Loss: 0.17554 | Val Loss: 0.41176
Train Loss Components:
  |- loss_rot: 0.03217
  |- loss_pos: 0.15695
  |- fk_loss: 0.73022
  |- smoothness_loss: 0.34331
Val Loss Components:
  |- loss_rot: 0.03673
  |- loss_pos: 0.68147
  |- fk_loss: 1.30045
  |- smoothness_loss: 0.20880
LR: 2.500e-05
Hole frames in this epoch: [15, 15]

Epoch 169 | Train Loss: 0.17532 | Val Loss: 0.41100
Train Loss Components:
  |- loss_rot: 0.03260
  |- loss_pos: 0.15916
  |- fk_loss: 0.73617
  |- smoothness_loss: 0.34547
Val Loss Components:
  |- loss_rot: 0.03670
  |- loss_pos: 0.67780
  |- fk_loss: 1.29555
  |- smoothness_loss: 0.20872
LR: 2.500e-05
Hole frames in this epoch: [15, 15]

Epoch 170 | Train Loss: 0.17507 | Val Loss: 0.41066
Train Loss Components:
  |- loss_rot: 0.03382
  |- loss_pos: 0.16455
  |- fk_loss: 0.77114
  |- smoothness_loss: 0.37259
Val Loss Components:
  |- loss_rot: 0.03671
  |- loss_pos: 0.67558
  |- fk_loss: 1.29056
  |- smoothness_loss: 0.20852
LR: 2.500e-05
Hole frames in this epoch: [15, 15]

Epoch 171 | Train Loss: 0.17489 | Val Loss: 0.41021
Train Loss Components:
  |- loss_rot: 0.03379
  |- loss_pos: 0.16736
  |- fk_loss: 0.76405
  |- smoothness_loss: 0.39997
Val Loss Components:
  |- loss_rot: 0.03669
  |- loss_pos: 0.68098
  |- fk_loss: 1.29539
  |- smoothness_loss: 0.20957
LR: 2.500e-05
Hole frames in this epoch: [15, 15]

Epoch 172 | Train Loss: 0.17452 | Val Loss: 0.41056
Train Loss Components:
  |- loss_rot: 0.03818
  |- loss_pos: 0.18294
  |- fk_loss: 0.84280
  |- smoothness_loss: 0.47535
Val Loss Components:
  |- loss_rot: 0.03666
  |- loss_pos: 0.68424
  |- fk_loss: 1.29481
  |- smoothness_loss: 0.20527
LR: 2.500e-05
Hole frames in this epoch: [15, 15]

Epoch 173 | Train Loss: 0.17128 | Val Loss: 0.40921
Train Loss Components:
  |- loss_rot: 0.03857
  |- loss_pos: 0.16160
  |- fk_loss: 0.83707
  |- smoothness_loss: 0.40676
Val Loss Components:
  |- loss_rot: 0.03665
  |- loss_pos: 0.67653
  |- fk_loss: 1.28959
  |- smoothness_loss: 0.20933
LR: 1.250e-05
Hole frames in this epoch: [15, 15]

Epoch 174 | Train Loss: 0.16954 | Val Loss: 0.40901
Train Loss Components:
  |- loss_rot: 0.03527
  |- loss_pos: 0.15760
  |- fk_loss: 0.76220
  |- smoothness_loss: 0.42384
Val Loss Components:
  |- loss_rot: 0.03668
  |- loss_pos: 0.66974
  |- fk_loss: 1.29083
  |- smoothness_loss: 0.20844
LR: 1.250e-05
Hole frames in this epoch: [15, 15]

Epoch 175 | Train Loss: 0.16915 | Val Loss: 0.40912
Train Loss Components:
  |- loss_rot: 0.03550
  |- loss_pos: 0.16224
  |- fk_loss: 0.80267
  |- smoothness_loss: 0.41648
Val Loss Components:
  |- loss_rot: 0.03660
  |- loss_pos: 0.67807
  |- fk_loss: 1.29372
  |- smoothness_loss: 0.20872
LR: 1.250e-05
Hole frames in this epoch: [15, 15]

Epoch 176 | Train Loss: 0.16876 | Val Loss: 0.40879
Train Loss Components:
  |- loss_rot: 0.03353
  |- loss_pos: 0.14918
  |- fk_loss: 0.69673
  |- smoothness_loss: 0.36849
Val Loss Components:
  |- loss_rot: 0.03660
  |- loss_pos: 0.67495
  |- fk_loss: 1.28748
  |- smoothness_loss: 0.20897
LR: 1.250e-05
Hole frames in this epoch: [15, 15]

Epoch 177 | Train Loss: 0.16860 | Val Loss: 0.40841
Train Loss Components:
  |- loss_rot: 0.03898
  |- loss_pos: 0.17025
  |- fk_loss: 0.86897
  |- smoothness_loss: 0.52027
Val Loss Components:
  |- loss_rot: 0.03663
  |- loss_pos: 0.67136
  |- fk_loss: 1.28722
  |- smoothness_loss: 0.20844
LR: 1.250e-05
Hole frames in this epoch: [15, 15]

Epoch 178 | Train Loss: 0.16841 | Val Loss: 0.40886
Train Loss Components:
  |- loss_rot: 0.03459
  |- loss_pos: 0.15313
  |- fk_loss: 0.73739
  |- smoothness_loss: 0.36348
Val Loss Components:
  |- loss_rot: 0.03663
  |- loss_pos: 0.68409
  |- fk_loss: 1.29628
  |- smoothness_loss: 0.20884
LR: 1.250e-05
Hole frames in this epoch: [15, 15]

Epoch 179 | Train Loss: 0.16822 | Val Loss: 0.40882
Train Loss Components:
  |- loss_rot: 0.03542
  |- loss_pos: 0.15492
  |- fk_loss: 0.77845
  |- smoothness_loss: 0.41557
Val Loss Components:
  |- loss_rot: 0.03663
  |- loss_pos: 0.67664
  |- fk_loss: 1.28804
  |- smoothness_loss: 0.20901
LR: 1.250e-05
Hole frames in this epoch: [15, 15]

Epoch 180 | Train Loss: 0.16800 | Val Loss: 0.40899
Train Loss Components:
  |- loss_rot: 0.03508
  |- loss_pos: 0.16063
  |- fk_loss: 0.75190
  |- smoothness_loss: 0.39490
Val Loss Components:
  |- loss_rot: 0.03667
  |- loss_pos: 0.67917
  |- fk_loss: 1.29249
  |- smoothness_loss: 0.21115
LR: 1.250e-05
Hole frames in this epoch: [15, 15]

Epoch 181 | Train Loss: 0.16787 | Val Loss: 0.40851
Train Loss Components:
  |- loss_rot: 0.03319
  |- loss_pos: 0.14729
  |- fk_loss: 0.73116
  |- smoothness_loss: 0.40917
Val Loss Components:
  |- loss_rot: 0.03657
  |- loss_pos: 0.67711
  |- fk_loss: 1.28834
  |- smoothness_loss: 0.20819
LR: 1.250e-05
Hole frames in this epoch: [15, 15]

Epoch 182 | Train Loss: 0.16768 | Val Loss: 0.40918
Train Loss Components:
  |- loss_rot: 0.03326
  |- loss_pos: 0.14782
  |- fk_loss: 0.73566
  |- smoothness_loss: 0.34116
Val Loss Components:
  |- loss_rot: 0.03661
  |- loss_pos: 0.68180
  |- fk_loss: 1.29333
  |- smoothness_loss: 0.20959
LR: 1.250e-05
Hole frames in this epoch: [15, 15]

Epoch 183 | Train Loss: 0.16754 | Val Loss: 0.40878
Train Loss Components:
  |- loss_rot: 0.03299
  |- loss_pos: 0.14226
  |- fk_loss: 0.72971
  |- smoothness_loss: 0.36597
Val Loss Components:
  |- loss_rot: 0.03663
  |- loss_pos: 0.67688
  |- fk_loss: 1.29501
  |- smoothness_loss: 0.21090
LR: 1.250e-05
Hole frames in this epoch: [15, 15]

Epoch 184 | Train Loss: 0.16605 | Val Loss: 0.40788
Train Loss Components:
  |- loss_rot: 0.03807
  |- loss_pos: 0.16551
  |- fk_loss: 0.81505
  |- smoothness_loss: 0.50008
Val Loss Components:
  |- loss_rot: 0.03655
  |- loss_pos: 0.67488
  |- fk_loss: 1.28745
  |- smoothness_loss: 0.21024
LR: 6.250e-06
Hole frames in this epoch: [15, 15]

Epoch 185 | Train Loss: 0.16539 | Val Loss: 0.40869
Train Loss Components:
  |- loss_rot: 0.03886
  |- loss_pos: 0.16420
  |- fk_loss: 0.83628
  |- smoothness_loss: 0.49282
Val Loss Components:
  |- loss_rot: 0.03660
  |- loss_pos: 0.67383
  |- fk_loss: 1.28736
  |- smoothness_loss: 0.21082
LR: 6.250e-06
Hole frames in this epoch: [15, 15]

Epoch 186 | Train Loss: 0.16513 | Val Loss: 0.40815
Train Loss Components:
  |- loss_rot: 0.03507
  |- loss_pos: 0.14353
  |- fk_loss: 0.76365
  |- smoothness_loss: 0.39446
Val Loss Components:
  |- loss_rot: 0.03657
  |- loss_pos: 0.67252
  |- fk_loss: 1.28502
  |- smoothness_loss: 0.20982
LR: 6.250e-06
Hole frames in this epoch: [15, 15]

Epoch 187 | Train Loss: 0.16490 | Val Loss: 0.40809
Train Loss Components:
  |- loss_rot: 0.03377
  |- loss_pos: 0.14504
  |- fk_loss: 0.72777
  |- smoothness_loss: 0.41245
Val Loss Components:
  |- loss_rot: 0.03658
  |- loss_pos: 0.67449
  |- fk_loss: 1.28655
  |- smoothness_loss: 0.21138
LR: 6.250e-06
Hole frames in this epoch: [15, 15]

Epoch 188 | Train Loss: 0.16476 | Val Loss: 0.40820
Train Loss Components:
  |- loss_rot: 0.03411
  |- loss_pos: 0.14901
  |- fk_loss: 0.73234
  |- smoothness_loss: 0.37680
Val Loss Components:
  |- loss_rot: 0.03655
  |- loss_pos: 0.67659
  |- fk_loss: 1.28297
  |- smoothness_loss: 0.20952
LR: 6.250e-06
Hole frames in this epoch: [15, 15]

Epoch 189 | Train Loss: 0.16462 | Val Loss: 0.40825
Train Loss Components:
  |- loss_rot: 0.03307
  |- loss_pos: 0.14328
  |- fk_loss: 0.79534
  |- smoothness_loss: 0.37757
Val Loss Components:
  |- loss_rot: 0.03657
  |- loss_pos: 0.67688
  |- fk_loss: 1.28792
  |- smoothness_loss: 0.21135
LR: 6.250e-06
Hole frames in this epoch: [15, 15]

Epoch 190 | Train Loss: 0.16455 | Val Loss: 0.40797
Train Loss Components:
  |- loss_rot: 0.03559
  |- loss_pos: 0.15223
  |- fk_loss: 0.74964
  |- smoothness_loss: 0.41933
Val Loss Components:
  |- loss_rot: 0.03655
  |- loss_pos: 0.67720
  |- fk_loss: 1.28513
  |- smoothness_loss: 0.21087
LR: 6.250e-06
Hole frames in this epoch: [15, 15]

Epoch 191 | Train Loss: 0.16387 | Val Loss: 0.40788
Train Loss Components:
  |- loss_rot: 0.03654
  |- loss_pos: 0.15000
  |- fk_loss: 0.88352
  |- smoothness_loss: 0.41677
Val Loss Components:
  |- loss_rot: 0.03658
  |- loss_pos: 0.67667
  |- fk_loss: 1.28617
  |- smoothness_loss: 0.21052
LR: 3.125e-06
Hole frames in this epoch: [15, 15]

Epoch 192 | Train Loss: 0.16357 | Val Loss: 0.40788
Train Loss Components:
  |- loss_rot: 0.03229
  |- loss_pos: 0.14359
  |- fk_loss: 0.70409
  |- smoothness_loss: 0.37535
Val Loss Components:
  |- loss_rot: 0.03656
  |- loss_pos: 0.67465
  |- fk_loss: 1.28346
  |- smoothness_loss: 0.21190
LR: 3.125e-06
Hole frames in this epoch: [15, 15]

Training time: 6468.24 s