Epoch 1 | Train Loss: 1.11311 | Val Loss: 1.04355
Train Loss Components:
  |- loss_rot: 0.08040
  |- loss_pos: 1.95312
  |- fk_loss: 3.35905
  |- smoothness_loss: 0.15984
Val Loss Components:
  |- loss_rot: 0.07760
  |- loss_pos: 1.98913
  |- fk_loss: 3.50418
  |- smoothness_loss: 0.00747
LR: 1.000e-04
Hole frames in this epoch: [15, 15]

Epoch 2 | Train Loss: 1.02949 | Val Loss: 1.00525
Train Loss Components:
  |- loss_rot: 0.07167
  |- loss_pos: 1.74717
  |- fk_loss: 3.29835
  |- smoothness_loss: 0.09931
Val Loss Components:
  |- loss_rot: 0.06799
  |- loss_pos: 1.95550
  |- fk_loss: 3.37648
  |- smoothness_loss: 0.00877
LR: 1.000e-04
Hole frames in this epoch: [15, 15]

Epoch 3 | Train Loss: 0.98930 | Val Loss: 0.96333
Train Loss Components:
  |- loss_rot: 0.06112
  |- loss_pos: 1.84225
  |- fk_loss: 3.12196
  |- smoothness_loss: 0.10250
Val Loss Components:
  |- loss_rot: 0.05926
  |- loss_pos: 1.85500
  |- fk_loss: 3.23348
  |- smoothness_loss: 0.00962
LR: 1.000e-04
Hole frames in this epoch: [15, 15]

Epoch 4 | Train Loss: 0.93977 | Val Loss: 0.92489
Train Loss Components:
  |- loss_rot: 0.05039
  |- loss_pos: 1.69244
  |- fk_loss: 2.89667
  |- smoothness_loss: 0.07027
Val Loss Components:
  |- loss_rot: 0.05313
  |- loss_pos: 1.79136
  |- fk_loss: 3.15010
  |- smoothness_loss: 0.00873
LR: 1.000e-04
Hole frames in this epoch: [15, 15]

Epoch 5 | Train Loss: 0.91416 | Val Loss: 0.89204
Train Loss Components:
  |- loss_rot: 0.05039
  |- loss_pos: 1.70149
  |- fk_loss: 2.93141
  |- smoothness_loss: 0.08911
Val Loss Components:
  |- loss_rot: 0.05055
  |- loss_pos: 1.67030
  |- fk_loss: 3.08412
  |- smoothness_loss: 0.02437
LR: 1.000e-04
Hole frames in this epoch: [15, 15]

Epoch 6 | Train Loss: 0.87875 | Val Loss: 0.86396
Train Loss Components:
  |- loss_rot: 0.04850
  |- loss_pos: 1.58113
  |- fk_loss: 2.97267
  |- smoothness_loss: 0.10339
Val Loss Components:
  |- loss_rot: 0.04931
  |- loss_pos: 1.59921
  |- fk_loss: 3.03321
  |- smoothness_loss: 0.02069
LR: 1.000e-04
Hole frames in this epoch: [15, 15]

Epoch 7 | Train Loss: 0.85497 | Val Loss: 0.84394
Train Loss Components:
  |- loss_rot: 0.04972
  |- loss_pos: 1.50483
  |- fk_loss: 2.84249
  |- smoothness_loss: 0.10198
Val Loss Components:
  |- loss_rot: 0.04978
  |- loss_pos: 1.56637
  |- fk_loss: 2.95671
  |- smoothness_loss: 0.02439
LR: 1.000e-04
Hole frames in this epoch: [15, 15]

Epoch 8 | Train Loss: 0.82761 | Val Loss: 0.81337
Train Loss Components:
  |- loss_rot: 0.04877
  |- loss_pos: 1.54055
  |- fk_loss: 2.89810
  |- smoothness_loss: 0.12759
Val Loss Components:
  |- loss_rot: 0.04945
  |- loss_pos: 1.47893
  |- fk_loss: 2.79631
  |- smoothness_loss: 0.02778
LR: 1.000e-04
Hole frames in this epoch: [15, 15]

Epoch 9 | Train Loss: 0.80145 | Val Loss: 0.78107
Train Loss Components:
  |- loss_rot: 0.05215
  |- loss_pos: 1.45169
  |- fk_loss: 2.72556
  |- smoothness_loss: 0.18469
Val Loss Components:
  |- loss_rot: 0.04955
  |- loss_pos: 1.40381
  |- fk_loss: 2.63165
  |- smoothness_loss: 0.04216
LR: 1.000e-04
Hole frames in this epoch: [15, 15]

Epoch 10 | Train Loss: 0.77587 | Val Loss: 0.75731
Train Loss Components:
  |- loss_rot: 0.04931
  |- loss_pos: 1.25323
  |- fk_loss: 2.48285
  |- smoothness_loss: 0.17531
Val Loss Components:
  |- loss_rot: 0.04873
  |- loss_pos: 1.38061
  |- fk_loss: 2.55487
  |- smoothness_loss: 0.05065
LR: 1.000e-04
Hole frames in this epoch: [15, 15]

Epoch 11 | Train Loss: 0.74884 | Val Loss: 0.72056
Train Loss Components:
  |- loss_rot: 0.04553
  |- loss_pos: 1.28550
  |- fk_loss: 2.43207
  |- smoothness_loss: 0.21710
Val Loss Components:
  |- loss_rot: 0.04799
  |- loss_pos: 1.34593
  |- fk_loss: 2.52099
  |- smoothness_loss: 0.05827
LR: 1.000e-04
Hole frames in this epoch: [15, 15]

Epoch 12 | Train Loss: 0.72169 | Val Loss: 0.70756
Train Loss Components:
  |- loss_rot: 0.05193
  |- loss_pos: 1.47138
  |- fk_loss: 2.71076
  |- smoothness_loss: 0.20486
Val Loss Components:
  |- loss_rot: 0.04739
  |- loss_pos: 1.34367
  |- fk_loss: 2.48947
  |- smoothness_loss: 0.06040
LR: 1.000e-04
Hole frames in this epoch: [15, 15]

Epoch 13 | Train Loss: 0.70141 | Val Loss: 0.68543
Train Loss Components:
  |- loss_rot: 0.04728
  |- loss_pos: 1.24336
  |- fk_loss: 2.48108
  |- smoothness_loss: 0.21814
Val Loss Components:
  |- loss_rot: 0.04703
  |- loss_pos: 1.33988
  |- fk_loss: 2.41389
  |- smoothness_loss: 0.08532
LR: 1.000e-04
Hole frames in this epoch: [15, 15]

Epoch 14 | Train Loss: 0.68211 | Val Loss: 0.66965
Train Loss Components:
  |- loss_rot: 0.04923
  |- loss_pos: 1.14889
  |- fk_loss: 2.37657
  |- smoothness_loss: 0.22041
Val Loss Components:
  |- loss_rot: 0.04641
  |- loss_pos: 1.24232
  |- fk_loss: 2.34457
  |- smoothness_loss: 0.07337
LR: 1.000e-04
Hole frames in this epoch: [15, 15]

Epoch 15 | Train Loss: 0.66576 | Val Loss: 0.64906
Train Loss Components:
  |- loss_rot: 0.04179
  |- loss_pos: 1.02387
  |- fk_loss: 2.00915
  |- smoothness_loss: 0.19246
Val Loss Components:
  |- loss_rot: 0.04629
  |- loss_pos: 1.20982
  |- fk_loss: 2.31003
  |- smoothness_loss: 0.08592
LR: 1.000e-04
Hole frames in this epoch: [15, 15]

Epoch 16 | Train Loss: 0.65272 | Val Loss: 0.65268
Train Loss Components:
  |- loss_rot: 0.04493
  |- loss_pos: 1.11894
  |- fk_loss: 2.31712
  |- smoothness_loss: 0.26082
Val Loss Components:
  |- loss_rot: 0.04541
  |- loss_pos: 1.19923
  |- fk_loss: 2.29070
  |- smoothness_loss: 0.08487
LR: 1.000e-04
Hole frames in this epoch: [15, 15]

Epoch 17 | Train Loss: 0.63750 | Val Loss: 0.63362
Train Loss Components:
  |- loss_rot: 0.04469
  |- loss_pos: 1.22172
  |- fk_loss: 2.38218
  |- smoothness_loss: 0.24722
Val Loss Components:
  |- loss_rot: 0.04507
  |- loss_pos: 1.17380
  |- fk_loss: 2.28308
  |- smoothness_loss: 0.09233
LR: 1.000e-04
Hole frames in this epoch: [15, 15]

Epoch 18 | Train Loss: 0.62637 | Val Loss: 0.62620
Train Loss Components:
  |- loss_rot: 0.04495
  |- loss_pos: 1.13233
  |- fk_loss: 2.28751
  |- smoothness_loss: 0.26006
Val Loss Components:
  |- loss_rot: 0.04480
  |- loss_pos: 1.08785
  |- fk_loss: 2.19033
  |- smoothness_loss: 0.08992
LR: 1.000e-04
Hole frames in this epoch: [15, 15]

Epoch 19 | Train Loss: 0.61372 | Val Loss: 0.61301
Train Loss Components:
  |- loss_rot: 0.04299
  |- loss_pos: 0.99682
  |- fk_loss: 2.09257
  |- smoothness_loss: 0.24635
Val Loss Components:
  |- loss_rot: 0.04416
  |- loss_pos: 1.13125
  |- fk_loss: 2.19904
  |- smoothness_loss: 0.08889
LR: 1.000e-04
Hole frames in this epoch: [15, 15]

Epoch 20 | Train Loss: 0.60121 | Val Loss: 0.62405
Train Loss Components:
  |- loss_rot: 0.04423
  |- loss_pos: 1.04524
  |- fk_loss: 2.09691
  |- smoothness_loss: 0.25694
Val Loss Components:
  |- loss_rot: 0.04373
  |- loss_pos: 1.15010
  |- fk_loss: 2.20441
  |- smoothness_loss: 0.09656
LR: 1.000e-04
Hole frames in this epoch: [15, 15]

Epoch 21 | Train Loss: 0.59025 | Val Loss: 0.59558
Train Loss Components:
  |- loss_rot: 0.04307
  |- loss_pos: 0.97433
  |- fk_loss: 2.06218
  |- smoothness_loss: 0.24103
Val Loss Components:
  |- loss_rot: 0.04361
  |- loss_pos: 1.02293
  |- fk_loss: 2.11550
  |- smoothness_loss: 0.10213
LR: 1.000e-04
Hole frames in this epoch: [15, 15]

Epoch 22 | Train Loss: 0.57929 | Val Loss: 0.58912
Train Loss Components:
  |- loss_rot: 0.04328
  |- loss_pos: 0.91118
  |- fk_loss: 2.05211
  |- smoothness_loss: 0.23968
Val Loss Components:
  |- loss_rot: 0.04322
  |- loss_pos: 1.00788
  |- fk_loss: 2.07401
  |- smoothness_loss: 0.10993
LR: 1.000e-04
Hole frames in this epoch: [15, 15]

Epoch 23 | Train Loss: 0.56913 | Val Loss: 0.58425
Train Loss Components:
  |- loss_rot: 0.04262
  |- loss_pos: 1.02733
  |- fk_loss: 2.07116
  |- smoothness_loss: 0.29180
Val Loss Components:
  |- loss_rot: 0.04269
  |- loss_pos: 1.04567
  |- fk_loss: 2.06444
  |- smoothness_loss: 0.11165
LR: 1.000e-04
Hole frames in this epoch: [15, 15]

Epoch 24 | Train Loss: 0.55943 | Val Loss: 0.57501
Train Loss Components:
  |- loss_rot: 0.04338
  |- loss_pos: 0.87961
  |- fk_loss: 2.07942
  |- smoothness_loss: 0.31920
Val Loss Components:
  |- loss_rot: 0.04209
  |- loss_pos: 0.96829
  |- fk_loss: 2.00237
  |- smoothness_loss: 0.10858
LR: 1.000e-04
Hole frames in this epoch: [15, 15]

Epoch 25 | Train Loss: 0.54656 | Val Loss: 0.56745
Train Loss Components:
  |- loss_rot: 0.03886
  |- loss_pos: 0.88136
  |- fk_loss: 1.82422
  |- smoothness_loss: 0.24469
Val Loss Components:
  |- loss_rot: 0.04175
  |- loss_pos: 1.00848
  |- fk_loss: 2.00869
  |- smoothness_loss: 0.11451
LR: 1.000e-04
Hole frames in this epoch: [15, 15]

Epoch 26 | Train Loss: 0.53672 | Val Loss: 0.55751
Train Loss Components:
  |- loss_rot: 0.04046
  |- loss_pos: 0.92185
  |- fk_loss: 1.84578
  |- smoothness_loss: 0.24390
Val Loss Components:
  |- loss_rot: 0.04139
  |- loss_pos: 0.94965
  |- fk_loss: 1.95754
  |- smoothness_loss: 0.12638
LR: 1.000e-04
Hole frames in this epoch: [15, 15]

Epoch 27 | Train Loss: 0.52667 | Val Loss: 0.55193
Train Loss Components:
  |- loss_rot: 0.04442
  |- loss_pos: 0.97914
  |- fk_loss: 2.17887
  |- smoothness_loss: 0.39753
Val Loss Components:
  |- loss_rot: 0.04136
  |- loss_pos: 0.94749
  |- fk_loss: 1.95636
  |- smoothness_loss: 0.13158
LR: 1.000e-04
Hole frames in this epoch: [15, 15]

Epoch 28 | Train Loss: 0.51596 | Val Loss: 0.54764
Train Loss Components:
  |- loss_rot: 0.04241
  |- loss_pos: 0.86972
  |- fk_loss: 1.90416
  |- smoothness_loss: 0.36823
Val Loss Components:
  |- loss_rot: 0.04117
  |- loss_pos: 0.95690
  |- fk_loss: 1.93158
  |- smoothness_loss: 0.12808
LR: 1.000e-04
Hole frames in this epoch: [15, 15]

Epoch 29 | Train Loss: 0.50736 | Val Loss: 0.54737
Train Loss Components:
  |- loss_rot: 0.04140
  |- loss_pos: 0.93559
  |- fk_loss: 1.93967
  |- smoothness_loss: 0.32967
Val Loss Components:
  |- loss_rot: 0.04093
  |- loss_pos: 0.93918
  |- fk_loss: 1.89650
  |- smoothness_loss: 0.13486
LR: 1.000e-04
Hole frames in this epoch: [15, 15]

Epoch 30 | Train Loss: 0.49811 | Val Loss: 0.54940
Train Loss Components:
  |- loss_rot: 0.04151
  |- loss_pos: 0.82258
  |- fk_loss: 1.85429
  |- smoothness_loss: 0.30380
Val Loss Components:
  |- loss_rot: 0.04086
  |- loss_pos: 0.93891
  |- fk_loss: 1.88971
  |- smoothness_loss: 0.13461
LR: 1.000e-04
Hole frames in this epoch: [15, 15]

Epoch 31 | Train Loss: 0.49000 | Val Loss: 0.53700
Train Loss Components:
  |- loss_rot: 0.03818
  |- loss_pos: 0.74116
  |- fk_loss: 1.74906
  |- smoothness_loss: 0.27895
Val Loss Components:
  |- loss_rot: 0.04036
  |- loss_pos: 0.94285
  |- fk_loss: 1.87926
  |- smoothness_loss: 0.14178
LR: 1.000e-04
Hole frames in this epoch: [15, 15]

Epoch 32 | Train Loss: 0.48013 | Val Loss: 0.53528
Train Loss Components:
  |- loss_rot: 0.03866
  |- loss_pos: 0.79341
  |- fk_loss: 1.84945
  |- smoothness_loss: 0.28835
Val Loss Components:
  |- loss_rot: 0.04056
  |- loss_pos: 0.91494
  |- fk_loss: 1.85232
  |- smoothness_loss: 0.13153
LR: 1.000e-04
Hole frames in this epoch: [15, 15]

Epoch 33 | Train Loss: 0.47089 | Val Loss: 0.53721
Train Loss Components:
  |- loss_rot: 0.04318
  |- loss_pos: 0.83546
  |- fk_loss: 2.05699
  |- smoothness_loss: 0.36938
Val Loss Components:
  |- loss_rot: 0.04048
  |- loss_pos: 0.93234
  |- fk_loss: 1.84998
  |- smoothness_loss: 0.12973
LR: 1.000e-04
Hole frames in this epoch: [15, 15]

Epoch 34 | Train Loss: 0.46416 | Val Loss: 0.53303
Train Loss Components:
  |- loss_rot: 0.03841
  |- loss_pos: 0.66437
  |- fk_loss: 1.65510
  |- smoothness_loss: 0.36372
Val Loss Components:
  |- loss_rot: 0.04002
  |- loss_pos: 0.91690
  |- fk_loss: 1.80144
  |- smoothness_loss: 0.13538
LR: 1.000e-04
Hole frames in this epoch: [15, 15]

Epoch 35 | Train Loss: 0.45608 | Val Loss: 0.52014
Train Loss Components:
  |- loss_rot: 0.03837
  |- loss_pos: 0.70095
  |- fk_loss: 1.66659
  |- smoothness_loss: 0.29972
Val Loss Components:
  |- loss_rot: 0.04001
  |- loss_pos: 0.90876
  |- fk_loss: 1.79243
  |- smoothness_loss: 0.13989
LR: 1.000e-04
Hole frames in this epoch: [15, 15]

Epoch 36 | Train Loss: 0.44911 | Val Loss: 0.51989
Train Loss Components:
  |- loss_rot: 0.03817
  |- loss_pos: 0.78248
  |- fk_loss: 1.72982
  |- smoothness_loss: 0.34374
Val Loss Components:
  |- loss_rot: 0.04003
  |- loss_pos: 0.85034
  |- fk_loss: 1.77013
  |- smoothness_loss: 0.13909
LR: 1.000e-04
Hole frames in this epoch: [15, 15]

Epoch 37 | Train Loss: 0.44104 | Val Loss: 0.51578
Train Loss Components:
  |- loss_rot: 0.03762
  |- loss_pos: 0.66018
  |- fk_loss: 1.61377
  |- smoothness_loss: 0.30885
Val Loss Components:
  |- loss_rot: 0.03994
  |- loss_pos: 0.90397
  |- fk_loss: 1.78510
  |- smoothness_loss: 0.13155
LR: 1.000e-04
Hole frames in this epoch: [15, 15]

Epoch 38 | Train Loss: 0.43511 | Val Loss: 0.51015
Train Loss Components:
  |- loss_rot: 0.03730
  |- loss_pos: 0.66128
  |- fk_loss: 1.53883
  |- smoothness_loss: 0.31869
Val Loss Components:
  |- loss_rot: 0.03971
  |- loss_pos: 0.86379
  |- fk_loss: 1.75575
  |- smoothness_loss: 0.14806
LR: 1.000e-04
Hole frames in this epoch: [15, 15]

Epoch 39 | Train Loss: 0.42862 | Val Loss: 0.51023
Train Loss Components:
  |- loss_rot: 0.03922
  |- loss_pos: 0.61258
  |- fk_loss: 1.62760
  |- smoothness_loss: 0.37894
Val Loss Components:
  |- loss_rot: 0.03987
  |- loss_pos: 0.85455
  |- fk_loss: 1.71872
  |- smoothness_loss: 0.15488
LR: 1.000e-04
Hole frames in this epoch: [15, 15]

Epoch 40 | Train Loss: 0.42215 | Val Loss: 0.50754
Train Loss Components:
  |- loss_rot: 0.04073
  |- loss_pos: 0.72696
  |- fk_loss: 1.77089
  |- smoothness_loss: 0.32818
Val Loss Components:
  |- loss_rot: 0.03968
  |- loss_pos: 0.88522
  |- fk_loss: 1.73790
  |- smoothness_loss: 0.14298
LR: 1.000e-04
Hole frames in this epoch: [15, 15]

Epoch 41 | Train Loss: 0.41569 | Val Loss: 0.50409
Train Loss Components:
  |- loss_rot: 0.03568
  |- loss_pos: 0.56966
  |- fk_loss: 1.47635
  |- smoothness_loss: 0.30238
Val Loss Components:
  |- loss_rot: 0.03984
  |- loss_pos: 0.84592
  |- fk_loss: 1.71015
  |- smoothness_loss: 0.14868
LR: 1.000e-04
Hole frames in this epoch: [15, 15]

Epoch 42 | Train Loss: 0.41273 | Val Loss: 0.49937
Train Loss Components:
  |- loss_rot: 0.03850
  |- loss_pos: 0.62658
  |- fk_loss: 1.62703
  |- smoothness_loss: 0.29820
Val Loss Components:
  |- loss_rot: 0.03966
  |- loss_pos: 0.82528
  |- fk_loss: 1.69207
  |- smoothness_loss: 0.14662
LR: 1.000e-04
Hole frames in this epoch: [15, 15]

Epoch 43 | Train Loss: 0.40489 | Val Loss: 0.49997
Train Loss Components:
  |- loss_rot: 0.03880
  |- loss_pos: 0.60492
  |- fk_loss: 1.52174
  |- smoothness_loss: 0.33781
Val Loss Components:
  |- loss_rot: 0.03969
  |- loss_pos: 0.82601
  |- fk_loss: 1.68389
  |- smoothness_loss: 0.16433
LR: 1.000e-04
Hole frames in this epoch: [15, 15]

Epoch 44 | Train Loss: 0.40080 | Val Loss: 0.49843
Train Loss Components:
  |- loss_rot: 0.03912
  |- loss_pos: 0.58397
  |- fk_loss: 1.51246
  |- smoothness_loss: 0.35979
Val Loss Components:
  |- loss_rot: 0.03958
  |- loss_pos: 0.87630
  |- fk_loss: 1.71388
  |- smoothness_loss: 0.14932
LR: 1.000e-04
Hole frames in this epoch: [15, 15]

Epoch 45 | Train Loss: 0.39477 | Val Loss: 0.48908
Train Loss Components:
  |- loss_rot: 0.04068
  |- loss_pos: 0.57348
  |- fk_loss: 1.65490
  |- smoothness_loss: 0.34823
Val Loss Components:
  |- loss_rot: 0.03918
  |- loss_pos: 0.84021
  |- fk_loss: 1.67752
  |- smoothness_loss: 0.15460
LR: 1.000e-04
Hole frames in this epoch: [15, 15]

Epoch 46 | Train Loss: 0.39029 | Val Loss: 0.49117
Train Loss Components:
  |- loss_rot: 0.03674
  |- loss_pos: 0.55459
  |- fk_loss: 1.49545
  |- smoothness_loss: 0.30676
Val Loss Components:
  |- loss_rot: 0.03944
  |- loss_pos: 0.83854
  |- fk_loss: 1.66032
  |- smoothness_loss: 0.15296
LR: 1.000e-04
Hole frames in this epoch: [15, 15]

Epoch 47 | Train Loss: 0.38493 | Val Loss: 0.49124
Train Loss Components:
  |- loss_rot: 0.03806
  |- loss_pos: 0.61161
  |- fk_loss: 1.55390
  |- smoothness_loss: 0.38113
Val Loss Components:
  |- loss_rot: 0.03961
  |- loss_pos: 0.84335
  |- fk_loss: 1.66628
  |- smoothness_loss: 0.15161
LR: 1.000e-04
Hole frames in this epoch: [15, 15]

Epoch 48 | Train Loss: 0.38203 | Val Loss: 0.48882
Train Loss Components:
  |- loss_rot: 0.04119
  |- loss_pos: 0.58016
  |- fk_loss: 1.65310
  |- smoothness_loss: 0.39192
Val Loss Components:
  |- loss_rot: 0.03960
  |- loss_pos: 0.84773
  |- fk_loss: 1.65912
  |- smoothness_loss: 0.15764
LR: 1.000e-04
Hole frames in this epoch: [15, 15]

Epoch 49 | Train Loss: 0.37755 | Val Loss: 0.48765
Train Loss Components:
  |- loss_rot: 0.04231
  |- loss_pos: 0.59949
  |- fk_loss: 1.63497
  |- smoothness_loss: 0.39611
Val Loss Components:
  |- loss_rot: 0.03945
  |- loss_pos: 0.80160
  |- fk_loss: 1.62700
  |- smoothness_loss: 0.16055
LR: 1.000e-04
Hole frames in this epoch: [15, 15]

Epoch 50 | Train Loss: 0.37225 | Val Loss: 0.48868
Train Loss Components:
  |- loss_rot: 0.03724
  |- loss_pos: 0.54973
  |- fk_loss: 1.51720
  |- smoothness_loss: 0.32258
Val Loss Components:
  |- loss_rot: 0.03946
  |- loss_pos: 0.81619
  |- fk_loss: 1.63839
  |- smoothness_loss: 0.16068
LR: 1.000e-04
Hole frames in this epoch: [15, 15]

Epoch 51 | Train Loss: 0.36880 | Val Loss: 0.48449
Train Loss Components:
  |- loss_rot: 0.03915
  |- loss_pos: 0.54639
  |- fk_loss: 1.53731
  |- smoothness_loss: 0.31798
Val Loss Components:
  |- loss_rot: 0.03936
  |- loss_pos: 0.82313
  |- fk_loss: 1.65427
  |- smoothness_loss: 0.15611
LR: 1.000e-04
Hole frames in this epoch: [15, 15]

Epoch 52 | Train Loss: 0.36472 | Val Loss: 0.47958
Train Loss Components:
  |- loss_rot: 0.03959
  |- loss_pos: 0.52161
  |- fk_loss: 1.44483
  |- smoothness_loss: 0.37576
Val Loss Components:
  |- loss_rot: 0.03912
  |- loss_pos: 0.80704
  |- fk_loss: 1.60838
  |- smoothness_loss: 0.15796
LR: 1.000e-04
Hole frames in this epoch: [15, 15]

Epoch 53 | Train Loss: 0.36099 | Val Loss: 0.47716
Train Loss Components:
  |- loss_rot: 0.03737
  |- loss_pos: 0.51778
  |- fk_loss: 1.46658
  |- smoothness_loss: 0.35230
Val Loss Components:
  |- loss_rot: 0.03930
  |- loss_pos: 0.82731
  |- fk_loss: 1.63652
  |- smoothness_loss: 0.15917
LR: 1.000e-04
Hole frames in this epoch: [15, 15]

Epoch 54 | Train Loss: 0.35797 | Val Loss: 0.47884
Train Loss Components:
  |- loss_rot: 0.03912
  |- loss_pos: 0.54949
  |- fk_loss: 1.47873
  |- smoothness_loss: 0.37062
Val Loss Components:
  |- loss_rot: 0.03909
  |- loss_pos: 0.79019
  |- fk_loss: 1.59986
  |- smoothness_loss: 0.15692
LR: 1.000e-04
Hole frames in this epoch: [15, 15]

Epoch 55 | Train Loss: 0.35451 | Val Loss: 0.47278
Train Loss Components:
  |- loss_rot: 0.03793
  |- loss_pos: 0.50924
  |- fk_loss: 1.43464
  |- smoothness_loss: 0.34296
Val Loss Components:
  |- loss_rot: 0.03914
  |- loss_pos: 0.81709
  |- fk_loss: 1.61183
  |- smoothness_loss: 0.16410
LR: 1.000e-04
Hole frames in this epoch: [15, 15]

Epoch 56 | Train Loss: 0.35051 | Val Loss: 0.47229
Train Loss Components:
  |- loss_rot: 0.03742
  |- loss_pos: 0.48370
  |- fk_loss: 1.38729
  |- smoothness_loss: 0.32199
Val Loss Components:
  |- loss_rot: 0.03909
  |- loss_pos: 0.78342
  |- fk_loss: 1.57781
  |- smoothness_loss: 0.16330
LR: 1.000e-04
Hole frames in this epoch: [15, 15]

Epoch 57 | Train Loss: 0.34658 | Val Loss: 0.47316
Train Loss Components:
  |- loss_rot: 0.03929
  |- loss_pos: 0.49547
  |- fk_loss: 1.45682
  |- smoothness_loss: 0.34612
Val Loss Components:
  |- loss_rot: 0.03921
  |- loss_pos: 0.80939
  |- fk_loss: 1.61564
  |- smoothness_loss: 0.15968
LR: 1.000e-04
Hole frames in this epoch: [15, 15]

Epoch 58 | Train Loss: 0.34479 | Val Loss: 0.46971
Train Loss Components:
  |- loss_rot: 0.04071
  |- loss_pos: 0.51528
  |- fk_loss: 1.58639
  |- smoothness_loss: 0.41361
Val Loss Components:
  |- loss_rot: 0.03909
  |- loss_pos: 0.80554
  |- fk_loss: 1.60261
  |- smoothness_loss: 0.17071
LR: 1.000e-04
Hole frames in this epoch: [15, 15]

Epoch 59 | Train Loss: 0.34108 | Val Loss: 0.46817
Train Loss Components:
  |- loss_rot: 0.04096
  |- loss_pos: 0.45860
  |- fk_loss: 1.43638
  |- smoothness_loss: 0.36750
Val Loss Components:
  |- loss_rot: 0.03894
  |- loss_pos: 0.77484
  |- fk_loss: 1.57246
  |- smoothness_loss: 0.16273
LR: 1.000e-04
Hole frames in this epoch: [15, 15]

Epoch 60 | Train Loss: 0.33759 | Val Loss: 0.46727
Train Loss Components:
  |- loss_rot: 0.03914
  |- loss_pos: 0.48250
  |- fk_loss: 1.39216
  |- smoothness_loss: 0.36895
Val Loss Components:
  |- loss_rot: 0.03903
  |- loss_pos: 0.76522
  |- fk_loss: 1.53998
  |- smoothness_loss: 0.16960
LR: 1.000e-04
Hole frames in this epoch: [15, 15]

Epoch 61 | Train Loss: 0.33492 | Val Loss: 0.46612
Train Loss Components:
  |- loss_rot: 0.03824
  |- loss_pos: 0.44728
  |- fk_loss: 1.35631
  |- smoothness_loss: 0.36115
Val Loss Components:
  |- loss_rot: 0.03903
  |- loss_pos: 0.76041
  |- fk_loss: 1.56595
  |- smoothness_loss: 0.17096
LR: 1.000e-04
Hole frames in this epoch: [15, 15]

Epoch 62 | Train Loss: 0.33268 | Val Loss: 0.46459
Train Loss Components:
  |- loss_rot: 0.03891
  |- loss_pos: 0.46523
  |- fk_loss: 1.36334
  |- smoothness_loss: 0.39285
Val Loss Components:
  |- loss_rot: 0.03884
  |- loss_pos: 0.78579
  |- fk_loss: 1.58914
  |- smoothness_loss: 0.16302
LR: 1.000e-04
Hole frames in this epoch: [15, 15]

Epoch 63 | Train Loss: 0.32996 | Val Loss: 0.46523
Train Loss Components:
  |- loss_rot: 0.03914
  |- loss_pos: 0.45092
  |- fk_loss: 1.36962
  |- smoothness_loss: 0.36402
Val Loss Components:
  |- loss_rot: 0.03885
  |- loss_pos: 0.83188
  |- fk_loss: 1.58105
  |- smoothness_loss: 0.16193
LR: 1.000e-04
Hole frames in this epoch: [15, 15]

Epoch 64 | Train Loss: 0.32694 | Val Loss: 0.46468
Train Loss Components:
  |- loss_rot: 0.03739
  |- loss_pos: 0.43266
  |- fk_loss: 1.31452
  |- smoothness_loss: 0.32207
Val Loss Components:
  |- loss_rot: 0.03899
  |- loss_pos: 0.79895
  |- fk_loss: 1.56320
  |- smoothness_loss: 0.17445
LR: 1.000e-04
Hole frames in this epoch: [15, 15]

Epoch 65 | Train Loss: 0.32465 | Val Loss: 0.46133
Train Loss Components:
  |- loss_rot: 0.03887
  |- loss_pos: 0.46857
  |- fk_loss: 1.34382
  |- smoothness_loss: 0.38574
Val Loss Components:
  |- loss_rot: 0.03902
  |- loss_pos: 0.78338
  |- fk_loss: 1.57229
  |- smoothness_loss: 0.17640
LR: 1.000e-04
Hole frames in this epoch: [15, 15]

Epoch 66 | Train Loss: 0.32197 | Val Loss: 0.45608
Train Loss Components:
  |- loss_rot: 0.03674
  |- loss_pos: 0.45634
  |- fk_loss: 1.27639
  |- smoothness_loss: 0.33618
Val Loss Components:
  |- loss_rot: 0.03886
  |- loss_pos: 0.76971
  |- fk_loss: 1.55619
  |- smoothness_loss: 0.16493
LR: 1.000e-04
Hole frames in this epoch: [15, 15]

Epoch 67 | Train Loss: 0.31960 | Val Loss: 0.45721
Train Loss Components:
  |- loss_rot: 0.03929
  |- loss_pos: 0.44318
  |- fk_loss: 1.37617
  |- smoothness_loss: 0.40010
Val Loss Components:
  |- loss_rot: 0.03905
  |- loss_pos: 0.77298
  |- fk_loss: 1.56496
  |- smoothness_loss: 0.16335
LR: 1.000e-04
Hole frames in this epoch: [15, 15]

Epoch 68 | Train Loss: 0.31677 | Val Loss: 0.45561
Train Loss Components:
  |- loss_rot: 0.03738
  |- loss_pos: 0.41082
  |- fk_loss: 1.25394
  |- smoothness_loss: 0.31818
Val Loss Components:
  |- loss_rot: 0.03896
  |- loss_pos: 0.78987
  |- fk_loss: 1.54704
  |- smoothness_loss: 0.17725
LR: 1.000e-04
Hole frames in this epoch: [15, 15]

Epoch 69 | Train Loss: 0.31467 | Val Loss: 0.45621
Train Loss Components:
  |- loss_rot: 0.03787
  |- loss_pos: 0.42729
  |- fk_loss: 1.39031
  |- smoothness_loss: 0.39718
Val Loss Components:
  |- loss_rot: 0.03878
  |- loss_pos: 0.76150
  |- fk_loss: 1.53915
  |- smoothness_loss: 0.16857
LR: 1.000e-04
Hole frames in this epoch: [15, 15]

Epoch 70 | Train Loss: 0.31281 | Val Loss: 0.45227
Train Loss Components:
  |- loss_rot: 0.03570
  |- loss_pos: 0.38445
  |- fk_loss: 1.17732
  |- smoothness_loss: 0.28688
Val Loss Components:
  |- loss_rot: 0.03879
  |- loss_pos: 0.77934
  |- fk_loss: 1.54927
  |- smoothness_loss: 0.17152
LR: 1.000e-04
Hole frames in this epoch: [15, 15]

Epoch 71 | Train Loss: 0.31080 | Val Loss: 0.45428
Train Loss Components:
  |- loss_rot: 0.03880
  |- loss_pos: 0.41112
  |- fk_loss: 1.38454
  |- smoothness_loss: 0.41167
Val Loss Components:
  |- loss_rot: 0.03899
  |- loss_pos: 0.77440
  |- fk_loss: 1.54894
  |- smoothness_loss: 0.17768
LR: 1.000e-04
Hole frames in this epoch: [15, 15]

Epoch 72 | Train Loss: 0.30830 | Val Loss: 0.44929
Train Loss Components:
  |- loss_rot: 0.03661
  |- loss_pos: 0.44348
  |- fk_loss: 1.28949
  |- smoothness_loss: 0.34089
Val Loss Components:
  |- loss_rot: 0.03869
  |- loss_pos: 0.76995
  |- fk_loss: 1.52700
  |- smoothness_loss: 0.17019
LR: 1.000e-04
Hole frames in this epoch: [15, 15]

Epoch 73 | Train Loss: 0.30566 | Val Loss: 0.45069
Train Loss Components:
  |- loss_rot: 0.03800
  |- loss_pos: 0.38743
  |- fk_loss: 1.23964
  |- smoothness_loss: 0.34534
Val Loss Components:
  |- loss_rot: 0.03890
  |- loss_pos: 0.76962
  |- fk_loss: 1.52702
  |- smoothness_loss: 0.17631
LR: 1.000e-04
Hole frames in this epoch: [15, 15]

Epoch 74 | Train Loss: 0.30435 | Val Loss: 0.45332
Train Loss Components:
  |- loss_rot: 0.03766
  |- loss_pos: 0.39639
  |- fk_loss: 1.26560
  |- smoothness_loss: 0.38478
Val Loss Components:
  |- loss_rot: 0.03865
  |- loss_pos: 0.73867
  |- fk_loss: 1.50473
  |- smoothness_loss: 0.17000
LR: 1.000e-04
Hole frames in this epoch: [15, 15]

Epoch 75 | Train Loss: 0.30220 | Val Loss: 0.44709
Train Loss Components:
  |- loss_rot: 0.03712
  |- loss_pos: 0.40274
  |- fk_loss: 1.29921
  |- smoothness_loss: 0.33638
Val Loss Components:
  |- loss_rot: 0.03892
  |- loss_pos: 0.74614
  |- fk_loss: 1.50975
  |- smoothness_loss: 0.17467
LR: 1.000e-04
Hole frames in this epoch: [15, 15]

Epoch 76 | Train Loss: 0.30038 | Val Loss: 0.44990
Train Loss Components:
  |- loss_rot: 0.04395
  |- loss_pos: 0.46328
  |- fk_loss: 1.51742
  |- smoothness_loss: 0.46514
Val Loss Components:
  |- loss_rot: 0.03895
  |- loss_pos: 0.75309
  |- fk_loss: 1.50694
  |- smoothness_loss: 0.16990
LR: 1.000e-04
Hole frames in this epoch: [15, 15]

Epoch 77 | Train Loss: 0.29785 | Val Loss: 0.44831
Train Loss Components:
  |- loss_rot: 0.03540
  |- loss_pos: 0.37660
  |- fk_loss: 1.18684
  |- smoothness_loss: 0.33157
Val Loss Components:
  |- loss_rot: 0.03884
  |- loss_pos: 0.75450
  |- fk_loss: 1.50781
  |- smoothness_loss: 0.17300
LR: 1.000e-04
Hole frames in this epoch: [15, 15]

Epoch 78 | Train Loss: 0.29570 | Val Loss: 0.44824
Train Loss Components:
  |- loss_rot: 0.03559
  |- loss_pos: 0.33418
  |- fk_loss: 1.19435
  |- smoothness_loss: 0.31588
Val Loss Components:
  |- loss_rot: 0.03865
  |- loss_pos: 0.73046
  |- fk_loss: 1.49972
  |- smoothness_loss: 0.17163
LR: 1.000e-04
Hole frames in this epoch: [15, 15]

Epoch 79 | Train Loss: 0.29405 | Val Loss: 0.44411
Train Loss Components:
  |- loss_rot: 0.03703
  |- loss_pos: 0.36025
  |- fk_loss: 1.17401
  |- smoothness_loss: 0.35294
Val Loss Components:
  |- loss_rot: 0.03846
  |- loss_pos: 0.75271
  |- fk_loss: 1.49474
  |- smoothness_loss: 0.17053
LR: 1.000e-04
Hole frames in this epoch: [15, 15]

Epoch 80 | Train Loss: 0.29154 | Val Loss: 0.44575
Train Loss Components:
  |- loss_rot: 0.03984
  |- loss_pos: 0.39366
  |- fk_loss: 1.27693
  |- smoothness_loss: 0.38998
Val Loss Components:
  |- loss_rot: 0.03873
  |- loss_pos: 0.75615
  |- fk_loss: 1.51001
  |- smoothness_loss: 0.17429
LR: 1.000e-04
Hole frames in this epoch: [15, 15]

Epoch 81 | Train Loss: 0.29060 | Val Loss: 0.44487
Train Loss Components:
  |- loss_rot: 0.03850
  |- loss_pos: 0.37921
  |- fk_loss: 1.22609
  |- smoothness_loss: 0.40860
Val Loss Components:
  |- loss_rot: 0.03865
  |- loss_pos: 0.74964
  |- fk_loss: 1.49241
  |- smoothness_loss: 0.17508
LR: 1.000e-04
Hole frames in this epoch: [15, 15]

Epoch 82 | Train Loss: 0.28914 | Val Loss: 0.44447
Train Loss Components:
  |- loss_rot: 0.03985
  |- loss_pos: 0.39747
  |- fk_loss: 1.43169
  |- smoothness_loss: 0.36404
Val Loss Components:
  |- loss_rot: 0.03849
  |- loss_pos: 0.72236
  |- fk_loss: 1.46982
  |- smoothness_loss: 0.17188
LR: 1.000e-04
Hole frames in this epoch: [15, 15]

Epoch 83 | Train Loss: 0.28715 | Val Loss: 0.44169
Train Loss Components:
  |- loss_rot: 0.03567
  |- loss_pos: 0.35249
  |- fk_loss: 1.16699
  |- smoothness_loss: 0.30936
Val Loss Components:
  |- loss_rot: 0.03860
  |- loss_pos: 0.73958
  |- fk_loss: 1.48062
  |- smoothness_loss: 0.16947
LR: 1.000e-04
Hole frames in this epoch: [15, 15]

Epoch 84 | Train Loss: 0.28597 | Val Loss: 0.44337
Train Loss Components:
  |- loss_rot: 0.03612
  |- loss_pos: 0.34908
  |- fk_loss: 1.15632
  |- smoothness_loss: 0.30145
Val Loss Components:
  |- loss_rot: 0.03857
  |- loss_pos: 0.75707
  |- fk_loss: 1.49144
  |- smoothness_loss: 0.17296
LR: 1.000e-04
Hole frames in this epoch: [15, 15]

Epoch 85 | Train Loss: 0.28309 | Val Loss: 0.44364
Train Loss Components:
  |- loss_rot: 0.03512
  |- loss_pos: 0.34169
  |- fk_loss: 1.11909
  |- smoothness_loss: 0.33102
Val Loss Components:
  |- loss_rot: 0.03876
  |- loss_pos: 0.74647
  |- fk_loss: 1.49839
  |- smoothness_loss: 0.18339
LR: 1.000e-04
Hole frames in this epoch: [15, 15]

Epoch 86 | Train Loss: 0.28220 | Val Loss: 0.44188
Train Loss Components:
  |- loss_rot: 0.03552
  |- loss_pos: 0.35082
  |- fk_loss: 1.14763
  |- smoothness_loss: 0.31846
Val Loss Components:
  |- loss_rot: 0.03880
  |- loss_pos: 0.75171
  |- fk_loss: 1.48706
  |- smoothness_loss: 0.17988
LR: 1.000e-04
Hole frames in this epoch: [15, 15]

Epoch 87 | Train Loss: 0.28071 | Val Loss: 0.43862
Train Loss Components:
  |- loss_rot: 0.03922
  |- loss_pos: 0.36345
  |- fk_loss: 1.26782
  |- smoothness_loss: 0.37714
Val Loss Components:
  |- loss_rot: 0.03853
  |- loss_pos: 0.74791
  |- fk_loss: 1.46717
  |- smoothness_loss: 0.18462
LR: 1.000e-04
Hole frames in this epoch: [15, 15]

Epoch 88 | Train Loss: 0.27937 | Val Loss: 0.43947
Train Loss Components:
  |- loss_rot: 0.03699
  |- loss_pos: 0.35615
  |- fk_loss: 1.17385
  |- smoothness_loss: 0.37549
Val Loss Components:
  |- loss_rot: 0.03861
  |- loss_pos: 0.72881
  |- fk_loss: 1.46198
  |- smoothness_loss: 0.18029
LR: 1.000e-04
Hole frames in this epoch: [15, 15]

Epoch 89 | Train Loss: 0.27743 | Val Loss: 0.44061
Train Loss Components:
  |- loss_rot: 0.03806
  |- loss_pos: 0.36107
  |- fk_loss: 1.16875
  |- smoothness_loss: 0.33197
Val Loss Components:
  |- loss_rot: 0.03857
  |- loss_pos: 0.74831
  |- fk_loss: 1.47820
  |- smoothness_loss: 0.18321
LR: 1.000e-04
Hole frames in this epoch: [15, 15]

Epoch 90 | Train Loss: 0.27611 | Val Loss: 0.43665
Train Loss Components:
  |- loss_rot: 0.03921
  |- loss_pos: 0.37611
  |- fk_loss: 1.22335
  |- smoothness_loss: 0.40116
Val Loss Components:
  |- loss_rot: 0.03840
  |- loss_pos: 0.73228
  |- fk_loss: 1.44918
  |- smoothness_loss: 0.18183
LR: 1.000e-04
Hole frames in this epoch: [15, 15]

Epoch 91 | Train Loss: 0.27512 | Val Loss: 0.43962
Train Loss Components:
  |- loss_rot: 0.03783
  |- loss_pos: 0.33040
  |- fk_loss: 1.14460
  |- smoothness_loss: 0.36060
Val Loss Components:
  |- loss_rot: 0.03849
  |- loss_pos: 0.74346
  |- fk_loss: 1.45216
  |- smoothness_loss: 0.18959
LR: 1.000e-04
Hole frames in this epoch: [15, 15]

Epoch 92 | Train Loss: 0.27359 | Val Loss: 0.43875
Train Loss Components:
  |- loss_rot: 0.03738
  |- loss_pos: 0.35895
  |- fk_loss: 1.17951
  |- smoothness_loss: 0.39792
Val Loss Components:
  |- loss_rot: 0.03874
  |- loss_pos: 0.74653
  |- fk_loss: 1.47280
  |- smoothness_loss: 0.18315
LR: 1.000e-04
Hole frames in this epoch: [15, 15]

Epoch 93 | Train Loss: 0.27191 | Val Loss: 0.43659
Train Loss Components:
  |- loss_rot: 0.03495
  |- loss_pos: 0.32070
  |- fk_loss: 1.09659
  |- smoothness_loss: 0.27828
Val Loss Components:
  |- loss_rot: 0.03871
  |- loss_pos: 0.73079
  |- fk_loss: 1.46033
  |- smoothness_loss: 0.18089
LR: 1.000e-04
Hole frames in this epoch: [15, 15]

Epoch 94 | Train Loss: 0.27080 | Val Loss: 0.43851
Train Loss Components:
  |- loss_rot: 0.03698
  |- loss_pos: 0.33678
  |- fk_loss: 1.13371
  |- smoothness_loss: 0.35091
Val Loss Components:
  |- loss_rot: 0.03879
  |- loss_pos: 0.75434
  |- fk_loss: 1.46199
  |- smoothness_loss: 0.19157
LR: 1.000e-04
Hole frames in this epoch: [15, 15]

Epoch 95 | Train Loss: 0.26927 | Val Loss: 0.43655
Train Loss Components:
  |- loss_rot: 0.03559
  |- loss_pos: 0.34293
  |- fk_loss: 1.07903
  |- smoothness_loss: 0.34750
Val Loss Components:
  |- loss_rot: 0.03862
  |- loss_pos: 0.76649
  |- fk_loss: 1.47610
  |- smoothness_loss: 0.18486
LR: 1.000e-04
Hole frames in this epoch: [15, 15]

Epoch 96 | Train Loss: 0.26760 | Val Loss: 0.43338
Train Loss Components:
  |- loss_rot: 0.03618
  |- loss_pos: 0.32578
  |- fk_loss: 1.09056
  |- smoothness_loss: 0.32418
Val Loss Components:
  |- loss_rot: 0.03854
  |- loss_pos: 0.74931
  |- fk_loss: 1.46286
  |- smoothness_loss: 0.18198
LR: 1.000e-04
Hole frames in this epoch: [15, 15]

Epoch 97 | Train Loss: 0.26636 | Val Loss: 0.43351
Train Loss Components:
  |- loss_rot: 0.03873
  |- loss_pos: 0.35449
  |- fk_loss: 1.18795
  |- smoothness_loss: 0.34309
Val Loss Components:
  |- loss_rot: 0.03854
  |- loss_pos: 0.75188
  |- fk_loss: 1.46322
  |- smoothness_loss: 0.18505
LR: 1.000e-04
Hole frames in this epoch: [15, 15]

Epoch 98 | Train Loss: 0.26502 | Val Loss: 0.43267
Train Loss Components:
  |- loss_rot: 0.03370
  |- loss_pos: 0.29998
  |- fk_loss: 0.99160
  |- smoothness_loss: 0.27494
Val Loss Components:
  |- loss_rot: 0.03849
  |- loss_pos: 0.73815
  |- fk_loss: 1.43939
  |- smoothness_loss: 0.18921
LR: 1.000e-04
Hole frames in this epoch: [15, 15]

Epoch 99 | Train Loss: 0.26416 | Val Loss: 0.43210
Train Loss Components:
  |- loss_rot: 0.03666
  |- loss_pos: 0.34330
  |- fk_loss: 1.11850
  |- smoothness_loss: 0.32498
Val Loss Components:
  |- loss_rot: 0.03854
  |- loss_pos: 0.73425
  |- fk_loss: 1.45079
  |- smoothness_loss: 0.18917
LR: 1.000e-04
Hole frames in this epoch: [15, 15]

Epoch 100 | Train Loss: 0.26269 | Val Loss: 0.43154
Train Loss Components:
  |- loss_rot: 0.03617
  |- loss_pos: 0.29918
  |- fk_loss: 1.06973
  |- smoothness_loss: 0.33352
Val Loss Components:
  |- loss_rot: 0.03848
  |- loss_pos: 0.73186
  |- fk_loss: 1.42965
  |- smoothness_loss: 0.18827
LR: 1.000e-04
Hole frames in this epoch: [15, 15]

Epoch 101 | Train Loss: 0.26121 | Val Loss: 0.43115
Train Loss Components:
  |- loss_rot: 0.03736
  |- loss_pos: 0.34324
  |- fk_loss: 1.12538
  |- smoothness_loss: 0.34678
Val Loss Components:
  |- loss_rot: 0.03860
  |- loss_pos: 0.75807
  |- fk_loss: 1.45024
  |- smoothness_loss: 0.18497
LR: 1.000e-04
Hole frames in this epoch: [15, 15]

Epoch 102 | Train Loss: 0.26014 | Val Loss: 0.43132
Train Loss Components:
  |- loss_rot: 0.03756
  |- loss_pos: 0.32636
  |- fk_loss: 1.10303
  |- smoothness_loss: 0.33921
Val Loss Components:
  |- loss_rot: 0.03847
  |- loss_pos: 0.71886
  |- fk_loss: 1.42437
  |- smoothness_loss: 0.18342
LR: 1.000e-04
Hole frames in this epoch: [15, 15]

Epoch 103 | Train Loss: 0.25928 | Val Loss: 0.43129
Train Loss Components:
  |- loss_rot: 0.03468
  |- loss_pos: 0.30888
  |- fk_loss: 1.00924
  |- smoothness_loss: 0.33293
Val Loss Components:
  |- loss_rot: 0.03862
  |- loss_pos: 0.76337
  |- fk_loss: 1.44716
  |- smoothness_loss: 0.18649
LR: 1.000e-04
Hole frames in this epoch: [15, 15]

Epoch 104 | Train Loss: 0.25813 | Val Loss: 0.42891
Train Loss Components:
  |- loss_rot: 0.03545
  |- loss_pos: 0.32664
  |- fk_loss: 1.02473
  |- smoothness_loss: 0.31540
Val Loss Components:
  |- loss_rot: 0.03851
  |- loss_pos: 0.73453
  |- fk_loss: 1.43301
  |- smoothness_loss: 0.18230
LR: 1.000e-04
Hole frames in this epoch: [15, 15]

Epoch 105 | Train Loss: 0.25662 | Val Loss: 0.42911
Train Loss Components:
  |- loss_rot: 0.03798
  |- loss_pos: 0.30345
  |- fk_loss: 1.16920
  |- smoothness_loss: 0.36301
Val Loss Components:
  |- loss_rot: 0.03838
  |- loss_pos: 0.72198
  |- fk_loss: 1.43001
  |- smoothness_loss: 0.18426
LR: 1.000e-04
Hole frames in this epoch: [15, 15]

Epoch 106 | Train Loss: 0.25568 | Val Loss: 0.42785
Train Loss Components:
  |- loss_rot: 0.03720
  |- loss_pos: 0.34124
  |- fk_loss: 1.08574
  |- smoothness_loss: 0.33808
Val Loss Components:
  |- loss_rot: 0.03844
  |- loss_pos: 0.73483
  |- fk_loss: 1.43446
  |- smoothness_loss: 0.18859
LR: 1.000e-04
Hole frames in this epoch: [15, 15]

Epoch 107 | Train Loss: 0.25459 | Val Loss: 0.43007
Train Loss Components:
  |- loss_rot: 0.03782
  |- loss_pos: 0.32636
  |- fk_loss: 1.10186
  |- smoothness_loss: 0.36944
Val Loss Components:
  |- loss_rot: 0.03833
  |- loss_pos: 0.74127
  |- fk_loss: 1.43474
  |- smoothness_loss: 0.18334
LR: 1.000e-04
Hole frames in this epoch: [15, 15]

Epoch 108 | Train Loss: 0.25392 | Val Loss: 0.42853
Train Loss Components:
  |- loss_rot: 0.03554
  |- loss_pos: 0.31239
  |- fk_loss: 1.01459
  |- smoothness_loss: 0.32346
Val Loss Components:
  |- loss_rot: 0.03844
  |- loss_pos: 0.73378
  |- fk_loss: 1.43439
  |- smoothness_loss: 0.18974
LR: 1.000e-04
Hole frames in this epoch: [15, 15]

Epoch 109 | Train Loss: 0.25227 | Val Loss: 0.42974
Train Loss Components:
  |- loss_rot: 0.03664
  |- loss_pos: 0.30125
  |- fk_loss: 1.10822
  |- smoothness_loss: 0.31007
Val Loss Components:
  |- loss_rot: 0.03842
  |- loss_pos: 0.73527
  |- fk_loss: 1.43812
  |- smoothness_loss: 0.18749
LR: 1.000e-04
Hole frames in this epoch: [15, 15]

Epoch 110 | Train Loss: 0.25119 | Val Loss: 0.42558
Train Loss Components:
  |- loss_rot: 0.03684
  |- loss_pos: 0.30077
  |- fk_loss: 1.02968
  |- smoothness_loss: 0.32428
Val Loss Components:
  |- loss_rot: 0.03821
  |- loss_pos: 0.72578
  |- fk_loss: 1.40721
  |- smoothness_loss: 0.18803
LR: 1.000e-04
Hole frames in this epoch: [15, 15]

Epoch 111 | Train Loss: 0.25025 | Val Loss: 0.42576
Train Loss Components:
  |- loss_rot: 0.03499
  |- loss_pos: 0.30663
  |- fk_loss: 1.02074
  |- smoothness_loss: 0.31796
Val Loss Components:
  |- loss_rot: 0.03820
  |- loss_pos: 0.72434
  |- fk_loss: 1.40298
  |- smoothness_loss: 0.18183
LR: 1.000e-04
Hole frames in this epoch: [15, 15]

Epoch 112 | Train Loss: 0.24989 | Val Loss: 0.42442
Train Loss Components:
  |- loss_rot: 0.03914
  |- loss_pos: 0.33625
  |- fk_loss: 1.09014
  |- smoothness_loss: 0.39779
Val Loss Components:
  |- loss_rot: 0.03816
  |- loss_pos: 0.73111
  |- fk_loss: 1.41735
  |- smoothness_loss: 0.19197
LR: 1.000e-04
Hole frames in this epoch: [15, 15]

Epoch 113 | Train Loss: 0.24874 | Val Loss: 0.42596
Train Loss Components:
  |- loss_rot: 0.03634
  |- loss_pos: 0.29676
  |- fk_loss: 1.08949
  |- smoothness_loss: 0.35196
Val Loss Components:
  |- loss_rot: 0.03820
  |- loss_pos: 0.73854
  |- fk_loss: 1.42588
  |- smoothness_loss: 0.18371
LR: 1.000e-04
Hole frames in this epoch: [15, 15]

Epoch 114 | Train Loss: 0.24717 | Val Loss: 0.42545
Train Loss Components:
  |- loss_rot: 0.03470
  |- loss_pos: 0.27894
  |- fk_loss: 0.97567
  |- smoothness_loss: 0.30996
Val Loss Components:
  |- loss_rot: 0.03831
  |- loss_pos: 0.71671
  |- fk_loss: 1.40658
  |- smoothness_loss: 0.19154
LR: 1.000e-04
Hole frames in this epoch: [15, 15]

Epoch 115 | Train Loss: 0.24665 | Val Loss: 0.42520
Train Loss Components:
  |- loss_rot: 0.03725
  |- loss_pos: 0.29454
  |- fk_loss: 1.09075
  |- smoothness_loss: 0.35617
Val Loss Components:
  |- loss_rot: 0.03810
  |- loss_pos: 0.73930
  |- fk_loss: 1.42968
  |- smoothness_loss: 0.18445
LR: 1.000e-04
Hole frames in this epoch: [15, 15]

Epoch 116 | Train Loss: 0.24546 | Val Loss: 0.42413
Train Loss Components:
  |- loss_rot: 0.03464
  |- loss_pos: 0.28145
  |- fk_loss: 0.97032
  |- smoothness_loss: 0.30805
Val Loss Components:
  |- loss_rot: 0.03816
  |- loss_pos: 0.72895
  |- fk_loss: 1.41135
  |- smoothness_loss: 0.19084
LR: 1.000e-04
Hole frames in this epoch: [15, 15]

Epoch 117 | Train Loss: 0.24446 | Val Loss: 0.42427
Train Loss Components:
  |- loss_rot: 0.03712
  |- loss_pos: 0.29832
  |- fk_loss: 1.03818
  |- smoothness_loss: 0.33193
Val Loss Components:
  |- loss_rot: 0.03831
  |- loss_pos: 0.71213
  |- fk_loss: 1.39750
  |- smoothness_loss: 0.18906
LR: 1.000e-04
Hole frames in this epoch: [15, 15]

Epoch 118 | Train Loss: 0.24392 | Val Loss: 0.42324
Train Loss Components:
  |- loss_rot: 0.03777
  |- loss_pos: 0.28112
  |- fk_loss: 1.02692
  |- smoothness_loss: 0.34287
Val Loss Components:
  |- loss_rot: 0.03803
  |- loss_pos: 0.71449
  |- fk_loss: 1.38240
  |- smoothness_loss: 0.18927
LR: 1.000e-04
Hole frames in this epoch: [15, 15]

Epoch 119 | Train Loss: 0.24280 | Val Loss: 0.42187
Train Loss Components:
  |- loss_rot: 0.03849
  |- loss_pos: 0.32795
  |- fk_loss: 1.12963
  |- smoothness_loss: 0.40286
Val Loss Components:
  |- loss_rot: 0.03807
  |- loss_pos: 0.71713
  |- fk_loss: 1.41490
  |- smoothness_loss: 0.19028
LR: 1.000e-04
Hole frames in this epoch: [15, 15]

Epoch 120 | Train Loss: 0.24165 | Val Loss: 0.42125
Train Loss Components:
  |- loss_rot: 0.03533
  |- loss_pos: 0.27625
  |- fk_loss: 0.95095
  |- smoothness_loss: 0.33022
Val Loss Components:
  |- loss_rot: 0.03799
  |- loss_pos: 0.72368
  |- fk_loss: 1.38617
  |- smoothness_loss: 0.18989
LR: 1.000e-04
Hole frames in this epoch: [15, 15]

Epoch 121 | Train Loss: 0.24035 | Val Loss: 0.42018
Train Loss Components:
  |- loss_rot: 0.03606
  |- loss_pos: 0.27551
  |- fk_loss: 0.98016
  |- smoothness_loss: 0.36080
Val Loss Components:
  |- loss_rot: 0.03809
  |- loss_pos: 0.72654
  |- fk_loss: 1.40719
  |- smoothness_loss: 0.18959
LR: 1.000e-04
Hole frames in this epoch: [15, 15]

Epoch 122 | Train Loss: 0.23954 | Val Loss: 0.41949
Train Loss Components:
  |- loss_rot: 0.03769
  |- loss_pos: 0.31064
  |- fk_loss: 1.08536
  |- smoothness_loss: 0.39672
Val Loss Components:
  |- loss_rot: 0.03789
  |- loss_pos: 0.71741
  |- fk_loss: 1.38190
  |- smoothness_loss: 0.18849
LR: 1.000e-04
Hole frames in this epoch: [15, 15]

Epoch 123 | Train Loss: 0.23890 | Val Loss: 0.42145
Train Loss Components:
  |- loss_rot: 0.03945
  |- loss_pos: 0.29462
  |- fk_loss: 1.10592
  |- smoothness_loss: 0.40762
Val Loss Components:
  |- loss_rot: 0.03819
  |- loss_pos: 0.71389
  |- fk_loss: 1.37796
  |- smoothness_loss: 0.19316
LR: 1.000e-04
Hole frames in this epoch: [15, 15]

Epoch 124 | Train Loss: 0.23819 | Val Loss: 0.41948
Train Loss Components:
  |- loss_rot: 0.03988
  |- loss_pos: 0.29820
  |- fk_loss: 1.07224
  |- smoothness_loss: 0.40363
Val Loss Components:
  |- loss_rot: 0.03823
  |- loss_pos: 0.69699
  |- fk_loss: 1.39865
  |- smoothness_loss: 0.18889
LR: 1.000e-04
Hole frames in this epoch: [15, 15]

Epoch 125 | Train Loss: 0.23737 | Val Loss: 0.42085
Train Loss Components:
  |- loss_rot: 0.03487
  |- loss_pos: 0.28365
  |- fk_loss: 0.98047
  |- smoothness_loss: 0.36095
Val Loss Components:
  |- loss_rot: 0.03826
  |- loss_pos: 0.74050
  |- fk_loss: 1.42171
  |- smoothness_loss: 0.18921
LR: 1.000e-04
Hole frames in this epoch: [15, 15]

Epoch 126 | Train Loss: 0.23669 | Val Loss: 0.41940
Train Loss Components:
  |- loss_rot: 0.03514
  |- loss_pos: 0.29054
  |- fk_loss: 0.98623
  |- smoothness_loss: 0.27910
Val Loss Components:
  |- loss_rot: 0.03806
  |- loss_pos: 0.73960
  |- fk_loss: 1.39284
  |- smoothness_loss: 0.18619
LR: 1.000e-04
Hole frames in this epoch: [15, 15]

Epoch 127 | Train Loss: 0.23579 | Val Loss: 0.41909
Train Loss Components:
  |- loss_rot: 0.03219
  |- loss_pos: 0.27393
  |- fk_loss: 0.88146
  |- smoothness_loss: 0.27810
Val Loss Components:
  |- loss_rot: 0.03808
  |- loss_pos: 0.73285
  |- fk_loss: 1.37456
  |- smoothness_loss: 0.18861
LR: 1.000e-04
Hole frames in this epoch: [15, 15]

Epoch 128 | Train Loss: 0.23470 | Val Loss: 0.41850
Train Loss Components:
  |- loss_rot: 0.03484
  |- loss_pos: 0.29539
  |- fk_loss: 0.98943
  |- smoothness_loss: 0.38566
Val Loss Components:
  |- loss_rot: 0.03808
  |- loss_pos: 0.75186
  |- fk_loss: 1.40653
  |- smoothness_loss: 0.19513
LR: 1.000e-04
Hole frames in this epoch: [15, 15]

Epoch 129 | Train Loss: 0.23393 | Val Loss: 0.42253
Train Loss Components:
  |- loss_rot: 0.03782
  |- loss_pos: 0.29866
  |- fk_loss: 1.05027
  |- smoothness_loss: 0.35842
Val Loss Components:
  |- loss_rot: 0.03800
  |- loss_pos: 0.74474
  |- fk_loss: 1.40180
  |- smoothness_loss: 0.19572
LR: 1.000e-04
Hole frames in this epoch: [15, 15]

Epoch 130 | Train Loss: 0.23288 | Val Loss: 0.41816
Train Loss Components:
  |- loss_rot: 0.03693
  |- loss_pos: 0.26013
  |- fk_loss: 0.94204
  |- smoothness_loss: 0.32181
Val Loss Components:
  |- loss_rot: 0.03805
  |- loss_pos: 0.71978
  |- fk_loss: 1.38444
  |- smoothness_loss: 0.19157
LR: 1.000e-04
Hole frames in this epoch: [15, 15]

Epoch 131 | Train Loss: 0.23188 | Val Loss: 0.41859
Train Loss Components:
  |- loss_rot: 0.03667
  |- loss_pos: 0.29491
  |- fk_loss: 1.02935
  |- smoothness_loss: 0.37908
Val Loss Components:
  |- loss_rot: 0.03806
  |- loss_pos: 0.72398
  |- fk_loss: 1.37965
  |- smoothness_loss: 0.19739
LR: 1.000e-04
Hole frames in this epoch: [15, 15]

Epoch 132 | Train Loss: 0.23147 | Val Loss: 0.41792
Train Loss Components:
  |- loss_rot: 0.03772
  |- loss_pos: 0.27937
  |- fk_loss: 0.97530
  |- smoothness_loss: 0.36847
Val Loss Components:
  |- loss_rot: 0.03778
  |- loss_pos: 0.71322
  |- fk_loss: 1.37504
  |- smoothness_loss: 0.19592
LR: 1.000e-04
Hole frames in this epoch: [15, 15]

Epoch 133 | Train Loss: 0.23105 | Val Loss: 0.41600
Train Loss Components:
  |- loss_rot: 0.03550
  |- loss_pos: 0.28489
  |- fk_loss: 0.93531
  |- smoothness_loss: 0.31470
Val Loss Components:
  |- loss_rot: 0.03795
  |- loss_pos: 0.71460
  |- fk_loss: 1.36406
  |- smoothness_loss: 0.19602
LR: 1.000e-04
Hole frames in this epoch: [15, 15]

Epoch 134 | Train Loss: 0.23040 | Val Loss: 0.41648
Train Loss Components:
  |- loss_rot: 0.03767
  |- loss_pos: 0.29629
  |- fk_loss: 1.00698
  |- smoothness_loss: 0.38080
Val Loss Components:
  |- loss_rot: 0.03778
  |- loss_pos: 0.72519
  |- fk_loss: 1.36785
  |- smoothness_loss: 0.19573
LR: 1.000e-04
Hole frames in this epoch: [15, 15]

Epoch 135 | Train Loss: 0.22934 | Val Loss: 0.41497
Train Loss Components:
  |- loss_rot: 0.03633
  |- loss_pos: 0.26414
  |- fk_loss: 0.94411
  |- smoothness_loss: 0.33461
Val Loss Components:
  |- loss_rot: 0.03801
  |- loss_pos: 0.72715
  |- fk_loss: 1.37523
  |- smoothness_loss: 0.19304
LR: 1.000e-04
Hole frames in this epoch: [15, 15]

Epoch 136 | Train Loss: 0.22857 | Val Loss: 0.41815
Train Loss Components:
  |- loss_rot: 0.03700
  |- loss_pos: 0.28193
  |- fk_loss: 0.98589
  |- smoothness_loss: 0.36860
Val Loss Components:
  |- loss_rot: 0.03803
  |- loss_pos: 0.73313
  |- fk_loss: 1.37712
  |- smoothness_loss: 0.19829
LR: 1.000e-04
Hole frames in this epoch: [15, 15]

Epoch 137 | Train Loss: 0.22751 | Val Loss: 0.41642
Train Loss Components:
  |- loss_rot: 0.03902
  |- loss_pos: 0.31877
  |- fk_loss: 1.07349
  |- smoothness_loss: 0.44354
Val Loss Components:
  |- loss_rot: 0.03793
  |- loss_pos: 0.74001
  |- fk_loss: 1.38213
  |- smoothness_loss: 0.20185
LR: 1.000e-04
Hole frames in this epoch: [15, 15]

Epoch 138 | Train Loss: 0.22715 | Val Loss: 0.41775
Train Loss Components:
  |- loss_rot: 0.03646
  |- loss_pos: 0.28253
  |- fk_loss: 0.91831
  |- smoothness_loss: 0.28925
Val Loss Components:
  |- loss_rot: 0.03798
  |- loss_pos: 0.72468
  |- fk_loss: 1.36613
  |- smoothness_loss: 0.19611
LR: 1.000e-04
Hole frames in this epoch: [15, 15]

Epoch 139 | Train Loss: 0.22633 | Val Loss: 0.41504
Train Loss Components:
  |- loss_rot: 0.03655
  |- loss_pos: 0.26077
  |- fk_loss: 0.99786
  |- smoothness_loss: 0.32228
Val Loss Components:
  |- loss_rot: 0.03781
  |- loss_pos: 0.70128
  |- fk_loss: 1.34983
  |- smoothness_loss: 0.19692
LR: 1.000e-04
Hole frames in this epoch: [15, 15]

Epoch 140 | Train Loss: 0.22547 | Val Loss: 0.41635
Train Loss Components:
  |- loss_rot: 0.03539
  |- loss_pos: 0.25573
  |- fk_loss: 0.93118
  |- smoothness_loss: 0.32310
Val Loss Components:
  |- loss_rot: 0.03790
  |- loss_pos: 0.69529
  |- fk_loss: 1.35366
  |- smoothness_loss: 0.19586
LR: 1.000e-04
Hole frames in this epoch: [15, 15]

Epoch 141 | Train Loss: 0.22504 | Val Loss: 0.41574
Train Loss Components:
  |- loss_rot: 0.03946
  |- loss_pos: 0.27150
  |- fk_loss: 1.00589
  |- smoothness_loss: 0.37755
Val Loss Components:
  |- loss_rot: 0.03788
  |- loss_pos: 0.72656
  |- fk_loss: 1.37022
  |- smoothness_loss: 0.19946
LR: 1.000e-04
Hole frames in this epoch: [15, 15]

Epoch 142 | Train Loss: 0.20855 | Val Loss: 0.40575
Train Loss Components:
  |- loss_rot: 0.03612
  |- loss_pos: 0.23050
  |- fk_loss: 0.92565
  |- smoothness_loss: 0.37403
Val Loss Components:
  |- loss_rot: 0.03764
  |- loss_pos: 0.69491
  |- fk_loss: 1.32274
  |- smoothness_loss: 0.20270
LR: 5.000e-05
Hole frames in this epoch: [15, 15]

Epoch 143 | Train Loss: 0.19777 | Val Loss: 0.40474
Train Loss Components:
  |- loss_rot: 0.03483
  |- loss_pos: 0.21034
  |- fk_loss: 0.85383
  |- smoothness_loss: 0.33419
Val Loss Components:
  |- loss_rot: 0.03761
  |- loss_pos: 0.70274
  |- fk_loss: 1.32730
  |- smoothness_loss: 0.20314
LR: 5.000e-05
Hole frames in this epoch: [15, 15]

Epoch 144 | Train Loss: 0.19555 | Val Loss: 0.40404
Train Loss Components:
  |- loss_rot: 0.03673
  |- loss_pos: 0.21674
  |- fk_loss: 0.89111
  |- smoothness_loss: 0.37693
Val Loss Components:
  |- loss_rot: 0.03757
  |- loss_pos: 0.70665
  |- fk_loss: 1.33279
  |- smoothness_loss: 0.20839
LR: 5.000e-05
Hole frames in this epoch: [15, 15]

Epoch 145 | Train Loss: 0.19455 | Val Loss: 0.40443
Train Loss Components:
  |- loss_rot: 0.03291
  |- loss_pos: 0.19537
  |- fk_loss: 0.80261
  |- smoothness_loss: 0.29960
Val Loss Components:
  |- loss_rot: 0.03778
  |- loss_pos: 0.70731
  |- fk_loss: 1.33615
  |- smoothness_loss: 0.20326
LR: 5.000e-05
Hole frames in this epoch: [15, 15]

Epoch 146 | Train Loss: 0.19402 | Val Loss: 0.40435
Train Loss Components:
  |- loss_rot: 0.03548
  |- loss_pos: 0.19955
  |- fk_loss: 0.84813
  |- smoothness_loss: 0.33579
Val Loss Components:
  |- loss_rot: 0.03764
  |- loss_pos: 0.70249
  |- fk_loss: 1.33101
  |- smoothness_loss: 0.20670
LR: 5.000e-05
Hole frames in this epoch: [15, 15]

Epoch 147 | Train Loss: 0.19363 | Val Loss: 0.40410
Train Loss Components:
  |- loss_rot: 0.03515
  |- loss_pos: 0.19818
  |- fk_loss: 0.84404
  |- smoothness_loss: 0.38791
Val Loss Components:
  |- loss_rot: 0.03757
  |- loss_pos: 0.69220
  |- fk_loss: 1.31528
  |- smoothness_loss: 0.20636
LR: 5.000e-05
Hole frames in this epoch: [15, 15]

Epoch 148 | Train Loss: 0.19326 | Val Loss: 0.40372
Train Loss Components:
  |- loss_rot: 0.03375
  |- loss_pos: 0.20997
  |- fk_loss: 0.80898
  |- smoothness_loss: 0.34941
Val Loss Components:
  |- loss_rot: 0.03765
  |- loss_pos: 0.67979
  |- fk_loss: 1.33518
  |- smoothness_loss: 0.20828
LR: 5.000e-05
Hole frames in this epoch: [15, 15]

Epoch 149 | Train Loss: 0.19278 | Val Loss: 0.40478
Train Loss Components:
  |- loss_rot: 0.03489
  |- loss_pos: 0.19495
  |- fk_loss: 0.83673
  |- smoothness_loss: 0.37977
Val Loss Components:
  |- loss_rot: 0.03770
  |- loss_pos: 0.71720
  |- fk_loss: 1.34583
  |- smoothness_loss: 0.20839
LR: 5.000e-05
Hole frames in this epoch: [15, 15]

Epoch 150 | Train Loss: 0.19232 | Val Loss: 0.40440
Train Loss Components:
  |- loss_rot: 0.03905
  |- loss_pos: 0.21478
  |- fk_loss: 0.93890
  |- smoothness_loss: 0.42624
Val Loss Components:
  |- loss_rot: 0.03770
  |- loss_pos: 0.70343
  |- fk_loss: 1.33457
  |- smoothness_loss: 0.21152
LR: 5.000e-05
Hole frames in this epoch: [15, 15]

Epoch 151 | Train Loss: 0.19199 | Val Loss: 0.40379
Train Loss Components:
  |- loss_rot: 0.03654
  |- loss_pos: 0.21047
  |- fk_loss: 0.88564
  |- smoothness_loss: 0.37560
Val Loss Components:
  |- loss_rot: 0.03768
  |- loss_pos: 0.69527
  |- fk_loss: 1.33107
  |- smoothness_loss: 0.20550
LR: 5.000e-05
Hole frames in this epoch: [15, 15]

Epoch 152 | Train Loss: 0.19145 | Val Loss: 0.40355
Train Loss Components:
  |- loss_rot: 0.03558
  |- loss_pos: 0.19826
  |- fk_loss: 0.92544
  |- smoothness_loss: 0.34040
Val Loss Components:
  |- loss_rot: 0.03761
  |- loss_pos: 0.69980
  |- fk_loss: 1.31950
  |- smoothness_loss: 0.20440
LR: 5.000e-05
Hole frames in this epoch: [15, 15]

Epoch 153 | Train Loss: 0.19091 | Val Loss: 0.40328
Train Loss Components:
  |- loss_rot: 0.03475
  |- loss_pos: 0.21333
  |- fk_loss: 0.90054
  |- smoothness_loss: 0.36306
Val Loss Components:
  |- loss_rot: 0.03756
  |- loss_pos: 0.69267
  |- fk_loss: 1.31548
  |- smoothness_loss: 0.20774
LR: 5.000e-05
Hole frames in this epoch: [15, 15]

Epoch 154 | Train Loss: 0.19078 | Val Loss: 0.40384
Train Loss Components:
  |- loss_rot: 0.03460
  |- loss_pos: 0.20749
  |- fk_loss: 0.86728
  |- smoothness_loss: 0.39639
Val Loss Components:
  |- loss_rot: 0.03769
  |- loss_pos: 0.69074
  |- fk_loss: 1.31815
  |- smoothness_loss: 0.20902
LR: 5.000e-05
Hole frames in this epoch: [15, 15]

Epoch 155 | Train Loss: 0.19029 | Val Loss: 0.40363
Train Loss Components:
  |- loss_rot: 0.03608
  |- loss_pos: 0.20316
  |- fk_loss: 0.83822
  |- smoothness_loss: 0.40318
Val Loss Components:
  |- loss_rot: 0.03758
  |- loss_pos: 0.70290
  |- fk_loss: 1.32221
  |- smoothness_loss: 0.21125
LR: 5.000e-05
Hole frames in this epoch: [15, 15]

Epoch 156 | Train Loss: 0.18958 | Val Loss: 0.40346
Train Loss Components:
  |- loss_rot: 0.03555
  |- loss_pos: 0.19986
  |- fk_loss: 0.83086
  |- smoothness_loss: 0.35546
Val Loss Components:
  |- loss_rot: 0.03757
  |- loss_pos: 0.69042
  |- fk_loss: 1.32649
  |- smoothness_loss: 0.20941
LR: 5.000e-05
Hole frames in this epoch: [15, 15]

Epoch 157 | Train Loss: 0.18911 | Val Loss: 0.40249
Train Loss Components:
  |- loss_rot: 0.03539
  |- loss_pos: 0.18213
  |- fk_loss: 0.83596
  |- smoothness_loss: 0.34449
Val Loss Components:
  |- loss_rot: 0.03747
  |- loss_pos: 0.69036
  |- fk_loss: 1.31831
  |- smoothness_loss: 0.20783
LR: 5.000e-05
Hole frames in this epoch: [15, 15]

Epoch 158 | Train Loss: 0.18886 | Val Loss: 0.40318
Train Loss Components:
  |- loss_rot: 0.03307
  |- loss_pos: 0.20218
  |- fk_loss: 0.77136
  |- smoothness_loss: 0.34609
Val Loss Components:
  |- loss_rot: 0.03748
  |- loss_pos: 0.69018
  |- fk_loss: 1.32280
  |- smoothness_loss: 0.20423
LR: 5.000e-05
Hole frames in this epoch: [15, 15]

Epoch 159 | Train Loss: 0.18843 | Val Loss: 0.40154
Train Loss Components:
  |- loss_rot: 0.03418
  |- loss_pos: 0.20160
  |- fk_loss: 0.79028
  |- smoothness_loss: 0.33276
Val Loss Components:
  |- loss_rot: 0.03741
  |- loss_pos: 0.67422
  |- fk_loss: 1.30473
  |- smoothness_loss: 0.21319
LR: 5.000e-05
Hole frames in this epoch: [15, 15]

Epoch 160 | Train Loss: 0.18791 | Val Loss: 0.40215
Train Loss Components:
  |- loss_rot: 0.03565
  |- loss_pos: 0.20703
  |- fk_loss: 0.82105
  |- smoothness_loss: 0.35920
Val Loss Components:
  |- loss_rot: 0.03757
  |- loss_pos: 0.70274
  |- fk_loss: 1.32212
  |- smoothness_loss: 0.21033
LR: 5.000e-05
Hole frames in this epoch: [15, 15]

Epoch 161 | Train Loss: 0.18757 | Val Loss: 0.40209
Train Loss Components:
  |- loss_rot: 0.03677
  |- loss_pos: 0.21464
  |- fk_loss: 0.85304
  |- smoothness_loss: 0.41548
Val Loss Components:
  |- loss_rot: 0.03770
  |- loss_pos: 0.71238
  |- fk_loss: 1.32781
  |- smoothness_loss: 0.21399
LR: 5.000e-05
Hole frames in this epoch: [15, 15]

Epoch 162 | Train Loss: 0.18718 | Val Loss: 0.40175
Train Loss Components:
  |- loss_rot: 0.03442
  |- loss_pos: 0.19377
  |- fk_loss: 0.80784
  |- smoothness_loss: 0.38376
Val Loss Components:
  |- loss_rot: 0.03754
  |- loss_pos: 0.71164
  |- fk_loss: 1.32819
  |- smoothness_loss: 0.20942
LR: 5.000e-05
Hole frames in this epoch: [15, 15]

Epoch 163 | Train Loss: 0.18715 | Val Loss: 0.40308
Train Loss Components:
  |- loss_rot: 0.03663
  |- loss_pos: 0.21044
  |- fk_loss: 0.83857
  |- smoothness_loss: 0.40979
Val Loss Components:
  |- loss_rot: 0.03765
  |- loss_pos: 0.70232
  |- fk_loss: 1.34103
  |- smoothness_loss: 0.21220
LR: 5.000e-05
Hole frames in this epoch: [15, 15]

Epoch 164 | Train Loss: 0.18676 | Val Loss: 0.40180
Train Loss Components:
  |- loss_rot: 0.03481
  |- loss_pos: 0.21854
  |- fk_loss: 0.86349
  |- smoothness_loss: 0.36045
Val Loss Components:
  |- loss_rot: 0.03751
  |- loss_pos: 0.70006
  |- fk_loss: 1.32186
  |- smoothness_loss: 0.20700
LR: 5.000e-05
Hole frames in this epoch: [15, 15]

Epoch 165 | Train Loss: 0.18608 | Val Loss: 0.40072
Train Loss Components:
  |- loss_rot: 0.03730
  |- loss_pos: 0.19693
  |- fk_loss: 0.84890
  |- smoothness_loss: 0.39723
Val Loss Components:
  |- loss_rot: 0.03747
  |- loss_pos: 0.70671
  |- fk_loss: 1.32368
  |- smoothness_loss: 0.20717
LR: 5.000e-05
Hole frames in this epoch: [15, 15]

Epoch 166 | Train Loss: 0.18566 | Val Loss: 0.40128
Train Loss Components:
  |- loss_rot: 0.03549
  |- loss_pos: 0.20544
  |- fk_loss: 0.82137
  |- smoothness_loss: 0.36700
Val Loss Components:
  |- loss_rot: 0.03759
  |- loss_pos: 0.69692
  |- fk_loss: 1.33465
  |- smoothness_loss: 0.21327
LR: 5.000e-05
Hole frames in this epoch: [15, 15]

Epoch 167 | Train Loss: 0.18524 | Val Loss: 0.40169
Train Loss Components:
  |- loss_rot: 0.03318
  |- loss_pos: 0.19685
  |- fk_loss: 0.77354
  |- smoothness_loss: 0.37714
Val Loss Components:
  |- loss_rot: 0.03747
  |- loss_pos: 0.69006
  |- fk_loss: 1.32040
  |- smoothness_loss: 0.20853
LR: 5.000e-05
Hole frames in this epoch: [15, 15]

Epoch 168 | Train Loss: 0.18506 | Val Loss: 0.40087
Train Loss Components:
  |- loss_rot: 0.03725
  |- loss_pos: 0.19987
  |- fk_loss: 0.82466
  |- smoothness_loss: 0.35888
Val Loss Components:
  |- loss_rot: 0.03745
  |- loss_pos: 0.70304
  |- fk_loss: 1.31658
  |- smoothness_loss: 0.21034
LR: 5.000e-05
Hole frames in this epoch: [15, 15]

Epoch 169 | Train Loss: 0.18466 | Val Loss: 0.40158
Train Loss Components:
  |- loss_rot: 0.03506
  |- loss_pos: 0.18565
  |- fk_loss: 0.79616
  |- smoothness_loss: 0.33855
Val Loss Components:
  |- loss_rot: 0.03738
  |- loss_pos: 0.70803
  |- fk_loss: 1.32338
  |- smoothness_loss: 0.20875
LR: 5.000e-05
Hole frames in this epoch: [15, 15]

Epoch 170 | Train Loss: 0.18444 | Val Loss: 0.40090
Train Loss Components:
  |- loss_rot: 0.03455
  |- loss_pos: 0.19321
  |- fk_loss: 0.77583
  |- smoothness_loss: 0.37719
Val Loss Components:
  |- loss_rot: 0.03746
  |- loss_pos: 0.68956
  |- fk_loss: 1.31260
  |- smoothness_loss: 0.20826
LR: 5.000e-05
Hole frames in this epoch: [15, 15]

Epoch 171 | Train Loss: 0.18394 | Val Loss: 0.40126
Train Loss Components:
  |- loss_rot: 0.03595
  |- loss_pos: 0.18804
  |- fk_loss: 0.80787
  |- smoothness_loss: 0.34273
Val Loss Components:
  |- loss_rot: 0.03750
  |- loss_pos: 0.69763
  |- fk_loss: 1.33253
  |- smoothness_loss: 0.21670
LR: 5.000e-05
Hole frames in this epoch: [15, 15]

Epoch 172 | Train Loss: 0.17670 | Val Loss: 0.39795
Train Loss Components:
  |- loss_rot: 0.03291
  |- loss_pos: 0.16739
  |- fk_loss: 0.71961
  |- smoothness_loss: 0.29513
Val Loss Components:
  |- loss_rot: 0.03738
  |- loss_pos: 0.68900
  |- fk_loss: 1.31087
  |- smoothness_loss: 0.21657
LR: 2.500e-05
Hole frames in this epoch: [15, 15]

Epoch 173 | Train Loss: 0.17240 | Val Loss: 0.39753
Train Loss Components:
  |- loss_rot: 0.03345
  |- loss_pos: 0.16266
  |- fk_loss: 0.72193
  |- smoothness_loss: 0.31249
Val Loss Components:
  |- loss_rot: 0.03733
  |- loss_pos: 0.68815
  |- fk_loss: 1.30780
  |- smoothness_loss: 0.21118
LR: 2.500e-05
Hole frames in this epoch: [15, 15]

Epoch 174 | Train Loss: 0.17136 | Val Loss: 0.39742
Train Loss Components:
  |- loss_rot: 0.03171
  |- loss_pos: 0.15977
  |- fk_loss: 0.71375
  |- smoothness_loss: 0.29489
Val Loss Components:
  |- loss_rot: 0.03731
  |- loss_pos: 0.68276
  |- fk_loss: 1.30465
  |- smoothness_loss: 0.21299
LR: 2.500e-05
Hole frames in this epoch: [15, 15]

Epoch 175 | Train Loss: 0.17073 | Val Loss: 0.39734
Train Loss Components:
  |- loss_rot: 0.03658
  |- loss_pos: 0.17452
  |- fk_loss: 0.80298
  |- smoothness_loss: 0.40490
Val Loss Components:
  |- loss_rot: 0.03742
  |- loss_pos: 0.68835
  |- fk_loss: 1.30162
  |- smoothness_loss: 0.21672
LR: 2.500e-05
Hole frames in this epoch: [15, 15]

Epoch 176 | Train Loss: 0.17062 | Val Loss: 0.39729
Train Loss Components:
  |- loss_rot: 0.03523
  |- loss_pos: 0.16819
  |- fk_loss: 0.75283
  |- smoothness_loss: 0.38504
Val Loss Components:
  |- loss_rot: 0.03730
  |- loss_pos: 0.68162
  |- fk_loss: 1.29514
  |- smoothness_loss: 0.21488
LR: 2.500e-05
Hole frames in this epoch: [15, 15]

Epoch 177 | Train Loss: 0.17042 | Val Loss: 0.39747
Train Loss Components:
  |- loss_rot: 0.03475
  |- loss_pos: 0.17066
  |- fk_loss: 0.76919
  |- smoothness_loss: 0.38842
Val Loss Components:
  |- loss_rot: 0.03736
  |- loss_pos: 0.67840
  |- fk_loss: 1.30586
  |- smoothness_loss: 0.21392
LR: 2.500e-05
Hole frames in this epoch: [15, 15]

Epoch 178 | Train Loss: 0.17018 | Val Loss: 0.39725
Train Loss Components:
  |- loss_rot: 0.03529
  |- loss_pos: 0.17260
  |- fk_loss: 0.79672
  |- smoothness_loss: 0.37085
Val Loss Components:
  |- loss_rot: 0.03736
  |- loss_pos: 0.69057
  |- fk_loss: 1.30932
  |- smoothness_loss: 0.21457
LR: 2.500e-05
Hole frames in this epoch: [15, 15]

Epoch 179 | Train Loss: 0.16990 | Val Loss: 0.39761
Train Loss Components:
  |- loss_rot: 0.03535
  |- loss_pos: 0.18175
  |- fk_loss: 0.79519
  |- smoothness_loss: 0.38039
Val Loss Components:
  |- loss_rot: 0.03726
  |- loss_pos: 0.68466
  |- fk_loss: 1.29965
  |- smoothness_loss: 0.21501
LR: 2.500e-05
Hole frames in this epoch: [15, 15]

Epoch 180 | Train Loss: 0.16967 | Val Loss: 0.39727
Train Loss Components:
  |- loss_rot: 0.03535
  |- loss_pos: 0.17666
  |- fk_loss: 0.78629
  |- smoothness_loss: 0.41678
Val Loss Components:
  |- loss_rot: 0.03730
  |- loss_pos: 0.68150
  |- fk_loss: 1.30221
  |- smoothness_loss: 0.21199
LR: 2.500e-05
Hole frames in this epoch: [15, 15]

Epoch 181 | Train Loss: 0.16947 | Val Loss: 0.39696
Train Loss Components:
  |- loss_rot: 0.03621
  |- loss_pos: 0.16575
  |- fk_loss: 0.78628
  |- smoothness_loss: 0.36006
Val Loss Components:
  |- loss_rot: 0.03745
  |- loss_pos: 0.68981
  |- fk_loss: 1.30828
  |- smoothness_loss: 0.21555
LR: 2.500e-05
Hole frames in this epoch: [15, 15]

Epoch 182 | Train Loss: 0.16921 | Val Loss: 0.39754
Train Loss Components:
  |- loss_rot: 0.03373
  |- loss_pos: 0.15437
  |- fk_loss: 0.70425
  |- smoothness_loss: 0.30799
Val Loss Components:
  |- loss_rot: 0.03733
  |- loss_pos: 0.68751
  |- fk_loss: 1.29844
  |- smoothness_loss: 0.21704
LR: 2.500e-05
Hole frames in this epoch: [15, 15]

Epoch 183 | Train Loss: 0.16910 | Val Loss: 0.39716
Train Loss Components:
  |- loss_rot: 0.03500
  |- loss_pos: 0.16878
  |- fk_loss: 0.76514
  |- smoothness_loss: 0.35953
Val Loss Components:
  |- loss_rot: 0.03721
  |- loss_pos: 0.68748
  |- fk_loss: 1.29533
  |- smoothness_loss: 0.21526
LR: 2.500e-05
Hole frames in this epoch: [15, 15]

Epoch 184 | Train Loss: 0.16890 | Val Loss: 0.39690
Train Loss Components:
  |- loss_rot: 0.03452
  |- loss_pos: 0.16596
  |- fk_loss: 0.72172
  |- smoothness_loss: 0.33883
Val Loss Components:
  |- loss_rot: 0.03737
  |- loss_pos: 0.69006
  |- fk_loss: 1.30397
  |- smoothness_loss: 0.21805
LR: 2.500e-05
Hole frames in this epoch: [15, 15]

Epoch 185 | Train Loss: 0.16863 | Val Loss: 0.39725
Train Loss Components:
  |- loss_rot: 0.03385
  |- loss_pos: 0.16532
  |- fk_loss: 0.74693
  |- smoothness_loss: 0.36477
Val Loss Components:
  |- loss_rot: 0.03727
  |- loss_pos: 0.68042
  |- fk_loss: 1.29792
  |- smoothness_loss: 0.21197
LR: 2.500e-05
Hole frames in this epoch: [15, 15]

Epoch 186 | Train Loss: 0.16825 | Val Loss: 0.39664
Train Loss Components:
  |- loss_rot: 0.03546
  |- loss_pos: 0.16812
  |- fk_loss: 0.78452
  |- smoothness_loss: 0.38894
Val Loss Components:
  |- loss_rot: 0.03728
  |- loss_pos: 0.67806
  |- fk_loss: 1.29617
  |- smoothness_loss: 0.21425
LR: 2.500e-05
Hole frames in this epoch: [15, 15]

Epoch 187 | Train Loss: 0.16814 | Val Loss: 0.39701
Train Loss Components:
  |- loss_rot: 0.03539
  |- loss_pos: 0.16854
  |- fk_loss: 0.76762
  |- smoothness_loss: 0.36118
Val Loss Components:
  |- loss_rot: 0.03731
  |- loss_pos: 0.68091
  |- fk_loss: 1.29091
  |- smoothness_loss: 0.21388
LR: 2.500e-05
Hole frames in this epoch: [15, 15]

Epoch 188 | Train Loss: 0.16793 | Val Loss: 0.39650
Train Loss Components:
  |- loss_rot: 0.03482
  |- loss_pos: 0.16175
  |- fk_loss: 0.76757
  |- smoothness_loss: 0.33876
Val Loss Components:
  |- loss_rot: 0.03723
  |- loss_pos: 0.67941
  |- fk_loss: 1.29092
  |- smoothness_loss: 0.21326
LR: 2.500e-05
Hole frames in this epoch: [15, 15]

Epoch 189 | Train Loss: 0.16760 | Val Loss: 0.39631
Train Loss Components:
  |- loss_rot: 0.03267
  |- loss_pos: 0.14998
  |- fk_loss: 0.70579
  |- smoothness_loss: 0.32732
Val Loss Components:
  |- loss_rot: 0.03723
  |- loss_pos: 0.68566
  |- fk_loss: 1.29504
  |- smoothness_loss: 0.21436
LR: 2.500e-05
Hole frames in this epoch: [15, 15]

Epoch 190 | Train Loss: 0.16757 | Val Loss: 0.39640
Train Loss Components:
  |- loss_rot: 0.03677
  |- loss_pos: 0.17251
  |- fk_loss: 0.79303
  |- smoothness_loss: 0.41853
Val Loss Components:
  |- loss_rot: 0.03723
  |- loss_pos: 0.68621
  |- fk_loss: 1.29641
  |- smoothness_loss: 0.21417
LR: 2.500e-05
Hole frames in this epoch: [15, 15]

Epoch 191 | Train Loss: 0.16740 | Val Loss: 0.39638
Train Loss Components:
  |- loss_rot: 0.03540
  |- loss_pos: 0.16400
  |- fk_loss: 0.75935
  |- smoothness_loss: 0.37676
Val Loss Components:
  |- loss_rot: 0.03729
  |- loss_pos: 0.68179
  |- fk_loss: 1.29785
  |- smoothness_loss: 0.21633
LR: 2.500e-05
Hole frames in this epoch: [15, 15]

Epoch 192 | Train Loss: 0.16706 | Val Loss: 0.39624
Train Loss Components:
  |- loss_rot: 0.03797
  |- loss_pos: 0.16686
  |- fk_loss: 0.81045
  |- smoothness_loss: 0.41660
Val Loss Components:
  |- loss_rot: 0.03728
  |- loss_pos: 0.68041
  |- fk_loss: 1.29421
  |- smoothness_loss: 0.21870
LR: 2.500e-05
Hole frames in this epoch: [15, 15]

Epoch 193 | Train Loss: 0.16699 | Val Loss: 0.39653
Train Loss Components:
  |- loss_rot: 0.03619
  |- loss_pos: 0.16737
  |- fk_loss: 0.79931
  |- smoothness_loss: 0.40522
Val Loss Components:
  |- loss_rot: 0.03720
  |- loss_pos: 0.67671
  |- fk_loss: 1.29044
  |- smoothness_loss: 0.21714
LR: 2.500e-05
Hole frames in this epoch: [15, 15]

Epoch 194 | Train Loss: 0.16666 | Val Loss: 0.39664
Train Loss Components:
  |- loss_rot: 0.03308
  |- loss_pos: 0.15522
  |- fk_loss: 0.70632
  |- smoothness_loss: 0.30917
Val Loss Components:
  |- loss_rot: 0.03730
  |- loss_pos: 0.67939
  |- fk_loss: 1.29602
  |- smoothness_loss: 0.21410
LR: 2.500e-05
Hole frames in this epoch: [15, 15]

Epoch 195 | Train Loss: 0.16665 | Val Loss: 0.39687
Train Loss Components:
  |- loss_rot: 0.03562
  |- loss_pos: 0.15591
  |- fk_loss: 0.74757
  |- smoothness_loss: 0.35860
Val Loss Components:
  |- loss_rot: 0.03736
  |- loss_pos: 0.68296
  |- fk_loss: 1.30111
  |- smoothness_loss: 0.21895
LR: 2.500e-05
Hole frames in this epoch: [15, 15]

Epoch 196 | Train Loss: 0.16634 | Val Loss: 0.39609
Train Loss Components:
  |- loss_rot: 0.03492
  |- loss_pos: 0.16218
  |- fk_loss: 0.75706
  |- smoothness_loss: 0.34910
Val Loss Components:
  |- loss_rot: 0.03733
  |- loss_pos: 0.67413
  |- fk_loss: 1.29470
  |- smoothness_loss: 0.21858
LR: 2.500e-05
Hole frames in this epoch: [15, 15]

Epoch 197 | Train Loss: 0.16627 | Val Loss: 0.39602
Train Loss Components:
  |- loss_rot: 0.03509
  |- loss_pos: 0.15825
  |- fk_loss: 0.75496
  |- smoothness_loss: 0.34845
Val Loss Components:
  |- loss_rot: 0.03729
  |- loss_pos: 0.68045
  |- fk_loss: 1.29876
  |- smoothness_loss: 0.21707
LR: 2.500e-05
Hole frames in this epoch: [15, 15]

Epoch 198 | Train Loss: 0.16602 | Val Loss: 0.39579
Train Loss Components:
  |- loss_rot: 0.03433
  |- loss_pos: 0.16762
  |- fk_loss: 0.76000
  |- smoothness_loss: 0.38939
Val Loss Components:
  |- loss_rot: 0.03727
  |- loss_pos: 0.68309
  |- fk_loss: 1.29975
  |- smoothness_loss: 0.21728
LR: 2.500e-05
Hole frames in this epoch: [15, 15]

Epoch 199 | Train Loss: 0.16595 | Val Loss: 0.39588
Train Loss Components:
  |- loss_rot: 0.03447
  |- loss_pos: 0.14352
  |- fk_loss: 0.71056
  |- smoothness_loss: 0.33368
Val Loss Components:
  |- loss_rot: 0.03726
  |- loss_pos: 0.68652
  |- fk_loss: 1.29719
  |- smoothness_loss: 0.21514
LR: 2.500e-05
Hole frames in this epoch: [15, 15]

Epoch 200 | Train Loss: 0.16573 | Val Loss: 0.39552
Train Loss Components:
  |- loss_rot: 0.03662
  |- loss_pos: 0.16547
  |- fk_loss: 0.81579
  |- smoothness_loss: 0.36111
Val Loss Components:
  |- loss_rot: 0.03726
  |- loss_pos: 0.68321
  |- fk_loss: 1.28824
  |- smoothness_loss: 0.21639
LR: 2.500e-05
Hole frames in this epoch: [15, 15]

Epoch 201 | Train Loss: 0.16556 | Val Loss: 0.39639
Train Loss Components:
  |- loss_rot: 0.03303
  |- loss_pos: 0.15784
  |- fk_loss: 0.69036
  |- smoothness_loss: 0.32559
Val Loss Components:
  |- loss_rot: 0.03728
  |- loss_pos: 0.68232
  |- fk_loss: 1.29610
  |- smoothness_loss: 0.21849
LR: 2.500e-05
Hole frames in this epoch: [15, 15]

Epoch 202 | Train Loss: 0.16543 | Val Loss: 0.39641
Train Loss Components:
  |- loss_rot: 0.03410
  |- loss_pos: 0.15333
  |- fk_loss: 0.72638
  |- smoothness_loss: 0.36999
Val Loss Components:
  |- loss_rot: 0.03719
  |- loss_pos: 0.68149
  |- fk_loss: 1.29335
  |- smoothness_loss: 0.21651
LR: 2.500e-05
Hole frames in this epoch: [15, 15]

Epoch 203 | Train Loss: 0.16528 | Val Loss: 0.39591
Train Loss Components:
  |- loss_rot: 0.03393
  |- loss_pos: 0.15967
  |- fk_loss: 0.72089
  |- smoothness_loss: 0.40006
Val Loss Components:
  |- loss_rot: 0.03712
  |- loss_pos: 0.67807
  |- fk_loss: 1.28826
  |- smoothness_loss: 0.21730
LR: 2.500e-05
Hole frames in this epoch: [15, 15]

Epoch 204 | Train Loss: 0.16504 | Val Loss: 0.39548
Train Loss Components:
  |- loss_rot: 0.03536
  |- loss_pos: 0.16746
  |- fk_loss: 0.74435
  |- smoothness_loss: 0.38450
Val Loss Components:
  |- loss_rot: 0.03720
  |- loss_pos: 0.68618
  |- fk_loss: 1.30017
  |- smoothness_loss: 0.21918
LR: 2.500e-05
Hole frames in this epoch: [15, 15]

Epoch 205 | Train Loss: 0.16498 | Val Loss: 0.39591
Train Loss Components:
  |- loss_rot: 0.03778
  |- loss_pos: 0.17003
  |- fk_loss: 0.79438
  |- smoothness_loss: 0.37374
Val Loss Components:
  |- loss_rot: 0.03723
  |- loss_pos: 0.68415
  |- fk_loss: 1.29184
  |- smoothness_loss: 0.21971
LR: 2.500e-05
Hole frames in this epoch: [15, 15]

Epoch 206 | Train Loss: 0.16469 | Val Loss: 0.39567
Train Loss Components:
  |- loss_rot: 0.03334
  |- loss_pos: 0.15996
  |- fk_loss: 0.74255
  |- smoothness_loss: 0.33619
Val Loss Components:
  |- loss_rot: 0.03716
  |- loss_pos: 0.68022
  |- fk_loss: 1.29841
  |- smoothness_loss: 0.21849
LR: 2.500e-05
Hole frames in this epoch: [15, 15]

Epoch 207 | Train Loss: 0.16455 | Val Loss: 0.39585
Train Loss Components:
  |- loss_rot: 0.03057
  |- loss_pos: 0.13645
  |- fk_loss: 0.64769
  |- smoothness_loss: 0.26832
Val Loss Components:
  |- loss_rot: 0.03724
  |- loss_pos: 0.68893
  |- fk_loss: 1.30309
  |- smoothness_loss: 0.21668
LR: 2.500e-05
Hole frames in this epoch: [15, 15]

Epoch 208 | Train Loss: 0.16440 | Val Loss: 0.39563
Train Loss Components:
  |- loss_rot: 0.03381
  |- loss_pos: 0.16163
  |- fk_loss: 0.69302
  |- smoothness_loss: 0.35699
Val Loss Components:
  |- loss_rot: 0.03715
  |- loss_pos: 0.67811
  |- fk_loss: 1.28705
  |- smoothness_loss: 0.21330
LR: 2.500e-05
Hole frames in this epoch: [15, 15]

Epoch 209 | Train Loss: 0.16419 | Val Loss: 0.39623
Train Loss Components:
  |- loss_rot: 0.03544
  |- loss_pos: 0.15496
  |- fk_loss: 0.73499
  |- smoothness_loss: 0.38647
Val Loss Components:
  |- loss_rot: 0.03724
  |- loss_pos: 0.68059
  |- fk_loss: 1.29585
  |- smoothness_loss: 0.21709
LR: 2.500e-05
Hole frames in this epoch: [15, 15]

Epoch 210 | Train Loss: 0.16405 | Val Loss: 0.39575
Train Loss Components:
  |- loss_rot: 0.03332
  |- loss_pos: 0.15656
  |- fk_loss: 0.71076
  |- smoothness_loss: 0.35022
Val Loss Components:
  |- loss_rot: 0.03727
  |- loss_pos: 0.68792
  |- fk_loss: 1.29989
  |- smoothness_loss: 0.21766
LR: 2.500e-05
Hole frames in this epoch: [15, 15]

Epoch 211 | Train Loss: 0.16084 | Val Loss: 0.39438
Train Loss Components:
  |- loss_rot: 0.03218
  |- loss_pos: 0.14365
  |- fk_loss: 0.72269
  |- smoothness_loss: 0.32814
Val Loss Components:
  |- loss_rot: 0.03722
  |- loss_pos: 0.67987
  |- fk_loss: 1.29086
  |- smoothness_loss: 0.21563
LR: 1.250e-05
Hole frames in this epoch: [15, 15]

Epoch 212 | Train Loss: 0.15910 | Val Loss: 0.39431
Train Loss Components:
  |- loss_rot: 0.03288
  |- loss_pos: 0.13597
  |- fk_loss: 0.65131
  |- smoothness_loss: 0.26798
Val Loss Components:
  |- loss_rot: 0.03718
  |- loss_pos: 0.68103
  |- fk_loss: 1.29442
  |- smoothness_loss: 0.21676
LR: 1.250e-05
Hole frames in this epoch: [15, 15]

Epoch 213 | Train Loss: 0.15869 | Val Loss: 0.39433
Train Loss Components:
  |- loss_rot: 0.03694
  |- loss_pos: 0.16225
  |- fk_loss: 0.76928
  |- smoothness_loss: 0.37427
Val Loss Components:
  |- loss_rot: 0.03719
  |- loss_pos: 0.67769
  |- fk_loss: 1.29232
  |- smoothness_loss: 0.21810
LR: 1.250e-05
Hole frames in this epoch: [15, 15]

Epoch 214 | Train Loss: 0.15845 | Val Loss: 0.39398
Train Loss Components:
  |- loss_rot: 0.03674
  |- loss_pos: 0.15322
  |- fk_loss: 0.81291
  |- smoothness_loss: 0.39590
Val Loss Components:
  |- loss_rot: 0.03719
  |- loss_pos: 0.68159
  |- fk_loss: 1.29107
  |- smoothness_loss: 0.21911
LR: 1.250e-05
Hole frames in this epoch: [15, 15]

Epoch 215 | Train Loss: 0.15823 | Val Loss: 0.39392
Train Loss Components:
  |- loss_rot: 0.03819
  |- loss_pos: 0.15630
  |- fk_loss: 0.78085
  |- smoothness_loss: 0.40121
Val Loss Components:
  |- loss_rot: 0.03714
  |- loss_pos: 0.67705
  |- fk_loss: 1.28512
  |- smoothness_loss: 0.21709
LR: 1.250e-05
Hole frames in this epoch: [15, 15]

Epoch 216 | Train Loss: 0.15802 | Val Loss: 0.39486
Train Loss Components:
  |- loss_rot: 0.03530
  |- loss_pos: 0.14721
  |- fk_loss: 0.74079
  |- smoothness_loss: 0.34680
Val Loss Components:
  |- loss_rot: 0.03722
  |- loss_pos: 0.67997
  |- fk_loss: 1.28747
  |- smoothness_loss: 0.21918
LR: 1.250e-05
Hole frames in this epoch: [15, 15]

Epoch 217 | Train Loss: 0.15793 | Val Loss: 0.39405
Train Loss Components:
  |- loss_rot: 0.03385
  |- loss_pos: 0.13574
  |- fk_loss: 0.67386
  |- smoothness_loss: 0.29444
Val Loss Components:
  |- loss_rot: 0.03717
  |- loss_pos: 0.67649
  |- fk_loss: 1.28311
  |- smoothness_loss: 0.21955
LR: 1.250e-05
Hole frames in this epoch: [15, 15]

Epoch 218 | Train Loss: 0.15776 | Val Loss: 0.39404
Train Loss Components:
  |- loss_rot: 0.03378
  |- loss_pos: 0.14582
  |- fk_loss: 0.69550
  |- smoothness_loss: 0.35849
Val Loss Components:
  |- loss_rot: 0.03716
  |- loss_pos: 0.67459
  |- fk_loss: 1.28528
  |- smoothness_loss: 0.21708
LR: 1.250e-05
Hole frames in this epoch: [15, 15]

Epoch 219 | Train Loss: 0.15771 | Val Loss: 0.39417
Train Loss Components:
  |- loss_rot: 0.03369
  |- loss_pos: 0.15201
  |- fk_loss: 0.74179
  |- smoothness_loss: 0.39052
Val Loss Components:
  |- loss_rot: 0.03714
  |- loss_pos: 0.67402
  |- fk_loss: 1.28420
  |- smoothness_loss: 0.21829
LR: 1.250e-05
Hole frames in this epoch: [15, 15]

Epoch 220 | Train Loss: 0.15751 | Val Loss: 0.39411
Train Loss Components:
  |- loss_rot: 0.03462
  |- loss_pos: 0.14909
  |- fk_loss: 0.71112
  |- smoothness_loss: 0.38462
Val Loss Components:
  |- loss_rot: 0.03715
  |- loss_pos: 0.67842
  |- fk_loss: 1.28955
  |- smoothness_loss: 0.21703
LR: 1.250e-05
Hole frames in this epoch: [15, 15]

Epoch 221 | Train Loss: 0.15750 | Val Loss: 0.39422
Train Loss Components:
  |- loss_rot: 0.03351
  |- loss_pos: 0.13762
  |- fk_loss: 0.70022
  |- smoothness_loss: 0.36372
Val Loss Components:
  |- loss_rot: 0.03710
  |- loss_pos: 0.67959
  |- fk_loss: 1.28566
  |- smoothness_loss: 0.21932
LR: 1.250e-05
Hole frames in this epoch: [15, 15]

Epoch 222 | Train Loss: 0.15601 | Val Loss: 0.39377
Train Loss Components:
  |- loss_rot: 0.03296
  |- loss_pos: 0.13405
  |- fk_loss: 0.66912
  |- smoothness_loss: 0.34811
Val Loss Components:
  |- loss_rot: 0.03713
  |- loss_pos: 0.67965
  |- fk_loss: 1.28580
  |- smoothness_loss: 0.22052
LR: 6.250e-06
Hole frames in this epoch: [15, 15]

Epoch 223 | Train Loss: 0.15538 | Val Loss: 0.39354
Train Loss Components:
  |- loss_rot: 0.03255
  |- loss_pos: 0.13231
  |- fk_loss: 0.63904
  |- smoothness_loss: 0.33044
Val Loss Components:
  |- loss_rot: 0.03715
  |- loss_pos: 0.67912
  |- fk_loss: 1.28711
  |- smoothness_loss: 0.22012
LR: 6.250e-06
Hole frames in this epoch: [15, 15]

Epoch 224 | Train Loss: 0.15512 | Val Loss: 0.39341
Train Loss Components:
  |- loss_rot: 0.03016
  |- loss_pos: 0.13225
  |- fk_loss: 0.60321
  |- smoothness_loss: 0.29692
Val Loss Components:
  |- loss_rot: 0.03714
  |- loss_pos: 0.67472
  |- fk_loss: 1.28600
  |- smoothness_loss: 0.21987
LR: 6.250e-06
Hole frames in this epoch: [15, 15]

Epoch 225 | Train Loss: 0.15493 | Val Loss: 0.39354
Train Loss Components:
  |- loss_rot: 0.03292
  |- loss_pos: 0.14001
  |- fk_loss: 0.67684
  |- smoothness_loss: 0.36818
Val Loss Components:
  |- loss_rot: 0.03710
  |- loss_pos: 0.67921
  |- fk_loss: 1.28402
  |- smoothness_loss: 0.21881
LR: 6.250e-06
Hole frames in this epoch: [15, 15]

Epoch 226 | Train Loss: 0.15478 | Val Loss: 0.39358
Train Loss Components:
  |- loss_rot: 0.03541
  |- loss_pos: 0.15016
  |- fk_loss: 0.73902
  |- smoothness_loss: 0.39408
Val Loss Components:
  |- loss_rot: 0.03714
  |- loss_pos: 0.67863
  |- fk_loss: 1.28339
  |- smoothness_loss: 0.22078
LR: 6.250e-06
Hole frames in this epoch: [15, 15]

Epoch 227 | Train Loss: 0.15474 | Val Loss: 0.39357
Train Loss Components:
  |- loss_rot: 0.03367
  |- loss_pos: 0.14261
  |- fk_loss: 0.70578
  |- smoothness_loss: 0.39794
Val Loss Components:
  |- loss_rot: 0.03713
  |- loss_pos: 0.67480
  |- fk_loss: 1.28049
  |- smoothness_loss: 0.22055
LR: 6.250e-06
Hole frames in this epoch: [15, 15]

Epoch 228 | Train Loss: 0.15465 | Val Loss: 0.39332
Train Loss Components:
  |- loss_rot: 0.03297
  |- loss_pos: 0.13680
  |- fk_loss: 0.65539
  |- smoothness_loss: 0.29912
Val Loss Components:
  |- loss_rot: 0.03711
  |- loss_pos: 0.67483
  |- fk_loss: 1.28332
  |- smoothness_loss: 0.21985
LR: 6.250e-06
Hole frames in this epoch: [15, 15]

Epoch 229 | Train Loss: 0.15459 | Val Loss: 0.39357
Train Loss Components:
  |- loss_rot: 0.03389
  |- loss_pos: 0.13495
  |- fk_loss: 0.67941
  |- smoothness_loss: 0.35885
Val Loss Components:
  |- loss_rot: 0.03710
  |- loss_pos: 0.67965
  |- fk_loss: 1.28167
  |- smoothness_loss: 0.21932
LR: 6.250e-06
Hole frames in this epoch: [15, 15]

Epoch 230 | Train Loss: 0.15451 | Val Loss: 0.39361
Train Loss Components:
  |- loss_rot: 0.03564
  |- loss_pos: 0.15209
  |- fk_loss: 0.74085
  |- smoothness_loss: 0.39655
Val Loss Components:
  |- loss_rot: 0.03710
  |- loss_pos: 0.67579
  |- fk_loss: 1.28266
  |- smoothness_loss: 0.21940
LR: 6.250e-06
Hole frames in this epoch: [15, 15]

Epoch 231 | Train Loss: 0.15447 | Val Loss: 0.39341
Train Loss Components:
  |- loss_rot: 0.03381
  |- loss_pos: 0.14182
  |- fk_loss: 0.69832
  |- smoothness_loss: 0.38192
Val Loss Components:
  |- loss_rot: 0.03707
  |- loss_pos: 0.67565
  |- fk_loss: 1.27874
  |- smoothness_loss: 0.21791
LR: 6.250e-06
Hole frames in this epoch: [15, 15]

Epoch 232 | Train Loss: 0.15435 | Val Loss: 0.39338
Train Loss Components:
  |- loss_rot: 0.03360
  |- loss_pos: 0.13995
  |- fk_loss: 0.69561
  |- smoothness_loss: 0.37387
Val Loss Components:
  |- loss_rot: 0.03710
  |- loss_pos: 0.67885
  |- fk_loss: 1.28054
  |- smoothness_loss: 0.21936
LR: 6.250e-06
Hole frames in this epoch: [15, 15]

Epoch 233 | Train Loss: 0.15432 | Val Loss: 0.39364
Train Loss Components:
  |- loss_rot: 0.03358
  |- loss_pos: 0.13600
  |- fk_loss: 0.66402
  |- smoothness_loss: 0.35446
Val Loss Components:
  |- loss_rot: 0.03709
  |- loss_pos: 0.67865
  |- fk_loss: 1.28159
  |- smoothness_loss: 0.22053
LR: 6.250e-06
Hole frames in this epoch: [15, 15]

Epoch 234 | Train Loss: 0.15427 | Val Loss: 0.39331
Train Loss Components:
  |- loss_rot: 0.03376
  |- loss_pos: 0.13536
  |- fk_loss: 0.65539
  |- smoothness_loss: 0.32213
Val Loss Components:
  |- loss_rot: 0.03709
  |- loss_pos: 0.67955
  |- fk_loss: 1.28128
  |- smoothness_loss: 0.21985
LR: 6.250e-06
Hole frames in this epoch: [15, 15]

Epoch 235 | Train Loss: 0.15360 | Val Loss: 0.39335
Train Loss Components:
  |- loss_rot: 0.03413
  |- loss_pos: 0.13930
  |- fk_loss: 0.70652
  |- smoothness_loss: 0.36359
Val Loss Components:
  |- loss_rot: 0.03712
  |- loss_pos: 0.67429
  |- fk_loss: 1.28054
  |- smoothness_loss: 0.21980
LR: 3.125e-06
Hole frames in this epoch: [15, 15]

Epoch 236 | Train Loss: 0.15332 | Val Loss: 0.39292
Train Loss Components:
  |- loss_rot: 0.03552
  |- loss_pos: 0.14692
  |- fk_loss: 0.73086
  |- smoothness_loss: 0.43987
Val Loss Components:
  |- loss_rot: 0.03709
  |- loss_pos: 0.67323
  |- fk_loss: 1.27895
  |- smoothness_loss: 0.21990
LR: 3.125e-06
Hole frames in this epoch: [15, 15]

Epoch 237 | Train Loss: 0.15317 | Val Loss: 0.39304
Train Loss Components:
  |- loss_rot: 0.03525
  |- loss_pos: 0.13691
  |- fk_loss: 0.76390
  |- smoothness_loss: 0.34100
Val Loss Components:
  |- loss_rot: 0.03710
  |- loss_pos: 0.67363
  |- fk_loss: 1.27948
  |- smoothness_loss: 0.22009
LR: 3.125e-06
Hole frames in this epoch: [15, 15]

Epoch 238 | Train Loss: 0.15315 | Val Loss: 0.39330
Train Loss Components:
  |- loss_rot: 0.03372
  |- loss_pos: 0.13371
  |- fk_loss: 0.67995
  |- smoothness_loss: 0.33151
Val Loss Components:
  |- loss_rot: 0.03713
  |- loss_pos: 0.67606
  |- fk_loss: 1.28204
  |- smoothness_loss: 0.22080
LR: 3.125e-06
Hole frames in this epoch: [15, 15]

Epoch 239 | Train Loss: 0.15311 | Val Loss: 0.39312
Train Loss Components:
  |- loss_rot: 0.03609
  |- loss_pos: 0.14126
  |- fk_loss: 0.73461
  |- smoothness_loss: 0.39860
Val Loss Components:
  |- loss_rot: 0.03709
  |- loss_pos: 0.67290
  |- fk_loss: 1.28172
  |- smoothness_loss: 0.22015
LR: 3.125e-06
Hole frames in this epoch: [15, 15]

Epoch 240 | Train Loss: 0.15295 | Val Loss: 0.39314
Train Loss Components:
  |- loss_rot: 0.03272
  |- loss_pos: 0.13280
  |- fk_loss: 0.67256
  |- smoothness_loss: 0.37939
Val Loss Components:
  |- loss_rot: 0.03709
  |- loss_pos: 0.67534
  |- fk_loss: 1.28079
  |- smoothness_loss: 0.21978
LR: 3.125e-06
Hole frames in this epoch: [15, 15]

Epoch 241 | Train Loss: 0.15293 | Val Loss: 0.39328
Train Loss Components:
  |- loss_rot: 0.03420
  |- loss_pos: 0.14808
  |- fk_loss: 0.72009
  |- smoothness_loss: 0.40306
Val Loss Components:
  |- loss_rot: 0.03711
  |- loss_pos: 0.67500
  |- fk_loss: 1.28272
  |- smoothness_loss: 0.21993
LR: 3.125e-06
Hole frames in this epoch: [15, 15]

Epoch 242 | Train Loss: 0.15292 | Val Loss: 0.39294
Train Loss Components:
  |- loss_rot: 0.03639
  |- loss_pos: 0.14447
  |- fk_loss: 0.80350
  |- smoothness_loss: 0.43621
Val Loss Components:
  |- loss_rot: 0.03709
  |- loss_pos: 0.67374
  |- fk_loss: 1.28026
  |- smoothness_loss: 0.21909
LR: 3.125e-06
Hole frames in this epoch: [15, 15]

Epoch 243 | Train Loss: 0.15263 | Val Loss: 0.39304
Train Loss Components:
  |- loss_rot: 0.03344
  |- loss_pos: 0.12882
  |- fk_loss: 0.68851
  |- smoothness_loss: 0.36575
Val Loss Components:
  |- loss_rot: 0.03709
  |- loss_pos: 0.67379
  |- fk_loss: 1.27909
  |- smoothness_loss: 0.21967
LR: 1.563e-06
Hole frames in this epoch: [15, 15]

Epoch 244 | Train Loss: 0.15249 | Val Loss: 0.39302
Train Loss Components:
  |- loss_rot: 0.03364
  |- loss_pos: 0.13857
  |- fk_loss: 0.67670
  |- smoothness_loss: 0.33442
Val Loss Components:
  |- loss_rot: 0.03710
  |- loss_pos: 0.67490
  |- fk_loss: 1.27987
  |- smoothness_loss: 0.22053
LR: 1.563e-06
Hole frames in this epoch: [15, 15]

Training time: 8204.79 s