Epoch 1 | Train Loss: 12.87199 | Val Loss: 11.70011
Train Loss Components:
  |- loss_rot: 0.48898
  |- loss_pos: 14.08068
  |- fk_loss: 21.49612
  |- smoothness_loss: 65.81156
Val Loss Components:
  |- loss_rot: 0.48980
  |- loss_pos: 17.89050
  |- fk_loss: 22.62389
  |- smoothness_loss: 46.09921
LR: 1.000e-04
Hole frames in this epoch: [4, 6]

Epoch 2 | Train Loss: 8.20811 | Val Loss: 9.67288
Train Loss Components:
  |- loss_rot: 0.46297
  |- loss_pos: 11.99410
  |- fk_loss: 19.76273
  |- smoothness_loss: 34.57115
Val Loss Components:
  |- loss_rot: 0.45904
  |- loss_pos: 15.65629
  |- fk_loss: 20.39451
  |- smoothness_loss: 29.39854
LR: 1.000e-04
Hole frames in this epoch: [4, 8]

Epoch 3 | Train Loss: 6.64753 | Val Loss: 7.97978
Train Loss Components:
  |- loss_rot: 0.44390
  |- loss_pos: 7.54906
  |- fk_loss: 16.47909
  |- smoothness_loss: 28.94135
Val Loss Components:
  |- loss_rot: 0.43955
  |- loss_pos: 13.18511
  |- fk_loss: 18.16818
  |- smoothness_loss: 19.38625
LR: 1.000e-04
Hole frames in this epoch: [4, 10]

Epoch 4 | Train Loss: 5.61136 | Val Loss: 6.67026
Train Loss Components:
  |- loss_rot: 0.41762
  |- loss_pos: 6.03567
  |- fk_loss: 14.58778
  |- smoothness_loss: 12.56154
Val Loss Components:
  |- loss_rot: 0.42270
  |- loss_pos: 10.86759
  |- fk_loss: 16.66971
  |- smoothness_loss: 13.78552
LR: 1.000e-04
Hole frames in this epoch: [4, 12]

Epoch 5 | Train Loss: 4.85829 | Val Loss: 5.64365
Train Loss Components:
  |- loss_rot: 0.40860
  |- loss_pos: 6.10976
  |- fk_loss: 13.96930
  |- smoothness_loss: 21.66567
Val Loss Components:
  |- loss_rot: 0.40936
  |- loss_pos: 9.02795
  |- fk_loss: 15.15374
  |- smoothness_loss: 9.31009
LR: 1.000e-04
Hole frames in this epoch: [4, 14]

Epoch 6 | Train Loss: 4.34692 | Val Loss: 4.84033
Train Loss Components:
  |- loss_rot: 0.38986
  |- loss_pos: 3.74710
  |- fk_loss: 12.63159
  |- smoothness_loss: 9.31913
Val Loss Components:
  |- loss_rot: 0.39355
  |- loss_pos: 7.54425
  |- fk_loss: 13.75930
  |- smoothness_loss: 6.80020
LR: 1.000e-04
Hole frames in this epoch: [4, 16]

Epoch 7 | Train Loss: 3.78604 | Val Loss: 4.34253
Train Loss Components:
  |- loss_rot: 0.38829
  |- loss_pos: 5.10151
  |- fk_loss: 12.63499
  |- smoothness_loss: 11.76233
Val Loss Components:
  |- loss_rot: 0.38244
  |- loss_pos: 6.45093
  |- fk_loss: 12.86740
  |- smoothness_loss: 5.77747
LR: 1.000e-04
Hole frames in this epoch: [4, 16]

Epoch 8 | Train Loss: 3.38446 | Val Loss: 3.81055
Train Loss Components:
  |- loss_rot: 0.37532
  |- loss_pos: 5.10385
  |- fk_loss: 12.55651
  |- smoothness_loss: 7.26446
Val Loss Components:
  |- loss_rot: 0.36957
  |- loss_pos: 5.44494
  |- fk_loss: 11.86466
  |- smoothness_loss: 4.27711
LR: 1.000e-04
Hole frames in this epoch: [4, 16]

Epoch 9 | Train Loss: 3.05347 | Val Loss: 3.66024
Train Loss Components:
  |- loss_rot: 0.37350
  |- loss_pos: 2.62084
  |- fk_loss: 10.82137
  |- smoothness_loss: 8.00078
Val Loss Components:
  |- loss_rot: 0.36473
  |- loss_pos: 5.17076
  |- fk_loss: 11.41707
  |- smoothness_loss: 3.59103
LR: 1.000e-04
Hole frames in this epoch: [4, 16]

Epoch 10 | Train Loss: 2.82560 | Val Loss: 3.21198
Train Loss Components:
  |- loss_rot: 0.35174
  |- loss_pos: 1.82957
  |- fk_loss: 9.03641
  |- smoothness_loss: 4.56858
Val Loss Components:
  |- loss_rot: 0.35024
  |- loss_pos: 4.49023
  |- fk_loss: 10.62209
  |- smoothness_loss: 3.01523
LR: 1.000e-04
Hole frames in this epoch: [4, 16]

Epoch 11 | Train Loss: 2.53795 | Val Loss: 2.98295
Train Loss Components:
  |- loss_rot: 0.35120
  |- loss_pos: 2.01438
  |- fk_loss: 8.80160
  |- smoothness_loss: 5.13835
Val Loss Components:
  |- loss_rot: 0.34240
  |- loss_pos: 4.17286
  |- fk_loss: 9.94282
  |- smoothness_loss: 2.54336
LR: 1.000e-04
Hole frames in this epoch: [4, 16]

Epoch 12 | Train Loss: 2.34914 | Val Loss: 2.70459
Train Loss Components:
  |- loss_rot: 0.33922
  |- loss_pos: 4.46367
  |- fk_loss: 9.63684
  |- smoothness_loss: 7.82682
Val Loss Components:
  |- loss_rot: 0.33242
  |- loss_pos: 3.66411
  |- fk_loss: 9.29173
  |- smoothness_loss: 2.11423
LR: 1.000e-04
Hole frames in this epoch: [4, 16]

Epoch 13 | Train Loss: 2.18647 | Val Loss: 2.56355
Train Loss Components:
  |- loss_rot: 0.33666
  |- loss_pos: 2.77178
  |- fk_loss: 8.82186
  |- smoothness_loss: 5.05998
Val Loss Components:
  |- loss_rot: 0.32811
  |- loss_pos: 3.30450
  |- fk_loss: 8.93968
  |- smoothness_loss: 2.01596
LR: 1.000e-04
Hole frames in this epoch: [4, 16]

Epoch 14 | Train Loss: 2.04679 | Val Loss: 2.51848
Train Loss Components:
  |- loss_rot: 0.32699
  |- loss_pos: 2.15077
  |- fk_loss: 7.64987
  |- smoothness_loss: 4.34669
Val Loss Components:
  |- loss_rot: 0.32028
  |- loss_pos: 3.47161
  |- fk_loss: 8.46386
  |- smoothness_loss: 1.71604
LR: 1.000e-04
Hole frames in this epoch: [4, 16]

Epoch 15 | Train Loss: 1.98490 | Val Loss: 2.33886
Train Loss Components:
  |- loss_rot: 0.33084
  |- loss_pos: 1.89225
  |- fk_loss: 7.52526
  |- smoothness_loss: 4.42794
Val Loss Components:
  |- loss_rot: 0.31931
  |- loss_pos: 3.02712
  |- fk_loss: 8.34575
  |- smoothness_loss: 1.62498
LR: 1.000e-04
Hole frames in this epoch: [4, 16]

Epoch 16 | Train Loss: 1.88605 | Val Loss: 2.19607
Train Loss Components:
  |- loss_rot: 0.31196
  |- loss_pos: 1.58628
  |- fk_loss: 6.49874
  |- smoothness_loss: 4.14887
Val Loss Components:
  |- loss_rot: 0.30978
  |- loss_pos: 2.92963
  |- fk_loss: 7.88202
  |- smoothness_loss: 1.43215
LR: 1.000e-04
Hole frames in this epoch: [4, 16]

Epoch 17 | Train Loss: 1.83011 | Val Loss: 2.07209
Train Loss Components:
  |- loss_rot: 0.31199
  |- loss_pos: 3.06817
  |- fk_loss: 7.60643
  |- smoothness_loss: 4.33617
Val Loss Components:
  |- loss_rot: 0.30481
  |- loss_pos: 2.72516
  |- fk_loss: 7.71765
  |- smoothness_loss: 1.19947
LR: 1.000e-04
Hole frames in this epoch: [4, 16]

Epoch 18 | Train Loss: 1.70711 | Val Loss: 1.96793
Train Loss Components:
  |- loss_rot: 0.30660
  |- loss_pos: 3.56891
  |- fk_loss: 8.13015
  |- smoothness_loss: 4.52590
Val Loss Components:
  |- loss_rot: 0.30016
  |- loss_pos: 2.51817
  |- fk_loss: 7.55442
  |- smoothness_loss: 1.09487
LR: 1.000e-04
Hole frames in this epoch: [4, 16]

Epoch 19 | Train Loss: 1.64402 | Val Loss: 1.86804
Train Loss Components:
  |- loss_rot: 0.29863
  |- loss_pos: 1.91751
  |- fk_loss: 6.44876
  |- smoothness_loss: 3.11435
Val Loss Components:
  |- loss_rot: 0.29363
  |- loss_pos: 2.43031
  |- fk_loss: 7.07652
  |- smoothness_loss: 0.93038
LR: 1.000e-04
Hole frames in this epoch: [4, 16]

Epoch 20 | Train Loss: 1.60074 | Val Loss: 1.84928
Train Loss Components:
  |- loss_rot: 0.29349
  |- loss_pos: 1.65016
  |- fk_loss: 6.32076
  |- smoothness_loss: 3.26555
Val Loss Components:
  |- loss_rot: 0.29076
  |- loss_pos: 2.42860
  |- fk_loss: 7.09944
  |- smoothness_loss: 0.98346
LR: 1.000e-04
Hole frames in this epoch: [4, 16]

Epoch 21 | Train Loss: 1.48357 | Val Loss: 1.78809
Train Loss Components:
  |- loss_rot: 0.29778
  |- loss_pos: 2.51395
  |- fk_loss: 6.79804
  |- smoothness_loss: 3.85087
Val Loss Components:
  |- loss_rot: 0.28498
  |- loss_pos: 2.31004
  |- fk_loss: 6.93101
  |- smoothness_loss: 0.79533
LR: 1.000e-04
Hole frames in this epoch: [4, 16]

Epoch 22 | Train Loss: 1.49861 | Val Loss: 1.72347
Train Loss Components:
  |- loss_rot: 0.28616
  |- loss_pos: 1.71741
  |- fk_loss: 5.93073
  |- smoothness_loss: 3.12443
Val Loss Components:
  |- loss_rot: 0.27915
  |- loss_pos: 2.25808
  |- fk_loss: 6.73837
  |- smoothness_loss: 0.78120
LR: 1.000e-04
Hole frames in this epoch: [4, 16]

Epoch 23 | Train Loss: 1.50655 | Val Loss: 1.74373
Train Loss Components:
  |- loss_rot: 0.27942
  |- loss_pos: 0.57662
  |- fk_loss: 5.00832
  |- smoothness_loss: 3.31871
Val Loss Components:
  |- loss_rot: 0.27622
  |- loss_pos: 2.37633
  |- fk_loss: 6.51979
  |- smoothness_loss: 0.83174
LR: 1.000e-04
Hole frames in this epoch: [4, 16]

Epoch 24 | Train Loss: 1.43738 | Val Loss: 1.73610
Train Loss Components:
  |- loss_rot: 0.27384
  |- loss_pos: 0.80962
  |- fk_loss: 5.84593
  |- smoothness_loss: 4.15907
Val Loss Components:
  |- loss_rot: 0.27219
  |- loss_pos: 2.21131
  |- fk_loss: 7.09948
  |- smoothness_loss: 0.90278
LR: 1.000e-04
Hole frames in this epoch: [4, 16]

Epoch 25 | Train Loss: 1.42848 | Val Loss: 1.75147
Train Loss Components:
  |- loss_rot: 0.28253
  |- loss_pos: 2.04157
  |- fk_loss: 6.51386
  |- smoothness_loss: 3.79654
Val Loss Components:
  |- loss_rot: 0.27309
  |- loss_pos: 2.31868
  |- fk_loss: 6.72070
  |- smoothness_loss: 0.97098
LR: 1.000e-04
Hole frames in this epoch: [4, 16]

Epoch 26 | Train Loss: 1.36151 | Val Loss: 1.57478
Train Loss Components:
  |- loss_rot: 0.26794
  |- loss_pos: 0.84950
  |- fk_loss: 4.58465
  |- smoothness_loss: 3.78203
Val Loss Components:
  |- loss_rot: 0.26480
  |- loss_pos: 2.11473
  |- fk_loss: 6.17901
  |- smoothness_loss: 0.69325
LR: 1.000e-04
Hole frames in this epoch: [4, 16]

Epoch 27 | Train Loss: 1.30227 | Val Loss: 1.60019
Train Loss Components:
  |- loss_rot: 0.26578
  |- loss_pos: 0.94522
  |- fk_loss: 5.25134
  |- smoothness_loss: 3.70464
Val Loss Components:
  |- loss_rot: 0.26483
  |- loss_pos: 2.04264
  |- fk_loss: 6.61840
  |- smoothness_loss: 0.82941
LR: 1.000e-04
Hole frames in this epoch: [4, 16]

Epoch 28 | Train Loss: 1.29276 | Val Loss: 1.62951
Train Loss Components:
  |- loss_rot: 0.26815
  |- loss_pos: 1.33974
  |- fk_loss: 5.54641
  |- smoothness_loss: 3.37476
Val Loss Components:
  |- loss_rot: 0.26168
  |- loss_pos: 2.12522
  |- fk_loss: 6.42383
  |- smoothness_loss: 0.97517
LR: 1.000e-04
Hole frames in this epoch: [4, 16]

Epoch 29 | Train Loss: 1.29424 | Val Loss: 1.47433
Train Loss Components:
  |- loss_rot: 0.25403
  |- loss_pos: 1.00505
  |- fk_loss: 4.78650
  |- smoothness_loss: 3.06165
Val Loss Components:
  |- loss_rot: 0.25446
  |- loss_pos: 1.91943
  |- fk_loss: 6.06231
  |- smoothness_loss: 0.81566
LR: 1.000e-04
Hole frames in this epoch: [4, 16]

Epoch 30 | Train Loss: 1.26918 | Val Loss: 1.43518
Train Loss Components:
  |- loss_rot: 0.25536
  |- loss_pos: 1.36513
  |- fk_loss: 4.79607
  |- smoothness_loss: 2.63491
Val Loss Components:
  |- loss_rot: 0.25134
  |- loss_pos: 1.96601
  |- fk_loss: 5.64934
  |- smoothness_loss: 0.59283
LR: 1.000e-04
Hole frames in this epoch: [4, 16]

Epoch 31 | Train Loss: 1.25413 | Val Loss: 1.49448
Train Loss Components:
  |- loss_rot: 0.25559
  |- loss_pos: 3.08157
  |- fk_loss: 6.35672
  |- smoothness_loss: 3.60794
Val Loss Components:
  |- loss_rot: 0.24973
  |- loss_pos: 2.05243
  |- fk_loss: 5.93836
  |- smoothness_loss: 0.78350
LR: 1.000e-04
Hole frames in this epoch: [4, 16]

Epoch 32 | Train Loss: 1.23027 | Val Loss: 1.42520
Train Loss Components:
  |- loss_rot: 0.24798
  |- loss_pos: 1.04081
  |- fk_loss: 4.69778
  |- smoothness_loss: 3.44272
Val Loss Components:
  |- loss_rot: 0.24697
  |- loss_pos: 1.84701
  |- fk_loss: 5.77596
  |- smoothness_loss: 0.80155
LR: 1.000e-04
Hole frames in this epoch: [4, 16]

Epoch 33 | Train Loss: 1.24116 | Val Loss: 1.37781
Train Loss Components:
  |- loss_rot: 0.24942
  |- loss_pos: 0.64506
  |- fk_loss: 4.42375
  |- smoothness_loss: 2.89244
Val Loss Components:
  |- loss_rot: 0.24541
  |- loss_pos: 1.79874
  |- fk_loss: 5.72423
  |- smoothness_loss: 0.66784
LR: 1.000e-04
Hole frames in this epoch: [4, 16]

Epoch 34 | Train Loss: 1.19984 | Val Loss: 1.37131
Train Loss Components:
  |- loss_rot: 0.25243
  |- loss_pos: 1.19391
  |- fk_loss: 4.98274
  |- smoothness_loss: 3.66726
Val Loss Components:
  |- loss_rot: 0.24398
  |- loss_pos: 1.83360
  |- fk_loss: 5.66908
  |- smoothness_loss: 0.64600
LR: 1.000e-04
Hole frames in this epoch: [4, 16]

Epoch 35 | Train Loss: 1.28155 | Val Loss: 1.39669
Train Loss Components:
  |- loss_rot: 0.24180
  |- loss_pos: 0.88513
  |- fk_loss: 4.12200
  |- smoothness_loss: 2.75621
Val Loss Components:
  |- loss_rot: 0.24263
  |- loss_pos: 1.88129
  |- fk_loss: 5.76309
  |- smoothness_loss: 0.70027
LR: 1.000e-04
Hole frames in this epoch: [4, 16]

Epoch 36 | Train Loss: 1.26300 | Val Loss: 1.41961
Train Loss Components:
  |- loss_rot: 0.24440
  |- loss_pos: 1.55219
  |- fk_loss: 5.32640
  |- smoothness_loss: 2.93457
Val Loss Components:
  |- loss_rot: 0.24184
  |- loss_pos: 2.00623
  |- fk_loss: 5.78439
  |- smoothness_loss: 0.72357
LR: 1.000e-04
Hole frames in this epoch: [4, 16]

Epoch 37 | Train Loss: 1.32751 | Val Loss: 1.54410
Train Loss Components:
  |- loss_rot: 0.24732
  |- loss_pos: 1.01685
  |- fk_loss: 5.25198
  |- smoothness_loss: 4.22908
Val Loss Components:
  |- loss_rot: 0.24207
  |- loss_pos: 2.14494
  |- fk_loss: 6.46403
  |- smoothness_loss: 0.73051
LR: 1.000e-04
Hole frames in this epoch: [4, 16]

Epoch 38 | Train Loss: 1.24990 | Val Loss: 1.33439
Train Loss Components:
  |- loss_rot: 0.24177
  |- loss_pos: 1.53926
  |- fk_loss: 4.81625
  |- smoothness_loss: 2.80496
Val Loss Components:
  |- loss_rot: 0.23751
  |- loss_pos: 1.87655
  |- fk_loss: 5.33576
  |- smoothness_loss: 0.65891
LR: 1.000e-04
Hole frames in this epoch: [4, 16]

Epoch 39 | Train Loss: 1.42410 | Val Loss: 1.40799
Train Loss Components:
  |- loss_rot: 0.24135
  |- loss_pos: 1.08322
  |- fk_loss: 5.10882
  |- smoothness_loss: 2.86427
Val Loss Components:
  |- loss_rot: 0.23984
  |- loss_pos: 1.88208
  |- fk_loss: 5.92342
  |- smoothness_loss: 0.95028
LR: 1.000e-04
Hole frames in this epoch: [4, 16]

Epoch 40 | Train Loss: 1.26797 | Val Loss: 1.46459
Train Loss Components:
  |- loss_rot: 0.25587
  |- loss_pos: 1.95886
  |- fk_loss: 6.20457
  |- smoothness_loss: 3.46361
Val Loss Components:
  |- loss_rot: 0.24711
  |- loss_pos: 1.83404
  |- fk_loss: 6.25883
  |- smoothness_loss: 0.81980
LR: 1.000e-04
Hole frames in this epoch: [4, 16]

Epoch 41 | Train Loss: 1.41517 | Val Loss: 1.40411
Train Loss Components:
  |- loss_rot: 0.24887
  |- loss_pos: 2.20578
  |- fk_loss: 6.43611
  |- smoothness_loss: 3.72622
Val Loss Components:
  |- loss_rot: 0.24180
  |- loss_pos: 1.84064
  |- fk_loss: 6.17625
  |- smoothness_loss: 0.70737
LR: 1.000e-04
Hole frames in this epoch: [4, 16]

Epoch 42 | Train Loss: 1.22466 | Val Loss: 1.51808
Train Loss Components:
  |- loss_rot: 0.24142
  |- loss_pos: 0.93252
  |- fk_loss: 6.77026
  |- smoothness_loss: 3.68841
Val Loss Components:
  |- loss_rot: 0.23783
  |- loss_pos: 1.99399
  |- fk_loss: 6.86397
  |- smoothness_loss: 0.82243
LR: 1.000e-04
Hole frames in this epoch: [4, 16]

Epoch 43 | Train Loss: 1.32649 | Val Loss: 1.82802
Train Loss Components:
  |- loss_rot: 0.25734
  |- loss_pos: 1.50023
  |- fk_loss: 7.18578
  |- smoothness_loss: 5.42800
Val Loss Components:
  |- loss_rot: 0.25785
  |- loss_pos: 2.28296
  |- fk_loss: 8.20972
  |- smoothness_loss: 1.82821
LR: 1.000e-04
Hole frames in this epoch: [4, 16]

Epoch 44 | Train Loss: 1.37545 | Val Loss: 1.40827
Train Loss Components:
  |- loss_rot: 0.23663
  |- loss_pos: 0.76573
  |- fk_loss: 5.04588
  |- smoothness_loss: 3.52677
Val Loss Components:
  |- loss_rot: 0.23607
  |- loss_pos: 1.72185
  |- fk_loss: 6.20786
  |- smoothness_loss: 0.74517
LR: 1.000e-04
Hole frames in this epoch: [4, 16]

Epoch 45 | Train Loss: 1.15104 | Val Loss: 1.25484
Train Loss Components:
  |- loss_rot: 0.23849
  |- loss_pos: 1.86393
  |- fk_loss: 5.41380
  |- smoothness_loss: 2.88778
Val Loss Components:
  |- loss_rot: 0.23543
  |- loss_pos: 1.65264
  |- fk_loss: 5.37854
  |- smoothness_loss: 0.52988
LR: 5.000e-05
Hole frames in this epoch: [4, 16]

Epoch 46 | Train Loss: 1.09178 | Val Loss: 1.25313
Train Loss Components:
  |- loss_rot: 0.23668
  |- loss_pos: 0.88267
  |- fk_loss: 4.66435
  |- smoothness_loss: 2.81771
Val Loss Components:
  |- loss_rot: 0.23365
  |- loss_pos: 1.63879
  |- fk_loss: 5.44479
  |- smoothness_loss: 0.60195
LR: 5.000e-05
Hole frames in this epoch: [4, 16]

Epoch 47 | Train Loss: 1.12546 | Val Loss: 1.22692
Train Loss Components:
  |- loss_rot: 0.23212
  |- loss_pos: 0.93388
  |- fk_loss: 4.40844
  |- smoothness_loss: 2.62439
Val Loss Components:
  |- loss_rot: 0.23095
  |- loss_pos: 1.59394
  |- fk_loss: 5.18072
  |- smoothness_loss: 0.51513
LR: 5.000e-05
Hole frames in this epoch: [4, 16]

Epoch 48 | Train Loss: 1.07377 | Val Loss: 1.18332
Train Loss Components:
  |- loss_rot: 0.22633
  |- loss_pos: 0.47796
  |- fk_loss: 4.04599
  |- smoothness_loss: 2.27804
Val Loss Components:
  |- loss_rot: 0.22705
  |- loss_pos: 1.56898
  |- fk_loss: 5.12409
  |- smoothness_loss: 0.46143
LR: 5.000e-05
Hole frames in this epoch: [4, 16]

Epoch 49 | Train Loss: 1.02425 | Val Loss: 1.17040
Train Loss Components:
  |- loss_rot: 0.22589
  |- loss_pos: 0.97188
  |- fk_loss: 4.03804
  |- smoothness_loss: 2.38364
Val Loss Components:
  |- loss_rot: 0.22624
  |- loss_pos: 1.59199
  |- fk_loss: 4.92334
  |- smoothness_loss: 0.45208
LR: 5.000e-05
Hole frames in this epoch: [4, 16]

Epoch 50 | Train Loss: 1.21043 | Val Loss: 1.23174
Train Loss Components:
  |- loss_rot: 0.23421
  |- loss_pos: 1.35965
  |- fk_loss: 5.08426
  |- smoothness_loss: 2.51516
Val Loss Components:
  |- loss_rot: 0.22965
  |- loss_pos: 1.60623
  |- fk_loss: 5.25415
  |- smoothness_loss: 0.54767
LR: 5.000e-05
Hole frames in this epoch: [4, 16]

Epoch 51 | Train Loss: 1.06395 | Val Loss: 1.18933
Train Loss Components:
  |- loss_rot: 0.23640
  |- loss_pos: 0.47031
  |- fk_loss: 4.36059
  |- smoothness_loss: 3.00568
Val Loss Components:
  |- loss_rot: 0.22929
  |- loss_pos: 1.58276
  |- fk_loss: 5.04793
  |- smoothness_loss: 0.49183
LR: 5.000e-05
Hole frames in this epoch: [4, 16]

Epoch 52 | Train Loss: 1.03784 | Val Loss: 1.16577
Train Loss Components:
  |- loss_rot: 0.22516
  |- loss_pos: 1.02890
  |- fk_loss: 4.43253
  |- smoothness_loss: 2.44660
Val Loss Components:
  |- loss_rot: 0.22589
  |- loss_pos: 1.57775
  |- fk_loss: 5.12262
  |- smoothness_loss: 0.45687
LR: 5.000e-05
Hole frames in this epoch: [4, 16]

Epoch 53 | Train Loss: 1.02078 | Val Loss: 1.14283
Train Loss Components:
  |- loss_rot: 0.22528
  |- loss_pos: 1.07023
  |- fk_loss: 4.07801
  |- smoothness_loss: 2.07510
Val Loss Components:
  |- loss_rot: 0.22506
  |- loss_pos: 1.55583
  |- fk_loss: 4.83150
  |- smoothness_loss: 0.44503
LR: 5.000e-05
Hole frames in this epoch: [4, 16]

Epoch 54 | Train Loss: 1.00850 | Val Loss: 1.19543
Train Loss Components:
  |- loss_rot: 0.23125
  |- loss_pos: 1.92149
  |- fk_loss: 5.49027
  |- smoothness_loss: 2.71175
Val Loss Components:
  |- loss_rot: 0.22369
  |- loss_pos: 1.60382
  |- fk_loss: 5.34716
  |- smoothness_loss: 0.54632
LR: 5.000e-05
Hole frames in this epoch: [4, 16]

Epoch 55 | Train Loss: 0.96857 | Val Loss: 1.14530
Train Loss Components:
  |- loss_rot: 0.22413
  |- loss_pos: 1.30351
  |- fk_loss: 4.46563
  |- smoothness_loss: 2.21972
Val Loss Components:
  |- loss_rot: 0.22109
  |- loss_pos: 1.55812
  |- fk_loss: 4.69647
  |- smoothness_loss: 0.45716
LR: 5.000e-05
Hole frames in this epoch: [4, 16]

Epoch 56 | Train Loss: 1.01261 | Val Loss: 1.77015
Train Loss Components:
  |- loss_rot: 0.24911
  |- loss_pos: 0.80738
  |- fk_loss: 8.15349
  |- smoothness_loss: 6.79479
Val Loss Components:
  |- loss_rot: 0.26248
  |- loss_pos: 1.74584
  |- fk_loss: 9.22259
  |- smoothness_loss: 1.85389
LR: 5.000e-05
Hole frames in this epoch: [4, 16]

Epoch 57 | Train Loss: 1.13254 | Val Loss: 1.20619
Train Loss Components:
  |- loss_rot: 0.22623
  |- loss_pos: 0.51652
  |- fk_loss: 4.48399
  |- smoothness_loss: 3.45103
Val Loss Components:
  |- loss_rot: 0.22328
  |- loss_pos: 1.54585
  |- fk_loss: 5.21173
  |- smoothness_loss: 0.50922
LR: 5.000e-05
Hole frames in this epoch: [4, 16]

Epoch 58 | Train Loss: 1.03527 | Val Loss: 1.11644
Train Loss Components:
  |- loss_rot: 0.22014
  |- loss_pos: 1.24580
  |- fk_loss: 4.35952
  |- smoothness_loss: 2.19825
Val Loss Components:
  |- loss_rot: 0.21967
  |- loss_pos: 1.50350
  |- fk_loss: 4.84690
  |- smoothness_loss: 0.46015
LR: 5.000e-05
Hole frames in this epoch: [4, 16]

Epoch 59 | Train Loss: 0.96937 | Val Loss: 1.10442
Train Loss Components:
  |- loss_rot: 0.22586
  |- loss_pos: 1.40226
  |- fk_loss: 4.77914
  |- smoothness_loss: 2.45840
Val Loss Components:
  |- loss_rot: 0.21879
  |- loss_pos: 1.50638
  |- fk_loss: 4.66874
  |- smoothness_loss: 0.45698
LR: 5.000e-05
Hole frames in this epoch: [4, 16]

Epoch 60 | Train Loss: 0.97989 | Val Loss: 1.11228
Train Loss Components:
  |- loss_rot: 0.22110
  |- loss_pos: 0.94392
  |- fk_loss: 4.11490
  |- smoothness_loss: 2.19539
Val Loss Components:
  |- loss_rot: 0.21720
  |- loss_pos: 1.60768
  |- fk_loss: 4.69362
  |- smoothness_loss: 0.43245
LR: 5.000e-05
Hole frames in this epoch: [4, 16]

Epoch 61 | Train Loss: 0.94693 | Val Loss: 1.11677
Train Loss Components:
  |- loss_rot: 0.21271
  |- loss_pos: 0.56830
  |- fk_loss: 3.62033
  |- smoothness_loss: 2.24138
Val Loss Components:
  |- loss_rot: 0.21531
  |- loss_pos: 1.58181
  |- fk_loss: 4.75633
  |- smoothness_loss: 0.45590
LR: 5.000e-05
Hole frames in this epoch: [4, 16]

Epoch 62 | Train Loss: 0.92875 | Val Loss: 1.13945
Train Loss Components:
  |- loss_rot: 0.21717
  |- loss_pos: 1.38449
  |- fk_loss: 4.70624
  |- smoothness_loss: 2.33410
Val Loss Components:
  |- loss_rot: 0.21546
  |- loss_pos: 1.57278
  |- fk_loss: 4.86308
  |- smoothness_loss: 0.52129
LR: 5.000e-05
Hole frames in this epoch: [4, 16]

Epoch 63 | Train Loss: 0.94885 | Val Loss: 1.10528
Train Loss Components:
  |- loss_rot: 0.21521
  |- loss_pos: 1.67599
  |- fk_loss: 4.55286
  |- smoothness_loss: 2.54249
Val Loss Components:
  |- loss_rot: 0.21388
  |- loss_pos: 1.51944
  |- fk_loss: 4.57963
  |- smoothness_loss: 0.46689
LR: 5.000e-05
Hole frames in this epoch: [4, 16]

Epoch 64 | Train Loss: 0.91069 | Val Loss: 1.09204
Train Loss Components:
  |- loss_rot: 0.21035
  |- loss_pos: 0.69972
  |- fk_loss: 3.51220
  |- smoothness_loss: 1.95706
Val Loss Components:
  |- loss_rot: 0.21215
  |- loss_pos: 1.53828
  |- fk_loss: 4.56991
  |- smoothness_loss: 0.45175
LR: 5.000e-05
Hole frames in this epoch: [4, 16]

Epoch 65 | Train Loss: 1.06712 | Val Loss: 1.11349
Train Loss Components:
  |- loss_rot: 0.22156
  |- loss_pos: 0.76789
  |- fk_loss: 4.03473
  |- smoothness_loss: 2.30443
Val Loss Components:
  |- loss_rot: 0.21857
  |- loss_pos: 1.54770
  |- fk_loss: 4.90201
  |- smoothness_loss: 0.54914
LR: 5.000e-05
Hole frames in this epoch: [4, 16]

Epoch 66 | Train Loss: 1.01062 | Val Loss: 1.18423
Train Loss Components:
  |- loss_rot: 0.21888
  |- loss_pos: 1.23461
  |- fk_loss: 4.68398
  |- smoothness_loss: 2.65731
Val Loss Components:
  |- loss_rot: 0.21993
  |- loss_pos: 1.64781
  |- fk_loss: 5.49825
  |- smoothness_loss: 0.57499
LR: 5.000e-05
Hole frames in this epoch: [4, 16]

Epoch 67 | Train Loss: 0.95291 | Val Loss: 1.11182
Train Loss Components:
  |- loss_rot: 0.21470
  |- loss_pos: 1.29944
  |- fk_loss: 4.57540
  |- smoothness_loss: 2.28236
Val Loss Components:
  |- loss_rot: 0.21366
  |- loss_pos: 1.49492
  |- fk_loss: 4.85281
  |- smoothness_loss: 0.46747
LR: 5.000e-05
Hole frames in this epoch: [4, 16]

Epoch 68 | Train Loss: 0.96078 | Val Loss: 1.06914
Train Loss Components:
  |- loss_rot: 0.21501
  |- loss_pos: 1.29687
  |- fk_loss: 4.36001
  |- smoothness_loss: 2.09169
Val Loss Components:
  |- loss_rot: 0.21240
  |- loss_pos: 1.48887
  |- fk_loss: 4.53827
  |- smoothness_loss: 0.43794
LR: 5.000e-05
Hole frames in this epoch: [4, 16]

Epoch 69 | Train Loss: 1.15077 | Val Loss: 1.12372
Train Loss Components:
  |- loss_rot: 0.21156
  |- loss_pos: 0.51132
  |- fk_loss: 3.63955
  |- smoothness_loss: 2.62060
Val Loss Components:
  |- loss_rot: 0.21130
  |- loss_pos: 1.50987
  |- fk_loss: 4.61658
  |- smoothness_loss: 0.46442
LR: 5.000e-05
Hole frames in this epoch: [4, 16]

Epoch 70 | Train Loss: 0.94791 | Val Loss: 1.06193
Train Loss Components:
  |- loss_rot: 0.20743
  |- loss_pos: 0.77848
  |- fk_loss: 3.67534
  |- smoothness_loss: 2.23208
Val Loss Components:
  |- loss_rot: 0.20917
  |- loss_pos: 1.47858
  |- fk_loss: 4.47858
  |- smoothness_loss: 0.41401
LR: 5.000e-05
Hole frames in this epoch: [4, 16]

Epoch 71 | Train Loss: 0.88800 | Val Loss: 1.05728
Train Loss Components:
  |- loss_rot: 0.21224
  |- loss_pos: 1.35832
  |- fk_loss: 4.14227
  |- smoothness_loss: 2.17388
Val Loss Components:
  |- loss_rot: 0.20756
  |- loss_pos: 1.51203
  |- fk_loss: 4.30234
  |- smoothness_loss: 0.44468
LR: 5.000e-05
Hole frames in this epoch: [4, 16]

Epoch 72 | Train Loss: 0.93884 | Val Loss: 1.50229
Train Loss Components:
  |- loss_rot: 0.22709
  |- loss_pos: 0.66385
  |- fk_loss: 6.23950
  |- smoothness_loss: 7.55470
Val Loss Components:
  |- loss_rot: 0.23040
  |- loss_pos: 1.71596
  |- fk_loss: 7.30173
  |- smoothness_loss: 1.10677
LR: 5.000e-05
Hole frames in this epoch: [4, 16]

Epoch 73 | Train Loss: 0.96171 | Val Loss: 1.05731
Train Loss Components:
  |- loss_rot: 0.21003
  |- loss_pos: 0.63285
  |- fk_loss: 3.59739
  |- smoothness_loss: 2.60213
Val Loss Components:
  |- loss_rot: 0.20864
  |- loss_pos: 1.48720
  |- fk_loss: 4.35855
  |- smoothness_loss: 0.47803
LR: 5.000e-05
Hole frames in this epoch: [4, 16]

Epoch 74 | Train Loss: 1.01538 | Val Loss: 1.10415
Train Loss Components:
  |- loss_rot: 0.20926
  |- loss_pos: 0.42353
  |- fk_loss: 3.72832
  |- smoothness_loss: 3.12366
Val Loss Components:
  |- loss_rot: 0.21064
  |- loss_pos: 1.53144
  |- fk_loss: 4.67426
  |- smoothness_loss: 0.54550
LR: 5.000e-05
Hole frames in this epoch: [4, 16]

Epoch 75 | Train Loss: 0.96551 | Val Loss: 1.05432
Train Loss Components:
  |- loss_rot: 0.20714
  |- loss_pos: 0.79858
  |- fk_loss: 3.65296
  |- smoothness_loss: 2.05924
Val Loss Components:
  |- loss_rot: 0.20820
  |- loss_pos: 1.48589
  |- fk_loss: 4.43344
  |- smoothness_loss: 0.45193
LR: 5.000e-05
Hole frames in this epoch: [4, 16]

Epoch 76 | Train Loss: 0.91054 | Val Loss: 1.00583
Train Loss Components:
  |- loss_rot: 0.20957
  |- loss_pos: 0.98057
  |- fk_loss: 3.72183
  |- smoothness_loss: 2.29157
Val Loss Components:
  |- loss_rot: 0.20528
  |- loss_pos: 1.39365
  |- fk_loss: 4.27926
  |- smoothness_loss: 0.41891
LR: 5.000e-05
Hole frames in this epoch: [4, 16]

Epoch 77 | Train Loss: 0.86269 | Val Loss: 1.00196
Train Loss Components:
  |- loss_rot: 0.20821
  |- loss_pos: 1.33148
  |- fk_loss: 3.86578
  |- smoothness_loss: 2.15056
Val Loss Components:
  |- loss_rot: 0.20453
  |- loss_pos: 1.46090
  |- fk_loss: 4.15836
  |- smoothness_loss: 0.38768
LR: 5.000e-05
Hole frames in this epoch: [4, 16]

Epoch 78 | Train Loss: 0.89217 | Val Loss: 1.03202
Train Loss Components:
  |- loss_rot: 0.20047
  |- loss_pos: 0.51776
  |- fk_loss: 3.00495
  |- smoothness_loss: 1.89732
Val Loss Components:
  |- loss_rot: 0.20383
  |- loss_pos: 1.51488
  |- fk_loss: 4.17673
  |- smoothness_loss: 0.41463
LR: 5.000e-05
Hole frames in this epoch: [4, 16]

Epoch 79 | Train Loss: 0.92211 | Val Loss: 1.05427
Train Loss Components:
  |- loss_rot: 0.20525
  |- loss_pos: 1.41714
  |- fk_loss: 4.10290
  |- smoothness_loss: 2.06212
Val Loss Components:
  |- loss_rot: 0.20735
  |- loss_pos: 1.51165
  |- fk_loss: 4.40229
  |- smoothness_loss: 0.44813
LR: 5.000e-05
Hole frames in this epoch: [4, 16]

Epoch 80 | Train Loss: 0.87815 | Val Loss: 0.99129
Train Loss Components:
  |- loss_rot: 0.20212
  |- loss_pos: 0.44886
  |- fk_loss: 3.02149
  |- smoothness_loss: 2.15905
Val Loss Components:
  |- loss_rot: 0.20229
  |- loss_pos: 1.44940
  |- fk_loss: 4.16083
  |- smoothness_loss: 0.42195
LR: 5.000e-05
Hole frames in this epoch: [4, 16]

Epoch 81 | Train Loss: 0.84077 | Val Loss: 0.98189
Train Loss Components:
  |- loss_rot: 0.20225
  |- loss_pos: 0.85519
  |- fk_loss: 3.52546
  |- smoothness_loss: 2.14849
Val Loss Components:
  |- loss_rot: 0.20208
  |- loss_pos: 1.41394
  |- fk_loss: 4.02832
  |- smoothness_loss: 0.39993
LR: 5.000e-05
Hole frames in this epoch: [4, 16]

Epoch 82 | Train Loss: 0.81698 | Val Loss: 0.97932
Train Loss Components:
  |- loss_rot: 0.19946
  |- loss_pos: 0.59956
  |- fk_loss: 2.99614
  |- smoothness_loss: 1.85405
Val Loss Components:
  |- loss_rot: 0.20004
  |- loss_pos: 1.38225
  |- fk_loss: 3.98407
  |- smoothness_loss: 0.41351
LR: 5.000e-05
Hole frames in this epoch: [4, 16]

Epoch 83 | Train Loss: 0.79742 | Val Loss: 0.95642
Train Loss Components:
  |- loss_rot: 0.19772
  |- loss_pos: 0.67495
  |- fk_loss: 3.04146
  |- smoothness_loss: 1.85852
Val Loss Components:
  |- loss_rot: 0.19901
  |- loss_pos: 1.39059
  |- fk_loss: 3.93135
  |- smoothness_loss: 0.37515
LR: 5.000e-05
Hole frames in this epoch: [4, 16]

Epoch 84 | Train Loss: 0.79658 | Val Loss: 0.96804
Train Loss Components:
  |- loss_rot: 0.19640
  |- loss_pos: 0.47494
  |- fk_loss: 2.76037
  |- smoothness_loss: 1.92083
Val Loss Components:
  |- loss_rot: 0.19840
  |- loss_pos: 1.39979
  |- fk_loss: 3.91548
  |- smoothness_loss: 0.40111
LR: 5.000e-05
Hole frames in this epoch: [4, 16]

Epoch 85 | Train Loss: 0.80125 | Val Loss: 0.95372
Train Loss Components:
  |- loss_rot: 0.19225
  |- loss_pos: 0.43726
  |- fk_loss: 2.57520
  |- smoothness_loss: 1.98773
Val Loss Components:
  |- loss_rot: 0.19694
  |- loss_pos: 1.40862
  |- fk_loss: 3.87740
  |- smoothness_loss: 0.37578
LR: 5.000e-05
Hole frames in this epoch: [4, 16]

Epoch 86 | Train Loss: 0.92998 | Val Loss: 0.98336
Train Loss Components:
  |- loss_rot: 0.19482
  |- loss_pos: 0.66590
  |- fk_loss: 3.23426
  |- smoothness_loss: 2.06694
Val Loss Components:
  |- loss_rot: 0.19761
  |- loss_pos: 1.42008
  |- fk_loss: 4.08337
  |- smoothness_loss: 0.43414
LR: 5.000e-05
Hole frames in this epoch: [4, 16]

Epoch 87 | Train Loss: 0.83750 | Val Loss: 1.06058
Train Loss Components:
  |- loss_rot: 0.20177
  |- loss_pos: 0.91382
  |- fk_loss: 4.05859
  |- smoothness_loss: 2.85058
Val Loss Components:
  |- loss_rot: 0.19980
  |- loss_pos: 1.45067
  |- fk_loss: 4.83730
  |- smoothness_loss: 0.58919
LR: 5.000e-05
Hole frames in this epoch: [4, 16]

Epoch 88 | Train Loss: 1.19766 | Val Loss: 1.15618
Train Loss Components:
  |- loss_rot: 0.20508
  |- loss_pos: 1.24575
  |- fk_loss: 5.14361
  |- smoothness_loss: 3.08607
Val Loss Components:
  |- loss_rot: 0.20268
  |- loss_pos: 1.45112
  |- fk_loss: 5.47184
  |- smoothness_loss: 0.81271
LR: 5.000e-05
Hole frames in this epoch: [4, 16]

Epoch 89 | Train Loss: 1.09438 | Val Loss: 1.22170
Train Loss Components:
  |- loss_rot: 0.20658
  |- loss_pos: 1.19587
  |- fk_loss: 4.75656
  |- smoothness_loss: 3.45903
Val Loss Components:
  |- loss_rot: 0.20426
  |- loss_pos: 1.81334
  |- fk_loss: 5.01946
  |- smoothness_loss: 1.17813
LR: 5.000e-05
Hole frames in this epoch: [4, 16]

Epoch 90 | Train Loss: 0.90502 | Val Loss: 0.98931
Train Loss Components:
  |- loss_rot: 0.19627
  |- loss_pos: 0.87300
  |- fk_loss: 3.53657
  |- smoothness_loss: 2.24875
Val Loss Components:
  |- loss_rot: 0.19617
  |- loss_pos: 1.37515
  |- fk_loss: 4.15425
  |- smoothness_loss: 0.44484
LR: 5.000e-05
Hole frames in this epoch: [4, 16]

Epoch 91 | Train Loss: 0.84313 | Val Loss: 0.95659
Train Loss Components:
  |- loss_rot: 0.19077
  |- loss_pos: 0.48087
  |- fk_loss: 2.84993
  |- smoothness_loss: 2.22676
Val Loss Components:
  |- loss_rot: 0.19372
  |- loss_pos: 1.34338
  |- fk_loss: 3.90930
  |- smoothness_loss: 0.39196
LR: 5.000e-05
Hole frames in this epoch: [4, 16]

Epoch 92 | Train Loss: 0.79985 | Val Loss: 0.94024
Train Loss Components:
  |- loss_rot: 0.19644
  |- loss_pos: 1.02648
  |- fk_loss: 3.60987
  |- smoothness_loss: 2.44743
Val Loss Components:
  |- loss_rot: 0.19380
  |- loss_pos: 1.30635
  |- fk_loss: 3.86492
  |- smoothness_loss: 0.37569
LR: 2.500e-05
Hole frames in this epoch: [4, 16]

Epoch 93 | Train Loss: 0.79868 | Val Loss: 0.92076
Train Loss Components:
  |- loss_rot: 0.19151
  |- loss_pos: 0.64858
  |- fk_loss: 2.95662
  |- smoothness_loss: 1.89696
Val Loss Components:
  |- loss_rot: 0.19272
  |- loss_pos: 1.29360
  |- fk_loss: 3.75432
  |- smoothness_loss: 0.36348
LR: 2.500e-05
Hole frames in this epoch: [4, 16]

Epoch 94 | Train Loss: 0.75091 | Val Loss: 0.92020
Train Loss Components:
  |- loss_rot: 0.19465
  |- loss_pos: 0.67647
  |- fk_loss: 2.99836
  |- smoothness_loss: 1.83661
Val Loss Components:
  |- loss_rot: 0.19250
  |- loss_pos: 1.27803
  |- fk_loss: 3.79786
  |- smoothness_loss: 0.42878
LR: 2.500e-05
Hole frames in this epoch: [4, 16]

Epoch 95 | Train Loss: 0.75715 | Val Loss: 0.91798
Train Loss Components:
  |- loss_rot: 0.19654
  |- loss_pos: 0.95746
  |- fk_loss: 3.54254
  |- smoothness_loss: 2.05319
Val Loss Components:
  |- loss_rot: 0.19147
  |- loss_pos: 1.31665
  |- fk_loss: 3.72884
  |- smoothness_loss: 0.38407
LR: 2.500e-05
Hole frames in this epoch: [4, 16]

Epoch 96 | Train Loss: 0.74584 | Val Loss: 0.90419
Train Loss Components:
  |- loss_rot: 0.19177
  |- loss_pos: 0.68832
  |- fk_loss: 3.02956
  |- smoothness_loss: 1.90689
Val Loss Components:
  |- loss_rot: 0.19063
  |- loss_pos: 1.28233
  |- fk_loss: 3.68672
  |- smoothness_loss: 0.35659
LR: 2.500e-05
Hole frames in this epoch: [4, 16]

Epoch 97 | Train Loss: 0.75082 | Val Loss: 0.90436
Train Loss Components:
  |- loss_rot: 0.19032
  |- loss_pos: 0.39362
  |- fk_loss: 2.50296
  |- smoothness_loss: 1.83884
Val Loss Components:
  |- loss_rot: 0.19077
  |- loss_pos: 1.28812
  |- fk_loss: 3.65336
  |- smoothness_loss: 0.35838
LR: 2.500e-05
Hole frames in this epoch: [4, 16]

Epoch 98 | Train Loss: 0.73583 | Val Loss: 0.89453
Train Loss Components:
  |- loss_rot: 0.18804
  |- loss_pos: 0.88974
  |- fk_loss: 3.07020
  |- smoothness_loss: 1.88500
Val Loss Components:
  |- loss_rot: 0.18938
  |- loss_pos: 1.31903
  |- fk_loss: 3.65337
  |- smoothness_loss: 0.36897
LR: 2.500e-05
Hole frames in this epoch: [4, 16]

Epoch 99 | Train Loss: 0.73259 | Val Loss: 0.90384
Train Loss Components:
  |- loss_rot: 0.19150
  |- loss_pos: 1.12756
  |- fk_loss: 3.39870
  |- smoothness_loss: 2.24820
Val Loss Components:
  |- loss_rot: 0.18873
  |- loss_pos: 1.32843
  |- fk_loss: 3.62039
  |- smoothness_loss: 0.37539
LR: 2.500e-05
Hole frames in this epoch: [4, 16]

Epoch 100 | Train Loss: 0.72716 | Val Loss: 0.87861
Train Loss Components:
  |- loss_rot: 0.18792
  |- loss_pos: 0.88223
  |- fk_loss: 3.04545
  |- smoothness_loss: 1.79371
Val Loss Components:
  |- loss_rot: 0.18815
  |- loss_pos: 1.25119
  |- fk_loss: 3.54707
  |- smoothness_loss: 0.36221
LR: 2.500e-05
Hole frames in this epoch: [4, 16]

Epoch 101 | Train Loss: 0.72920 | Val Loss: 0.87970
Train Loss Components:
  |- loss_rot: 0.18379
  |- loss_pos: 0.54824
  |- fk_loss: 2.46910
  |- smoothness_loss: 1.58899
Val Loss Components:
  |- loss_rot: 0.18746
  |- loss_pos: 1.28857
  |- fk_loss: 3.54076
  |- smoothness_loss: 0.34952
LR: 2.500e-05
Hole frames in this epoch: [4, 16]

Epoch 102 | Train Loss: 0.71848 | Val Loss: 0.88447
Train Loss Components:
  |- loss_rot: 0.17944
  |- loss_pos: 0.39313
  |- fk_loss: 2.19968
  |- smoothness_loss: 1.67747
Val Loss Components:
  |- loss_rot: 0.18670
  |- loss_pos: 1.30955
  |- fk_loss: 3.55033
  |- smoothness_loss: 0.36147
LR: 2.500e-05
Hole frames in this epoch: [4, 16]

Epoch 103 | Train Loss: 0.72880 | Val Loss: 0.85893
Train Loss Components:
  |- loss_rot: 0.19007
  |- loss_pos: 1.02219
  |- fk_loss: 3.33760
  |- smoothness_loss: 1.92892
Val Loss Components:
  |- loss_rot: 0.18607
  |- loss_pos: 1.25195
  |- fk_loss: 3.52209
  |- smoothness_loss: 0.33858
LR: 2.500e-05
Hole frames in this epoch: [4, 16]

Epoch 104 | Train Loss: 0.71859 | Val Loss: 0.87078
Train Loss Components:
  |- loss_rot: 0.18316
  |- loss_pos: 0.45353
  |- fk_loss: 2.37316
  |- smoothness_loss: 1.64901
Val Loss Components:
  |- loss_rot: 0.18567
  |- loss_pos: 1.26225
  |- fk_loss: 3.44669
  |- smoothness_loss: 0.36644
LR: 2.500e-05
Hole frames in this epoch: [4, 16]

Epoch 105 | Train Loss: 0.71457 | Val Loss: 0.86639
Train Loss Components:
  |- loss_rot: 0.18888
  |- loss_pos: 0.55855
  |- fk_loss: 2.70650
  |- smoothness_loss: 2.02134
Val Loss Components:
  |- loss_rot: 0.18493
  |- loss_pos: 1.25418
  |- fk_loss: 3.42232
  |- smoothness_loss: 0.36764
LR: 2.500e-05
Hole frames in this epoch: [4, 16]

Epoch 106 | Train Loss: 0.71971 | Val Loss: 0.86898
Train Loss Components:
  |- loss_rot: 0.18280
  |- loss_pos: 0.61924
  |- fk_loss: 2.83928
  |- smoothness_loss: 1.71701
Val Loss Components:
  |- loss_rot: 0.18521
  |- loss_pos: 1.24881
  |- fk_loss: 3.55663
  |- smoothness_loss: 0.38789
LR: 2.500e-05
Hole frames in this epoch: [4, 16]

Epoch 107 | Train Loss: 0.68758 | Val Loss: 0.86456
Train Loss Components:
  |- loss_rot: 0.18203
  |- loss_pos: 0.50997
  |- fk_loss: 2.45371
  |- smoothness_loss: 1.58900
Val Loss Components:
  |- loss_rot: 0.18359
  |- loss_pos: 1.24012
  |- fk_loss: 3.39002
  |- smoothness_loss: 0.37804
LR: 2.500e-05
Hole frames in this epoch: [4, 16]

Epoch 108 | Train Loss: 0.69276 | Val Loss: 0.85526
Train Loss Components:
  |- loss_rot: 0.17906
  |- loss_pos: 0.37186
  |- fk_loss: 2.18280
  |- smoothness_loss: 1.68560
Val Loss Components:
  |- loss_rot: 0.18324
  |- loss_pos: 1.27126
  |- fk_loss: 3.39942
  |- smoothness_loss: 0.33996
LR: 2.500e-05
Hole frames in this epoch: [4, 16]

Epoch 109 | Train Loss: 0.67510 | Val Loss: 0.84222
Train Loss Components:
  |- loss_rot: 0.18571
  |- loss_pos: 1.03337
  |- fk_loss: 3.23249
  |- smoothness_loss: 1.83977
Val Loss Components:
  |- loss_rot: 0.18254
  |- loss_pos: 1.21426
  |- fk_loss: 3.33604
  |- smoothness_loss: 0.35835
LR: 2.500e-05
Hole frames in this epoch: [4, 16]

Epoch 110 | Train Loss: 0.68706 | Val Loss: 0.84853
Train Loss Components:
  |- loss_rot: 0.18290
  |- loss_pos: 1.30364
  |- fk_loss: 3.27281
  |- smoothness_loss: 1.98763
Val Loss Components:
  |- loss_rot: 0.18165
  |- loss_pos: 1.27802
  |- fk_loss: 3.32060
  |- smoothness_loss: 0.37163
LR: 2.500e-05
Hole frames in this epoch: [4, 16]

Epoch 111 | Train Loss: 0.68733 | Val Loss: 0.83521
Train Loss Components:
  |- loss_rot: 0.17947
  |- loss_pos: 0.61691
  |- fk_loss: 2.55822
  |- smoothness_loss: 1.70233
Val Loss Components:
  |- loss_rot: 0.18081
  |- loss_pos: 1.23473
  |- fk_loss: 3.31151
  |- smoothness_loss: 0.36426
LR: 2.500e-05
Hole frames in this epoch: [4, 16]

Epoch 112 | Train Loss: 0.66653 | Val Loss: 0.84600
Train Loss Components:
  |- loss_rot: 0.17977
  |- loss_pos: 1.12296
  |- fk_loss: 3.06148
  |- smoothness_loss: 1.77333
Val Loss Components:
  |- loss_rot: 0.18026
  |- loss_pos: 1.24397
  |- fk_loss: 3.31325
  |- smoothness_loss: 0.37257
LR: 2.500e-05
Hole frames in this epoch: [4, 16]

Epoch 113 | Train Loss: 0.67546 | Val Loss: 0.83374
Train Loss Components:
  |- loss_rot: 0.18186
  |- loss_pos: 0.82866
  |- fk_loss: 2.80147
  |- smoothness_loss: 1.81177
Val Loss Components:
  |- loss_rot: 0.17988
  |- loss_pos: 1.25865
  |- fk_loss: 3.26816
  |- smoothness_loss: 0.33347
LR: 2.500e-05
Hole frames in this epoch: [4, 16]

Epoch 114 | Train Loss: 0.67561 | Val Loss: 0.82396
Train Loss Components:
  |- loss_rot: 0.17639
  |- loss_pos: 0.40454
  |- fk_loss: 2.17669
  |- smoothness_loss: 1.78263
Val Loss Components:
  |- loss_rot: 0.17896
  |- loss_pos: 1.27554
  |- fk_loss: 3.29221
  |- smoothness_loss: 0.34094
LR: 2.500e-05
Hole frames in this epoch: [4, 16]

Epoch 115 | Train Loss: 0.65713 | Val Loss: 0.83047
Train Loss Components:
  |- loss_rot: 0.17674
  |- loss_pos: 0.63179
  |- fk_loss: 2.41642
  |- smoothness_loss: 1.63543
Val Loss Components:
  |- loss_rot: 0.17847
  |- loss_pos: 1.24796
  |- fk_loss: 3.26069
  |- smoothness_loss: 0.34856
LR: 2.500e-05
Hole frames in this epoch: [4, 16]

Epoch 116 | Train Loss: 0.65949 | Val Loss: 0.81634
Train Loss Components:
  |- loss_rot: 0.17579
  |- loss_pos: 0.90761
  |- fk_loss: 2.66360
  |- smoothness_loss: 1.90973
Val Loss Components:
  |- loss_rot: 0.17761
  |- loss_pos: 1.23899
  |- fk_loss: 3.23896
  |- smoothness_loss: 0.35914
LR: 2.500e-05
Hole frames in this epoch: [4, 16]

Epoch 117 | Train Loss: 0.65435 | Val Loss: 0.82866
Train Loss Components:
  |- loss_rot: 0.17457
  |- loss_pos: 0.87190
  |- fk_loss: 2.59191
  |- smoothness_loss: 1.57072
Val Loss Components:
  |- loss_rot: 0.17673
  |- loss_pos: 1.25327
  |- fk_loss: 3.18260
  |- smoothness_loss: 0.36962
LR: 2.500e-05
Hole frames in this epoch: [4, 16]

Epoch 118 | Train Loss: 0.66105 | Val Loss: 0.82199
Train Loss Components:
  |- loss_rot: 0.17446
  |- loss_pos: 0.91736
  |- fk_loss: 2.76835
  |- smoothness_loss: 1.91130
Val Loss Components:
  |- loss_rot: 0.17629
  |- loss_pos: 1.24204
  |- fk_loss: 3.20808
  |- smoothness_loss: 0.38589
LR: 2.500e-05
Hole frames in this epoch: [4, 16]

Epoch 119 | Train Loss: 0.65600 | Val Loss: 0.81645
Train Loss Components:
  |- loss_rot: 0.17659
  |- loss_pos: 0.83903
  |- fk_loss: 2.76440
  |- smoothness_loss: 1.80811
Val Loss Components:
  |- loss_rot: 0.17575
  |- loss_pos: 1.21880
  |- fk_loss: 3.14521
  |- smoothness_loss: 0.35118
LR: 2.500e-05
Hole frames in this epoch: [4, 16]

Epoch 120 | Train Loss: 0.63831 | Val Loss: 0.80899
Train Loss Components:
  |- loss_rot: 0.17484
  |- loss_pos: 0.74987
  |- fk_loss: 2.56810
  |- smoothness_loss: 1.73123
Val Loss Components:
  |- loss_rot: 0.17525
  |- loss_pos: 1.21248
  |- fk_loss: 3.13489
  |- smoothness_loss: 0.34309
LR: 2.500e-05
Hole frames in this epoch: [4, 16]

Epoch 121 | Train Loss: 0.64148 | Val Loss: 0.79161
Train Loss Components:
  |- loss_rot: 0.17111
  |- loss_pos: 0.63479
  |- fk_loss: 2.40076
  |- smoothness_loss: 2.22552
Val Loss Components:
  |- loss_rot: 0.17417
  |- loss_pos: 1.18451
  |- fk_loss: 3.11111
  |- smoothness_loss: 0.34457
LR: 2.500e-05
Hole frames in this epoch: [4, 16]

Epoch 122 | Train Loss: 0.64316 | Val Loss: 0.79875
Train Loss Components:
  |- loss_rot: 0.17348
  |- loss_pos: 0.76050
  |- fk_loss: 2.45336
  |- smoothness_loss: 1.53828
Val Loss Components:
  |- loss_rot: 0.17358
  |- loss_pos: 1.19233
  |- fk_loss: 3.08801
  |- smoothness_loss: 0.33419
LR: 2.500e-05
Hole frames in this epoch: [4, 16]

Epoch 123 | Train Loss: 0.63290 | Val Loss: 0.79723
Train Loss Components:
  |- loss_rot: 0.17500
  |- loss_pos: 0.85023
  |- fk_loss: 2.69831
  |- smoothness_loss: 1.67017
Val Loss Components:
  |- loss_rot: 0.17312
  |- loss_pos: 1.20934
  |- fk_loss: 3.07240
  |- smoothness_loss: 0.35364
LR: 2.500e-05
Hole frames in this epoch: [4, 16]

Epoch 124 | Train Loss: 0.62528 | Val Loss: 0.78881
Train Loss Components:
  |- loss_rot: 0.17750
  |- loss_pos: 0.74065
  |- fk_loss: 2.68447
  |- smoothness_loss: 2.13719
Val Loss Components:
  |- loss_rot: 0.17242
  |- loss_pos: 1.19632
  |- fk_loss: 3.04666
  |- smoothness_loss: 0.33514
LR: 2.500e-05
Hole frames in this epoch: [4, 16]

Epoch 125 | Train Loss: 0.62842 | Val Loss: 0.79178
Train Loss Components:
  |- loss_rot: 0.17166
  |- loss_pos: 0.82111
  |- fk_loss: 2.58045
  |- smoothness_loss: 1.81538
Val Loss Components:
  |- loss_rot: 0.17162
  |- loss_pos: 1.21167
  |- fk_loss: 3.08624
  |- smoothness_loss: 0.32950
LR: 2.500e-05
Hole frames in this epoch: [4, 16]

Epoch 126 | Train Loss: 0.62695 | Val Loss: 0.79255
Train Loss Components:
  |- loss_rot: 0.17188
  |- loss_pos: 1.32615
  |- fk_loss: 3.07167
  |- smoothness_loss: 2.26761
Val Loss Components:
  |- loss_rot: 0.17076
  |- loss_pos: 1.21143
  |- fk_loss: 3.05399
  |- smoothness_loss: 0.34012
LR: 2.500e-05
Hole frames in this epoch: [4, 16]

Epoch 127 | Train Loss: 0.62842 | Val Loss: 0.78023
Train Loss Components:
  |- loss_rot: 0.17018
  |- loss_pos: 0.83339
  |- fk_loss: 2.56501
  |- smoothness_loss: 1.50994
Val Loss Components:
  |- loss_rot: 0.17010
  |- loss_pos: 1.18306
  |- fk_loss: 3.00349
  |- smoothness_loss: 0.34092
LR: 2.500e-05
Hole frames in this epoch: [4, 16]

Epoch 128 | Train Loss: 0.62070 | Val Loss: 0.79622
Train Loss Components:
  |- loss_rot: 0.16136
  |- loss_pos: 0.34828
  |- fk_loss: 1.77463
  |- smoothness_loss: 1.52058
Val Loss Components:
  |- loss_rot: 0.16970
  |- loss_pos: 1.23147
  |- fk_loss: 2.97895
  |- smoothness_loss: 0.33408
LR: 2.500e-05
Hole frames in this epoch: [4, 16]

Epoch 129 | Train Loss: 0.61361 | Val Loss: 0.77470
Train Loss Components:
  |- loss_rot: 0.16756
  |- loss_pos: 0.40440
  |- fk_loss: 1.98147
  |- smoothness_loss: 1.83438
Val Loss Components:
  |- loss_rot: 0.16883
  |- loss_pos: 1.16995
  |- fk_loss: 2.99499
  |- smoothness_loss: 0.33400
LR: 2.500e-05
Hole frames in this epoch: [4, 16]

Epoch 130 | Train Loss: 0.61750 | Val Loss: 0.77234
Train Loss Components:
  |- loss_rot: 0.16997
  |- loss_pos: 1.02509
  |- fk_loss: 2.77490
  |- smoothness_loss: 1.85165
Val Loss Components:
  |- loss_rot: 0.16816
  |- loss_pos: 1.18144
  |- fk_loss: 2.98388
  |- smoothness_loss: 0.34699
LR: 2.500e-05
Hole frames in this epoch: [4, 16]

Epoch 131 | Train Loss: 0.62193 | Val Loss: 0.78801
Train Loss Components:
  |- loss_rot: 0.16560
  |- loss_pos: 0.66433
  |- fk_loss: 2.22414
  |- smoothness_loss: 1.67258
Val Loss Components:
  |- loss_rot: 0.16731
  |- loss_pos: 1.23901
  |- fk_loss: 2.98418
  |- smoothness_loss: 0.34934
LR: 2.500e-05
Hole frames in this epoch: [4, 16]

Epoch 132 | Train Loss: 0.60823 | Val Loss: 0.76189
Train Loss Components:
  |- loss_rot: 0.16563
  |- loss_pos: 0.38661
  |- fk_loss: 1.92058
  |- smoothness_loss: 1.61319
Val Loss Components:
  |- loss_rot: 0.16701
  |- loss_pos: 1.19887
  |- fk_loss: 2.95364
  |- smoothness_loss: 0.31341
LR: 2.500e-05
Hole frames in this epoch: [4, 16]

Epoch 133 | Train Loss: 0.59675 | Val Loss: 0.77421
Train Loss Components:
  |- loss_rot: 0.16206
  |- loss_pos: 0.41249
  |- fk_loss: 1.85730
  |- smoothness_loss: 1.56414
Val Loss Components:
  |- loss_rot: 0.16625
  |- loss_pos: 1.19567
  |- fk_loss: 2.96183
  |- smoothness_loss: 0.35389
LR: 2.500e-05
Hole frames in this epoch: [4, 16]

Epoch 134 | Train Loss: 0.60390 | Val Loss: 0.77824
Train Loss Components:
  |- loss_rot: 0.16869
  |- loss_pos: 1.20620
  |- fk_loss: 2.90361
  |- smoothness_loss: 1.92809
Val Loss Components:
  |- loss_rot: 0.16520
  |- loss_pos: 1.21762
  |- fk_loss: 2.93561
  |- smoothness_loss: 0.35099
LR: 2.500e-05
Hole frames in this epoch: [4, 16]

Epoch 135 | Train Loss: 0.60826 | Val Loss: 0.76559
Train Loss Components:
  |- loss_rot: 0.16556
  |- loss_pos: 0.37717
  |- fk_loss: 1.90260
  |- smoothness_loss: 1.75739
Val Loss Components:
  |- loss_rot: 0.16504
  |- loss_pos: 1.15265
  |- fk_loss: 2.90857
  |- smoothness_loss: 0.32891
LR: 2.500e-05
Hole frames in this epoch: [4, 16]

Epoch 136 | Train Loss: 0.59748 | Val Loss: 0.74948
Train Loss Components:
  |- loss_rot: 0.16279
  |- loss_pos: 0.46630
  |- fk_loss: 1.86385
  |- smoothness_loss: 1.51966
Val Loss Components:
  |- loss_rot: 0.16416
  |- loss_pos: 1.15736
  |- fk_loss: 2.88394
  |- smoothness_loss: 0.32423
LR: 2.500e-05
Hole frames in this epoch: [4, 16]

Epoch 137 | Train Loss: 0.58784 | Val Loss: 0.75181
Train Loss Components:
  |- loss_rot: 0.16303
  |- loss_pos: 0.48540
  |- fk_loss: 2.03528
  |- smoothness_loss: 1.61757
Val Loss Components:
  |- loss_rot: 0.16363
  |- loss_pos: 1.14941
  |- fk_loss: 2.88345
  |- smoothness_loss: 0.33132
LR: 2.500e-05
Hole frames in this epoch: [4, 16]

Epoch 138 | Train Loss: 0.59569 | Val Loss: 0.75557
Train Loss Components:
  |- loss_rot: 0.15517
  |- loss_pos: 0.48974
  |- fk_loss: 1.74251
  |- smoothness_loss: 1.46526
Val Loss Components:
  |- loss_rot: 0.16305
  |- loss_pos: 1.16640
  |- fk_loss: 2.86839
  |- smoothness_loss: 0.35440
LR: 2.500e-05
Hole frames in this epoch: [4, 16]

Epoch 139 | Train Loss: 0.59425 | Val Loss: 0.75438
Train Loss Components:
  |- loss_rot: 0.15556
  |- loss_pos: 0.38999
  |- fk_loss: 1.69648
  |- smoothness_loss: 1.61762
Val Loss Components:
  |- loss_rot: 0.16258
  |- loss_pos: 1.15740
  |- fk_loss: 2.85673
  |- smoothness_loss: 0.32332
LR: 2.500e-05
Hole frames in this epoch: [4, 16]

Epoch 140 | Train Loss: 0.58904 | Val Loss: 0.74778
Train Loss Components:
  |- loss_rot: 0.15673
  |- loss_pos: 0.52516
  |- fk_loss: 1.89215
  |- smoothness_loss: 1.47471
Val Loss Components:
  |- loss_rot: 0.16208
  |- loss_pos: 1.12182
  |- fk_loss: 2.84739
  |- smoothness_loss: 0.34856
LR: 2.500e-05
Hole frames in this epoch: [4, 16]

Epoch 141 | Train Loss: 0.58111 | Val Loss: 0.74257
Train Loss Components:
  |- loss_rot: 0.15769
  |- loss_pos: 0.52453
  |- fk_loss: 1.87496
  |- smoothness_loss: 1.43475
Val Loss Components:
  |- loss_rot: 0.16112
  |- loss_pos: 1.14869
  |- fk_loss: 2.81769
  |- smoothness_loss: 0.33287
LR: 2.500e-05
Hole frames in this epoch: [4, 16]

Epoch 142 | Train Loss: 0.58916 | Val Loss: 0.74711
Train Loss Components:
  |- loss_rot: 0.15935
  |- loss_pos: 0.55897
  |- fk_loss: 2.07698
  |- smoothness_loss: 1.39926
Val Loss Components:
  |- loss_rot: 0.16075
  |- loss_pos: 1.15649
  |- fk_loss: 2.80424
  |- smoothness_loss: 0.33449
LR: 2.500e-05
Hole frames in this epoch: [4, 16]

Epoch 143 | Train Loss: 0.56552 | Val Loss: 0.74113
Train Loss Components:
  |- loss_rot: 0.15848
  |- loss_pos: 0.99577
  |- fk_loss: 2.32213
  |- smoothness_loss: 1.82132
Val Loss Components:
  |- loss_rot: 0.16056
  |- loss_pos: 1.14121
  |- fk_loss: 2.80078
  |- smoothness_loss: 0.33029
LR: 2.500e-05
Hole frames in this epoch: [4, 16]

Epoch 144 | Train Loss: 0.58986 | Val Loss: 0.75809
Train Loss Components:
  |- loss_rot: 0.15617
  |- loss_pos: 0.55166
  |- fk_loss: 1.97387
  |- smoothness_loss: 1.48469
Val Loss Components:
  |- loss_rot: 0.15941
  |- loss_pos: 1.18462
  |- fk_loss: 2.85306
  |- smoothness_loss: 0.32542
LR: 2.500e-05
Hole frames in this epoch: [4, 16]

Epoch 145 | Train Loss: 0.57249 | Val Loss: 0.73382
Train Loss Components:
  |- loss_rot: 0.16250
  |- loss_pos: 0.60455
  |- fk_loss: 2.15661
  |- smoothness_loss: 1.61351
Val Loss Components:
  |- loss_rot: 0.15899
  |- loss_pos: 1.13053
  |- fk_loss: 2.78937
  |- smoothness_loss: 0.32510
LR: 2.500e-05
Hole frames in this epoch: [4, 16]

Epoch 146 | Train Loss: 0.57856 | Val Loss: 0.73705
Train Loss Components:
  |- loss_rot: 0.15412
  |- loss_pos: 0.44211
  |- fk_loss: 1.80933
  |- smoothness_loss: 1.58219
Val Loss Components:
  |- loss_rot: 0.15837
  |- loss_pos: 1.12054
  |- fk_loss: 2.78137
  |- smoothness_loss: 0.32380
LR: 2.500e-05
Hole frames in this epoch: [4, 16]

Epoch 147 | Train Loss: 0.58206 | Val Loss: 0.73647
Train Loss Components:
  |- loss_rot: 0.15260
  |- loss_pos: 0.59767
  |- fk_loss: 2.00401
  |- smoothness_loss: 1.58850
Val Loss Components:
  |- loss_rot: 0.15813
  |- loss_pos: 1.11700
  |- fk_loss: 2.79728
  |- smoothness_loss: 0.33979
LR: 2.500e-05
Hole frames in this epoch: [4, 16]

Epoch 148 | Train Loss: 0.56495 | Val Loss: 0.74713
Train Loss Components:
  |- loss_rot: 0.15246
  |- loss_pos: 0.43868
  |- fk_loss: 1.80715
  |- smoothness_loss: 1.40621
Val Loss Components:
  |- loss_rot: 0.15754
  |- loss_pos: 1.18373
  |- fk_loss: 2.80930
  |- smoothness_loss: 0.35594
LR: 2.500e-05
Hole frames in this epoch: [4, 16]

Epoch 149 | Train Loss: 0.57658 | Val Loss: 0.72390
Train Loss Components:
  |- loss_rot: 0.15555
  |- loss_pos: 0.49530
  |- fk_loss: 1.91216
  |- smoothness_loss: 1.60569
Val Loss Components:
  |- loss_rot: 0.15677
  |- loss_pos: 1.14071
  |- fk_loss: 2.75824
  |- smoothness_loss: 0.32731
LR: 2.500e-05
Hole frames in this epoch: [4, 16]

Epoch 150 | Train Loss: 0.56932 | Val Loss: 0.72913
Train Loss Components:
  |- loss_rot: 0.15812
  |- loss_pos: 0.82802
  |- fk_loss: 2.43406
  |- smoothness_loss: 1.54173
Val Loss Components:
  |- loss_rot: 0.15624
  |- loss_pos: 1.13887
  |- fk_loss: 2.76053
  |- smoothness_loss: 0.33377
LR: 2.500e-05
Hole frames in this epoch: [4, 16]

Epoch 151 | Train Loss: 0.56372 | Val Loss: 0.71852
Train Loss Components:
  |- loss_rot: 0.15481
  |- loss_pos: 0.32313
  |- fk_loss: 1.60949
  |- smoothness_loss: 1.61372
Val Loss Components:
  |- loss_rot: 0.15578
  |- loss_pos: 1.08572
  |- fk_loss: 2.73203
  |- smoothness_loss: 0.31125
LR: 2.500e-05
Hole frames in this epoch: [4, 16]

Epoch 152 | Train Loss: 0.56794 | Val Loss: 0.72281
Train Loss Components:
  |- loss_rot: 0.15211
  |- loss_pos: 0.41543
  |- fk_loss: 1.67066
  |- smoothness_loss: 1.53736
Val Loss Components:
  |- loss_rot: 0.15466
  |- loss_pos: 1.11014
  |- fk_loss: 2.72590
  |- smoothness_loss: 0.32602
LR: 2.500e-05
Hole frames in this epoch: [4, 16]

Epoch 153 | Train Loss: 0.56298 | Val Loss: 0.72603
Train Loss Components:
  |- loss_rot: 0.15564
  |- loss_pos: 0.89138
  |- fk_loss: 2.50815
  |- smoothness_loss: 1.71513
Val Loss Components:
  |- loss_rot: 0.15434
  |- loss_pos: 1.16198
  |- fk_loss: 2.72820
  |- smoothness_loss: 0.33407
LR: 2.500e-05
Hole frames in this epoch: [4, 16]

Epoch 154 | Train Loss: 0.55416 | Val Loss: 0.71747
Train Loss Components:
  |- loss_rot: 0.15175
  |- loss_pos: 0.74005
  |- fk_loss: 2.12970
  |- smoothness_loss: 1.69085
Val Loss Components:
  |- loss_rot: 0.15383
  |- loss_pos: 1.12095
  |- fk_loss: 2.71004
  |- smoothness_loss: 0.32932
LR: 2.500e-05
Hole frames in this epoch: [4, 16]

Epoch 155 | Train Loss: 0.55850 | Val Loss: 0.71782
Train Loss Components:
  |- loss_rot: 0.14651
  |- loss_pos: 0.63897
  |- fk_loss: 1.89868
  |- smoothness_loss: 1.36610
Val Loss Components:
  |- loss_rot: 0.15307
  |- loss_pos: 1.06662
  |- fk_loss: 2.72273
  |- smoothness_loss: 0.33153
LR: 2.500e-05
Hole frames in this epoch: [4, 16]

Epoch 156 | Train Loss: 0.55027 | Val Loss: 0.70989
Train Loss Components:
  |- loss_rot: 0.15405
  |- loss_pos: 0.87091
  |- fk_loss: 2.44758
  |- smoothness_loss: 1.63595
Val Loss Components:
  |- loss_rot: 0.15255
  |- loss_pos: 1.09007
  |- fk_loss: 2.68571
  |- smoothness_loss: 0.31664
LR: 2.500e-05
Hole frames in this epoch: [4, 16]

Epoch 157 | Train Loss: 0.54745 | Val Loss: 0.70929
Train Loss Components:
  |- loss_rot: 0.15216
  |- loss_pos: 0.47448
  |- fk_loss: 1.81044
  |- smoothness_loss: 1.57056
Val Loss Components:
  |- loss_rot: 0.15182
  |- loss_pos: 1.09624
  |- fk_loss: 2.68358
  |- smoothness_loss: 0.33499
LR: 2.500e-05
Hole frames in this epoch: [4, 16]

Epoch 158 | Train Loss: 0.55621 | Val Loss: 0.72340
Train Loss Components:
  |- loss_rot: 0.14923
  |- loss_pos: 0.89414
  |- fk_loss: 2.31047
  |- smoothness_loss: 1.43717
Val Loss Components:
  |- loss_rot: 0.15171
  |- loss_pos: 1.13286
  |- fk_loss: 2.72141
  |- smoothness_loss: 0.34852
LR: 2.500e-05
Hole frames in this epoch: [4, 16]

Epoch 159 | Train Loss: 0.55537 | Val Loss: 0.71149
Train Loss Components:
  |- loss_rot: 0.14487
  |- loss_pos: 0.78480
  |- fk_loss: 2.03435
  |- smoothness_loss: 1.65602
Val Loss Components:
  |- loss_rot: 0.15085
  |- loss_pos: 1.12565
  |- fk_loss: 2.69723
  |- smoothness_loss: 0.33197
LR: 2.500e-05
Hole frames in this epoch: [4, 16]

Epoch 160 | Train Loss: 0.54672 | Val Loss: 0.70248
Train Loss Components:
  |- loss_rot: 0.15468
  |- loss_pos: 0.90507
  |- fk_loss: 2.58340
  |- smoothness_loss: 1.64593
Val Loss Components:
  |- loss_rot: 0.14997
  |- loss_pos: 1.10354
  |- fk_loss: 2.66072
  |- smoothness_loss: 0.30955
LR: 2.500e-05
Hole frames in this epoch: [4, 16]

Epoch 161 | Train Loss: 0.55066 | Val Loss: 0.73161
Train Loss Components:
  |- loss_rot: 0.15058
  |- loss_pos: 0.75927
  |- fk_loss: 2.20050
  |- smoothness_loss: 1.61252
Val Loss Components:
  |- loss_rot: 0.14966
  |- loss_pos: 1.16346
  |- fk_loss: 2.71637
  |- smoothness_loss: 0.34322
LR: 2.500e-05
Hole frames in this epoch: [4, 16]

Epoch 162 | Train Loss: 0.55079 | Val Loss: 0.71029
Train Loss Components:
  |- loss_rot: 0.14375
  |- loss_pos: 0.56648
  |- fk_loss: 1.81327
  |- smoothness_loss: 1.43848
Val Loss Components:
  |- loss_rot: 0.14859
  |- loss_pos: 1.11781
  |- fk_loss: 2.69099
  |- smoothness_loss: 0.32119
LR: 2.500e-05
Hole frames in this epoch: [4, 16]

Epoch 163 | Train Loss: 0.54485 | Val Loss: 0.77738
Train Loss Components:
  |- loss_rot: 0.14144
  |- loss_pos: 0.37427
  |- fk_loss: 1.49522
  |- smoothness_loss: 1.53167
Val Loss Components:
  |- loss_rot: 0.14881
  |- loss_pos: 1.27152
  |- fk_loss: 2.75148
  |- smoothness_loss: 0.36386
LR: 2.500e-05
Hole frames in this epoch: [4, 16]

Epoch 164 | Train Loss: 0.53339 | Val Loss: 0.71053
Train Loss Components:
  |- loss_rot: 0.14814
  |- loss_pos: 0.33951
  |- fk_loss: 1.57936
  |- smoothness_loss: 1.60397
Val Loss Components:
  |- loss_rot: 0.14754
  |- loss_pos: 1.11907
  |- fk_loss: 2.61842
  |- smoothness_loss: 0.34064
LR: 2.500e-05
Hole frames in this epoch: [4, 16]

Epoch 165 | Train Loss: 0.52954 | Val Loss: 0.69275
Train Loss Components:
  |- loss_rot: 0.14083
  |- loss_pos: 0.64677
  |- fk_loss: 1.84778
  |- smoothness_loss: 1.29337
Val Loss Components:
  |- loss_rot: 0.14720
  |- loss_pos: 1.08506
  |- fk_loss: 2.62084
  |- smoothness_loss: 0.31786
LR: 2.500e-05
Hole frames in this epoch: [4, 16]

Epoch 166 | Train Loss: 0.52824 | Val Loss: 0.69371
Train Loss Components:
  |- loss_rot: 0.15149
  |- loss_pos: 0.72905
  |- fk_loss: 2.23420
  |- smoothness_loss: 1.65790
Val Loss Components:
  |- loss_rot: 0.14627
  |- loss_pos: 1.10811
  |- fk_loss: 2.63916
  |- smoothness_loss: 0.32027
LR: 2.500e-05
Hole frames in this epoch: [4, 16]

Epoch 167 | Train Loss: 0.53341 | Val Loss: 0.70113
Train Loss Components:
  |- loss_rot: 0.14086
  |- loss_pos: 0.49836
  |- fk_loss: 1.69308
  |- smoothness_loss: 1.32833
Val Loss Components:
  |- loss_rot: 0.14605
  |- loss_pos: 1.09295
  |- fk_loss: 2.60210
  |- smoothness_loss: 0.31464
LR: 2.500e-05
Hole frames in this epoch: [4, 16]

Epoch 168 | Train Loss: 0.53852 | Val Loss: 0.71602
Train Loss Components:
  |- loss_rot: 0.13469
  |- loss_pos: 0.33902
  |- fk_loss: 1.33526
  |- smoothness_loss: 1.30673
Val Loss Components:
  |- loss_rot: 0.14510
  |- loss_pos: 1.13002
  |- fk_loss: 2.62391
  |- smoothness_loss: 0.34243
LR: 2.500e-05
Hole frames in this epoch: [4, 16]

Epoch 169 | Train Loss: 0.54198 | Val Loss: 0.69954
Train Loss Components:
  |- loss_rot: 0.14658
  |- loss_pos: 0.65065
  |- fk_loss: 2.06007
  |- smoothness_loss: 1.53082
Val Loss Components:
  |- loss_rot: 0.14465
  |- loss_pos: 1.10320
  |- fk_loss: 2.58752
  |- smoothness_loss: 0.32183
LR: 2.500e-05
Hole frames in this epoch: [4, 16]

Epoch 170 | Train Loss: 0.51768 | Val Loss: 0.69326
Train Loss Components:
  |- loss_rot: 0.14199
  |- loss_pos: 0.63561
  |- fk_loss: 1.93842
  |- smoothness_loss: 1.48356
Val Loss Components:
  |- loss_rot: 0.14370
  |- loss_pos: 1.08485
  |- fk_loss: 2.57007
  |- smoothness_loss: 0.30951
LR: 2.500e-05
Hole frames in this epoch: [4, 16]

Epoch 171 | Train Loss: 0.52796 | Val Loss: 0.70188
Train Loss Components:
  |- loss_rot: 0.14454
  |- loss_pos: 0.81826
  |- fk_loss: 2.15738
  |- smoothness_loss: 1.43730
Val Loss Components:
  |- loss_rot: 0.14342
  |- loss_pos: 1.14385
  |- fk_loss: 2.58680
  |- smoothness_loss: 0.31988
LR: 2.500e-05
Hole frames in this epoch: [4, 16]

Epoch 172 | Train Loss: 0.50791 | Val Loss: 0.66925
Train Loss Components:
  |- loss_rot: 0.14892
  |- loss_pos: 0.80233
  |- fk_loss: 2.28612
  |- smoothness_loss: 1.54358
Val Loss Components:
  |- loss_rot: 0.14290
  |- loss_pos: 1.05505
  |- fk_loss: 2.50781
  |- smoothness_loss: 0.30405
LR: 1.250e-05
Hole frames in this epoch: [4, 16]

Epoch 173 | Train Loss: 0.50236 | Val Loss: 0.67265
Train Loss Components:
  |- loss_rot: 0.14121
  |- loss_pos: 0.44936
  |- fk_loss: 1.69223
  |- smoothness_loss: 1.34341
Val Loss Components:
  |- loss_rot: 0.14282
  |- loss_pos: 1.06525
  |- fk_loss: 2.50951
  |- smoothness_loss: 0.31189
LR: 1.250e-05
Hole frames in this epoch: [4, 16]

Epoch 174 | Train Loss: 0.51366 | Val Loss: 0.67090
Train Loss Components:
  |- loss_rot: 0.13523
  |- loss_pos: 0.29359
  |- fk_loss: 1.39350
  |- smoothness_loss: 1.43098
Val Loss Components:
  |- loss_rot: 0.14214
  |- loss_pos: 1.04974
  |- fk_loss: 2.50698
  |- smoothness_loss: 0.30312
LR: 1.250e-05
Hole frames in this epoch: [4, 16]

Epoch 175 | Train Loss: 0.50655 | Val Loss: 0.67112
Train Loss Components:
  |- loss_rot: 0.14148
  |- loss_pos: 0.48313
  |- fk_loss: 1.75174
  |- smoothness_loss: 1.18042
Val Loss Components:
  |- loss_rot: 0.14225
  |- loss_pos: 1.06872
  |- fk_loss: 2.51765
  |- smoothness_loss: 0.30082
LR: 1.250e-05
Hole frames in this epoch: [4, 16]

Epoch 176 | Train Loss: 0.49850 | Val Loss: 0.67250
Train Loss Components:
  |- loss_rot: 0.14443
  |- loss_pos: 0.52228
  |- fk_loss: 1.82439
  |- smoothness_loss: 1.36705
Val Loss Components:
  |- loss_rot: 0.14148
  |- loss_pos: 1.04932
  |- fk_loss: 2.49146
  |- smoothness_loss: 0.31828
LR: 1.250e-05
Hole frames in this epoch: [4, 16]

Epoch 177 | Train Loss: 0.49698 | Val Loss: 0.70062
Train Loss Components:
  |- loss_rot: 0.14365
  |- loss_pos: 0.57724
  |- fk_loss: 1.89300
  |- smoothness_loss: 1.43994
Val Loss Components:
  |- loss_rot: 0.14127
  |- loss_pos: 1.12777
  |- fk_loss: 2.51032
  |- smoothness_loss: 0.33546
LR: 1.250e-05
Hole frames in this epoch: [4, 16]

Epoch 178 | Train Loss: 0.50210 | Val Loss: 0.68058
Train Loss Components:
  |- loss_rot: 0.13690
  |- loss_pos: 0.33987
  |- fk_loss: 1.35453
  |- smoothness_loss: 1.23501
Val Loss Components:
  |- loss_rot: 0.14073
  |- loss_pos: 1.09650
  |- fk_loss: 2.49412
  |- smoothness_loss: 0.33175
LR: 1.250e-05
Hole frames in this epoch: [4, 16]

Epoch 179 | Train Loss: 0.49747 | Val Loss: 0.65975
Train Loss Components:
  |- loss_rot: 0.13693
  |- loss_pos: 0.39697
  |- fk_loss: 1.49303
  |- smoothness_loss: 1.17322
Val Loss Components:
  |- loss_rot: 0.14064
  |- loss_pos: 1.02866
  |- fk_loss: 2.47477
  |- smoothness_loss: 0.29704
LR: 6.250e-06
Hole frames in this epoch: [4, 16]

Epoch 180 | Train Loss: 0.47981 | Val Loss: 0.65978
Train Loss Components:
  |- loss_rot: 0.13941
  |- loss_pos: 0.58605
  |- fk_loss: 1.96740
  |- smoothness_loss: 1.29948
Val Loss Components:
  |- loss_rot: 0.14032
  |- loss_pos: 1.04108
  |- fk_loss: 2.47051
  |- smoothness_loss: 0.30823
LR: 6.250e-06
Hole frames in this epoch: [4, 16]

Epoch 181 | Train Loss: 0.49036 | Val Loss: 0.65308
Train Loss Components:
  |- loss_rot: 0.13272
  |- loss_pos: 0.30291
  |- fk_loss: 1.30720
  |- smoothness_loss: 1.28376
Val Loss Components:
  |- loss_rot: 0.14006
  |- loss_pos: 1.01927
  |- fk_loss: 2.45640
  |- smoothness_loss: 0.29249
LR: 6.250e-06
Hole frames in this epoch: [4, 16]

Epoch 182 | Train Loss: 0.48669 | Val Loss: 0.65689
Train Loss Components:
  |- loss_rot: 0.13508
  |- loss_pos: 0.52763
  |- fk_loss: 1.67148
  |- smoothness_loss: 1.32510
Val Loss Components:
  |- loss_rot: 0.14008
  |- loss_pos: 1.03121
  |- fk_loss: 2.47187
  |- smoothness_loss: 0.30380
LR: 6.250e-06
Hole frames in this epoch: [4, 16]

Epoch 183 | Train Loss: 0.48936 | Val Loss: 0.65591
Train Loss Components:
  |- loss_rot: 0.13780
  |- loss_pos: 0.28353
  |- fk_loss: 1.40657
  |- smoothness_loss: 1.47674
Val Loss Components:
  |- loss_rot: 0.13969
  |- loss_pos: 1.03114
  |- fk_loss: 2.46411
  |- smoothness_loss: 0.29764
LR: 6.250e-06
Hole frames in this epoch: [4, 16]

Epoch 184 | Train Loss: 0.49474 | Val Loss: 0.65178
Train Loss Components:
  |- loss_rot: 0.13817
  |- loss_pos: 0.62827
  |- fk_loss: 1.98369
  |- smoothness_loss: 1.44526
Val Loss Components:
  |- loss_rot: 0.13948
  |- loss_pos: 1.02359
  |- fk_loss: 2.45966
  |- smoothness_loss: 0.30043
LR: 6.250e-06
Hole frames in this epoch: [4, 16]

Epoch 185 | Train Loss: 0.50045 | Val Loss: 0.65568
Train Loss Components:
  |- loss_rot: 0.14150
  |- loss_pos: 0.39233
  |- fk_loss: 1.63329
  |- smoothness_loss: 1.38176
Val Loss Components:
  |- loss_rot: 0.13949
  |- loss_pos: 1.05958
  |- fk_loss: 2.47396
  |- smoothness_loss: 0.29944
LR: 6.250e-06
Hole frames in this epoch: [4, 16]

Epoch 186 | Train Loss: 0.46901 | Val Loss: 0.65360
Train Loss Components:
  |- loss_rot: 0.13577
  |- loss_pos: 0.39357
  |- fk_loss: 1.48458
  |- smoothness_loss: 1.28590
Val Loss Components:
  |- loss_rot: 0.13932
  |- loss_pos: 1.04342
  |- fk_loss: 2.45799
  |- smoothness_loss: 0.29939
LR: 6.250e-06
Hole frames in this epoch: [4, 16]

Epoch 187 | Train Loss: 0.48567 | Val Loss: 0.65334
Train Loss Components:
  |- loss_rot: 0.13706
  |- loss_pos: 0.40633
  |- fk_loss: 1.59972
  |- smoothness_loss: 1.21919
Val Loss Components:
  |- loss_rot: 0.13904
  |- loss_pos: 1.02710
  |- fk_loss: 2.45738
  |- smoothness_loss: 0.30964
LR: 6.250e-06
Hole frames in this epoch: [4, 16]

Epoch 188 | Train Loss: 0.47927 | Val Loss: 0.65353
Train Loss Components:
  |- loss_rot: 0.13995
  |- loss_pos: 0.33094
  |- fk_loss: 1.54671
  |- smoothness_loss: 1.36681
Val Loss Components:
  |- loss_rot: 0.13856
  |- loss_pos: 1.03136
  |- fk_loss: 2.44829
  |- smoothness_loss: 0.30582
LR: 6.250e-06
Hole frames in this epoch: [4, 16]

Epoch 189 | Train Loss: 0.48030 | Val Loss: 0.65749
Train Loss Components:
  |- loss_rot: 0.13453
  |- loss_pos: 0.33876
  |- fk_loss: 1.38966
  |- smoothness_loss: 1.18425
Val Loss Components:
  |- loss_rot: 0.13846
  |- loss_pos: 1.05350
  |- fk_loss: 2.45039
  |- smoothness_loss: 0.30544
LR: 6.250e-06
Hole frames in this epoch: [4, 16]

Epoch 190 | Train Loss: 0.48979 | Val Loss: 0.65128
Train Loss Components:
  |- loss_rot: 0.13663
  |- loss_pos: 0.40889
  |- fk_loss: 1.63504
  |- smoothness_loss: 1.39040
Val Loss Components:
  |- loss_rot: 0.13820
  |- loss_pos: 1.02378
  |- fk_loss: 2.43720
  |- smoothness_loss: 0.30399
LR: 6.250e-06
Hole frames in this epoch: [4, 16]

Epoch 191 | Train Loss: 0.48684 | Val Loss: 0.64970
Train Loss Components:
  |- loss_rot: 0.13726
  |- loss_pos: 0.47807
  |- fk_loss: 1.65741
  |- smoothness_loss: 1.44227
Val Loss Components:
  |- loss_rot: 0.13783
  |- loss_pos: 1.02262
  |- fk_loss: 2.44073
  |- smoothness_loss: 0.29677
LR: 6.250e-06
Hole frames in this epoch: [4, 16]

Epoch 192 | Train Loss: 0.47300 | Val Loss: 0.64850
Train Loss Components:
  |- loss_rot: 0.14216
  |- loss_pos: 0.93909
  |- fk_loss: 2.40582
  |- smoothness_loss: 1.72831
Val Loss Components:
  |- loss_rot: 0.13791
  |- loss_pos: 1.00660
  |- fk_loss: 2.43096
  |- smoothness_loss: 0.29606
LR: 6.250e-06
Hole frames in this epoch: [4, 16]

Epoch 193 | Train Loss: 0.49348 | Val Loss: 0.65140
Train Loss Components:
  |- loss_rot: 0.12866
  |- loss_pos: 0.30393
  |- fk_loss: 1.22820
  |- smoothness_loss: 1.14068
Val Loss Components:
  |- loss_rot: 0.13756
  |- loss_pos: 1.02582
  |- fk_loss: 2.43020
  |- smoothness_loss: 0.29952
LR: 6.250e-06
Hole frames in this epoch: [4, 16]

Epoch 194 | Train Loss: 0.47970 | Val Loss: 0.64710
Train Loss Components:
  |- loss_rot: 0.13006
  |- loss_pos: 0.33225
  |- fk_loss: 1.35767
  |- smoothness_loss: 1.25922
Val Loss Components:
  |- loss_rot: 0.13756
  |- loss_pos: 1.01794
  |- fk_loss: 2.43346
  |- smoothness_loss: 0.29251
LR: 6.250e-06
Hole frames in this epoch: [4, 16]

Epoch 195 | Train Loss: 0.48293 | Val Loss: 0.64816
Train Loss Components:
  |- loss_rot: 0.13491
  |- loss_pos: 0.66707
  |- fk_loss: 1.90819
  |- smoothness_loss: 1.24560
Val Loss Components:
  |- loss_rot: 0.13721
  |- loss_pos: 1.01900
  |- fk_loss: 2.43254
  |- smoothness_loss: 0.29535
LR: 6.250e-06
Hole frames in this epoch: [4, 16]

Epoch 196 | Train Loss: 0.47907 | Val Loss: 0.64820
Train Loss Components:
  |- loss_rot: 0.12941
  |- loss_pos: 0.28117
  |- fk_loss: 1.20479
  |- smoothness_loss: 1.21243
Val Loss Components:
  |- loss_rot: 0.13715
  |- loss_pos: 1.00684
  |- fk_loss: 2.42606
  |- smoothness_loss: 0.29778
LR: 6.250e-06
Hole frames in this epoch: [4, 16]

Epoch 197 | Train Loss: 0.46653 | Val Loss: 0.64771
Train Loss Components:
  |- loss_rot: 0.13216
  |- loss_pos: 0.45895
  |- fk_loss: 1.48947
  |- smoothness_loss: 1.12196
Val Loss Components:
  |- loss_rot: 0.13688
  |- loss_pos: 1.00712
  |- fk_loss: 2.42675
  |- smoothness_loss: 0.30013
LR: 6.250e-06
Hole frames in this epoch: [4, 16]

Epoch 198 | Train Loss: 0.46984 | Val Loss: 0.64603
Train Loss Components:
  |- loss_rot: 0.13909
  |- loss_pos: 0.41153
  |- fk_loss: 1.66986
  |- smoothness_loss: 1.45432
Val Loss Components:
  |- loss_rot: 0.13664
  |- loss_pos: 1.02287
  |- fk_loss: 2.42337
  |- smoothness_loss: 0.29702
LR: 6.250e-06
Hole frames in this epoch: [4, 16]

Epoch 199 | Train Loss: 0.46666 | Val Loss: 0.64658
Train Loss Components:
  |- loss_rot: 0.13420
  |- loss_pos: 0.36770
  |- fk_loss: 1.45330
  |- smoothness_loss: 1.30346
Val Loss Components:
  |- loss_rot: 0.13657
  |- loss_pos: 1.02198
  |- fk_loss: 2.43010
  |- smoothness_loss: 0.29791
LR: 6.250e-06
Hole frames in this epoch: [4, 16]

Epoch 200 | Train Loss: 0.47001 | Val Loss: 0.64521
Train Loss Components:
  |- loss_rot: 0.13476
  |- loss_pos: 0.25894
  |- fk_loss: 1.34512
  |- smoothness_loss: 1.34298
Val Loss Components:
  |- loss_rot: 0.13630
  |- loss_pos: 1.00700
  |- fk_loss: 2.41295
  |- smoothness_loss: 0.29908
LR: 6.250e-06
Hole frames in this epoch: [4, 16]

Epoch 201 | Train Loss: 0.48134 | Val Loss: 0.64715
Train Loss Components:
  |- loss_rot: 0.14140
  |- loss_pos: 0.80303
  |- fk_loss: 2.24139
  |- smoothness_loss: 1.77107
Val Loss Components:
  |- loss_rot: 0.13603
  |- loss_pos: 1.01437
  |- fk_loss: 2.42141
  |- smoothness_loss: 0.30760
LR: 6.250e-06
Hole frames in this epoch: [4, 16]

Epoch 202 | Train Loss: 0.47301 | Val Loss: 0.65065
Train Loss Components:
  |- loss_rot: 0.13552
  |- loss_pos: 0.67297
  |- fk_loss: 1.95587
  |- smoothness_loss: 1.25917
Val Loss Components:
  |- loss_rot: 0.13584
  |- loss_pos: 1.02089
  |- fk_loss: 2.41402
  |- smoothness_loss: 0.29865
LR: 6.250e-06
Hole frames in this epoch: [4, 16]

Epoch 203 | Train Loss: 0.48107 | Val Loss: 0.64232
Train Loss Components:
  |- loss_rot: 0.12971
  |- loss_pos: 0.34021
  |- fk_loss: 1.36412
  |- smoothness_loss: 1.16768
Val Loss Components:
  |- loss_rot: 0.13570
  |- loss_pos: 0.99848
  |- fk_loss: 2.40659
  |- smoothness_loss: 0.28728
LR: 6.250e-06
Hole frames in this epoch: [4, 16]

Epoch 204 | Train Loss: 0.48207 | Val Loss: 0.64182
Train Loss Components:
  |- loss_rot: 0.13661
  |- loss_pos: 0.58803
  |- fk_loss: 1.87869
  |- smoothness_loss: 1.44759
Val Loss Components:
  |- loss_rot: 0.13547
  |- loss_pos: 0.99997
  |- fk_loss: 2.41196
  |- smoothness_loss: 0.29924
LR: 6.250e-06
Hole frames in this epoch: [4, 16]

Epoch 205 | Train Loss: 0.46866 | Val Loss: 0.64361
Train Loss Components:
  |- loss_rot: 0.12795
  |- loss_pos: 0.26484
  |- fk_loss: 1.20867
  |- smoothness_loss: 1.30904
Val Loss Components:
  |- loss_rot: 0.13532
  |- loss_pos: 1.00673
  |- fk_loss: 2.39917
  |- smoothness_loss: 0.31202
LR: 6.250e-06
Hole frames in this epoch: [4, 16]

Epoch 206 | Train Loss: 0.47105 | Val Loss: 0.64546
Train Loss Components:
  |- loss_rot: 0.12765
  |- loss_pos: 0.33065
  |- fk_loss: 1.30563
  |- smoothness_loss: 1.07260
Val Loss Components:
  |- loss_rot: 0.13515
  |- loss_pos: 1.01933
  |- fk_loss: 2.41293
  |- smoothness_loss: 0.30036
LR: 6.250e-06
Hole frames in this epoch: [4, 16]

Epoch 207 | Train Loss: 0.48166 | Val Loss: 0.64406
Train Loss Components:
  |- loss_rot: 0.12817
  |- loss_pos: 0.26638
  |- fk_loss: 1.23361
  |- smoothness_loss: 1.22457
Val Loss Components:
  |- loss_rot: 0.13502
  |- loss_pos: 1.01869
  |- fk_loss: 2.41001
  |- smoothness_loss: 0.30112
LR: 6.250e-06
Hole frames in this epoch: [4, 16]

Epoch 208 | Train Loss: 0.48363 | Val Loss: 0.64340
Train Loss Components:
  |- loss_rot: 0.13066
  |- loss_pos: 0.28266
  |- fk_loss: 1.28641
  |- smoothness_loss: 1.22923
Val Loss Components:
  |- loss_rot: 0.13495
  |- loss_pos: 1.02921
  |- fk_loss: 2.40710
  |- smoothness_loss: 0.30575
LR: 6.250e-06
Hole frames in this epoch: [4, 16]

Epoch 209 | Train Loss: 0.46681 | Val Loss: 0.63890
Train Loss Components:
  |- loss_rot: 0.13284
  |- loss_pos: 0.51228
  |- fk_loss: 1.70248
  |- smoothness_loss: 1.34226
Val Loss Components:
  |- loss_rot: 0.13465
  |- loss_pos: 1.00749
  |- fk_loss: 2.40123
  |- smoothness_loss: 0.29271
LR: 6.250e-06
Hole frames in this epoch: [4, 16]

Epoch 210 | Train Loss: 0.47761 | Val Loss: 0.63819
Train Loss Components:
  |- loss_rot: 0.13773
  |- loss_pos: 0.50929
  |- fk_loss: 1.79728
  |- smoothness_loss: 1.30532
Val Loss Components:
  |- loss_rot: 0.13462
  |- loss_pos: 1.00116
  |- fk_loss: 2.39163
  |- smoothness_loss: 0.29888
LR: 6.250e-06
Hole frames in this epoch: [4, 16]

Epoch 211 | Train Loss: 0.46738 | Val Loss: 0.64697
Train Loss Components:
  |- loss_rot: 0.12915
  |- loss_pos: 0.30143
  |- fk_loss: 1.23523
  |- smoothness_loss: 1.32805
Val Loss Components:
  |- loss_rot: 0.13441
  |- loss_pos: 1.02587
  |- fk_loss: 2.40476
  |- smoothness_loss: 0.30587
LR: 6.250e-06
Hole frames in this epoch: [4, 16]

Epoch 212 | Train Loss: 0.47003 | Val Loss: 0.64004
Train Loss Components:
  |- loss_rot: 0.13496
  |- loss_pos: 0.60001
  |- fk_loss: 1.75754
  |- smoothness_loss: 1.41995
Val Loss Components:
  |- loss_rot: 0.13408
  |- loss_pos: 0.99224
  |- fk_loss: 2.38492
  |- smoothness_loss: 0.29996
LR: 6.250e-06
Hole frames in this epoch: [4, 16]

Epoch 213 | Train Loss: 0.47117 | Val Loss: 0.63844
Train Loss Components:
  |- loss_rot: 0.13256
  |- loss_pos: 0.51898
  |- fk_loss: 1.71960
  |- smoothness_loss: 1.37679
Val Loss Components:
  |- loss_rot: 0.13391
  |- loss_pos: 0.99186
  |- fk_loss: 2.38854
  |- smoothness_loss: 0.29469
LR: 6.250e-06
Hole frames in this epoch: [4, 16]

Epoch 214 | Train Loss: 0.46452 | Val Loss: 0.64243
Train Loss Components:
  |- loss_rot: 0.13489
  |- loss_pos: 0.38089
  |- fk_loss: 1.46556
  |- smoothness_loss: 1.23799
Val Loss Components:
  |- loss_rot: 0.13379
  |- loss_pos: 1.01074
  |- fk_loss: 2.38889
  |- smoothness_loss: 0.30951
LR: 6.250e-06
Hole frames in this epoch: [4, 16]

Epoch 215 | Train Loss: 0.46393 | Val Loss: 0.64460
Train Loss Components:
  |- loss_rot: 0.13607
  |- loss_pos: 0.91578
  |- fk_loss: 2.17205
  |- smoothness_loss: 1.35840
Val Loss Components:
  |- loss_rot: 0.13361
  |- loss_pos: 1.01743
  |- fk_loss: 2.38515
  |- smoothness_loss: 0.29534
LR: 6.250e-06
Hole frames in this epoch: [4, 16]

Epoch 216 | Train Loss: 0.47952 | Val Loss: 0.63833
Train Loss Components:
  |- loss_rot: 0.13060
  |- loss_pos: 0.48478
  |- fk_loss: 1.55970
  |- smoothness_loss: 1.35135
Val Loss Components:
  |- loss_rot: 0.13350
  |- loss_pos: 0.99701
  |- fk_loss: 2.39505
  |- smoothness_loss: 0.29625
LR: 6.250e-06
Hole frames in this epoch: [4, 16]

Epoch 217 | Train Loss: 0.46784 | Val Loss: 0.63372
Train Loss Components:
  |- loss_rot: 0.13008
  |- loss_pos: 0.31274
  |- fk_loss: 1.36161
  |- smoothness_loss: 1.13899
Val Loss Components:
  |- loss_rot: 0.13339
  |- loss_pos: 0.98971
  |- fk_loss: 2.37753
  |- smoothness_loss: 0.29858
LR: 3.125e-06
Hole frames in this epoch: [4, 16]

Epoch 218 | Train Loss: 0.46531 | Val Loss: 0.63492
Train Loss Components:
  |- loss_rot: 0.13184
  |- loss_pos: 0.38037
  |- fk_loss: 1.44392
  |- smoothness_loss: 1.30740
Val Loss Components:
  |- loss_rot: 0.13318
  |- loss_pos: 0.98918
  |- fk_loss: 2.37656
  |- smoothness_loss: 0.29715
LR: 3.125e-06
Hole frames in this epoch: [4, 16]

Epoch 219 | Train Loss: 0.46201 | Val Loss: 0.63401
Train Loss Components:
  |- loss_rot: 0.14019
  |- loss_pos: 0.78532
  |- fk_loss: 2.09006
  |- smoothness_loss: 1.46460
Val Loss Components:
  |- loss_rot: 0.13321
  |- loss_pos: 0.99372
  |- fk_loss: 2.37586
  |- smoothness_loss: 0.29990
LR: 3.125e-06
Hole frames in this epoch: [4, 16]

Epoch 220 | Train Loss: 0.46469 | Val Loss: 0.63322
Train Loss Components:
  |- loss_rot: 0.13418
  |- loss_pos: 0.64755
  |- fk_loss: 1.99617
  |- smoothness_loss: 1.43507
Val Loss Components:
  |- loss_rot: 0.13309
  |- loss_pos: 0.99743
  |- fk_loss: 2.37286
  |- smoothness_loss: 0.29790
LR: 3.125e-06
Hole frames in this epoch: [4, 16]

Epoch 221 | Train Loss: 0.46588 | Val Loss: 0.63355
Train Loss Components:
  |- loss_rot: 0.13436
  |- loss_pos: 0.66072
  |- fk_loss: 1.97874
  |- smoothness_loss: 1.29192
Val Loss Components:
  |- loss_rot: 0.13272
  |- loss_pos: 0.98683
  |- fk_loss: 2.36705
  |- smoothness_loss: 0.29490
LR: 3.125e-06
Hole frames in this epoch: [4, 16]

Epoch 222 | Train Loss: 0.46786 | Val Loss: 0.63447
Train Loss Components:
  |- loss_rot: 0.13785
  |- loss_pos: 0.58138
  |- fk_loss: 1.86987
  |- smoothness_loss: 1.29304
Val Loss Components:
  |- loss_rot: 0.13274
  |- loss_pos: 0.99163
  |- fk_loss: 2.36907
  |- smoothness_loss: 0.29887
LR: 3.125e-06
Hole frames in this epoch: [4, 16]

Epoch 223 | Train Loss: 0.45414 | Val Loss: 0.63126
Train Loss Components:
  |- loss_rot: 0.13352
  |- loss_pos: 0.42756
  |- fk_loss: 1.54216
  |- smoothness_loss: 1.13081
Val Loss Components:
  |- loss_rot: 0.13264
  |- loss_pos: 0.99154
  |- fk_loss: 2.37360
  |- smoothness_loss: 0.30003
LR: 3.125e-06
Hole frames in this epoch: [4, 16]

Epoch 224 | Train Loss: 0.45403 | Val Loss: 0.63127
Train Loss Components:
  |- loss_rot: 0.13680
  |- loss_pos: 0.80689
  |- fk_loss: 2.10625
  |- smoothness_loss: 1.45833
Val Loss Components:
  |- loss_rot: 0.13253
  |- loss_pos: 0.97056
  |- fk_loss: 2.36443
  |- smoothness_loss: 0.29099
LR: 3.125e-06
Hole frames in this epoch: [4, 16]

Epoch 225 | Train Loss: 0.46399 | Val Loss: 0.63039
Train Loss Components:
  |- loss_rot: 0.13412
  |- loss_pos: 0.50178
  |- fk_loss: 1.77602
  |- smoothness_loss: 1.30414
Val Loss Components:
  |- loss_rot: 0.13248
  |- loss_pos: 0.98009
  |- fk_loss: 2.35980
  |- smoothness_loss: 0.29153
LR: 3.125e-06
Hole frames in this epoch: [4, 16]

Epoch 226 | Train Loss: 0.45153 | Val Loss: 0.63240
Train Loss Components:
  |- loss_rot: 0.13711
  |- loss_pos: 0.82980
  |- fk_loss: 2.30106
  |- smoothness_loss: 1.47086
Val Loss Components:
  |- loss_rot: 0.13241
  |- loss_pos: 0.97972
  |- fk_loss: 2.36056
  |- smoothness_loss: 0.29533
LR: 3.125e-06
Hole frames in this epoch: [4, 16]

Epoch 227 | Train Loss: 0.45714 | Val Loss: 0.63085
Train Loss Components:
  |- loss_rot: 0.13022
  |- loss_pos: 0.34411
  |- fk_loss: 1.40087
  |- smoothness_loss: 1.28508
Val Loss Components:
  |- loss_rot: 0.13229
  |- loss_pos: 0.99468
  |- fk_loss: 2.36702
  |- smoothness_loss: 0.29549
LR: 3.125e-06
Hole frames in this epoch: [4, 16]

Epoch 228 | Train Loss: 0.45397 | Val Loss: 0.63271
Train Loss Components:
  |- loss_rot: 0.12840
  |- loss_pos: 0.35053
  |- fk_loss: 1.38402
  |- smoothness_loss: 1.20017
Val Loss Components:
  |- loss_rot: 0.13224
  |- loss_pos: 0.99080
  |- fk_loss: 2.36142
  |- smoothness_loss: 0.29653
LR: 3.125e-06
Hole frames in this epoch: [4, 16]

Epoch 229 | Train Loss: 0.46163 | Val Loss: 0.63418
Train Loss Components:
  |- loss_rot: 0.13545
  |- loss_pos: 0.80054
  |- fk_loss: 2.10350
  |- smoothness_loss: 1.37492
Val Loss Components:
  |- loss_rot: 0.13187
  |- loss_pos: 0.99149
  |- fk_loss: 2.36243
  |- smoothness_loss: 0.29953
LR: 3.125e-06
Hole frames in this epoch: [4, 16]

Epoch 230 | Train Loss: 0.46131 | Val Loss: 0.63251
Train Loss Components:
  |- loss_rot: 0.13405
  |- loss_pos: 0.76512
  |- fk_loss: 2.10073
  |- smoothness_loss: 1.39649
Val Loss Components:
  |- loss_rot: 0.13205
  |- loss_pos: 0.99332
  |- fk_loss: 2.35961
  |- smoothness_loss: 0.29819
LR: 3.125e-06
Hole frames in this epoch: [4, 16]

Epoch 231 | Train Loss: 0.45625 | Val Loss: 0.63146
Train Loss Components:
  |- loss_rot: 0.13258
  |- loss_pos: 0.70688
  |- fk_loss: 1.99611
  |- smoothness_loss: 1.27975
Val Loss Components:
  |- loss_rot: 0.13199
  |- loss_pos: 0.98881
  |- fk_loss: 2.36120
  |- smoothness_loss: 0.29054
LR: 3.125e-06
Hole frames in this epoch: [4, 16]

Epoch 232 | Train Loss: 0.45366 | Val Loss: 0.62937
Train Loss Components:
  |- loss_rot: 0.13684
  |- loss_pos: 0.85292
  |- fk_loss: 2.10194
  |- smoothness_loss: 1.47380
Val Loss Components:
  |- loss_rot: 0.13187
  |- loss_pos: 0.99558
  |- fk_loss: 2.35637
  |- smoothness_loss: 0.29168
LR: 1.563e-06
Hole frames in this epoch: [4, 16]

Epoch 233 | Train Loss: 0.45392 | Val Loss: 0.62910
Train Loss Components:
  |- loss_rot: 0.13076
  |- loss_pos: 0.51912
  |- fk_loss: 1.75964
  |- smoothness_loss: 1.30620
Val Loss Components:
  |- loss_rot: 0.13171
  |- loss_pos: 0.99080
  |- fk_loss: 2.35469
  |- smoothness_loss: 0.30349
LR: 1.563e-06
Hole frames in this epoch: [4, 16]

Epoch 234 | Train Loss: 0.44998 | Val Loss: 0.62761
Train Loss Components:
  |- loss_rot: 0.12776
  |- loss_pos: 0.36460
  |- fk_loss: 1.34675
  |- smoothness_loss: 1.18009
Val Loss Components:
  |- loss_rot: 0.13159
  |- loss_pos: 0.98434
  |- fk_loss: 2.34876
  |- smoothness_loss: 0.29759
LR: 1.563e-06
Hole frames in this epoch: [4, 16]

Epoch 235 | Train Loss: 0.45095 | Val Loss: 0.62887
Train Loss Components:
  |- loss_rot: 0.13117
  |- loss_pos: 0.41073
  |- fk_loss: 1.47213
  |- smoothness_loss: 1.31001
Val Loss Components:
  |- loss_rot: 0.13162
  |- loss_pos: 0.98688
  |- fk_loss: 2.35490
  |- smoothness_loss: 0.29584
LR: 1.563e-06
Hole frames in this epoch: [4, 16]

Epoch 236 | Train Loss: 0.46268 | Val Loss: 0.62716
Train Loss Components:
  |- loss_rot: 0.13437
  |- loss_pos: 0.56739
  |- fk_loss: 1.82026
  |- smoothness_loss: 1.37617
Val Loss Components:
  |- loss_rot: 0.13151
  |- loss_pos: 0.97700
  |- fk_loss: 2.34934
  |- smoothness_loss: 0.28950
LR: 1.563e-06
Hole frames in this epoch: [4, 16]

Epoch 237 | Train Loss: 0.44966 | Val Loss: 0.62793
Train Loss Components:
  |- loss_rot: 0.13303
  |- loss_pos: 0.72791
  |- fk_loss: 1.89364
  |- smoothness_loss: 1.37600
Val Loss Components:
  |- loss_rot: 0.13146
  |- loss_pos: 0.98828
  |- fk_loss: 2.35374
  |- smoothness_loss: 0.29967
LR: 1.563e-06
Hole frames in this epoch: [4, 16]

Epoch 238 | Train Loss: 0.44642 | Val Loss: 0.62783
Train Loss Components:
  |- loss_rot: 0.13138
  |- loss_pos: 0.39509
  |- fk_loss: 1.45641
  |- smoothness_loss: 1.20497
Val Loss Components:
  |- loss_rot: 0.13141
  |- loss_pos: 0.98714
  |- fk_loss: 2.35035
  |- smoothness_loss: 0.29311
LR: 1.563e-06
Hole frames in this epoch: [4, 16]

Epoch 239 | Train Loss: 0.45878 | Val Loss: 0.62910
Train Loss Components:
  |- loss_rot: 0.13394
  |- loss_pos: 0.59952
  |- fk_loss: 1.79290
  |- smoothness_loss: 1.24817
Val Loss Components:
  |- loss_rot: 0.13151
  |- loss_pos: 0.98937
  |- fk_loss: 2.35325
  |- smoothness_loss: 0.30187
LR: 1.563e-06
Hole frames in this epoch: [4, 16]

Epoch 240 | Train Loss: 0.45711 | Val Loss: 0.62830
Train Loss Components:
  |- loss_rot: 0.13136
  |- loss_pos: 0.77818
  |- fk_loss: 2.02638
  |- smoothness_loss: 1.44047
Val Loss Components:
  |- loss_rot: 0.13134
  |- loss_pos: 0.99097
  |- fk_loss: 2.34332
  |- smoothness_loss: 0.31170
LR: 1.563e-06
Hole frames in this epoch: [4, 16]

Epoch 241 | Train Loss: 0.44974 | Val Loss: 0.62569
Train Loss Components:
  |- loss_rot: 0.12560
  |- loss_pos: 0.29321
  |- fk_loss: 1.22917
  |- smoothness_loss: 1.37563
Val Loss Components:
  |- loss_rot: 0.13133
  |- loss_pos: 0.97732
  |- fk_loss: 2.34911
  |- smoothness_loss: 0.28745
LR: 1.563e-06
Hole frames in this epoch: [4, 16]

Epoch 242 | Train Loss: 0.44189 | Val Loss: 0.62963
Train Loss Components:
  |- loss_rot: 0.12828
  |- loss_pos: 0.29183
  |- fk_loss: 1.33360
  |- smoothness_loss: 1.29708
Val Loss Components:
  |- loss_rot: 0.13157
  |- loss_pos: 0.98658
  |- fk_loss: 2.36365
  |- smoothness_loss: 0.29998
LR: 1.563e-06
Hole frames in this epoch: [4, 16]

Epoch 243 | Train Loss: 0.45775 | Val Loss: 0.62681
Train Loss Components:
  |- loss_rot: 0.12687
  |- loss_pos: 0.30734
  |- fk_loss: 1.27947
  |- smoothness_loss: 1.16414
Val Loss Components:
  |- loss_rot: 0.13114
  |- loss_pos: 0.97803
  |- fk_loss: 2.35364
  |- smoothness_loss: 0.29743
LR: 1.563e-06
Hole frames in this epoch: [4, 16]

Epoch 244 | Train Loss: 0.44380 | Val Loss: 0.62654
Train Loss Components:
  |- loss_rot: 0.12609
  |- loss_pos: 0.26257
  |- fk_loss: 1.24360
  |- smoothness_loss: 1.32718
Val Loss Components:
  |- loss_rot: 0.13113
  |- loss_pos: 0.97571
  |- fk_loss: 2.34354
  |- smoothness_loss: 0.30600
LR: 1.563e-06
Hole frames in this epoch: [4, 16]

Epoch 245 | Train Loss: 0.44902 | Val Loss: 0.62602
Train Loss Components:
  |- loss_rot: 0.13228
  |- loss_pos: 0.72497
  |- fk_loss: 2.03569
  |- smoothness_loss: 1.40304
Val Loss Components:
  |- loss_rot: 0.13111
  |- loss_pos: 0.98164
  |- fk_loss: 2.34042
  |- smoothness_loss: 0.28985
LR: 1.563e-06
Hole frames in this epoch: [4, 16]

Epoch 246 | Train Loss: 0.45441 | Val Loss: 0.62721
Train Loss Components:
  |- loss_rot: 0.12781
  |- loss_pos: 0.63475
  |- fk_loss: 1.67344
  |- smoothness_loss: 1.28119
Val Loss Components:
  |- loss_rot: 0.13089
  |- loss_pos: 0.98054
  |- fk_loss: 2.34308
  |- smoothness_loss: 0.28912
LR: 1.563e-06
Hole frames in this epoch: [4, 16]

Epoch 247 | Train Loss: 0.44911 | Val Loss: 0.62632
Train Loss Components:
  |- loss_rot: 0.13403
  |- loss_pos: 0.88608
  |- fk_loss: 2.22579
  |- smoothness_loss: 1.50584
Val Loss Components:
  |- loss_rot: 0.13097
  |- loss_pos: 0.97556
  |- fk_loss: 2.34481
  |- smoothness_loss: 0.29516
LR: 1.563e-06
Hole frames in this epoch: [4, 16]

Epoch 248 | Train Loss: 0.44784 | Val Loss: 0.62491
Train Loss Components:
  |- loss_rot: 0.12930
  |- loss_pos: 0.72297
  |- fk_loss: 2.06775
  |- smoothness_loss: 1.36244
Val Loss Components:
  |- loss_rot: 0.13094
  |- loss_pos: 0.97955
  |- fk_loss: 2.34387
  |- smoothness_loss: 0.29043
LR: 7.813e-07
Hole frames in this epoch: [4, 16]

Epoch 249 | Train Loss: 0.45692 | Val Loss: 0.62526
Train Loss Components:
  |- loss_rot: 0.12866
  |- loss_pos: 0.28915
  |- fk_loss: 1.24814
  |- smoothness_loss: 1.24432
Val Loss Components:
  |- loss_rot: 0.13087
  |- loss_pos: 0.97566
  |- fk_loss: 2.34295
  |- smoothness_loss: 0.29568
LR: 7.813e-07
Hole frames in this epoch: [4, 16]

Epoch 250 | Train Loss: 0.44940 | Val Loss: 0.62582
Train Loss Components:
  |- loss_rot: 0.13059
  |- loss_pos: 0.41332
  |- fk_loss: 1.49224
  |- smoothness_loss: 1.27174
Val Loss Components:
  |- loss_rot: 0.13086
  |- loss_pos: 0.97841
  |- fk_loss: 2.34027
  |- smoothness_loss: 0.28992
LR: 7.813e-07
Hole frames in this epoch: [4, 16]

Epoch 251 | Train Loss: 0.45325 | Val Loss: 0.62553
Train Loss Components:
  |- loss_rot: 0.12969
  |- loss_pos: 0.50237
  |- fk_loss: 1.72685
  |- smoothness_loss: 1.19112
Val Loss Components:
  |- loss_rot: 0.13078
  |- loss_pos: 0.98027
  |- fk_loss: 2.34613
  |- smoothness_loss: 0.29173
LR: 7.813e-07
Hole frames in this epoch: [4, 16]

Epoch 252 | Train Loss: 0.45045 | Val Loss: 0.62527
Train Loss Components:
  |- loss_rot: 0.12929
  |- loss_pos: 0.99597
  |- fk_loss: 2.26452
  |- smoothness_loss: 1.41915
Val Loss Components:
  |- loss_rot: 0.13083
  |- loss_pos: 0.97511
  |- fk_loss: 2.33720
  |- smoothness_loss: 0.29280
LR: 7.813e-07
Hole frames in this epoch: [4, 16]

Epoch 253 | Train Loss: 0.45564 | Val Loss: 0.62490
Train Loss Components:
  |- loss_rot: 0.12694
  |- loss_pos: 0.34770
  |- fk_loss: 1.34952
  |- smoothness_loss: 1.23440
Val Loss Components:
  |- loss_rot: 0.13087
  |- loss_pos: 0.97243
  |- fk_loss: 2.33729
  |- smoothness_loss: 0.29542
LR: 7.813e-07
Hole frames in this epoch: [4, 16]

Epoch 254 | Train Loss: 0.44530 | Val Loss: 0.62404
Train Loss Components:
  |- loss_rot: 0.13016
  |- loss_pos: 0.52588
  |- fk_loss: 1.64609
  |- smoothness_loss: 1.12143
Val Loss Components:
  |- loss_rot: 0.13071
  |- loss_pos: 0.97392
  |- fk_loss: 2.33895
  |- smoothness_loss: 0.29802
LR: 7.813e-07
Hole frames in this epoch: [4, 16]

Epoch 255 | Train Loss: 0.45931 | Val Loss: 0.62484
Train Loss Components:
  |- loss_rot: 0.13123
  |- loss_pos: 0.32456
  |- fk_loss: 1.35740
  |- smoothness_loss: 1.23998
Val Loss Components:
  |- loss_rot: 0.13073
  |- loss_pos: 0.97600
  |- fk_loss: 2.34377
  |- smoothness_loss: 0.29452
LR: 7.813e-07
Hole frames in this epoch: [4, 16]

Epoch 256 | Train Loss: 0.44812 | Val Loss: 0.62502
Train Loss Components:
  |- loss_rot: 0.13244
  |- loss_pos: 0.35873
  |- fk_loss: 1.41923
  |- smoothness_loss: 1.25226
Val Loss Components:
  |- loss_rot: 0.13069
  |- loss_pos: 0.98061
  |- fk_loss: 2.33943
  |- smoothness_loss: 0.29442
LR: 7.813e-07
Hole frames in this epoch: [4, 16]

Epoch 257 | Train Loss: 0.45298 | Val Loss: 0.62511
Train Loss Components:
  |- loss_rot: 0.12645
  |- loss_pos: 0.25841
  |- fk_loss: 1.21270
  |- smoothness_loss: 1.32230
Val Loss Components:
  |- loss_rot: 0.13066
  |- loss_pos: 0.97968
  |- fk_loss: 2.34219
  |- smoothness_loss: 0.29657
LR: 7.813e-07
Hole frames in this epoch: [4, 16]

Epoch 258 | Train Loss: 0.46128 | Val Loss: 0.62316
Train Loss Components:
  |- loss_rot: 0.14063
  |- loss_pos: 0.72476
  |- fk_loss: 2.22480
  |- smoothness_loss: 1.45754
Val Loss Components:
  |- loss_rot: 0.13061
  |- loss_pos: 0.96974
  |- fk_loss: 2.34309
  |- smoothness_loss: 0.28351
LR: 7.813e-07
Hole frames in this epoch: [4, 16]

Epoch 259 | Train Loss: 0.45242 | Val Loss: 0.62630
Train Loss Components:
  |- loss_rot: 0.13557
  |- loss_pos: 0.47738
  |- fk_loss: 1.80561
  |- smoothness_loss: 1.41433
Val Loss Components:
  |- loss_rot: 0.13064
  |- loss_pos: 0.98132
  |- fk_loss: 2.34136
  |- smoothness_loss: 0.29743
LR: 7.813e-07
Hole frames in this epoch: [4, 16]

Epoch 260 | Train Loss: 0.45877 | Val Loss: 0.62479
Train Loss Components:
  |- loss_rot: 0.13025
  |- loss_pos: 0.81613
  |- fk_loss: 1.99418
  |- smoothness_loss: 1.43450
Val Loss Components:
  |- loss_rot: 0.13060
  |- loss_pos: 0.97987
  |- fk_loss: 2.34147
  |- smoothness_loss: 0.29070
LR: 7.813e-07
Hole frames in this epoch: [4, 16]

Epoch 261 | Train Loss: 0.45101 | Val Loss: 0.62514
Train Loss Components:
  |- loss_rot: 0.13241
  |- loss_pos: 0.26410
  |- fk_loss: 1.31336
  |- smoothness_loss: 1.33547
Val Loss Components:
  |- loss_rot: 0.13053
  |- loss_pos: 0.98256
  |- fk_loss: 2.34479
  |- smoothness_loss: 0.28995
LR: 7.813e-07
Hole frames in this epoch: [4, 16]

Epoch 262 | Train Loss: 0.44591 | Val Loss: 0.62486
Train Loss Components:
  |- loss_rot: 0.13798
  |- loss_pos: 0.77008
  |- fk_loss: 2.14424
  |- smoothness_loss: 1.59461
Val Loss Components:
  |- loss_rot: 0.13052
  |- loss_pos: 0.97611
  |- fk_loss: 2.33956
  |- smoothness_loss: 0.29867
LR: 7.813e-07
Hole frames in this epoch: [4, 16]

Epoch 263 | Train Loss: 0.45386 | Val Loss: 0.62574
Train Loss Components:
  |- loss_rot: 0.12556
  |- loss_pos: 0.31653
  |- fk_loss: 1.26166
  |- smoothness_loss: 1.27497
Val Loss Components:
  |- loss_rot: 0.13052
  |- loss_pos: 0.98200
  |- fk_loss: 2.34021
  |- smoothness_loss: 0.29979
LR: 7.813e-07
Hole frames in this epoch: [4, 16]

Epoch 264 | Train Loss: 0.45624 | Val Loss: 0.62525
Train Loss Components:
  |- loss_rot: 0.12692
  |- loss_pos: 0.41279
  |- fk_loss: 1.46562
  |- smoothness_loss: 1.09293
Val Loss Components:
  |- loss_rot: 0.13046
  |- loss_pos: 0.97587
  |- fk_loss: 2.33854
  |- smoothness_loss: 0.29778
LR: 7.813e-07
Hole frames in this epoch: [4, 16]

Epoch 265 | Train Loss: 0.44944 | Val Loss: 0.62331
Train Loss Components:
  |- loss_rot: 0.12501
  |- loss_pos: 0.30061
  |- fk_loss: 1.27660
  |- smoothness_loss: 1.11912
Val Loss Components:
  |- loss_rot: 0.13042
  |- loss_pos: 0.97263
  |- fk_loss: 2.33790
  |- smoothness_loss: 0.28785
LR: 3.906e-07
Hole frames in this epoch: [4, 16]

Epoch 266 | Train Loss: 0.45701 | Val Loss: 0.62379
Train Loss Components:
  |- loss_rot: 0.13233
  |- loss_pos: 0.45837
  |- fk_loss: 1.65459
  |- smoothness_loss: 1.33418
Val Loss Components:
  |- loss_rot: 0.13043
  |- loss_pos: 0.97270
  |- fk_loss: 2.33717
  |- smoothness_loss: 0.29907
LR: 3.906e-07
Hole frames in this epoch: [4, 16]

Training time: 8300.53 s