Epoch 1 | Train Loss: 0.64528 | Val Loss: 1.13842
Train Loss Components:
  |- loss_rot: 0.07477
  |- loss_pos: 0.55659
  |- fk_loss: 1.99678
  |- smoothness_loss: 0.58900
Val Loss Components:
  |- loss_rot: 0.08394
  |- loss_pos: 2.03674
  |- fk_loss: 3.93897
  |- smoothness_loss: 0.01187
LR: 0.000100
Hole frames in this epoch: [4, 6]

Epoch 2 | Train Loss: 0.48114 | Val Loss: 1.11213
Train Loss Components:
  |- loss_rot: 0.06848
  |- loss_pos: 0.87820
  |- fk_loss: 2.08581
  |- smoothness_loss: 0.25362
Val Loss Components:
  |- loss_rot: 0.07580
  |- loss_pos: 2.03346
  |- fk_loss: 3.74353
  |- smoothness_loss: 0.01213
LR: 0.000100
Hole frames in this epoch: [4, 8]

Epoch 3 | Train Loss: 0.51012 | Val Loss: 1.09953
Train Loss Components:
  |- loss_rot: 0.06975
  |- loss_pos: 1.36364
  |- fk_loss: 2.79794
  |- smoothness_loss: 0.17843
Val Loss Components:
  |- loss_rot: 0.07018
  |- loss_pos: 2.03047
  |- fk_loss: 3.66876
  |- smoothness_loss: 0.01209
LR: 0.000100
Hole frames in this epoch: [4, 10]

Epoch 4 | Train Loss: 0.55496 | Val Loss: 1.08801
Train Loss Components:
  |- loss_rot: 0.04992
  |- loss_pos: 0.58324
  |- fk_loss: 1.44158
  |- smoothness_loss: 0.16792
Val Loss Components:
  |- loss_rot: 0.06489
  |- loss_pos: 2.02740
  |- fk_loss: 3.60847
  |- smoothness_loss: 0.01201
LR: 0.000100
Hole frames in this epoch: [4, 12]

Epoch 5 | Train Loss: 0.67654 | Val Loss: 1.07802
Train Loss Components:
  |- loss_rot: 0.05844
  |- loss_pos: 1.71153
  |- fk_loss: 3.06765
  |- smoothness_loss: 0.10877
Val Loss Components:
  |- loss_rot: 0.06121
  |- loss_pos: 2.02054
  |- fk_loss: 3.53365
  |- smoothness_loss: 0.01198
LR: 0.000100
Hole frames in this epoch: [4, 14]

Epoch 6 | Train Loss: 0.67860 | Val Loss: 1.07063
Train Loss Components:
  |- loss_rot: 0.04690
  |- loss_pos: 0.99793
  |- fk_loss: 1.93384
  |- smoothness_loss: 0.11935
Val Loss Components:
  |- loss_rot: 0.05850
  |- loss_pos: 2.01183
  |- fk_loss: 3.48642
  |- smoothness_loss: 0.01209
LR: 0.000100
Hole frames in this epoch: [4, 16]

Epoch 7 | Train Loss: 0.66464 | Val Loss: 1.06166
Train Loss Components:
  |- loss_rot: 0.04144
  |- loss_pos: 0.87442
  |- fk_loss: 1.59799
  |- smoothness_loss: 0.07731
Val Loss Components:
  |- loss_rot: 0.05615
  |- loss_pos: 2.00217
  |- fk_loss: 3.45216
  |- smoothness_loss: 0.01216
LR: 0.000100
Hole frames in this epoch: [4, 16]

Epoch 8 | Train Loss: 0.70695 | Val Loss: 1.06272
Train Loss Components:
  |- loss_rot: 0.02846
  |- loss_pos: 0.41733
  |- fk_loss: 0.87499
  |- smoothness_loss: 0.10995
Val Loss Components:
  |- loss_rot: 0.05348
  |- loss_pos: 2.01422
  |- fk_loss: 3.42575
  |- smoothness_loss: 0.01189
LR: 0.000100
Hole frames in this epoch: [4, 16]

Epoch 9 | Train Loss: 0.64830 | Val Loss: 1.01083
Train Loss Components:
  |- loss_rot: 0.03218
  |- loss_pos: 0.76899
  |- fk_loss: 1.37304
  |- smoothness_loss: 0.07505
Val Loss Components:
  |- loss_rot: 0.05105
  |- loss_pos: 1.87163
  |- fk_loss: 3.30309
  |- smoothness_loss: 0.01334
LR: 0.000100
Hole frames in this epoch: [4, 16]

Epoch 10 | Train Loss: 0.64681 | Val Loss: 0.98988
Train Loss Components:
  |- loss_rot: 0.02054
  |- loss_pos: 0.35722
  |- fk_loss: 0.70112
  |- smoothness_loss: 0.07771
Val Loss Components:
  |- loss_rot: 0.04931
  |- loss_pos: 1.82873
  |- fk_loss: 3.25594
  |- smoothness_loss: 0.01620
LR: 0.000100
Hole frames in this epoch: [4, 16]

Epoch 11 | Train Loss: 0.60839 | Val Loss: 0.94858
Train Loss Components:
  |- loss_rot: 0.03589
  |- loss_pos: 1.05841
  |- fk_loss: 1.80039
  |- smoothness_loss: 0.06308
Val Loss Components:
  |- loss_rot: 0.04820
  |- loss_pos: 1.72331
  |- fk_loss: 3.18235
  |- smoothness_loss: 0.01822
LR: 0.000100
Hole frames in this epoch: [4, 16]

Epoch 12 | Train Loss: 0.64428 | Val Loss: 0.93674
Train Loss Components:
  |- loss_rot: 0.02373
  |- loss_pos: 0.57983
  |- fk_loss: 1.07069
  |- smoothness_loss: 0.11563
Val Loss Components:
  |- loss_rot: 0.04663
  |- loss_pos: 1.70061
  |- fk_loss: 3.16477
  |- smoothness_loss: 0.01752
LR: 0.000100
Hole frames in this epoch: [4, 16]

Epoch 13 | Train Loss: 0.61816 | Val Loss: 0.92915
Train Loss Components:
  |- loss_rot: 0.01983
  |- loss_pos: 0.61760
  |- fk_loss: 0.93075
  |- smoothness_loss: 0.09559
Val Loss Components:
  |- loss_rot: 0.04555
  |- loss_pos: 1.70139
  |- fk_loss: 3.16204
  |- smoothness_loss: 0.02096
LR: 0.000100
Hole frames in this epoch: [4, 16]

Epoch 14 | Train Loss: 0.59632 | Val Loss: 0.95218
Train Loss Components:
  |- loss_rot: 0.02849
  |- loss_pos: 0.93646
  |- fk_loss: 1.50376
  |- smoothness_loss: 0.08308
Val Loss Components:
  |- loss_rot: 0.04469
  |- loss_pos: 1.74894
  |- fk_loss: 3.18739
  |- smoothness_loss: 0.02070
LR: 0.000100
Hole frames in this epoch: [4, 16]

Epoch 15 | Train Loss: 0.54997 | Val Loss: 0.91472
Train Loss Components:
  |- loss_rot: 0.04861
  |- loss_pos: 1.67390
  |- fk_loss: 3.24920
  |- smoothness_loss: 0.06389
Val Loss Components:
  |- loss_rot: 0.04416
  |- loss_pos: 1.66416
  |- fk_loss: 3.14014
  |- smoothness_loss: 0.02064
LR: 0.000100
Hole frames in this epoch: [4, 16]

Epoch 16 | Train Loss: 0.58145 | Val Loss: 0.91675
Train Loss Components:
  |- loss_rot: 0.02002
  |- loss_pos: 0.61052
  |- fk_loss: 1.06130
  |- smoothness_loss: 0.02744
Val Loss Components:
  |- loss_rot: 0.04384
  |- loss_pos: 1.67707
  |- fk_loss: 3.14198
  |- smoothness_loss: 0.02265
LR: 0.000100
Hole frames in this epoch: [4, 16]

Epoch 17 | Train Loss: 0.55956 | Val Loss: 0.91687
Train Loss Components:
  |- loss_rot: 0.02123
  |- loss_pos: 0.65736
  |- fk_loss: 1.14537
  |- smoothness_loss: 0.04634
Val Loss Components:
  |- loss_rot: 0.04389
  |- loss_pos: 1.66677
  |- fk_loss: 3.13382
  |- smoothness_loss: 0.01935
LR: 0.000100
Hole frames in this epoch: [4, 16]

Epoch 18 | Train Loss: 0.59820 | Val Loss: 0.90938
Train Loss Components:
  |- loss_rot: 0.04329
  |- loss_pos: 1.19824
  |- fk_loss: 2.51035
  |- smoothness_loss: 0.04292
Val Loss Components:
  |- loss_rot: 0.04394
  |- loss_pos: 1.66364
  |- fk_loss: 3.13492
  |- smoothness_loss: 0.02305
LR: 0.000100
Hole frames in this epoch: [4, 16]

Epoch 19 | Train Loss: 0.56214 | Val Loss: 0.92195
Train Loss Components:
  |- loss_rot: 0.02421
  |- loss_pos: 0.70030
  |- fk_loss: 1.32639
  |- smoothness_loss: 0.04090
Val Loss Components:
  |- loss_rot: 0.04401
  |- loss_pos: 1.68870
  |- fk_loss: 3.14340
  |- smoothness_loss: 0.01812
LR: 0.000100
Hole frames in this epoch: [4, 16]

Epoch 20 | Train Loss: 0.60516 | Val Loss: 0.92387
Train Loss Components:
  |- loss_rot: 0.01201
  |- loss_pos: 0.31234
  |- fk_loss: 0.54547
  |- smoothness_loss: 0.08041
Val Loss Components:
  |- loss_rot: 0.04382
  |- loss_pos: 1.69349
  |- fk_loss: 3.14121
  |- smoothness_loss: 0.01825
LR: 0.000100
Hole frames in this epoch: [4, 16]

Epoch 21 | Train Loss: 0.56729 | Val Loss: 0.91748
Train Loss Components:
  |- loss_rot: 0.03589
  |- loss_pos: 1.36826
  |- fk_loss: 2.37829
  |- smoothness_loss: 0.04783
Val Loss Components:
  |- loss_rot: 0.04393
  |- loss_pos: 1.66147
  |- fk_loss: 3.13897
  |- smoothness_loss: 0.02309
LR: 0.000100
Hole frames in this epoch: [4, 16]

Epoch 22 | Train Loss: 0.58124 | Val Loss: 0.91423
Train Loss Components:
  |- loss_rot: 0.02492
  |- loss_pos: 0.76726
  |- fk_loss: 1.36214
  |- smoothness_loss: 0.03209
Val Loss Components:
  |- loss_rot: 0.04383
  |- loss_pos: 1.64291
  |- fk_loss: 3.11419
  |- smoothness_loss: 0.01718
LR: 0.000100
Hole frames in this epoch: [4, 16]

Epoch 23 | Train Loss: 0.55825 | Val Loss: 0.90280
Train Loss Components:
  |- loss_rot: 0.04246
  |- loss_pos: 1.44276
  |- fk_loss: 2.77047
  |- smoothness_loss: 0.03720
Val Loss Components:
  |- loss_rot: 0.04393
  |- loss_pos: 1.62581
  |- fk_loss: 3.10404
  |- smoothness_loss: 0.01763
LR: 0.000100
Hole frames in this epoch: [4, 16]

Epoch 24 | Train Loss: 0.57524 | Val Loss: 0.91226
Train Loss Components:
  |- loss_rot: 0.03372
  |- loss_pos: 1.02187
  |- fk_loss: 2.04195
  |- smoothness_loss: 0.06430
Val Loss Components:
  |- loss_rot: 0.04385
  |- loss_pos: 1.65373
  |- fk_loss: 3.13130
  |- smoothness_loss: 0.02073
LR: 0.000100
Hole frames in this epoch: [4, 16]

Epoch 25 | Train Loss: 0.58664 | Val Loss: 0.89986
Train Loss Components:
  |- loss_rot: 0.04197
  |- loss_pos: 1.39847
  |- fk_loss: 2.66013
  |- smoothness_loss: 0.06029
Val Loss Components:
  |- loss_rot: 0.04391
  |- loss_pos: 1.63440
  |- fk_loss: 3.11455
  |- smoothness_loss: 0.02183
LR: 0.000100
Hole frames in this epoch: [4, 16]

Epoch 26 | Train Loss: 0.53672 | Val Loss: 0.90697
Train Loss Components:
  |- loss_rot: 0.02230
  |- loss_pos: 0.56412
  |- fk_loss: 1.14243
  |- smoothness_loss: 0.07285
Val Loss Components:
  |- loss_rot: 0.04383
  |- loss_pos: 1.64697
  |- fk_loss: 3.12259
  |- smoothness_loss: 0.02184
LR: 0.000100
Hole frames in this epoch: [4, 16]

Epoch 27 | Train Loss: 0.55511 | Val Loss: 0.89960
Train Loss Components:
  |- loss_rot: 0.04631
  |- loss_pos: 1.75941
  |- fk_loss: 3.17041
  |- smoothness_loss: 0.07490
Val Loss Components:
  |- loss_rot: 0.04412
  |- loss_pos: 1.65058
  |- fk_loss: 3.12203
  |- smoothness_loss: 0.02436
LR: 0.000100
Hole frames in this epoch: [4, 16]

Epoch 28 | Train Loss: 0.53252 | Val Loss: 0.87234
Train Loss Components:
  |- loss_rot: 0.04654
  |- loss_pos: 1.60379
  |- fk_loss: 3.05552
  |- smoothness_loss: 0.08794
Val Loss Components:
  |- loss_rot: 0.04418
  |- loss_pos: 1.55537
  |- fk_loss: 3.06080
  |- smoothness_loss: 0.03011
LR: 0.000100
Hole frames in this epoch: [4, 16]

Epoch 29 | Train Loss: 0.54042 | Val Loss: 0.86179
Train Loss Components:
  |- loss_rot: 0.03709
  |- loss_pos: 1.45236
  |- fk_loss: 2.32722
  |- smoothness_loss: 0.04555
Val Loss Components:
  |- loss_rot: 0.04403
  |- loss_pos: 1.52462
  |- fk_loss: 3.04200
  |- smoothness_loss: 0.03476
LR: 0.000100
Hole frames in this epoch: [4, 16]

Epoch 30 | Train Loss: 0.54453 | Val Loss: 0.85888
Train Loss Components:
  |- loss_rot: 0.02521
  |- loss_pos: 0.72028
  |- fk_loss: 1.37813
  |- smoothness_loss: 0.13099
Val Loss Components:
  |- loss_rot: 0.04421
  |- loss_pos: 1.52922
  |- fk_loss: 3.04919
  |- smoothness_loss: 0.03943
LR: 0.000100
Hole frames in this epoch: [4, 16]

Epoch 31 | Train Loss: 0.52670 | Val Loss: 0.84023
Train Loss Components:
  |- loss_rot: 0.04242
  |- loss_pos: 1.47001
  |- fk_loss: 2.66579
  |- smoothness_loss: 0.10169
Val Loss Components:
  |- loss_rot: 0.04401
  |- loss_pos: 1.45584
  |- fk_loss: 2.99571
  |- smoothness_loss: 0.03705
LR: 0.000100
Hole frames in this epoch: [4, 16]

Epoch 32 | Train Loss: 0.49254 | Val Loss: 0.83471
Train Loss Components:
  |- loss_rot: 0.03783
  |- loss_pos: 1.01087
  |- fk_loss: 2.22211
  |- smoothness_loss: 0.07712
Val Loss Components:
  |- loss_rot: 0.04411
  |- loss_pos: 1.46178
  |- fk_loss: 3.01493
  |- smoothness_loss: 0.04464
LR: 0.000100
Hole frames in this epoch: [4, 16]

Epoch 33 | Train Loss: 0.51298 | Val Loss: 0.82791
Train Loss Components:
  |- loss_rot: 0.03309
  |- loss_pos: 0.87101
  |- fk_loss: 1.80215
  |- smoothness_loss: 0.11108
Val Loss Components:
  |- loss_rot: 0.04411
  |- loss_pos: 1.42578
  |- fk_loss: 2.97104
  |- smoothness_loss: 0.04184
LR: 0.000100
Hole frames in this epoch: [4, 16]

Epoch 34 | Train Loss: 0.50765 | Val Loss: 0.82553
Train Loss Components:
  |- loss_rot: 0.02924
  |- loss_pos: 0.64524
  |- fk_loss: 1.39187
  |- smoothness_loss: 0.10654
Val Loss Components:
  |- loss_rot: 0.04404
  |- loss_pos: 1.46366
  |- fk_loss: 3.00840
  |- smoothness_loss: 0.04154
LR: 0.000100
Hole frames in this epoch: [4, 16]

Epoch 35 | Train Loss: 0.47853 | Val Loss: 0.81604
Train Loss Components:
  |- loss_rot: 0.02441
  |- loss_pos: 0.57168
  |- fk_loss: 1.22126
  |- smoothness_loss: 0.09413
Val Loss Components:
  |- loss_rot: 0.04406
  |- loss_pos: 1.40848
  |- fk_loss: 2.96971
  |- smoothness_loss: 0.03542
LR: 0.000100
Hole frames in this epoch: [4, 16]

Epoch 36 | Train Loss: 0.49431 | Val Loss: 0.81123
Train Loss Components:
  |- loss_rot: 0.03263
  |- loss_pos: 0.94394
  |- fk_loss: 1.91356
  |- smoothness_loss: 0.09415
Val Loss Components:
  |- loss_rot: 0.04417
  |- loss_pos: 1.40695
  |- fk_loss: 2.96805
  |- smoothness_loss: 0.04735
LR: 0.000100
Hole frames in this epoch: [4, 16]

Epoch 37 | Train Loss: 0.50006 | Val Loss: 0.80088
Train Loss Components:
  |- loss_rot: 0.03057
  |- loss_pos: 0.73486
  |- fk_loss: 1.56135
  |- smoothness_loss: 0.11474
Val Loss Components:
  |- loss_rot: 0.04430
  |- loss_pos: 1.36503
  |- fk_loss: 2.94135
  |- smoothness_loss: 0.04856
LR: 0.000100
Hole frames in this epoch: [4, 16]

Epoch 38 | Train Loss: 0.48254 | Val Loss: 0.80985
Train Loss Components:
  |- loss_rot: 0.04508
  |- loss_pos: 1.46869
  |- fk_loss: 2.82788
  |- smoothness_loss: 0.14945
Val Loss Components:
  |- loss_rot: 0.04404
  |- loss_pos: 1.42780
  |- fk_loss: 2.98225
  |- smoothness_loss: 0.05397
LR: 0.000100
Hole frames in this epoch: [4, 16]

Epoch 39 | Train Loss: 0.48714 | Val Loss: 0.80638
Train Loss Components:
  |- loss_rot: 0.03934
  |- loss_pos: 1.03180
  |- fk_loss: 2.28633
  |- smoothness_loss: 0.09801
Val Loss Components:
  |- loss_rot: 0.04409
  |- loss_pos: 1.41572
  |- fk_loss: 2.96762
  |- smoothness_loss: 0.04705
LR: 0.000100
Hole frames in this epoch: [4, 16]

Epoch 40 | Train Loss: 0.46496 | Val Loss: 0.80229
Train Loss Components:
  |- loss_rot: 0.04274
  |- loss_pos: 1.30502
  |- fk_loss: 2.73177
  |- smoothness_loss: 0.11849
Val Loss Components:
  |- loss_rot: 0.04428
  |- loss_pos: 1.41721
  |- fk_loss: 2.98031
  |- smoothness_loss: 0.05657
LR: 0.000100
Hole frames in this epoch: [4, 16]

Epoch 41 | Train Loss: 0.48141 | Val Loss: 0.78613
Train Loss Components:
  |- loss_rot: 0.01265
  |- loss_pos: 0.26710
  |- fk_loss: 0.53967
  |- smoothness_loss: 0.05445
Val Loss Components:
  |- loss_rot: 0.04410
  |- loss_pos: 1.37230
  |- fk_loss: 2.94686
  |- smoothness_loss: 0.04160
LR: 0.000100
Hole frames in this epoch: [4, 16]

Epoch 42 | Train Loss: 0.47051 | Val Loss: 0.78266
Train Loss Components:
  |- loss_rot: 0.02616
  |- loss_pos: 0.54671
  |- fk_loss: 1.24146
  |- smoothness_loss: 0.12440
Val Loss Components:
  |- loss_rot: 0.04401
  |- loss_pos: 1.34559
  |- fk_loss: 2.93193
  |- smoothness_loss: 0.04949
LR: 0.000100
Hole frames in this epoch: [4, 16]

Epoch 43 | Train Loss: 0.47475 | Val Loss: 0.77720
Train Loss Components:
  |- loss_rot: 0.03268
  |- loss_pos: 0.78287
  |- fk_loss: 1.79500
  |- smoothness_loss: 0.10944
Val Loss Components:
  |- loss_rot: 0.04430
  |- loss_pos: 1.30767
  |- fk_loss: 2.91610
  |- smoothness_loss: 0.04668
LR: 0.000100
Hole frames in this epoch: [4, 16]

Epoch 44 | Train Loss: 0.44815 | Val Loss: 0.76274
Train Loss Components:
  |- loss_rot: 0.02982
  |- loss_pos: 0.61929
  |- fk_loss: 1.50473
  |- smoothness_loss: 0.10877
Val Loss Components:
  |- loss_rot: 0.04402
  |- loss_pos: 1.27910
  |- fk_loss: 2.90071
  |- smoothness_loss: 0.05008
LR: 0.000100
Hole frames in this epoch: [4, 16]

Epoch 45 | Train Loss: 0.44719 | Val Loss: 0.78358
Train Loss Components:
  |- loss_rot: 0.02941
  |- loss_pos: 0.76738
  |- fk_loss: 1.64804
  |- smoothness_loss: 0.10490
Val Loss Components:
  |- loss_rot: 0.04415
  |- loss_pos: 1.29267
  |- fk_loss: 2.90198
  |- smoothness_loss: 0.06498
LR: 0.000100
Hole frames in this epoch: [4, 16]

Epoch 46 | Train Loss: 0.42618 | Val Loss: 0.74844
Train Loss Components:
  |- loss_rot: 0.04152
  |- loss_pos: 1.24455
  |- fk_loss: 2.59166
  |- smoothness_loss: 0.12798
Val Loss Components:
  |- loss_rot: 0.04414
  |- loss_pos: 1.24016
  |- fk_loss: 2.88563
  |- smoothness_loss: 0.04850
LR: 0.000100
Hole frames in this epoch: [4, 16]

Epoch 47 | Train Loss: 0.44754 | Val Loss: 0.74513
Train Loss Components:
  |- loss_rot: 0.03185
  |- loss_pos: 0.79871
  |- fk_loss: 1.64715
  |- smoothness_loss: 0.11127
Val Loss Components:
  |- loss_rot: 0.04427
  |- loss_pos: 1.23701
  |- fk_loss: 2.87457
  |- smoothness_loss: 0.06187
LR: 0.000100
Hole frames in this epoch: [4, 16]

Epoch 48 | Train Loss: 0.42912 | Val Loss: 0.74380
Train Loss Components:
  |- loss_rot: 0.01950
  |- loss_pos: 0.35203
  |- fk_loss: 0.87060
  |- smoothness_loss: 0.09028
Val Loss Components:
  |- loss_rot: 0.04409
  |- loss_pos: 1.24626
  |- fk_loss: 2.87024
  |- smoothness_loss: 0.05043
LR: 0.000100
Hole frames in this epoch: [4, 16]

Epoch 49 | Train Loss: 0.43591 | Val Loss: 0.73264
Train Loss Components:
  |- loss_rot: 0.03341
  |- loss_pos: 0.73154
  |- fk_loss: 1.81879
  |- smoothness_loss: 0.15451
Val Loss Components:
  |- loss_rot: 0.04434
  |- loss_pos: 1.22813
  |- fk_loss: 2.87078
  |- smoothness_loss: 0.05662
LR: 0.000100
Hole frames in this epoch: [4, 16]

Epoch 50 | Train Loss: 0.42274 | Val Loss: 0.75019
Train Loss Components:
  |- loss_rot: 0.03609
  |- loss_pos: 0.78077
  |- fk_loss: 1.94868
  |- smoothness_loss: 0.10055
Val Loss Components:
  |- loss_rot: 0.04431
  |- loss_pos: 1.25093
  |- fk_loss: 2.87342
  |- smoothness_loss: 0.05306
LR: 0.000100
Hole frames in this epoch: [4, 16]

Epoch 51 | Train Loss: 0.42840 | Val Loss: 0.73838
Train Loss Components:
  |- loss_rot: 0.01622
  |- loss_pos: 0.27904
  |- fk_loss: 0.66858
  |- smoothness_loss: 0.07988
Val Loss Components:
  |- loss_rot: 0.04404
  |- loss_pos: 1.27456
  |- fk_loss: 2.88816
  |- smoothness_loss: 0.05713
LR: 0.000100
Hole frames in this epoch: [4, 16]

Epoch 52 | Train Loss: 0.43654 | Val Loss: 0.72750
Train Loss Components:
  |- loss_rot: 0.03550
  |- loss_pos: 0.73821
  |- fk_loss: 1.83467
  |- smoothness_loss: 0.12309
Val Loss Components:
  |- loss_rot: 0.04422
  |- loss_pos: 1.22076
  |- fk_loss: 2.85928
  |- smoothness_loss: 0.06572
LR: 0.000100
Hole frames in this epoch: [4, 16]

Epoch 53 | Train Loss: 0.40568 | Val Loss: 0.72275
Train Loss Components:
  |- loss_rot: 0.03815
  |- loss_pos: 0.82299
  |- fk_loss: 2.01768
  |- smoothness_loss: 0.11957
Val Loss Components:
  |- loss_rot: 0.04417
  |- loss_pos: 1.19655
  |- fk_loss: 2.83725
  |- smoothness_loss: 0.05765
LR: 0.000100
Hole frames in this epoch: [4, 16]

Epoch 54 | Train Loss: 0.44358 | Val Loss: 0.71995
Train Loss Components:
  |- loss_rot: 0.04115
  |- loss_pos: 0.94630
  |- fk_loss: 2.19565
  |- smoothness_loss: 0.09518
Val Loss Components:
  |- loss_rot: 0.04398
  |- loss_pos: 1.18425
  |- fk_loss: 2.83996
  |- smoothness_loss: 0.05275
LR: 0.000100
Hole frames in this epoch: [4, 16]

Epoch 55 | Train Loss: 0.41392 | Val Loss: 0.71773
Train Loss Components:
  |- loss_rot: 0.01417
  |- loss_pos: 0.23612
  |- fk_loss: 0.59647
  |- smoothness_loss: 0.12737
Val Loss Components:
  |- loss_rot: 0.04424
  |- loss_pos: 1.19641
  |- fk_loss: 2.85860
  |- smoothness_loss: 0.05560
LR: 0.000100
Hole frames in this epoch: [4, 16]

Epoch 56 | Train Loss: 0.38524 | Val Loss: 0.72203
Train Loss Components:
  |- loss_rot: 0.01919
  |- loss_pos: 0.34595
  |- fk_loss: 0.89005
  |- smoothness_loss: 0.11183
Val Loss Components:
  |- loss_rot: 0.04414
  |- loss_pos: 1.22877
  |- fk_loss: 2.89465
  |- smoothness_loss: 0.05020
LR: 0.000100
Hole frames in this epoch: [4, 16]

Epoch 57 | Train Loss: 0.39920 | Val Loss: 0.71077
Train Loss Components:
  |- loss_rot: 0.03345
  |- loss_pos: 0.66186
  |- fk_loss: 1.78241
  |- smoothness_loss: 0.10998
Val Loss Components:
  |- loss_rot: 0.04432
  |- loss_pos: 1.17185
  |- fk_loss: 2.82595
  |- smoothness_loss: 0.05330
LR: 0.000100
Hole frames in this epoch: [4, 16]

Epoch 58 | Train Loss: 0.43357 | Val Loss: 0.71092
Train Loss Components:
  |- loss_rot: 0.03254
  |- loss_pos: 0.63521
  |- fk_loss: 1.57920
  |- smoothness_loss: 0.09837
Val Loss Components:
  |- loss_rot: 0.04432
  |- loss_pos: 1.21548
  |- fk_loss: 2.85290
  |- smoothness_loss: 0.05622
LR: 0.000100
Hole frames in this epoch: [4, 16]

Epoch 59 | Train Loss: 0.40832 | Val Loss: 0.71667
Train Loss Components:
  |- loss_rot: 0.02433
  |- loss_pos: 0.45704
  |- fk_loss: 1.15029
  |- smoothness_loss: 0.12062
Val Loss Components:
  |- loss_rot: 0.04391
  |- loss_pos: 1.20156
  |- fk_loss: 2.81981
  |- smoothness_loss: 0.05144
LR: 0.000100
Hole frames in this epoch: [4, 16]

Epoch 60 | Train Loss: 0.42064 | Val Loss: 0.73884
Train Loss Components:
  |- loss_rot: 0.02151
  |- loss_pos: 0.39468
  |- fk_loss: 1.01799
  |- smoothness_loss: 0.08981
Val Loss Components:
  |- loss_rot: 0.04388
  |- loss_pos: 1.25889
  |- fk_loss: 2.87812
  |- smoothness_loss: 0.06103
LR: 0.000100
Hole frames in this epoch: [4, 16]

Epoch 61 | Train Loss: 0.40526 | Val Loss: 0.70314
Train Loss Components:
  |- loss_rot: 0.04450
  |- loss_pos: 1.11176
  |- fk_loss: 2.60787
  |- smoothness_loss: 0.10844
Val Loss Components:
  |- loss_rot: 0.04417
  |- loss_pos: 1.18877
  |- fk_loss: 2.83490
  |- smoothness_loss: 0.05154
LR: 0.000100
Hole frames in this epoch: [4, 16]

Epoch 62 | Train Loss: 0.39642 | Val Loss: 0.71183
Train Loss Components:
  |- loss_rot: 0.03113
  |- loss_pos: 0.61662
  |- fk_loss: 1.64837
  |- smoothness_loss: 0.11086
Val Loss Components:
  |- loss_rot: 0.04424
  |- loss_pos: 1.19991
  |- fk_loss: 2.83337
  |- smoothness_loss: 0.05671
LR: 0.000100
Hole frames in this epoch: [4, 16]

Epoch 63 | Train Loss: 0.44753 | Val Loss: 0.70109
Train Loss Components:
  |- loss_rot: 0.01339
  |- loss_pos: 0.19575
  |- fk_loss: 0.51551
  |- smoothness_loss: 0.09921
Val Loss Components:
  |- loss_rot: 0.04419
  |- loss_pos: 1.17647
  |- fk_loss: 2.81685
  |- smoothness_loss: 0.06075
LR: 0.000100
Hole frames in this epoch: [4, 16]

Epoch 64 | Train Loss: 0.42581 | Val Loss: 0.71557
Train Loss Components:
  |- loss_rot: 0.03776
  |- loss_pos: 0.80614
  |- fk_loss: 2.06949
  |- smoothness_loss: 0.09436
Val Loss Components:
  |- loss_rot: 0.04414
  |- loss_pos: 1.23484
  |- fk_loss: 2.86048
  |- smoothness_loss: 0.06679
LR: 0.000100
Hole frames in this epoch: [4, 16]

Epoch 65 | Train Loss: 0.40528 | Val Loss: 0.69503
Train Loss Components:
  |- loss_rot: 0.01592
  |- loss_pos: 0.25411
  |- fk_loss: 0.65205
  |- smoothness_loss: 0.08597
Val Loss Components:
  |- loss_rot: 0.04424
  |- loss_pos: 1.16199
  |- fk_loss: 2.81315
  |- smoothness_loss: 0.06473
LR: 0.000100
Hole frames in this epoch: [4, 16]

Epoch 66 | Train Loss: 0.39741 | Val Loss: 0.69925
Train Loss Components:
  |- loss_rot: 0.03364
  |- loss_pos: 0.62935
  |- fk_loss: 1.76306
  |- smoothness_loss: 0.13106
Val Loss Components:
  |- loss_rot: 0.04422
  |- loss_pos: 1.17190
  |- fk_loss: 2.82015
  |- smoothness_loss: 0.06023
LR: 0.000100
Hole frames in this epoch: [4, 16]

Epoch 67 | Train Loss: 0.41597 | Val Loss: 0.69502
Train Loss Components:
  |- loss_rot: 0.03722
  |- loss_pos: 0.80934
  |- fk_loss: 2.00643
  |- smoothness_loss: 0.13020
Val Loss Components:
  |- loss_rot: 0.04432
  |- loss_pos: 1.17883
  |- fk_loss: 2.82498
  |- smoothness_loss: 0.06727
LR: 0.000100
Hole frames in this epoch: [4, 16]

Epoch 68 | Train Loss: 0.39348 | Val Loss: 0.70858
Train Loss Components:
  |- loss_rot: 0.01240
  |- loss_pos: 0.18252
  |- fk_loss: 0.50663
  |- smoothness_loss: 0.08339
Val Loss Components:
  |- loss_rot: 0.04422
  |- loss_pos: 1.19600
  |- fk_loss: 2.83855
  |- smoothness_loss: 0.08581
LR: 0.000100
Hole frames in this epoch: [4, 16]

Epoch 69 | Train Loss: 0.37852 | Val Loss: 0.69301
Train Loss Components:
  |- loss_rot: 0.01829
  |- loss_pos: 0.27725
  |- fk_loss: 0.74413
  |- smoothness_loss: 0.10329
Val Loss Components:
  |- loss_rot: 0.04421
  |- loss_pos: 1.15894
  |- fk_loss: 2.81122
  |- smoothness_loss: 0.06829
LR: 0.000100
Hole frames in this epoch: [4, 16]

Epoch 70 | Train Loss: 0.41908 | Val Loss: 0.68559
Train Loss Components:
  |- loss_rot: 0.04110
  |- loss_pos: 0.85779
  |- fk_loss: 2.12158
  |- smoothness_loss: 0.12195
Val Loss Components:
  |- loss_rot: 0.04423
  |- loss_pos: 1.16430
  |- fk_loss: 2.80887
  |- smoothness_loss: 0.06633
LR: 0.000100
Hole frames in this epoch: [4, 16]

Epoch 71 | Train Loss: 0.37714 | Val Loss: 0.68735
Train Loss Components:
  |- loss_rot: 0.03149
  |- loss_pos: 0.56912
  |- fk_loss: 1.54762
  |- smoothness_loss: 0.13918
Val Loss Components:
  |- loss_rot: 0.04414
  |- loss_pos: 1.16650
  |- fk_loss: 2.80313
  |- smoothness_loss: 0.05590
LR: 0.000100
Hole frames in this epoch: [4, 16]

Epoch 72 | Train Loss: 0.38516 | Val Loss: 0.67702
Train Loss Components:
  |- loss_rot: 0.04429
  |- loss_pos: 1.00598
  |- fk_loss: 2.48047
  |- smoothness_loss: 0.13221
Val Loss Components:
  |- loss_rot: 0.04440
  |- loss_pos: 1.15164
  |- fk_loss: 2.79172
  |- smoothness_loss: 0.06269
LR: 0.000100
Hole frames in this epoch: [4, 16]

Epoch 73 | Train Loss: 0.40020 | Val Loss: 0.67578
Train Loss Components:
  |- loss_rot: 0.04897
  |- loss_pos: 1.10454
  |- fk_loss: 3.04273
  |- smoothness_loss: 0.18218
Val Loss Components:
  |- loss_rot: 0.04420
  |- loss_pos: 1.12982
  |- fk_loss: 2.79306
  |- smoothness_loss: 0.06257
LR: 0.000100
Hole frames in this epoch: [4, 16]

Epoch 74 | Train Loss: 0.38841 | Val Loss: 0.68580
Train Loss Components:
  |- loss_rot: 0.02122
  |- loss_pos: 0.32473
  |- fk_loss: 0.94049
  |- smoothness_loss: 0.08898
Val Loss Components:
  |- loss_rot: 0.04409
  |- loss_pos: 1.15921
  |- fk_loss: 2.79953
  |- smoothness_loss: 0.06071
LR: 0.000100
Hole frames in this epoch: [4, 16]

Epoch 75 | Train Loss: 0.37795 | Val Loss: 0.68549
Train Loss Components:
  |- loss_rot: 0.02776
  |- loss_pos: 0.42709
  |- fk_loss: 1.19365
  |- smoothness_loss: 0.11445
Val Loss Components:
  |- loss_rot: 0.04404
  |- loss_pos: 1.17281
  |- fk_loss: 2.79745
  |- smoothness_loss: 0.06084
LR: 0.000100
Hole frames in this epoch: [4, 16]

Epoch 76 | Train Loss: 0.37730 | Val Loss: 0.69679
Train Loss Components:
  |- loss_rot: 0.01980
  |- loss_pos: 0.29271
  |- fk_loss: 0.86290
  |- smoothness_loss: 0.11815
Val Loss Components:
  |- loss_rot: 0.04424
  |- loss_pos: 1.21406
  |- fk_loss: 2.83373
  |- smoothness_loss: 0.07029
LR: 0.000100
Hole frames in this epoch: [4, 16]

Epoch 77 | Train Loss: 0.37703 | Val Loss: 0.68272
Train Loss Components:
  |- loss_rot: 0.01685
  |- loss_pos: 0.23941
  |- fk_loss: 0.72331
  |- smoothness_loss: 0.09039
Val Loss Components:
  |- loss_rot: 0.04411
  |- loss_pos: 1.13818
  |- fk_loss: 2.77281
  |- smoothness_loss: 0.05607
LR: 0.000100
Hole frames in this epoch: [4, 16]

Epoch 78 | Train Loss: 0.37058 | Val Loss: 0.68114
Train Loss Components:
  |- loss_rot: 0.02556
  |- loss_pos: 0.40369
  |- fk_loss: 1.12260
  |- smoothness_loss: 0.11887
Val Loss Components:
  |- loss_rot: 0.04439
  |- loss_pos: 1.17382
  |- fk_loss: 2.81153
  |- smoothness_loss: 0.07643
LR: 0.000100
Hole frames in this epoch: [4, 16]

Epoch 79 | Train Loss: 0.36157 | Val Loss: 0.67410
Train Loss Components:
  |- loss_rot: 0.01603
  |- loss_pos: 0.21756
  |- fk_loss: 0.64029
  |- smoothness_loss: 0.15291
Val Loss Components:
  |- loss_rot: 0.04425
  |- loss_pos: 1.15812
  |- fk_loss: 2.79823
  |- smoothness_loss: 0.06607
LR: 0.000100
Hole frames in this epoch: [4, 16]

Epoch 80 | Train Loss: 0.36753 | Val Loss: 0.67508
Train Loss Components:
  |- loss_rot: 0.03774
  |- loss_pos: 0.84125
  |- fk_loss: 2.12705
  |- smoothness_loss: 0.10740
Val Loss Components:
  |- loss_rot: 0.04425
  |- loss_pos: 1.13575
  |- fk_loss: 2.78362
  |- smoothness_loss: 0.06954
LR: 0.000100
Hole frames in this epoch: [4, 16]

Epoch 81 | Train Loss: 0.38948 | Val Loss: 0.68125
Train Loss Components:
  |- loss_rot: 0.04319
  |- loss_pos: 0.99624
  |- fk_loss: 2.48494
  |- smoothness_loss: 0.15924
Val Loss Components:
  |- loss_rot: 0.04437
  |- loss_pos: 1.15370
  |- fk_loss: 2.80342
  |- smoothness_loss: 0.07284
LR: 0.000100
Hole frames in this epoch: [4, 16]

Epoch 82 | Train Loss: 0.37263 | Val Loss: 0.66950
Train Loss Components:
  |- loss_rot: 0.04843
  |- loss_pos: 0.98636
  |- fk_loss: 2.65292
  |- smoothness_loss: 0.15130
Val Loss Components:
  |- loss_rot: 0.04434
  |- loss_pos: 1.13828
  |- fk_loss: 2.78542
  |- smoothness_loss: 0.06628
LR: 0.000100
Hole frames in this epoch: [4, 16]

Epoch 83 | Train Loss: 0.37312 | Val Loss: 0.67137
Train Loss Components:
  |- loss_rot: 0.01981
  |- loss_pos: 0.22996
  |- fk_loss: 0.77538
  |- smoothness_loss: 0.11467
Val Loss Components:
  |- loss_rot: 0.04423
  |- loss_pos: 1.09722
  |- fk_loss: 2.76019
  |- smoothness_loss: 0.07421
LR: 0.000100
Hole frames in this epoch: [4, 16]

Epoch 84 | Train Loss: 0.37467 | Val Loss: 0.66718
Train Loss Components:
  |- loss_rot: 0.03532
  |- loss_pos: 0.61339
  |- fk_loss: 1.77973
  |- smoothness_loss: 0.13244
Val Loss Components:
  |- loss_rot: 0.04422
  |- loss_pos: 1.12111
  |- fk_loss: 2.76490
  |- smoothness_loss: 0.07049
LR: 0.000100
Hole frames in this epoch: [4, 16]

Epoch 85 | Train Loss: 0.35296 | Val Loss: 0.67592
Train Loss Components:
  |- loss_rot: 0.04592
  |- loss_pos: 0.89509
  |- fk_loss: 2.61844
  |- smoothness_loss: 0.16227
Val Loss Components:
  |- loss_rot: 0.04420
  |- loss_pos: 1.19234
  |- fk_loss: 2.80872
  |- smoothness_loss: 0.07302
LR: 0.000100
Hole frames in this epoch: [4, 16]

Epoch 86 | Train Loss: 0.37704 | Val Loss: 0.66289
Train Loss Components:
  |- loss_rot: 0.02972
  |- loss_pos: 0.41273
  |- fk_loss: 1.38331
  |- smoothness_loss: 0.15776
Val Loss Components:
  |- loss_rot: 0.04420
  |- loss_pos: 1.12261
  |- fk_loss: 2.76609
  |- smoothness_loss: 0.06499
LR: 0.000100
Hole frames in this epoch: [4, 16]

Epoch 87 | Train Loss: 0.36871 | Val Loss: 0.67022
Train Loss Components:
  |- loss_rot: 0.03196
  |- loss_pos: 0.47491
  |- fk_loss: 1.58625
  |- smoothness_loss: 0.13313
Val Loss Components:
  |- loss_rot: 0.04428
  |- loss_pos: 1.12118
  |- fk_loss: 2.76947
  |- smoothness_loss: 0.08033
LR: 0.000100
Hole frames in this epoch: [4, 16]

Epoch 88 | Train Loss: 0.33263 | Val Loss: 0.66320
Train Loss Components:
  |- loss_rot: 0.02503
  |- loss_pos: 0.35156
  |- fk_loss: 1.04674
  |- smoothness_loss: 0.08262
Val Loss Components:
  |- loss_rot: 0.04423
  |- loss_pos: 1.15087
  |- fk_loss: 2.78182
  |- smoothness_loss: 0.06491
LR: 0.000100
Hole frames in this epoch: [4, 16]

Epoch 89 | Train Loss: 0.36389 | Val Loss: 0.66496
Train Loss Components:
  |- loss_rot: 0.01552
  |- loss_pos: 0.19994
  |- fk_loss: 0.60506
  |- smoothness_loss: 0.13701
Val Loss Components:
  |- loss_rot: 0.04421
  |- loss_pos: 1.11169
  |- fk_loss: 2.75870
  |- smoothness_loss: 0.06431
LR: 0.000100
Hole frames in this epoch: [4, 16]

Epoch 90 | Train Loss: 0.37557 | Val Loss: 0.66835
Train Loss Components:
  |- loss_rot: 0.03442
  |- loss_pos: 0.49539
  |- fk_loss: 1.60665
  |- smoothness_loss: 0.11437
Val Loss Components:
  |- loss_rot: 0.04436
  |- loss_pos: 1.16662
  |- fk_loss: 2.79440
  |- smoothness_loss: 0.07427
LR: 0.000100
Hole frames in this epoch: [4, 16]

Epoch 91 | Train Loss: 0.33123 | Val Loss: 0.66532
Train Loss Components:
  |- loss_rot: 0.02959
  |- loss_pos: 0.46966
  |- fk_loss: 1.39404
  |- smoothness_loss: 0.13187
Val Loss Components:
  |- loss_rot: 0.04423
  |- loss_pos: 1.13229
  |- fk_loss: 2.76178
  |- smoothness_loss: 0.06898
LR: 0.000100
Hole frames in this epoch: [4, 16]

Epoch 92 | Train Loss: 0.35525 | Val Loss: 0.66007
Train Loss Components:
  |- loss_rot: 0.04359
  |- loss_pos: 0.80973
  |- fk_loss: 2.49526
  |- smoothness_loss: 0.15069
Val Loss Components:
  |- loss_rot: 0.04431
  |- loss_pos: 1.09262
  |- fk_loss: 2.75489
  |- smoothness_loss: 0.06742
LR: 0.000100
Hole frames in this epoch: [4, 16]

Epoch 93 | Train Loss: 0.35570 | Val Loss: 0.65502
Train Loss Components:
  |- loss_rot: 0.03799
  |- loss_pos: 0.67846
  |- fk_loss: 2.15525
  |- smoothness_loss: 0.12387
Val Loss Components:
  |- loss_rot: 0.04423
  |- loss_pos: 1.09824
  |- fk_loss: 2.76630
  |- smoothness_loss: 0.07223
LR: 0.000100
Hole frames in this epoch: [4, 16]

Epoch 94 | Train Loss: 0.36040 | Val Loss: 0.66112
Train Loss Components:
  |- loss_rot: 0.04742
  |- loss_pos: 0.98999
  |- fk_loss: 2.77939
  |- smoothness_loss: 0.19547
Val Loss Components:
  |- loss_rot: 0.04447
  |- loss_pos: 1.12590
  |- fk_loss: 2.76606
  |- smoothness_loss: 0.07225
LR: 0.000100
Hole frames in this epoch: [4, 16]

Epoch 95 | Train Loss: 0.35518 | Val Loss: 0.65706
Train Loss Components:
  |- loss_rot: 0.02595
  |- loss_pos: 0.34091
  |- fk_loss: 1.18716
  |- smoothness_loss: 0.14028
Val Loss Components:
  |- loss_rot: 0.04430
  |- loss_pos: 1.14195
  |- fk_loss: 2.78298
  |- smoothness_loss: 0.07376
LR: 0.000100
Hole frames in this epoch: [4, 16]

Epoch 96 | Train Loss: 0.36060 | Val Loss: 0.65668
Train Loss Components:
  |- loss_rot: 0.03185
  |- loss_pos: 0.48890
  |- fk_loss: 1.56676
  |- smoothness_loss: 0.12282
Val Loss Components:
  |- loss_rot: 0.04443
  |- loss_pos: 1.10122
  |- fk_loss: 2.74110
  |- smoothness_loss: 0.07170
LR: 0.000100
Hole frames in this epoch: [4, 16]

Epoch 97 | Train Loss: 0.36541 | Val Loss: 0.65794
Train Loss Components:
  |- loss_rot: 0.02963
  |- loss_pos: 0.41224
  |- fk_loss: 1.39617
  |- smoothness_loss: 0.16050
Val Loss Components:
  |- loss_rot: 0.04428
  |- loss_pos: 1.10655
  |- fk_loss: 2.74314
  |- smoothness_loss: 0.08033
LR: 0.000100
Hole frames in this epoch: [4, 16]

Epoch 98 | Train Loss: 0.35630 | Val Loss: 0.65216
Train Loss Components:
  |- loss_rot: 0.04680
  |- loss_pos: 0.85501
  |- fk_loss: 2.56988
  |- smoothness_loss: 0.19584
Val Loss Components:
  |- loss_rot: 0.04453
  |- loss_pos: 1.10943
  |- fk_loss: 2.74640
  |- smoothness_loss: 0.07514
LR: 0.000100
Hole frames in this epoch: [4, 16]

Epoch 99 | Train Loss: 0.34618 | Val Loss: 0.65004
Train Loss Components:
  |- loss_rot: 0.01966
  |- loss_pos: 0.25346
  |- fk_loss: 0.82800
  |- smoothness_loss: 0.10303
Val Loss Components:
  |- loss_rot: 0.04449
  |- loss_pos: 1.11166
  |- fk_loss: 2.74672
  |- smoothness_loss: 0.08029
LR: 0.000100
Hole frames in this epoch: [4, 16]

Epoch 100 | Train Loss: 0.36710 | Val Loss: 0.65373
Train Loss Components:
  |- loss_rot: 0.03094
  |- loss_pos: 0.51323
  |- fk_loss: 1.56897
  |- smoothness_loss: 0.13676
Val Loss Components:
  |- loss_rot: 0.04451
  |- loss_pos: 1.12418
  |- fk_loss: 2.76243
  |- smoothness_loss: 0.07500
LR: 0.000100
Hole frames in this epoch: [4, 16]

Epoch 101 | Train Loss: 0.32114 | Val Loss: 0.65369
Train Loss Components:
  |- loss_rot: 0.02981
  |- loss_pos: 0.44414
  |- fk_loss: 1.46443
  |- smoothness_loss: 0.12334
Val Loss Components:
  |- loss_rot: 0.04443
  |- loss_pos: 1.12263
  |- fk_loss: 2.74201
  |- smoothness_loss: 0.07394
LR: 0.000100
Hole frames in this epoch: [4, 16]

Epoch 102 | Train Loss: 0.34380 | Val Loss: 0.65274
Train Loss Components:
  |- loss_rot: 0.02197
  |- loss_pos: 0.29372
  |- fk_loss: 0.95624
  |- smoothness_loss: 0.08255
Val Loss Components:
  |- loss_rot: 0.04449
  |- loss_pos: 1.09832
  |- fk_loss: 2.74181
  |- smoothness_loss: 0.07509
LR: 0.000100
Hole frames in this epoch: [4, 16]

Epoch 103 | Train Loss: 0.33806 | Val Loss: 0.65293
Train Loss Components:
  |- loss_rot: 0.02868
  |- loss_pos: 0.34777
  |- fk_loss: 1.31777
  |- smoothness_loss: 0.10827
Val Loss Components:
  |- loss_rot: 0.04454
  |- loss_pos: 1.08505
  |- fk_loss: 2.74738
  |- smoothness_loss: 0.07101
LR: 0.000100
Hole frames in this epoch: [4, 16]

Epoch 104 | Train Loss: 0.32502 | Val Loss: 0.65121
Train Loss Components:
  |- loss_rot: 0.03395
  |- loss_pos: 0.44811
  |- fk_loss: 1.59126
  |- smoothness_loss: 0.15344
Val Loss Components:
  |- loss_rot: 0.04426
  |- loss_pos: 1.09328
  |- fk_loss: 2.73825
  |- smoothness_loss: 0.08398
LR: 0.000100
Hole frames in this epoch: [4, 16]

Epoch 105 | Train Loss: 0.33831 | Val Loss: 0.64818
Train Loss Components:
  |- loss_rot: 0.02362
  |- loss_pos: 0.28358
  |- fk_loss: 1.04097
  |- smoothness_loss: 0.09618
Val Loss Components:
  |- loss_rot: 0.04447
  |- loss_pos: 1.09225
  |- fk_loss: 2.72376
  |- smoothness_loss: 0.08320
LR: 0.000100
Hole frames in this epoch: [4, 16]

Epoch 106 | Train Loss: 0.34117 | Val Loss: 0.65219
Train Loss Components:
  |- loss_rot: 0.03667
  |- loss_pos: 0.47701
  |- fk_loss: 1.80963
  |- smoothness_loss: 0.14002
Val Loss Components:
  |- loss_rot: 0.04446
  |- loss_pos: 1.10484
  |- fk_loss: 2.74230
  |- smoothness_loss: 0.07426
LR: 0.000100
Hole frames in this epoch: [4, 16]

Epoch 107 | Train Loss: 0.33644 | Val Loss: 0.64944
Train Loss Components:
  |- loss_rot: 0.03993
  |- loss_pos: 0.61208
  |- fk_loss: 1.98200
  |- smoothness_loss: 0.11846
Val Loss Components:
  |- loss_rot: 0.04437
  |- loss_pos: 1.09636
  |- fk_loss: 2.72278
  |- smoothness_loss: 0.07708
LR: 0.000100
Hole frames in this epoch: [4, 16]

Epoch 108 | Train Loss: 0.34030 | Val Loss: 0.64981
Train Loss Components:
  |- loss_rot: 0.02152
  |- loss_pos: 0.28119
  |- fk_loss: 0.90700
  |- smoothness_loss: 0.11837
Val Loss Components:
  |- loss_rot: 0.04444
  |- loss_pos: 1.11156
  |- fk_loss: 2.74331
  |- smoothness_loss: 0.06812
LR: 0.000100
Hole frames in this epoch: [4, 16]

Epoch 109 | Train Loss: 0.33362 | Val Loss: 0.65075
Train Loss Components:
  |- loss_rot: 0.02478
  |- loss_pos: 0.29630
  |- fk_loss: 1.07813
  |- smoothness_loss: 0.10409
Val Loss Components:
  |- loss_rot: 0.04461
  |- loss_pos: 1.10337
  |- fk_loss: 2.72383
  |- smoothness_loss: 0.07505
LR: 0.000100
Hole frames in this epoch: [4, 16]

Epoch 110 | Train Loss: 0.33508 | Val Loss: 0.65346
Train Loss Components:
  |- loss_rot: 0.04133
  |- loss_pos: 0.67335
  |- fk_loss: 2.20882
  |- smoothness_loss: 0.17299
Val Loss Components:
  |- loss_rot: 0.04432
  |- loss_pos: 1.11679
  |- fk_loss: 2.74233
  |- smoothness_loss: 0.07559
LR: 0.000100
Hole frames in this epoch: [4, 16]

Epoch 111 | Train Loss: 0.31518 | Val Loss: 0.65377
Train Loss Components:
  |- loss_rot: 0.02102
  |- loss_pos: 0.24258
  |- fk_loss: 0.75471
  |- smoothness_loss: 0.13844
Val Loss Components:
  |- loss_rot: 0.04428
  |- loss_pos: 1.09489
  |- fk_loss: 2.71819
  |- smoothness_loss: 0.07699
LR: 0.000100
Hole frames in this epoch: [4, 16]

Epoch 112 | Train Loss: 0.31935 | Val Loss: 0.63773
Train Loss Components:
  |- loss_rot: 0.03079
  |- loss_pos: 0.37408
  |- fk_loss: 1.55684
  |- smoothness_loss: 0.12168
Val Loss Components:
  |- loss_rot: 0.04468
  |- loss_pos: 1.06517
  |- fk_loss: 2.71426
  |- smoothness_loss: 0.08027
LR: 0.000050
Hole frames in this epoch: [4, 16]

Epoch 113 | Train Loss: 0.30274 | Val Loss: 0.63405
Train Loss Components:
  |- loss_rot: 0.03930
  |- loss_pos: 0.48032
  |- fk_loss: 1.98612
  |- smoothness_loss: 0.16264
Val Loss Components:
  |- loss_rot: 0.04454
  |- loss_pos: 1.05215
  |- fk_loss: 2.70544
  |- smoothness_loss: 0.08139
LR: 0.000050
Hole frames in this epoch: [4, 16]

Epoch 114 | Train Loss: 0.30454 | Val Loss: 0.63193
Train Loss Components:
  |- loss_rot: 0.02041
  |- loss_pos: 0.23574
  |- fk_loss: 0.88605
  |- smoothness_loss: 0.11881
Val Loss Components:
  |- loss_rot: 0.04454
  |- loss_pos: 1.05333
  |- fk_loss: 2.68936
  |- smoothness_loss: 0.07850
LR: 0.000050
Hole frames in this epoch: [4, 16]

Epoch 115 | Train Loss: 0.32020 | Val Loss: 0.63692
Train Loss Components:
  |- loss_rot: 0.02689
  |- loss_pos: 0.29223
  |- fk_loss: 1.13907
  |- smoothness_loss: 0.12382
Val Loss Components:
  |- loss_rot: 0.04487
  |- loss_pos: 1.06002
  |- fk_loss: 2.71395
  |- smoothness_loss: 0.08353
LR: 0.000050
Hole frames in this epoch: [4, 16]

Epoch 116 | Train Loss: 0.30180 | Val Loss: 0.63467
Train Loss Components:
  |- loss_rot: 0.04645
  |- loss_pos: 0.71556
  |- fk_loss: 2.57765
  |- smoothness_loss: 0.18356
Val Loss Components:
  |- loss_rot: 0.04461
  |- loss_pos: 1.09619
  |- fk_loss: 2.72920
  |- smoothness_loss: 0.08155
LR: 0.000050
Hole frames in this epoch: [4, 16]

Epoch 117 | Train Loss: 0.30912 | Val Loss: 0.63342
Train Loss Components:
  |- loss_rot: 0.02327
  |- loss_pos: 0.26546
  |- fk_loss: 1.03252
  |- smoothness_loss: 0.20845
Val Loss Components:
  |- loss_rot: 0.04485
  |- loss_pos: 1.09566
  |- fk_loss: 2.73097
  |- smoothness_loss: 0.08122
LR: 0.000050
Hole frames in this epoch: [4, 16]

Epoch 118 | Train Loss: 0.29805 | Val Loss: 0.63164
Train Loss Components:
  |- loss_rot: 0.02254
  |- loss_pos: 0.23897
  |- fk_loss: 0.89095
  |- smoothness_loss: 0.12198
Val Loss Components:
  |- loss_rot: 0.04459
  |- loss_pos: 1.06306
  |- fk_loss: 2.70152
  |- smoothness_loss: 0.08038
LR: 0.000050
Hole frames in this epoch: [4, 16]

Epoch 119 | Train Loss: 0.32408 | Val Loss: 0.63378
Train Loss Components:
  |- loss_rot: 0.02929
  |- loss_pos: 0.28835
  |- fk_loss: 1.32047
  |- smoothness_loss: 0.11482
Val Loss Components:
  |- loss_rot: 0.04470
  |- loss_pos: 1.07803
  |- fk_loss: 2.71502
  |- smoothness_loss: 0.08177
LR: 0.000050
Hole frames in this epoch: [4, 16]

Epoch 120 | Train Loss: 0.30204 | Val Loss: 0.63497
Train Loss Components:
  |- loss_rot: 0.01835
  |- loss_pos: 0.20214
  |- fk_loss: 0.68536
  |- smoothness_loss: 0.12596
Val Loss Components:
  |- loss_rot: 0.04480
  |- loss_pos: 1.08027
  |- fk_loss: 2.72393
  |- smoothness_loss: 0.08139
LR: 0.000050
Hole frames in this epoch: [4, 16]

Epoch 121 | Train Loss: 0.30019 | Val Loss: 0.63450
Train Loss Components:
  |- loss_rot: 0.02141
  |- loss_pos: 0.18858
  |- fk_loss: 0.81395
  |- smoothness_loss: 0.10461
Val Loss Components:
  |- loss_rot: 0.04473
  |- loss_pos: 1.08612
  |- fk_loss: 2.71869
  |- smoothness_loss: 0.08521
LR: 0.000050
Hole frames in this epoch: [4, 16]

Epoch 122 | Train Loss: 0.31919 | Val Loss: 0.63484
Train Loss Components:
  |- loss_rot: 0.04198
  |- loss_pos: 0.44533
  |- fk_loss: 2.30860
  |- smoothness_loss: 0.20239
Val Loss Components:
  |- loss_rot: 0.04479
  |- loss_pos: 1.08806
  |- fk_loss: 2.71891
  |- smoothness_loss: 0.08572
LR: 0.000050
Hole frames in this epoch: [4, 16]

Epoch 123 | Train Loss: 0.30564 | Val Loss: 0.63078
Train Loss Components:
  |- loss_rot: 0.02996
  |- loss_pos: 0.33745
  |- fk_loss: 1.41367
  |- smoothness_loss: 0.11713
Val Loss Components:
  |- loss_rot: 0.04478
  |- loss_pos: 1.02583
  |- fk_loss: 2.68755
  |- smoothness_loss: 0.08084
LR: 0.000050
Hole frames in this epoch: [4, 16]

Epoch 124 | Train Loss: 0.30137 | Val Loss: 0.63475
Train Loss Components:
  |- loss_rot: 0.02515
  |- loss_pos: 0.23399
  |- fk_loss: 1.06856
  |- smoothness_loss: 0.12189
Val Loss Components:
  |- loss_rot: 0.04489
  |- loss_pos: 1.06824
  |- fk_loss: 2.70727
  |- smoothness_loss: 0.08290
LR: 0.000050
Hole frames in this epoch: [4, 16]

Epoch 125 | Train Loss: 0.31048 | Val Loss: 0.63851
Train Loss Components:
  |- loss_rot: 0.02001
  |- loss_pos: 0.18578
  |- fk_loss: 0.86668
  |- smoothness_loss: 0.08916
Val Loss Components:
  |- loss_rot: 0.04473
  |- loss_pos: 1.08906
  |- fk_loss: 2.72023
  |- smoothness_loss: 0.08498
LR: 0.000050
Hole frames in this epoch: [4, 16]

Epoch 126 | Train Loss: 0.30516 | Val Loss: 0.63801
Train Loss Components:
  |- loss_rot: 0.01718
  |- loss_pos: 0.17564
  |- fk_loss: 0.64093
  |- smoothness_loss: 0.12061
Val Loss Components:
  |- loss_rot: 0.04467
  |- loss_pos: 1.06590
  |- fk_loss: 2.71187
  |- smoothness_loss: 0.08747
LR: 0.000050
Hole frames in this epoch: [4, 16]

Epoch 127 | Train Loss: 0.30699 | Val Loss: 0.62876
Train Loss Components:
  |- loss_rot: 0.03975
  |- loss_pos: 0.48561
  |- fk_loss: 2.07370
  |- smoothness_loss: 0.16092
Val Loss Components:
  |- loss_rot: 0.04472
  |- loss_pos: 1.04898
  |- fk_loss: 2.69814
  |- smoothness_loss: 0.08504
LR: 0.000050
Hole frames in this epoch: [4, 16]

Epoch 128 | Train Loss: 0.30580 | Val Loss: 0.63093
Train Loss Components:
  |- loss_rot: 0.04047
  |- loss_pos: 0.39429
  |- fk_loss: 2.00574
  |- smoothness_loss: 0.15244
Val Loss Components:
  |- loss_rot: 0.04491
  |- loss_pos: 1.07659
  |- fk_loss: 2.71700
  |- smoothness_loss: 0.09145
LR: 0.000050
Hole frames in this epoch: [4, 16]

Epoch 129 | Train Loss: 0.28661 | Val Loss: 0.62996
Train Loss Components:
  |- loss_rot: 0.03150
  |- loss_pos: 0.32393
  |- fk_loss: 1.44452
  |- smoothness_loss: 0.12945
Val Loss Components:
  |- loss_rot: 0.04487
  |- loss_pos: 1.06960
  |- fk_loss: 2.71363
  |- smoothness_loss: 0.08414
LR: 0.000050
Hole frames in this epoch: [4, 16]

Epoch 130 | Train Loss: 0.27525 | Val Loss: 0.63346
Train Loss Components:
  |- loss_rot: 0.04388
  |- loss_pos: 0.51723
  |- fk_loss: 2.23402
  |- smoothness_loss: 0.13307
Val Loss Components:
  |- loss_rot: 0.04503
  |- loss_pos: 1.06820
  |- fk_loss: 2.70975
  |- smoothness_loss: 0.08715
LR: 0.000050
Hole frames in this epoch: [4, 16]

Epoch 131 | Train Loss: 0.29666 | Val Loss: 0.63649
Train Loss Components:
  |- loss_rot: 0.02214
  |- loss_pos: 0.21616
  |- fk_loss: 0.92267
  |- smoothness_loss: 0.12854
Val Loss Components:
  |- loss_rot: 0.04491
  |- loss_pos: 1.06330
  |- fk_loss: 2.71920
  |- smoothness_loss: 0.08795
LR: 0.000050
Hole frames in this epoch: [4, 16]

Epoch 132 | Train Loss: 0.29257 | Val Loss: 0.63120
Train Loss Components:
  |- loss_rot: 0.02762
  |- loss_pos: 0.29452
  |- fk_loss: 1.29651
  |- smoothness_loss: 0.12604
Val Loss Components:
  |- loss_rot: 0.04499
  |- loss_pos: 1.03771
  |- fk_loss: 2.69376
  |- smoothness_loss: 0.08896
LR: 0.000050
Hole frames in this epoch: [4, 16]

Epoch 133 | Train Loss: 0.30053 | Val Loss: 0.63162
Train Loss Components:
  |- loss_rot: 0.03875
  |- loss_pos: 0.44521
  |- fk_loss: 1.93535
  |- smoothness_loss: 0.17064
Val Loss Components:
  |- loss_rot: 0.04502
  |- loss_pos: 1.06492
  |- fk_loss: 2.69874
  |- smoothness_loss: 0.08695
LR: 0.000050
Hole frames in this epoch: [4, 16]

Epoch 134 | Train Loss: 0.28817 | Val Loss: 0.62786
Train Loss Components:
  |- loss_rot: 0.03461
  |- loss_pos: 0.34956
  |- fk_loss: 1.55758
  |- smoothness_loss: 0.13990
Val Loss Components:
  |- loss_rot: 0.04500
  |- loss_pos: 1.04989
  |- fk_loss: 2.69474
  |- smoothness_loss: 0.08745
LR: 0.000025
Hole frames in this epoch: [4, 16]

Epoch 135 | Train Loss: 0.27964 | Val Loss: 0.62619
Train Loss Components:
  |- loss_rot: 0.02733
  |- loss_pos: 0.25583
  |- fk_loss: 1.11222
  |- smoothness_loss: 0.09980
Val Loss Components:
  |- loss_rot: 0.04497
  |- loss_pos: 1.06119
  |- fk_loss: 2.69538
  |- smoothness_loss: 0.08521
LR: 0.000025
Hole frames in this epoch: [4, 16]

Epoch 136 | Train Loss: 0.27601 | Val Loss: 0.62970
Train Loss Components:
  |- loss_rot: 0.01876
  |- loss_pos: 0.17384
  |- fk_loss: 0.74155
  |- smoothness_loss: 0.14558
Val Loss Components:
  |- loss_rot: 0.04498
  |- loss_pos: 1.06242
  |- fk_loss: 2.70604
  |- smoothness_loss: 0.08923
LR: 0.000025
Hole frames in this epoch: [4, 16]

Epoch 137 | Train Loss: 0.28800 | Val Loss: 0.62675
Train Loss Components:
  |- loss_rot: 0.03607
  |- loss_pos: 0.29865
  |- fk_loss: 1.56927
  |- smoothness_loss: 0.14905
Val Loss Components:
  |- loss_rot: 0.04497
  |- loss_pos: 1.04355
  |- fk_loss: 2.68752
  |- smoothness_loss: 0.08923
LR: 0.000025
Hole frames in this epoch: [4, 16]

Epoch 138 | Train Loss: 0.29558 | Val Loss: 0.62508
Train Loss Components:
  |- loss_rot: 0.02443
  |- loss_pos: 0.21878
  |- fk_loss: 0.97428
  |- smoothness_loss: 0.12458
Val Loss Components:
  |- loss_rot: 0.04502
  |- loss_pos: 1.06295
  |- fk_loss: 2.69588
  |- smoothness_loss: 0.08781
LR: 0.000025
Hole frames in this epoch: [4, 16]

Epoch 139 | Train Loss: 0.28081 | Val Loss: 0.62825
Train Loss Components:
  |- loss_rot: 0.01367
  |- loss_pos: 0.14683
  |- fk_loss: 0.50362
  |- smoothness_loss: 0.12703
Val Loss Components:
  |- loss_rot: 0.04510
  |- loss_pos: 1.06467
  |- fk_loss: 2.70073
  |- smoothness_loss: 0.09142
LR: 0.000025
Hole frames in this epoch: [4, 16]

Epoch 140 | Train Loss: 0.28424 | Val Loss: 0.62563
Train Loss Components:
  |- loss_rot: 0.04384
  |- loss_pos: 0.35382
  |- fk_loss: 2.05666
  |- smoothness_loss: 0.19171
Val Loss Components:
  |- loss_rot: 0.04508
  |- loss_pos: 1.04647
  |- fk_loss: 2.69224
  |- smoothness_loss: 0.08827
LR: 0.000025
Hole frames in this epoch: [4, 16]

Epoch 141 | Train Loss: 0.27327 | Val Loss: 0.62650
Train Loss Components:
  |- loss_rot: 0.01624
  |- loss_pos: 0.17346
  |- fk_loss: 0.60356
  |- smoothness_loss: 0.08121
Val Loss Components:
  |- loss_rot: 0.04503
  |- loss_pos: 1.06128
  |- fk_loss: 2.69735
  |- smoothness_loss: 0.08777
LR: 0.000025
Hole frames in this epoch: [4, 16]

Epoch 142 | Train Loss: 0.27106 | Val Loss: 0.62809
Train Loss Components:
  |- loss_rot: 0.02847
  |- loss_pos: 0.25590
  |- fk_loss: 1.23823
  |- smoothness_loss: 0.10932
Val Loss Components:
  |- loss_rot: 0.04524
  |- loss_pos: 1.04976
  |- fk_loss: 2.69366
  |- smoothness_loss: 0.09024
LR: 0.000025
Hole frames in this epoch: [4, 16]

Epoch 143 | Train Loss: 0.26209 | Val Loss: 0.62549
Train Loss Components:
  |- loss_rot: 0.03298
  |- loss_pos: 0.27096
  |- fk_loss: 1.53754
  |- smoothness_loss: 0.16591
Val Loss Components:
  |- loss_rot: 0.04507
  |- loss_pos: 1.02505
  |- fk_loss: 2.67310
  |- smoothness_loss: 0.08899
LR: 0.000025
Hole frames in this epoch: [4, 16]

Epoch 144 | Train Loss: 0.25534 | Val Loss: 0.63062
Train Loss Components:
  |- loss_rot: 0.01887
  |- loss_pos: 0.15718
  |- fk_loss: 0.71216
  |- smoothness_loss: 0.11205
Val Loss Components:
  |- loss_rot: 0.04504
  |- loss_pos: 1.06424
  |- fk_loss: 2.70303
  |- smoothness_loss: 0.09240
LR: 0.000025
Hole frames in this epoch: [4, 16]

Epoch 145 | Train Loss: 0.27354 | Val Loss: 0.62502
Train Loss Components:
  |- loss_rot: 0.03021
  |- loss_pos: 0.25689
  |- fk_loss: 1.26493
  |- smoothness_loss: 0.15033
Val Loss Components:
  |- loss_rot: 0.04510
  |- loss_pos: 1.03274
  |- fk_loss: 2.68084
  |- smoothness_loss: 0.08978
LR: 0.000013
Hole frames in this epoch: [4, 16]

Epoch 146 | Train Loss: 0.26810 | Val Loss: 0.62460
Train Loss Components:
  |- loss_rot: 0.02833
  |- loss_pos: 0.24441
  |- fk_loss: 1.24075
  |- smoothness_loss: 0.11813
Val Loss Components:
  |- loss_rot: 0.04522
  |- loss_pos: 1.03204
  |- fk_loss: 2.68318
  |- smoothness_loss: 0.08969
LR: 0.000013
Hole frames in this epoch: [4, 16]

Epoch 147 | Train Loss: 0.27339 | Val Loss: 0.62401
Train Loss Components:
  |- loss_rot: 0.01777
  |- loss_pos: 0.15872
  |- fk_loss: 0.66302
  |- smoothness_loss: 0.17481
Val Loss Components:
  |- loss_rot: 0.04514
  |- loss_pos: 1.03774
  |- fk_loss: 2.68394
  |- smoothness_loss: 0.08929
LR: 0.000013
Hole frames in this epoch: [4, 16]

Epoch 148 | Train Loss: 0.28013 | Val Loss: 0.62423
Train Loss Components:
  |- loss_rot: 0.01467
  |- loss_pos: 0.12966
  |- fk_loss: 0.52114
  |- smoothness_loss: 0.08840
Val Loss Components:
  |- loss_rot: 0.04517
  |- loss_pos: 1.03862
  |- fk_loss: 2.68531
  |- smoothness_loss: 0.08997
LR: 0.000013
Hole frames in this epoch: [4, 16]

Epoch 149 | Train Loss: 0.28560 | Val Loss: 0.62400
Train Loss Components:
  |- loss_rot: 0.03731
  |- loss_pos: 0.30968
  |- fk_loss: 1.65852
  |- smoothness_loss: 0.13488
Val Loss Components:
  |- loss_rot: 0.04523
  |- loss_pos: 1.03157
  |- fk_loss: 2.68220
  |- smoothness_loss: 0.09182
LR: 0.000013
Hole frames in this epoch: [4, 16]

Epoch 150 | Train Loss: 0.26194 | Val Loss: 0.62512
Train Loss Components:
  |- loss_rot: 0.03187
  |- loss_pos: 0.26961
  |- fk_loss: 1.44622
  |- smoothness_loss: 0.13651
Val Loss Components:
  |- loss_rot: 0.04523
  |- loss_pos: 1.03583
  |- fk_loss: 2.68296
  |- smoothness_loss: 0.09183
LR: 0.000013
Hole frames in this epoch: [4, 16]

Epoch 151 | Train Loss: 0.26362 | Val Loss: 0.62377
Train Loss Components:
  |- loss_rot: 0.04873
  |- loss_pos: 0.56043
  |- fk_loss: 2.58610
  |- smoothness_loss: 0.20263
Val Loss Components:
  |- loss_rot: 0.04515
  |- loss_pos: 1.03328
  |- fk_loss: 2.68267
  |- smoothness_loss: 0.09086
LR: 0.000013
Hole frames in this epoch: [4, 16]

Epoch 152 | Train Loss: 0.26590 | Val Loss: 0.62344
Train Loss Components:
  |- loss_rot: 0.03296
  |- loss_pos: 0.30668
  |- fk_loss: 1.49314
  |- smoothness_loss: 0.15092
Val Loss Components:
  |- loss_rot: 0.04511
  |- loss_pos: 1.03152
  |- fk_loss: 2.68177
  |- smoothness_loss: 0.08985
LR: 0.000013
Hole frames in this epoch: [4, 16]

Epoch 153 | Train Loss: 0.26649 | Val Loss: 0.62291
Train Loss Components:
  |- loss_rot: 0.03240
  |- loss_pos: 0.27017
  |- fk_loss: 1.47898
  |- smoothness_loss: 0.14123
Val Loss Components:
  |- loss_rot: 0.04515
  |- loss_pos: 1.02496
  |- fk_loss: 2.67657
  |- smoothness_loss: 0.09072
LR: 0.000013
Hole frames in this epoch: [4, 16]

Epoch 154 | Train Loss: 0.27750 | Val Loss: 0.62656
Train Loss Components:
  |- loss_rot: 0.02224
  |- loss_pos: 0.19987
  |- fk_loss: 0.88617
  |- smoothness_loss: 0.14109
Val Loss Components:
  |- loss_rot: 0.04511
  |- loss_pos: 1.03719
  |- fk_loss: 2.68602
  |- smoothness_loss: 0.09142
LR: 0.000013
Hole frames in this epoch: [4, 16]

Epoch 155 | Train Loss: 0.27227 | Val Loss: 0.62824
Train Loss Components:
  |- loss_rot: 0.04206
  |- loss_pos: 0.36442
  |- fk_loss: 2.04560
  |- smoothness_loss: 0.18149
Val Loss Components:
  |- loss_rot: 0.04522
  |- loss_pos: 1.04405
  |- fk_loss: 2.69197
  |- smoothness_loss: 0.09352
LR: 0.000013
Hole frames in this epoch: [4, 16]

Epoch 156 | Train Loss: 0.27277 | Val Loss: 0.62688
Train Loss Components:
  |- loss_rot: 0.01680
  |- loss_pos: 0.14725
  |- fk_loss: 0.61769
  |- smoothness_loss: 0.11248
Val Loss Components:
  |- loss_rot: 0.04524
  |- loss_pos: 1.04020
  |- fk_loss: 2.68570
  |- smoothness_loss: 0.09051
LR: 0.000013
Hole frames in this epoch: [4, 16]

Epoch 157 | Train Loss: 0.26757 | Val Loss: 0.62385
Train Loss Components:
  |- loss_rot: 0.03887
  |- loss_pos: 0.32256
  |- fk_loss: 1.89999
  |- smoothness_loss: 0.16478
Val Loss Components:
  |- loss_rot: 0.04516
  |- loss_pos: 1.02335
  |- fk_loss: 2.67936
  |- smoothness_loss: 0.08910
LR: 0.000013
Hole frames in this epoch: [4, 16]

Epoch 158 | Train Loss: 0.25008 | Val Loss: 0.62532
Train Loss Components:
  |- loss_rot: 0.02654
  |- loss_pos: 0.19718
  |- fk_loss: 1.08346
  |- smoothness_loss: 0.14142
Val Loss Components:
  |- loss_rot: 0.04521
  |- loss_pos: 1.03239
  |- fk_loss: 2.68075
  |- smoothness_loss: 0.09122
LR: 0.000013
Hole frames in this epoch: [4, 16]

Epoch 159 | Train Loss: 0.27313 | Val Loss: 0.62352
Train Loss Components:
  |- loss_rot: 0.01798
  |- loss_pos: 0.16781
  |- fk_loss: 0.74892
  |- smoothness_loss: 0.09432
Val Loss Components:
  |- loss_rot: 0.04519
  |- loss_pos: 1.02286
  |- fk_loss: 2.67927
  |- smoothness_loss: 0.08918
LR: 0.000013
Hole frames in this epoch: [4, 16]

Epoch 160 | Train Loss: 0.26039 | Val Loss: 0.62540
Train Loss Components:
  |- loss_rot: 0.03773
  |- loss_pos: 0.33570
  |- fk_loss: 1.84037
  |- smoothness_loss: 0.19131
Val Loss Components:
  |- loss_rot: 0.04523
  |- loss_pos: 1.03334
  |- fk_loss: 2.68608
  |- smoothness_loss: 0.09284
LR: 0.000006
Hole frames in this epoch: [4, 16]

Epoch 161 | Train Loss: 0.27386 | Val Loss: 0.62331
Train Loss Components:
  |- loss_rot: 0.01205
  |- loss_pos: 0.10796
  |- fk_loss: 0.44221
  |- smoothness_loss: 0.11582
Val Loss Components:
  |- loss_rot: 0.04522
  |- loss_pos: 1.02919
  |- fk_loss: 2.68023
  |- smoothness_loss: 0.09066
LR: 0.000006
Hole frames in this epoch: [4, 16]

Training time: 2569.65 s